[0.104s] Invoking command in '/ros2_ws/build/rplidar_ros': /usr/local/bin/cmake /ros2_ws/src/rplidar_ros2 -DAMENT_CMAKE_SYMLINK_INSTALL=1 -DCMAKE_INSTALL_PREFIX=/ros2_ws/install/rplidar_ros
[0.680s] -- The C compiler identification is GNU 7.5.0
[0.889s] -- The CXX compiler identification is GNU 7.5.0
[0.962s] -- Detecting C compiler ABI info
[1.185s] -- Detecting C compiler ABI info - done
[1.234s] -- Check for working C compiler: /usr/bin/cc - skipped
[1.237s] -- Detecting C compile features
[1.239s] -- Detecting C compile features - done
[1.281s] -- Detecting CXX compiler ABI info
[1.527s] -- Detecting CXX compiler ABI info - done
[1.578s] -- Check for working CXX compiler: /usr/bin/c++ - skipped
[1.579s] -- Detecting CXX compile features
[1.582s] -- Detecting CXX compile features - done
[1.606s] -- Found ament_cmake_auto: 0.9.12 (/opt/ros/foxy/install/share/ament_cmake_auto/cmake)
[1.678s] [33mCMake Warning (dev) at /opt/ros/foxy/install/share/ament_cmake_core/cmake/core/python.cmake:22 (find_package):
[1.678s]   Policy CMP0148 is not set: The FindPythonInterp and FindPythonLibs modules
[1.679s]   are removed.  Run "cmake --help-policy CMP0148" for policy details.  Use
[1.679s]   the cmake_policy command to set the policy and suppress this warning.
[1.680s] 
[1.680s] Call Stack (most recent call first):
[1.681s]   /opt/ros/foxy/install/share/ament_cmake_core/cmake/core/all.cmake:53 (include)
[1.681s]   /opt/ros/foxy/install/share/ament_cmake_core/cmake/ament_cmake_core-extras.cmake:17 (include)
[1.682s]   /opt/ros/foxy/install/share/ament_cmake_core/cmake/ament_cmake_coreConfig.cmake:41 (include)
[1.682s]   /opt/ros/foxy/install/share/ament_cmake/cmake/ament_cmake_export_dependencies-extras.cmake:15 (find_package)
[1.683s]   /opt/ros/foxy/install/share/ament_cmake/cmake/ament_cmakeConfig.cmake:41 (include)
[1.683s]   /opt/ros/foxy/install/share/ament_cmake_auto/cmake/ament_cmake_auto-extras.cmake:17 (find_package)
[1.684s]   /opt/ros/foxy/install/share/ament_cmake_auto/cmake/ament_cmake_autoConfig.cmake:41 (include)
[1.684s]   CMakeLists.txt:27 (find_package)
[1.685s] This warning is for project developers.  Use -Wno-dev to suppress it.
[1.685s] [0m
[1.801s] -- Found PythonInterp: /usr/bin/python3 (found suitable version "3.6.9", minimum required is "3") 
[1.802s] -- Using PYTHON_EXECUTABLE: /usr/bin/python3
[2.912s] -- Override CMake install command with custom implementation using symlinks instead of copying resources
[3.140s] -- Found ament_cmake_ros: 0.9.2 (/opt/ros/foxy/install/share/ament_cmake_ros/cmake)
[4.071s] -- Using all available rosidl_typesupport_c: rosidl_typesupport_fastrtps_c;rosidl_typesupport_introspection_c
[4.139s] -- Found rosidl_adapter: 1.3.1 (/opt/ros/foxy/install/share/rosidl_adapter/cmake)
[4.583s] -- Found OpenSSL: /usr/lib/aarch64-linux-gnu/libcrypto.so (found version "1.1.1")  
[4.717s] -- Found FastRTPS: /opt/ros/foxy/install/include  
[5.189s] -- Using all available rosidl_typesupport_cpp: rosidl_typesupport_fastrtps_cpp;rosidl_typesupport_introspection_cpp
[5.544s] -- Found rmw_implementation_cmake: 1.0.4 (/opt/ros/foxy/install/share/rmw_implementation_cmake/cmake)
[5.554s] -- Using RMW implementation 'rmw_cyclonedds_cpp' as default
[5.561s] -- Performing Test CMAKE_HAVE_LIBC_PTHREAD
[5.771s] -- Performing Test CMAKE_HAVE_LIBC_PTHREAD - Failed
[5.771s] -- Looking for pthread_create in pthreads
[5.943s] -- Looking for pthread_create in pthreads - not found
[5.943s] -- Looking for pthread_create in pthread
[6.141s] -- Looking for pthread_create in pthread - found
[6.146s] -- Found Threads: TRUE  
[8.065s] -- Configuring done (7.8s)
[8.166s] -- Generating done (0.1s)
[8.175s] -- Build files have been written to: /ros2_ws/build/rplidar_ros
[8.228s] Invoked command in '/ros2_ws/build/rplidar_ros' returned '0': /usr/local/bin/cmake /ros2_ws/src/rplidar_ros2 -DAMENT_CMAKE_SYMLINK_INSTALL=1 -DCMAKE_INSTALL_PREFIX=/ros2_ws/install/rplidar_ros
[8.234s] Invoking command in '/ros2_ws/build/rplidar_ros': /usr/local/bin/cmake --build /ros2_ws/build/rplidar_ros -- -j4 -l4
[8.488s] [ 16%] [32mBuilding CXX object CMakeFiles/rplidarNode.dir/src/node.cpp.o[0m
[8.490s] [ 16%] [32mBuilding CXX object CMakeFiles/rplidarNode.dir/sdk/src/arch/linux/net_serial.cpp.o[0m
[8.490s] [ 16%] [32mBuilding CXX object CMakeFiles/rplidarNodeClient.dir/src/client.cpp.o[0m
[8.498s] [ 22%] [32mBuilding CXX object CMakeFiles/rplidar_composition_node.dir/src/rplidar_node.cpp.o[0m
[8.989s] [01m[K/ros2_ws/src/rplidar_ros2/src/node.cpp:51:0:[m[K [01;35m[Kwarning: [m[K"M_PI" redefined
[8.990s]  #define M_PI 3.1415926535897932384626433832795
[8.991s]  
[8.993s] In file included from [01m[K/usr/include/c++/7/cmath:45:0[m[K,
[8.998s]                  from [01m[K/opt/ros/foxy/install/include/libstatistics_collector/moving_average_statistics/types.hpp:18[m[K,
[8.998s]                  from [01m[K/opt/ros/foxy/install/include/libstatistics_collector/collector/generate_statistics_message.hpp:24[m[K,
[8.999s]                  from [01m[K/opt/ros/foxy/install/include/rclcpp/topic_statistics/subscription_topic_statistics.hpp:23[m[K,
[8.999s]                  from [01m[K/opt/ros/foxy/install/include/rclcpp/subscription.hpp:50[m[K,
[9.000s]                  from [01m[K/opt/ros/foxy/install/include/rclcpp/any_executable.hpp:25[m[K,
[9.001s]                  from [01m[K/opt/ros/foxy/install/include/rclcpp/memory_strategy.hpp:24[m[K,
[9.001s]                  from [01m[K/opt/ros/foxy/install/include/rclcpp/memory_strategies.hpp:18[m[K,
[9.002s]                  from [01m[K/opt/ros/foxy/install/include/rclcpp/executor_options.hpp:20[m[K,
[9.002s]                  from [01m[K/opt/ros/foxy/install/include/rclcpp/executor.hpp:33[m[K,
[9.003s]                  from [01m[K/opt/ros/foxy/install/include/rclcpp/executors/multi_threaded_executor.hpp:26[m[K,
[9.003s]                  from [01m[K/opt/ros/foxy/install/include/rclcpp/executors.hpp:21[m[K,
[9.014s]                  from [01m[K/opt/ros/foxy/install/include/rclcpp/rclcpp.hpp:146[m[K,
[9.015s]                  from [01m[K/ros2_ws/src/rplidar_ros2/src/node.cpp:36[m[K:
[9.015s] [01m[K/usr/include/math.h:777:0:[m[K [01;36m[Knote: [m[Kthis is the location of the previous definition
[9.016s]  # define M_PI  3.14159265358979323846 /* pi */
[9.016s]  
[9.017s] [01m[K/ros2_ws/src/rplidar_ros2/src/node.cpp:231:14:[m[K [01;35m[Kwarning: [m[Kinvalid suffix on literal; C++11 requires a space between literal and string macro [[01;35m[K-Wliteral-suffix[m[K]
[9.017s]      ROS_INFO([01;35m[K"[m[KRPLIDAR running on ROS package rplidar_ros. SDK Version:"RPLIDAR_SDK_VERSION"");
[9.018s]               [01;35m[K^[m[K
[9.019s] [01m[K/ros2_ws/src/rplidar_ros2/src/client.cpp:43:0:[m[K [01;35m[Kwarning: [m[K"M_PI" redefined
[9.019s]  #define M_PI 3.1415926535897932384626433832795
[9.020s]  
[9.020s] In file included from [01m[K/usr/include/c++/7/cmath:45:0[m[K,
[9.021s]                  from [01m[K/opt/ros/foxy/install/include/libstatistics_collector/moving_average_statistics/types.hpp:18[m[K,
[9.021s]                  from [01m[K/opt/ros/foxy/install/include/libstatistics_collector/collector/generate_statistics_message.hpp:24[m[K,
[9.022s]                  from [01m[K/opt/ros/foxy/install/include/rclcpp/topic_statistics/subscription_topic_statistics.hpp:23[m[K,
[9.022s]                  from [01m[K/opt/ros/foxy/install/include/rclcpp/subscription.hpp:50[m[K,
[9.023s]                  from [01m[K/opt/ros/foxy/install/include/rclcpp/any_executable.hpp:25[m[K,
[9.023s]                  from [01m[K/opt/ros/foxy/install/include/rclcpp/memory_strategy.hpp:24[m[K,
[9.024s]                  from [01m[K/opt/ros/foxy/install/include/rclcpp/memory_strategies.hpp:18[m[K,
[9.024s]                  from [01m[K/opt/ros/foxy/install/include/rclcpp/executor_options.hpp:20[m[K,
[9.025s]                  from [01m[K/opt/ros/foxy/install/include/rclcpp/executor.hpp:33[m[K,
[9.038s]                  from [01m[K/opt/ros/foxy/install/include/rclcpp/executors/multi_threaded_executor.hpp:26[m[K,
[9.038s]                  from [01m[K/opt/ros/foxy/install/include/rclcpp/executors.hpp:21[m[K,
[9.039s]                  from [01m[K/opt/ros/foxy/install/include/rclcpp/rclcpp.hpp:146[m[K,
[9.040s]                  from [01m[K/ros2_ws/src/rplidar_ros2/src/client.cpp:38[m[K:
[9.040s] [01m[K/usr/include/math.h:777:0:[m[K [01;36m[Knote: [m[Kthis is the location of the previous definition
[9.041s]  # define M_PI  3.14159265358979323846 /* pi */
[9.041s]  
[9.047s] In file included from [01m[K/ros2_ws/src/rplidar_ros2/src/rplidar_node.cpp:36:0[m[K:
[9.048s] [01m[K/ros2_ws/src/rplidar_ros2/include/rplidar_node.hpp:50:0:[m[K [01;35m[Kwarning: [m[K"M_PI" redefined
[9.048s]  #define M_PI 3.1415926535897932384626433832795
[9.049s]  
[9.051s] In file included from [01m[K/usr/include/c++/7/cmath:45:0[m[K,
[9.052s]                  from [01m[K/opt/ros/foxy/install/include/libstatistics_collector/moving_average_statistics/types.hpp:18[m[K,
[9.053s]                  from [01m[K/opt/ros/foxy/install/include/libstatistics_collector/collector/generate_statistics_message.hpp:24[m[K,
[9.054s]                  from [01m[K/opt/ros/foxy/install/include/rclcpp/topic_statistics/subscription_topic_statistics.hpp:23[m[K,
[9.055s]                  from [01m[K/opt/ros/foxy/install/include/rclcpp/subscription.hpp:50[m[K,
[9.056s]                  from [01m[K/opt/ros/foxy/install/include/rclcpp/any_executable.hpp:25[m[K,
[9.057s]                  from [01m[K/opt/ros/foxy/install/include/rclcpp/memory_strategy.hpp:24[m[K,
[9.058s]                  from [01m[K/opt/ros/foxy/install/include/rclcpp/memory_strategies.hpp:18[m[K,
[9.058s]                  from [01m[K/opt/ros/foxy/install/include/rclcpp/executor_options.hpp:20[m[K,
[9.062s]                  from [01m[K/opt/ros/foxy/install/include/rclcpp/executor.hpp:33[m[K,
[9.062s]                  from [01m[K/opt/ros/foxy/install/include/rclcpp/executors/multi_threaded_executor.hpp:26[m[K,
[9.063s]                  from [01m[K/opt/ros/foxy/install/include/rclcpp/executors.hpp:21[m[K,
[9.068s]                  from [01m[K/opt/ros/foxy/install/include/rclcpp/rclcpp.hpp:146[m[K,
[9.068s]                  from [01m[K/ros2_ws/src/rplidar_ros2/include/rplidar_node.hpp:34[m[K,
[9.069s]                  from [01m[K/ros2_ws/src/rplidar_ros2/src/rplidar_node.cpp:36[m[K:
[9.070s] [01m[K/usr/include/math.h:777:0:[m[K [01;36m[Knote: [m[Kthis is the location of the previous definition
[9.070s]  # define M_PI  3.14159265358979323846 /* pi */
[9.071s]  
[9.777s] [01m[K/ros2_ws/src/rplidar_ros2/sdk/src/arch/linux/net_serial.cpp:[m[K In member function ‘[01m[Kbool rp::arch::net::raw_serial::open(const char*, uint32_t, uint32_t)[m[K’:
[9.778s] [01m[K/ros2_ws/src/rplidar_ros2/sdk/src/arch/linux/net_serial.cpp:97:74:[m[K [01;35m[Kwarning: [m[Kunused parameter ‘[01m[Kflags[m[K’ [[01;35m[K-Wunused-parameter[m[K]
[9.779s]  bool raw_serial::open(const char * portname, uint32_t baudrate, uint32_t [01;35m[Kflags[m[K)
[9.779s]                                                                           [01;35m[K^~~~~[m[K
[9.781s] [01m[K/ros2_ws/src/rplidar_ros2/sdk/src/arch/linux/net_serial.cpp:[m[K In member function ‘[01m[Kvirtual void rp::arch::net::raw_serial::flush(_u32)[m[K’:
[9.781s] [01m[K/ros2_ws/src/rplidar_ros2/sdk/src/arch/linux/net_serial.cpp:281:30:[m[K [01;35m[Kwarning: [m[Kunused parameter ‘[01m[Kflags[m[K’ [[01;35m[K-Wunused-parameter[m[K]
[9.782s]  void raw_serial::flush( _u32 [01;35m[Kflags[m[K)
[9.783s]                               [01;35m[K^~~~~[m[K
[9.783s] [01m[K/ros2_ws/src/rplidar_ros2/sdk/src/arch/linux/net_serial.cpp:[m[K In member function ‘[01m[Kvirtual int rp::arch::net::raw_serial::waitforsent(_u32, size_t*)[m[K’:
[9.784s] [01m[K/ros2_ws/src/rplidar_ros2/sdk/src/arch/linux/net_serial.cpp:286:34:[m[K [01;35m[Kwarning: [m[Kunused parameter ‘[01m[Ktimeout[m[K’ [[01;35m[K-Wunused-parameter[m[K]
[9.785s]  int raw_serial::waitforsent(_u32 [01;35m[Ktimeout[m[K, size_t * returned_size)
[9.785s]                                   [01;35m[K^~~~~~~[m[K
[9.786s] [01m[K/ros2_ws/src/rplidar_ros2/sdk/src/arch/linux/net_serial.cpp:[m[K In member function ‘[01m[Kvirtual int rp::arch::net::raw_serial::waitforrecv(_u32, size_t*)[m[K’:
[9.787s] [01m[K/ros2_ws/src/rplidar_ros2/sdk/src/arch/linux/net_serial.cpp:292:34:[m[K [01;35m[Kwarning: [m[Kunused parameter ‘[01m[Ktimeout[m[K’ [[01;35m[K-Wunused-parameter[m[K]
[9.787s]  int raw_serial::waitforrecv(_u32 [01;35m[Ktimeout[m[K, size_t * returned_size)
[9.788s]                                   [01;35m[K^~~~~~~[m[K
[10.318s] [ 27%] [32mBuilding CXX object CMakeFiles/rplidar_composition_node.dir/sdk/src/arch/linux/net_serial.cpp.o[0m
[11.798s] [01m[K/ros2_ws/src/rplidar_ros2/sdk/src/arch/linux/net_serial.cpp:[m[K In member function ‘[01m[Kbool rp::arch::net::raw_serial::open(const char*, uint32_t, uint32_t)[m[K’:
[11.799s] [01m[K/ros2_ws/src/rplidar_ros2/sdk/src/arch/linux/net_serial.cpp:97:74:[m[K [01;35m[Kwarning: [m[Kunused parameter ‘[01m[Kflags[m[K’ [[01;35m[K-Wunused-parameter[m[K]
[11.800s]  bool raw_serial::open(const char * portname, uint32_t baudrate, uint32_t [01;35m[Kflags[m[K)
[11.801s]                                                                           [01;35m[K^~~~~[m[K
[11.802s] [01m[K/ros2_ws/src/rplidar_ros2/sdk/src/arch/linux/net_serial.cpp:[m[K In member function ‘[01m[Kvirtual void rp::arch::net::raw_serial::flush(_u32)[m[K’:
[11.803s] [01m[K/ros2_ws/src/rplidar_ros2/sdk/src/arch/linux/net_serial.cpp:281:30:[m[K [01;35m[Kwarning: [m[Kunused parameter ‘[01m[Kflags[m[K’ [[01;35m[K-Wunused-parameter[m[K]
[11.803s]  void raw_serial::flush( _u32 [01;35m[Kflags[m[K)
[11.804s]                               [01;35m[K^~~~~[m[K
[11.805s] [01m[K/ros2_ws/src/rplidar_ros2/sdk/src/arch/linux/net_serial.cpp:[m[K In member function ‘[01m[Kvirtual int rp::arch::net::raw_serial::waitforsent(_u32, size_t*)[m[K’:
[11.805s] [01m[K/ros2_ws/src/rplidar_ros2/sdk/src/arch/linux/net_serial.cpp:286:34:[m[K [01;35m[Kwarning: [m[Kunused parameter ‘[01m[Ktimeout[m[K’ [[01;35m[K-Wunused-parameter[m[K]
[11.806s]  int raw_serial::waitforsent(_u32 [01;35m[Ktimeout[m[K, size_t * returned_size)
[11.807s]                                   [01;35m[K^~~~~~~[m[K
[11.807s] [01m[K/ros2_ws/src/rplidar_ros2/sdk/src/arch/linux/net_serial.cpp:[m[K In member function ‘[01m[Kvirtual int rp::arch::net::raw_serial::waitforrecv(_u32, size_t*)[m[K’:
[11.808s] [01m[K/ros2_ws/src/rplidar_ros2/sdk/src/arch/linux/net_serial.cpp:292:34:[m[K [01;35m[Kwarning: [m[Kunused parameter ‘[01m[Ktimeout[m[K’ [[01;35m[K-Wunused-parameter[m[K]
[11.808s]  int raw_serial::waitforrecv(_u32 [01;35m[Ktimeout[m[K, size_t * returned_size)
[11.809s]                                   [01;35m[K^~~~~~~[m[K
[12.468s] [ 33%] [32mBuilding CXX object CMakeFiles/rplidar_composition_node.dir/sdk/src/arch/linux/net_socket.cpp.o[0m
[14.334s] In file included from [01m[K/ros2_ws/src/rplidar_ros2/./sdk/include/rplidar.h:39:0[m[K,
[14.335s]                  from [01m[K/ros2_ws/src/rplidar_ros2/./sdk/src/sdkcommon.h:48[m[K,
[14.336s]                  from [01m[K/ros2_ws/src/rplidar_ros2/sdk/src/arch/linux/net_socket.cpp:10[m[K:
[14.337s] [01m[K/ros2_ws/src/rplidar_ros2/./sdk/include/rplidar_protocol.h:59:15:[m[K [01;35m[Kwarning: [m[KISO C++ forbids zero-size array ‘[01m[Kdata[m[K’ [[01;35m[K-Wpedantic[m[K]
[14.338s]      _u8 data[0[01;35m[K][m[K;
[14.338s]                [01;35m[K^[m[K
[14.339s] In file included from [01m[K/ros2_ws/src/rplidar_ros2/./sdk/include/rplidar.h:40:0[m[K,
[14.340s]                  from [01m[K/ros2_ws/src/rplidar_ros2/./sdk/src/sdkcommon.h:48[m[K,
[14.340s]                  from [01m[K/ros2_ws/src/rplidar_ros2/sdk/src/arch/linux/net_socket.cpp:10[m[K:
[14.341s] [01m[K/ros2_ws/src/rplidar_ros2/./sdk/include/rplidar_cmd.h:260:19:[m[K [01;35m[Kwarning: [m[KISO C++ forbids zero-size array ‘[01m[Kpayload[m[K’ [[01;35m[K-Wpedantic[m[K]
[14.342s]      _u8  payload[0[01;35m[K][m[K;
[14.342s]                    [01;35m[K^[m[K
[14.372s] [01m[K/ros2_ws/src/rplidar_ros2/sdk/src/arch/linux/net_socket.cpp:[m[K In member function ‘[01m[Kvirtual u_result rp::net::SocketAddress::getAddressAsString(char*, size_t) const[m[K’:
[14.373s] [01m[K/ros2_ws/src/rplidar_ros2/sdk/src/arch/linux/net_socket.cpp:170:17:[m[K [01;35m[Kwarning: [m[Kordered comparison of pointer with integer zero [[01;35m[K-Wextra[m[K]
[14.374s]      return ans<=[01;35m[K0[m[K?RESULT_OPERATION_FAIL:RESULT_OK;
[14.374s]                  [01;35m[K^[m[K
[14.395s] [01m[K/ros2_ws/src/rplidar_ros2/sdk/src/arch/linux/net_socket.cpp:[m[K In member function ‘[01m[Kvirtual u_result rp::arch::net::StreamSocketImpl::send(const void*, size_t)[m[K’:
[14.396s] [01m[K/ros2_ws/src/rplidar_ros2/sdk/src/arch/linux/net_socket.cpp:438:17:[m[K [01;35m[Kwarning: [m[Kcomparison between signed and unsigned integer expressions [[01;35m[K-Wsign-compare[m[K]
[14.397s]          if ([01;35m[Kans == (int)len[m[K) {
[14.398s]              [01;35m[K~~~~^~~~~~~~~~~[m[K
[14.408s] In file included from [01m[K/ros2_ws/src/rplidar_ros2/./sdk/src/arch/linux/arch_linux.h:42:0[m[K,
[14.409s]                  from [01m[K/ros2_ws/src/rplidar_ros2/./sdk/src/sdkcommon.h:40[m[K,
[14.409s]                  from [01m[K/ros2_ws/src/rplidar_ros2/sdk/src/arch/linux/net_socket.cpp:10[m[K:
[14.410s] [01m[K/ros2_ws/src/rplidar_ros2/sdk/src/arch/linux/net_socket.cpp:[m[K In member function ‘[01m[Kvirtual u_result rp::arch::net::DGramSocketImpl::sendTo(const rp::net::SocketAddress&, const void*, size_t)[m[K’:
[14.411s] [01m[K/ros2_ws/src/rplidar_ros2/sdk/src/arch/linux/net_socket.cpp:726:24:[m[K [01;35m[Kwarning: [m[Kcomparison between signed and unsigned integer expressions [[01;35m[K-Wsign-compare[m[K]
[14.411s]              assert([01;35m[Kans == (int)l[m[Ken);
[14.412s]                     [01;35m[K~~~~^~~~~~~~~[m[K
[15.216s] [ 38%] [32mBuilding CXX object CMakeFiles/rplidar_composition_node.dir/sdk/src/arch/linux/timer.cpp.o[0m
[16.902s] In file included from [01m[K/ros2_ws/src/rplidar_ros2/./sdk/include/rplidar.h:39:0[m[K,
[16.904s]                  from [01m[K/ros2_ws/src/rplidar_ros2/src/node.cpp:45[m[K:
[16.905s] [01m[K/ros2_ws/src/rplidar_ros2/./sdk/include/rplidar_protocol.h:59:15:[m[K [01;35m[Kwarning: [m[KISO C++ forbids zero-size array ‘[01m[Kdata[m[K’ [[01;35m[K-Wpedantic[m[K]
[16.906s]      _u8 data[0[01;35m[K][m[K;
[16.908s]                [01;35m[K^[m[K
[16.911s] In file included from [01m[K/ros2_ws/src/rplidar_ros2/./sdk/include/rplidar.h:40:0[m[K,
[16.912s]                  from [01m[K/ros2_ws/src/rplidar_ros2/src/node.cpp:45[m[K:
[16.913s] [01m[K/ros2_ws/src/rplidar_ros2/./sdk/include/rplidar_cmd.h:260:19:[m[K [01;35m[Kwarning: [m[KISO C++ forbids zero-size array ‘[01m[Kpayload[m[K’ [[01;35m[K-Wpedantic[m[K]
[16.915s]      _u8  payload[0[01;35m[K][m[K;
[16.916s]                    [01;35m[K^[m[K
[17.022s] In file included from [01m[K/ros2_ws/src/rplidar_ros2/./sdk/include/rplidar.h:39:0[m[K,
[17.023s]                  from [01m[K/ros2_ws/src/rplidar_ros2/include/rplidar_node.hpp:41[m[K,
[17.024s]                  from [01m[K/ros2_ws/src/rplidar_ros2/src/rplidar_node.cpp:36[m[K:
[17.025s] [01m[K/ros2_ws/src/rplidar_ros2/./sdk/include/rplidar_protocol.h:59:15:[m[K [01;35m[Kwarning: [m[KISO C++ forbids zero-size array ‘[01m[Kdata[m[K’ [[01;35m[K-Wpedantic[m[K]
[17.026s]      _u8 data[0[01;35m[K][m[K;
[17.027s]                [01;35m[K^[m[K
[17.030s] In file included from [01m[K/ros2_ws/src/rplidar_ros2/./sdk/include/rplidar.h:40:0[m[K,
[17.031s]                  from [01m[K/ros2_ws/src/rplidar_ros2/include/rplidar_node.hpp:41[m[K,
[17.032s]                  from [01m[K/ros2_ws/src/rplidar_ros2/src/rplidar_node.cpp:36[m[K:
[17.032s] [01m[K/ros2_ws/src/rplidar_ros2/./sdk/include/rplidar_cmd.h:260:19:[m[K [01;35m[Kwarning: [m[KISO C++ forbids zero-size array ‘[01m[Kpayload[m[K’ [[01;35m[K-Wpedantic[m[K]
[17.033s]      _u8  payload[0[01;35m[K][m[K;
[17.034s]                    [01;35m[K^[m[K
[17.162s] [01m[K/ros2_ws/src/rplidar_ros2/src/node.cpp:[m[K In function ‘[01m[Kbool stop_motor(std::shared_ptr<std_srvs::srv::Empty_Request_<std::allocator<void> > >, std::shared_ptr<std_srvs::srv::Empty_Response_<std::allocator<void> > >)[m[K’:
[17.167s] [01m[K/ros2_ws/src/rplidar_ros2/src/node.cpp:166:70:[m[K [01;35m[Kwarning: [m[Kunused parameter ‘[01m[Kreq[m[K’ [[01;35m[K-Wunused-parameter[m[K]
[17.168s]  bool stop_motor(const std::shared_ptr<std_srvs::srv::Empty::Request> [01;35m[Kreq[m[K,
[17.170s]                                                                       [01;35m[K^~~[m[K
[17.172s] [01m[K/ros2_ws/src/rplidar_ros2/src/node.cpp:167:65:[m[K [01;35m[Kwarning: [m[Kunused parameter ‘[01m[Kres[m[K’ [[01;35m[K-Wunused-parameter[m[K]
[17.173s]                  std::shared_ptr<std_srvs::srv::Empty::Response> [01;35m[Kres[m[K)
[17.174s]                                                                  [01;35m[K^~~[m[K
[17.176s] [01m[K/ros2_ws/src/rplidar_ros2/src/node.cpp:[m[K In function ‘[01m[Kbool start_motor(std::shared_ptr<std_srvs::srv::Empty_Request_<std::allocator<void> > >, std::shared_ptr<std_srvs::srv::Empty_Response_<std::allocator<void> > >)[m[K’:
[17.177s] [01m[K/ros2_ws/src/rplidar_ros2/src/node.cpp:178:71:[m[K [01;35m[Kwarning: [m[Kunused parameter ‘[01m[Kreq[m[K’ [[01;35m[K-Wunused-parameter[m[K]
[17.177s]  bool start_motor(const std::shared_ptr<std_srvs::srv::Empty::Request> [01;35m[Kreq[m[K,
[17.189s]                                                                        [01;35m[K^~~[m[K
[17.190s] [01m[K/ros2_ws/src/rplidar_ros2/src/node.cpp:179:66:[m[K [01;35m[Kwarning: [m[Kunused parameter ‘[01m[Kres[m[K’ [[01;35m[K-Wunused-parameter[m[K]
[17.192s]                   std::shared_ptr<std_srvs::srv::Empty::Response> [01;35m[Kres[m[K)
[17.193s]                                                                   [01;35m[K^~~[m[K
[17.236s] [ 44%] [32mBuilding CXX object CMakeFiles/rplidar_composition_node.dir/sdk/src/hal/thread.cpp.o[0m
[17.426s] [01m[K/ros2_ws/src/rplidar_ros2/src/node.cpp:[m[K In function ‘[01m[Kint main(int, char**)[m[K’:
[17.427s] [01m[K/ros2_ws/src/rplidar_ros2/src/node.cpp:356:111:[m[K [01;35m[Kwarning: [m[KISO C++ forbids variable length array ‘[01m[Kangle_compensate_nodes[m[K’ [[01;35m[K-Wvla[m[K]
[17.428s]                      rplidar_response_measurement_node_hq_t angle_compensate_nodes[angle_compensate_nodes_count[01;35m[K][m[K;
[17.429s]                                                                                                                [01;35m[K^[m[K
[17.430s] [01m[K/ros2_ws/src/rplidar_ros2/src/node.cpp:360:30:[m[K [01;35m[Kwarning: [m[Kcomparison between signed and unsigned integer expressions [[01;35m[K-Wsign-compare[m[K]
[17.431s]                      for( ; [01;35m[Ki < count[m[K; i++ ) {
[17.432s]                             [01;35m[K~~^~~~~~~[m[K
[17.448s] [01m[K/ros2_ws/src/rplidar_ros2/src/rplidar_node.cpp:[m[K In member function ‘[01m[Kvoid rplidar_ros::rplidar_node::stop_motor({anonymous}::EmptyRequest, {anonymous}::EmptyResponse)[m[K’:
[17.449s] [01m[K/ros2_ws/src/rplidar_ros2/src/rplidar_node.cpp:245:50:[m[K [01;35m[Kwarning: [m[Kunused parameter ‘[01m[Kreq[m[K’ [[01;35m[K-Wunused-parameter[m[K]
[17.450s]  void rplidar_node::stop_motor(const EmptyRequest [01;35m[Kreq[m[K, EmptyResponse res)
[17.451s]                                                   [01;35m[K^~~[m[K
[17.451s] [01m[K/ros2_ws/src/rplidar_ros2/src/rplidar_node.cpp:245:69:[m[K [01;35m[Kwarning: [m[Kunused parameter ‘[01m[Kres[m[K’ [[01;35m[K-Wunused-parameter[m[K]
[17.452s]  void rplidar_node::stop_motor(const EmptyRequest req, EmptyResponse [01;35m[Kres[m[K)
[17.452s]                                                                      [01;35m[K^~~[m[K
[17.453s] [01m[K/ros2_ws/src/rplidar_ros2/src/rplidar_node.cpp:[m[K In member function ‘[01m[Kvoid rplidar_ros::rplidar_node::start_motor({anonymous}::EmptyRequest, {anonymous}::EmptyResponse)[m[K’:
[17.454s] [01m[K/ros2_ws/src/rplidar_ros2/src/rplidar_node.cpp:256:51:[m[K [01;35m[Kwarning: [m[Kunused parameter ‘[01m[Kreq[m[K’ [[01;35m[K-Wunused-parameter[m[K]
[17.455s]  void rplidar_node::start_motor(const EmptyRequest [01;35m[Kreq[m[K, EmptyResponse res)
[17.455s]                                                    [01;35m[K^~~[m[K
[17.456s] [01m[K/ros2_ws/src/rplidar_ros2/src/rplidar_node.cpp:256:70:[m[K [01;35m[Kwarning: [m[Kunused parameter ‘[01m[Kres[m[K’ [[01;35m[K-Wunused-parameter[m[K]
[17.457s]  void rplidar_node::start_motor(const EmptyRequest req, EmptyResponse [01;35m[Kres[m[K)
[17.457s]                                                                       [01;35m[K^~~[m[K
[17.470s] [01m[K/ros2_ws/src/rplidar_ros2/src/rplidar_node.cpp:[m[K In member function ‘[01m[Kvoid rplidar_ros::rplidar_node::publish_loop()[m[K’:
[17.471s] [01m[K/ros2_ws/src/rplidar_ros2/src/rplidar_node.cpp:343:97:[m[K [01;35m[Kwarning: [m[KISO C++ forbids variable length array ‘[01m[Kangle_compensate_nodes[m[K’ [[01;35m[K-Wvla[m[K]
[17.472s]  nse_measurement_node_hq_t angle_compensate_nodes[angle_compensate_nodes_count[01;35m[K][m[K;
[17.473s]                                                                               [01;35m[K^[m[K
[17.480s] [01m[K/ros2_ws/src/rplidar_ros2/src/rplidar_node.cpp:353:25:[m[K [01;35m[Kwarning: [m[Kcomparison between signed and unsigned integer expressions [[01;35m[K-Wsign-compare[m[K]
[17.481s]            for (j = 0; [01;35m[Kj < m_angle_compensate_multiple[m[K; j++) {
[17.482s]                        [01;35m[K~~^~~~~~~~~~~~~~~~~~~~~~~~~~~~~[m[K
[17.483s] [01m[K/ros2_ws/src/rplidar_ros2/src/rplidar_node.cpp:374:44:[m[K [01;35m[Kwarning: [m[Kcomparison between signed and unsigned integer expressions [[01;35m[K-Wsign-compare[m[K]
[17.483s]        for (size_t x = start_node, y = 0; [01;35m[Kx < end_node[m[K; ++x, ++y) {
[17.484s]                                           [01;35m[K~~^~~~~~~~~~[m[K
[17.484s] [01m[K/ros2_ws/src/rplidar_ros2/src/rplidar_node.cpp:381:11:[m[K [01;35m[Kwarning: [m[Kunused variable ‘[01m[Kangle_min[m[K’ [[01;35m[K-Wunused-variable[m[K]
[17.485s]      float [01;35m[Kangle_min[m[K = deg_2_rad(0.0f);
[17.486s]            [01;35m[K^~~~~~~~~[m[K
[17.486s] [01m[K/ros2_ws/src/rplidar_ros2/src/rplidar_node.cpp:382:11:[m[K [01;35m[Kwarning: [m[Kunused variable ‘[01m[Kangle_max[m[K’ [[01;35m[K-Wunused-variable[m[K]
[17.487s]      float [01;35m[Kangle_max[m[K = deg_2_rad(359.0f);
[17.487s]            [01;35m[K^~~~~~~~~[m[K
[18.620s] In file included from [01m[K/ros2_ws/src/rplidar_ros2/./sdk/include/rplidar.h:39:0[m[K,
[18.620s]                  from [01m[K/ros2_ws/src/rplidar_ros2/./sdk/src/sdkcommon.h:48[m[K,
[18.621s]                  from [01m[K/ros2_ws/src/rplidar_ros2/sdk/src/hal/thread.cpp:35[m[K:
[18.622s] [01m[K/ros2_ws/src/rplidar_ros2/./sdk/include/rplidar_protocol.h:59:15:[m[K [01;35m[Kwarning: [m[KISO C++ forbids zero-size array ‘[01m[Kdata[m[K’ [[01;35m[K-Wpedantic[m[K]
[18.623s]      _u8 data[0[01;35m[K][m[K;
[18.624s]                [01;35m[K^[m[K
[18.626s] In file included from [01m[K/ros2_ws/src/rplidar_ros2/./sdk/include/rplidar.h:40:0[m[K,
[18.627s]                  from [01m[K/ros2_ws/src/rplidar_ros2/./sdk/src/sdkcommon.h:48[m[K,
[18.628s]                  from [01m[K/ros2_ws/src/rplidar_ros2/sdk/src/hal/thread.cpp:35[m[K:
[18.629s] [01m[K/ros2_ws/src/rplidar_ros2/./sdk/include/rplidar_cmd.h:260:19:[m[K [01;35m[Kwarning: [m[KISO C++ forbids zero-size array ‘[01m[Kpayload[m[K’ [[01;35m[K-Wpedantic[m[K]
[18.630s]      _u8  payload[0[01;35m[K][m[K;
[18.631s]                    [01;35m[K^[m[K
[18.641s] In file included from [01m[K/ros2_ws/src/rplidar_ros2/sdk/src/hal/thread.cpp:43:0[m[K:
[18.642s] [01m[K/ros2_ws/src/rplidar_ros2/./sdk/src/arch/linux/thread.hpp:[m[K In member function ‘[01m[Ku_result rp::hal::Thread::join(long unsigned int)[m[K’:
[18.643s] [01m[K/ros2_ws/src/rplidar_ros2/./sdk/src/arch/linux/thread.hpp:129:37:[m[K [01;35m[Kwarning: [m[Kunused parameter ‘[01m[Ktimeout[m[K’ [[01;35m[K-Wunused-parameter[m[K]
[18.644s]  u_result Thread::join(unsigned long [01;35m[Ktimeout[m[K)
[18.645s]                                      [01;35m[K^~~~~~~[m[K
[19.022s] [ 50%] [32mBuilding CXX object CMakeFiles/rplidar_composition_node.dir/sdk/src/rplidar_driver.cpp.o[0m
[20.808s] In file included from [01m[K/ros2_ws/src/rplidar_ros2/./sdk/include/rplidar.h:39:0[m[K,
[20.809s]                  from [01m[K/ros2_ws/src/rplidar_ros2/sdk/src/sdkcommon.h:48[m[K,
[20.810s]                  from [01m[K/ros2_ws/src/rplidar_ros2/sdk/src/rplidar_driver.cpp:35[m[K:
[20.811s] [01m[K/ros2_ws/src/rplidar_ros2/./sdk/include/rplidar_protocol.h:59:15:[m[K [01;35m[Kwarning: [m[KISO C++ forbids zero-size array ‘[01m[Kdata[m[K’ [[01;35m[K-Wpedantic[m[K]
[20.812s]      _u8 data[0[01;35m[K][m[K;
[20.812s]                [01;35m[K^[m[K
[20.815s] In file included from [01m[K/ros2_ws/src/rplidar_ros2/./sdk/include/rplidar.h:40:0[m[K,
[20.816s]                  from [01m[K/ros2_ws/src/rplidar_ros2/sdk/src/sdkcommon.h:48[m[K,
[20.817s]                  from [01m[K/ros2_ws/src/rplidar_ros2/sdk/src/rplidar_driver.cpp:35[m[K:
[20.818s] [01m[K/ros2_ws/src/rplidar_ros2/./sdk/include/rplidar_cmd.h:260:19:[m[K [01;35m[Kwarning: [m[KISO C++ forbids zero-size array ‘[01m[Kpayload[m[K’ [[01;35m[K-Wpedantic[m[K]
[20.819s]      _u8  payload[0[01;35m[K][m[K;
[20.820s]                    [01;35m[K^[m[K
[20.974s] [01m[K/ros2_ws/src/rplidar_ros2/sdk/src/rplidar_driver.cpp:[m[K In member function ‘[01m[Kvirtual u_result rp::standalone::rplidar::RPlidarDriverImplCommon::reset(_u32)[m[K’:
[20.975s] [01m[K/ros2_ws/src/rplidar_ros2/sdk/src/rplidar_driver.cpp:121:46:[m[K [01;35m[Kwarning: [m[Kunused parameter ‘[01m[Ktimeout[m[K’ [[01;35m[K-Wunused-parameter[m[K]
[20.976s]  u_result RPlidarDriverImplCommon::reset(_u32 [01;35m[Ktimeout[m[K)
[20.977s]                                               [01;35m[K^~~~~~~[m[K
[20.979s] [01m[K/ros2_ws/src/rplidar_ros2/sdk/src/rplidar_driver.cpp:[m[K In member function ‘[01m[Kvirtual u_result rp::standalone::rplidar::RPlidarDriverImplCommon::checkIfTofLidar(bool&, _u32)[m[K’:
[20.979s] [01m[K/ros2_ws/src/rplidar_ros2/sdk/src/rplidar_driver.cpp:274:75:[m[K [01;35m[Kwarning: [m[Kunused parameter ‘[01m[Ktimeout[m[K’ [[01;35m[K-Wunused-parameter[m[K]
[20.980s]  u_result RPlidarDriverImplCommon::checkIfTofLidar(bool & isTofLidar, _u32 [01;35m[Ktimeout[m[K)
[20.981s]                                                                            [01;35m[K^~~~~~~[m[K
[21.009s] [01m[K/ros2_ws/src/rplidar_ros2/sdk/src/rplidar_driver.cpp:[m[K In function ‘[01m[K_u32 rp::standalone::rplidar::_crc32cal(_u32, void*, _u16)[m[K’:
[21.010s] [01m[K/ros2_ws/src/rplidar_ros2/sdk/src/rplidar_driver.cpp:996:23:[m[K [01;35m[Kwarning: [m[Ksuggest parentheses around ‘[01m[K-[m[K’ in operand of ‘[01m[K&[m[K’ [[01;35m[K-Wparentheses[m[K]
[21.011s]      _u8 leftBytes = [01;35m[K4 - len[m[K & 0x3;
[21.011s]                      [01;35m[K~~^~~~~[m[K
[21.018s] [01m[K/ros2_ws/src/rplidar_ros2/sdk/src/rplidar_driver.cpp:[m[K In member function ‘[01m[Kvirtual void rp::standalone::rplidar::RPlidarDriverImplCommon::_ultraCapsuleToNormal(const rplidar_response_ultra_capsule_measurement_nodes_t&, rplidar_response_measurement_node_hq_t*, size_t&)[m[K’:
[21.019s] [01m[K/ros2_ws/src/rplidar_ros2/sdk/src/rplidar_driver.cpp:1207:32:[m[K [01;35m[Kwarning: [m[Kcomparison between signed and unsigned integer expressions [[01;35m[K-Wsign-compare[m[K]
[21.020s]              if (([01;35m[Kdist_predict1 == 0xFFFFFE00[m[K) || (dist_predict1 == 0x1FF)) {
[21.020s]                   [01;35m[K~~~~~~~~~~~~~~^~~~~~~~~~~~~[m[K
[21.021s] [01m[K/ros2_ws/src/rplidar_ros2/sdk/src/rplidar_driver.cpp:1215:32:[m[K [01;35m[Kwarning: [m[Kcomparison between signed and unsigned integer expressions [[01;35m[K-Wsign-compare[m[K]
[21.022s]              if (([01;35m[Kdist_predict2 == 0xFFFFFE00[m[K) || (dist_predict2 == 0x1FF)) {
[21.023s]                   [01;35m[K~~~~~~~~~~~~~~^~~~~~~~~~~~~[m[K
[21.045s] [01m[K/ros2_ws/src/rplidar_ros2/sdk/src/rplidar_driver.cpp:[m[K In member function ‘[01m[Kvirtual u_result rp::standalone::rplidar::RPlidarDriverImplCommon::getAllSupportedScanModes(std::vector<rp::standalone::rplidar::RplidarScanMode>&, _u32)[m[K’:
[21.046s] [01m[K/ros2_ws/src/rplidar_ros2/sdk/src/rplidar_driver.cpp:1453:105:[m[K [01;35m[Kwarning: [m[Kunused parameter ‘[01m[KtimeoutInMs[m[K’ [[01;35m[K-Wunused-parameter[m[K]
[21.046s]  u_result RPlidarDriverImplCommon::getAllSupportedScanModes(std::vector<RplidarScanMode>& outModes, _u32 [01;35m[KtimeoutInMs[m[K)
[21.047s]                                                                                                          [01;35m[K^~~~~~~~~~~[m[K
[21.049s] [01m[K/ros2_ws/src/rplidar_ros2/sdk/src/rplidar_driver.cpp:[m[K In member function ‘[01m[Kvirtual u_result rp::standalone::rplidar::RPlidarDriverImplCommon::startScan(bool, bool, _u32, rp::standalone::rplidar::RplidarScanMode*)[m[K’:
[21.049s] [01m[K/ros2_ws/src/rplidar_ros2/sdk/src/rplidar_driver.cpp:1550:83:[m[K [01;35m[Kwarning: [m[Kunused parameter ‘[01m[Koptions[m[K’ [[01;35m[K-Wunused-parameter[m[K]
[21.050s]  u_result RPlidarDriverImplCommon::startScan(bool force, bool useTypicalScan, _u32 [01;35m[Koptions[m[K, RplidarScanMode* outUsedScanMode)
[21.051s]                                                                                    [01;35m[K^~~~~~~[m[K
[21.056s] [01m[K/ros2_ws/src/rplidar_ros2/sdk/src/rplidar_driver.cpp:[m[K In member function ‘[01m[Kvirtual u_result rp::standalone::rplidar::RPlidarDriverImplCommon::stop(_u32)[m[K’:
[21.057s] [01m[K/ros2_ws/src/rplidar_ros2/sdk/src/rplidar_driver.cpp:1774:45:[m[K [01;35m[Kwarning: [m[Kunused parameter ‘[01m[Ktimeout[m[K’ [[01;35m[K-Wunused-parameter[m[K]
[21.057s]  u_result RPlidarDriverImplCommon::stop(_u32 [01;35m[Ktimeout[m[K)
[21.058s]                                              [01;35m[K^~~~~~~[m[K
[21.073s] [01m[K/ros2_ws/src/rplidar_ros2/sdk/src/rplidar_driver.cpp:[m[K In member function ‘[01m[Kvirtual u_result rp::standalone::rplidar::RPlidarDriverImplCommon::setLidarSpinSpeed(_u16, _u32)[m[K’:
[21.075s] [01m[K/ros2_ws/src/rplidar_ros2/sdk/src/rplidar_driver.cpp:2162:68:[m[K [01;35m[Kwarning: [m[Kunused parameter ‘[01m[Ktimeout[m[K’ [[01;35m[K-Wunused-parameter[m[K]
[21.075s]  u_result RPlidarDriverImplCommon::setLidarSpinSpeed(_u16 rpm, _u32 [01;35m[Ktimeout[m[K)
[21.076s]                                                                     [01;35m[K^~~~~~~[m[K
[21.077s] [01m[K/ros2_ws/src/rplidar_ros2/sdk/src/rplidar_driver.cpp:[m[K In member function ‘[01m[Kvirtual u_result rp::standalone::rplidar::RPlidarDriverSerial::connect(const char*, _u32, _u32)[m[K’:
[21.078s] [01m[K/ros2_ws/src/rplidar_ros2/sdk/src/rplidar_driver.cpp:2240:83:[m[K [01;35m[Kwarning: [m[Kunused parameter ‘[01m[Kflag[m[K’ [[01;35m[K-Wunused-parameter[m[K]
[21.079s]  u_result RPlidarDriverSerial::connect(const char * port_path, _u32 baudrate, _u32 [01;35m[Kflag[m[K)
[21.079s]                                                                                    [01;35m[K^~~~[m[K
[21.080s] [01m[K/ros2_ws/src/rplidar_ros2/sdk/src/rplidar_driver.cpp:[m[K In member function ‘[01m[Kvirtual u_result rp::standalone::rplidar::RPlidarDriverTCP::connect(const char*, _u32, _u32)[m[K’:
[21.080s] [01m[K/ros2_ws/src/rplidar_ros2/sdk/src/rplidar_driver.cpp:2282:72:[m[K [01;35m[Kwarning: [m[Kunused parameter ‘[01m[Kflag[m[K’ [[01;35m[K-Wunused-parameter[m[K]
[21.081s]  u_result RPlidarDriverTCP::connect(const char * ipStr, _u32 port, _u32 [01;35m[Kflag[m[K)
[21.082s]                                                                         [01;35m[K^~~~[m[K
[23.144s] [ 55%] [32mBuilding CXX object CMakeFiles/rplidarNode.dir/sdk/src/arch/linux/net_socket.cpp.o[0m
[24.829s] In file included from [01m[K/ros2_ws/src/rplidar_ros2/./sdk/include/rplidar.h:39:0[m[K,
[24.830s]                  from [01m[K/ros2_ws/src/rplidar_ros2/./sdk/src/sdkcommon.h:48[m[K,
[24.831s]                  from [01m[K/ros2_ws/src/rplidar_ros2/sdk/src/arch/linux/net_socket.cpp:10[m[K:
[24.832s] [01m[K/ros2_ws/src/rplidar_ros2/./sdk/include/rplidar_protocol.h:59:15:[m[K [01;35m[Kwarning: [m[KISO C++ forbids zero-size array ‘[01m[Kdata[m[K’ [[01;35m[K-Wpedantic[m[K]
[24.833s]      _u8 data[0[01;35m[K][m[K;
[24.834s]                [01;35m[K^[m[K
[24.838s] In file included from [01m[K/ros2_ws/src/rplidar_ros2/./sdk/include/rplidar.h:40:0[m[K,
[24.839s]                  from [01m[K/ros2_ws/src/rplidar_ros2/./sdk/src/sdkcommon.h:48[m[K,
[24.840s]                  from [01m[K/ros2_ws/src/rplidar_ros2/sdk/src/arch/linux/net_socket.cpp:10[m[K:
[24.841s] [01m[K/ros2_ws/src/rplidar_ros2/./sdk/include/rplidar_cmd.h:260:19:[m[K [01;35m[Kwarning: [m[KISO C++ forbids zero-size array ‘[01m[Kpayload[m[K’ [[01;35m[K-Wpedantic[m[K]
[24.842s]      _u8  payload[0[01;35m[K][m[K;
[24.843s]                    [01;35m[K^[m[K
[24.874s] [01m[K/ros2_ws/src/rplidar_ros2/sdk/src/arch/linux/net_socket.cpp:[m[K In member function ‘[01m[Kvirtual u_result rp::net::SocketAddress::getAddressAsString(char*, size_t) const[m[K’:
[24.875s] [01m[K/ros2_ws/src/rplidar_ros2/sdk/src/arch/linux/net_socket.cpp:170:17:[m[K [01;35m[Kwarning: [m[Kordered comparison of pointer with integer zero [[01;35m[K-Wextra[m[K]
[24.875s]      return ans<=[01;35m[K0[m[K?RESULT_OPERATION_FAIL:RESULT_OK;
[24.876s]                  [01;35m[K^[m[K
[24.894s] [01m[K/ros2_ws/src/rplidar_ros2/sdk/src/arch/linux/net_socket.cpp:[m[K In member function ‘[01m[Kvirtual u_result rp::arch::net::StreamSocketImpl::send(const void*, size_t)[m[K’:
[24.895s] [01m[K/ros2_ws/src/rplidar_ros2/sdk/src/arch/linux/net_socket.cpp:438:17:[m[K [01;35m[Kwarning: [m[Kcomparison between signed and unsigned integer expressions [[01;35m[K-Wsign-compare[m[K]
[24.896s]          if ([01;35m[Kans == (int)len[m[K) {
[24.897s]              [01;35m[K~~~~^~~~~~~~~~~[m[K
[24.911s] In file included from [01m[K/ros2_ws/src/rplidar_ros2/./sdk/src/arch/linux/arch_linux.h:42:0[m[K,
[24.912s]                  from [01m[K/ros2_ws/src/rplidar_ros2/./sdk/src/sdkcommon.h:40[m[K,
[24.913s]                  from [01m[K/ros2_ws/src/rplidar_ros2/sdk/src/arch/linux/net_socket.cpp:10[m[K:
[24.914s] [01m[K/ros2_ws/src/rplidar_ros2/sdk/src/arch/linux/net_socket.cpp:[m[K In member function ‘[01m[Kvirtual u_result rp::arch::net::DGramSocketImpl::sendTo(const rp::net::SocketAddress&, const void*, size_t)[m[K’:
[24.915s] [01m[K/ros2_ws/src/rplidar_ros2/sdk/src/arch/linux/net_socket.cpp:726:24:[m[K [01;35m[Kwarning: [m[Kcomparison between signed and unsigned integer expressions [[01;35m[K-Wsign-compare[m[K]
[24.916s]              assert([01;35m[Kans == (int)l[m[Ken);
[24.917s]                     [01;35m[K~~~~^~~~~~~~~[m[K
[26.095s] [ 61%] [32mBuilding CXX object CMakeFiles/rplidarNode.dir/sdk/src/arch/linux/timer.cpp.o[0m
[26.857s] [ 66%] [32mBuilding CXX object CMakeFiles/rplidarNode.dir/sdk/src/hal/thread.cpp.o[0m
[28.069s] [ 72%] [32mBuilding CXX object CMakeFiles/rplidarNode.dir/sdk/src/rplidar_driver.cpp.o[0m
[28.232s] In file included from [01m[K/ros2_ws/src/rplidar_ros2/./sdk/include/rplidar.h:39:0[m[K,
[28.232s]                  from [01m[K/ros2_ws/src/rplidar_ros2/./sdk/src/sdkcommon.h:48[m[K,
[28.233s]                  from [01m[K/ros2_ws/src/rplidar_ros2/sdk/src/hal/thread.cpp:35[m[K:
[28.234s] [01m[K/ros2_ws/src/rplidar_ros2/./sdk/include/rplidar_protocol.h:59:15:[m[K [01;35m[Kwarning: [m[KISO C++ forbids zero-size array ‘[01m[Kdata[m[K’ [[01;35m[K-Wpedantic[m[K]
[28.235s]      _u8 data[0[01;35m[K][m[K;
[28.235s]                [01;35m[K^[m[K
[28.236s] In file included from [01m[K/ros2_ws/src/rplidar_ros2/./sdk/include/rplidar.h:40:0[m[K,
[28.237s]                  from [01m[K/ros2_ws/src/rplidar_ros2/./sdk/src/sdkcommon.h:48[m[K,
[28.238s]                  from [01m[K/ros2_ws/src/rplidar_ros2/sdk/src/hal/thread.cpp:35[m[K:
[28.238s] [01m[K/ros2_ws/src/rplidar_ros2/./sdk/include/rplidar_cmd.h:260:19:[m[K [01;35m[Kwarning: [m[KISO C++ forbids zero-size array ‘[01m[Kpayload[m[K’ [[01;35m[K-Wpedantic[m[K]
[28.239s]      _u8  payload[0[01;35m[K][m[K;
[28.240s]                    [01;35m[K^[m[K
[28.243s] In file included from [01m[K/ros2_ws/src/rplidar_ros2/sdk/src/hal/thread.cpp:43:0[m[K:
[28.244s] [01m[K/ros2_ws/src/rplidar_ros2/./sdk/src/arch/linux/thread.hpp:[m[K In member function ‘[01m[Ku_result rp::hal::Thread::join(long unsigned int)[m[K’:
[28.244s] [01m[K/ros2_ws/src/rplidar_ros2/./sdk/src/arch/linux/thread.hpp:129:37:[m[K [01;35m[Kwarning: [m[Kunused parameter ‘[01m[Ktimeout[m[K’ [[01;35m[K-Wunused-parameter[m[K]
[28.245s]  u_result Thread::join(unsigned long [01;35m[Ktimeout[m[K)
[28.246s]                                      [01;35m[K^~~~~~~[m[K
[29.327s] In file included from [01m[K/ros2_ws/src/rplidar_ros2/./sdk/include/rplidar.h:39:0[m[K,
[29.328s]                  from [01m[K/ros2_ws/src/rplidar_ros2/sdk/src/sdkcommon.h:48[m[K,
[29.330s]                  from [01m[K/ros2_ws/src/rplidar_ros2/sdk/src/rplidar_driver.cpp:35[m[K:
[29.331s] [01m[K/ros2_ws/src/rplidar_ros2/./sdk/include/rplidar_protocol.h:59:15:[m[K [01;35m[Kwarning: [m[KISO C++ forbids zero-size array ‘[01m[Kdata[m[K’ [[01;35m[K-Wpedantic[m[K]
[29.332s]      _u8 data[0[01;35m[K][m[K;
[29.333s]                [01;35m[K^[m[K
[29.334s] In file included from [01m[K/ros2_ws/src/rplidar_ros2/./sdk/include/rplidar.h:40:0[m[K,
[29.334s]                  from [01m[K/ros2_ws/src/rplidar_ros2/sdk/src/sdkcommon.h:48[m[K,
[29.335s]                  from [01m[K/ros2_ws/src/rplidar_ros2/sdk/src/rplidar_driver.cpp:35[m[K:
[29.336s] [01m[K/ros2_ws/src/rplidar_ros2/./sdk/include/rplidar_cmd.h:260:19:[m[K [01;35m[Kwarning: [m[KISO C++ forbids zero-size array ‘[01m[Kpayload[m[K’ [[01;35m[K-Wpedantic[m[K]
[29.337s]      _u8  payload[0[01;35m[K][m[K;
[29.338s]                    [01;35m[K^[m[K
[29.448s] [01m[K/ros2_ws/src/rplidar_ros2/sdk/src/rplidar_driver.cpp:[m[K In member function ‘[01m[Kvirtual u_result rp::standalone::rplidar::RPlidarDriverImplCommon::reset(_u32)[m[K’:
[29.448s] [01m[K/ros2_ws/src/rplidar_ros2/sdk/src/rplidar_driver.cpp:121:46:[m[K [01;35m[Kwarning: [m[Kunused parameter ‘[01m[Ktimeout[m[K’ [[01;35m[K-Wunused-parameter[m[K]
[29.449s]  u_result RPlidarDriverImplCommon::reset(_u32 [01;35m[Ktimeout[m[K)
[29.450s]                                               [01;35m[K^~~~~~~[m[K
[29.453s] [01m[K/ros2_ws/src/rplidar_ros2/sdk/src/rplidar_driver.cpp:[m[K In member function ‘[01m[Kvirtual u_result rp::standalone::rplidar::RPlidarDriverImplCommon::checkIfTofLidar(bool&, _u32)[m[K’:
[29.454s] [01m[K/ros2_ws/src/rplidar_ros2/sdk/src/rplidar_driver.cpp:274:75:[m[K [01;35m[Kwarning: [m[Kunused parameter ‘[01m[Ktimeout[m[K’ [[01;35m[K-Wunused-parameter[m[K]
[29.455s]  u_result RPlidarDriverImplCommon::checkIfTofLidar(bool & isTofLidar, _u32 [01;35m[Ktimeout[m[K)
[29.455s]                                                                            [01;35m[K^~~~~~~[m[K
[29.480s] [ 77%] [32m[1mLinking CXX shared library librplidar_composition_node.so[0m
[29.481s] [01m[K/ros2_ws/src/rplidar_ros2/sdk/src/rplidar_driver.cpp:[m[K In function ‘[01m[K_u32 rp::standalone::rplidar::_crc32cal(_u32, void*, _u16)[m[K’:
[29.482s] [01m[K/ros2_ws/src/rplidar_ros2/sdk/src/rplidar_driver.cpp:996:23:[m[K [01;35m[Kwarning: [m[Ksuggest parentheses around ‘[01m[K-[m[K’ in operand of ‘[01m[K&[m[K’ [[01;35m[K-Wparentheses[m[K]
[29.482s]      _u8 leftBytes = [01;35m[K4 - len[m[K & 0x3;
[29.483s]                      [01;35m[K~~^~~~~[m[K
[29.487s] [01m[K/ros2_ws/src/rplidar_ros2/sdk/src/rplidar_driver.cpp:[m[K In member function ‘[01m[Kvirtual void rp::standalone::rplidar::RPlidarDriverImplCommon::_ultraCapsuleToNormal(const rplidar_response_ultra_capsule_measurement_nodes_t&, rplidar_response_measurement_node_hq_t*, size_t&)[m[K’:
[29.488s] [01m[K/ros2_ws/src/rplidar_ros2/sdk/src/rplidar_driver.cpp:1207:32:[m[K [01;35m[Kwarning: [m[Kcomparison between signed and unsigned integer expressions [[01;35m[K-Wsign-compare[m[K]
[29.488s]              if (([01;35m[Kdist_predict1 == 0xFFFFFE00[m[K) || (dist_predict1 == 0x1FF)) {
[29.489s]                   [01;35m[K~~~~~~~~~~~~~~^~~~~~~~~~~~~[m[K
[29.490s] [01m[K/ros2_ws/src/rplidar_ros2/sdk/src/rplidar_driver.cpp:1215:32:[m[K [01;35m[Kwarning: [m[Kcomparison between signed and unsigned integer expressions [[01;35m[K-Wsign-compare[m[K]
[29.490s]              if (([01;35m[Kdist_predict2 == 0xFFFFFE00[m[K) || (dist_predict2 == 0x1FF)) {
[29.491s]                   [01;35m[K~~~~~~~~~~~~~~^~~~~~~~~~~~~[m[K
[29.509s] [01m[K/ros2_ws/src/rplidar_ros2/sdk/src/rplidar_driver.cpp:[m[K In member function ‘[01m[Kvirtual u_result rp::standalone::rplidar::RPlidarDriverImplCommon::getAllSupportedScanModes(std::vector<rp::standalone::rplidar::RplidarScanMode>&, _u32)[m[K’:
[29.510s] [01m[K/ros2_ws/src/rplidar_ros2/sdk/src/rplidar_driver.cpp:1453:105:[m[K [01;35m[Kwarning: [m[Kunused parameter ‘[01m[KtimeoutInMs[m[K’ [[01;35m[K-Wunused-parameter[m[K]
[29.511s]  u_result RPlidarDriverImplCommon::getAllSupportedScanModes(std::vector<RplidarScanMode>& outModes, _u32 [01;35m[KtimeoutInMs[m[K)
[29.512s]                                                                                                          [01;35m[K^~~~~~~~~~~[m[K
[29.513s] [01m[K/ros2_ws/src/rplidar_ros2/sdk/src/rplidar_driver.cpp:[m[K In member function ‘[01m[Kvirtual u_result rp::standalone::rplidar::RPlidarDriverImplCommon::startScan(bool, bool, _u32, rp::standalone::rplidar::RplidarScanMode*)[m[K’:
[29.513s] [01m[K/ros2_ws/src/rplidar_ros2/sdk/src/rplidar_driver.cpp:1550:83:[m[K [01;35m[Kwarning: [m[Kunused parameter ‘[01m[Koptions[m[K’ [[01;35m[K-Wunused-parameter[m[K]
[29.514s]  u_result RPlidarDriverImplCommon::startScan(bool force, bool useTypicalScan, _u32 [01;35m[Koptions[m[K, RplidarScanMode* outUsedScanMode)
[29.515s]                                                                                    [01;35m[K^~~~~~~[m[K
[29.519s] [01m[K/ros2_ws/src/rplidar_ros2/sdk/src/rplidar_driver.cpp:[m[K In member function ‘[01m[Kvirtual u_result rp::standalone::rplidar::RPlidarDriverImplCommon::stop(_u32)[m[K’:
[29.520s] [01m[K/ros2_ws/src/rplidar_ros2/sdk/src/rplidar_driver.cpp:1774:45:[m[K [01;35m[Kwarning: [m[Kunused parameter ‘[01m[Ktimeout[m[K’ [[01;35m[K-Wunused-parameter[m[K]
[29.520s]  u_result RPlidarDriverImplCommon::stop(_u32 [01;35m[Ktimeout[m[K)
[29.521s]                                              [01;35m[K^~~~~~~[m[K
[29.534s] [01m[K/ros2_ws/src/rplidar_ros2/sdk/src/rplidar_driver.cpp:[m[K In member function ‘[01m[Kvirtual u_result rp::standalone::rplidar::RPlidarDriverImplCommon::setLidarSpinSpeed(_u16, _u32)[m[K’:
[29.535s] [01m[K/ros2_ws/src/rplidar_ros2/sdk/src/rplidar_driver.cpp:2162:68:[m[K [01;35m[Kwarning: [m[Kunused parameter ‘[01m[Ktimeout[m[K’ [[01;35m[K-Wunused-parameter[m[K]
[29.536s]  u_result RPlidarDriverImplCommon::setLidarSpinSpeed(_u16 rpm, _u32 [01;35m[Ktimeout[m[K)
[29.536s]                                                                     [01;35m[K^~~~~~~[m[K
[29.540s] [01m[K/ros2_ws/src/rplidar_ros2/sdk/src/rplidar_driver.cpp:[m[K In member function ‘[01m[Kvirtual u_result rp::standalone::rplidar::RPlidarDriverSerial::connect(const char*, _u32, _u32)[m[K’:
[29.541s] [01m[K/ros2_ws/src/rplidar_ros2/sdk/src/rplidar_driver.cpp:2240:83:[m[K [01;35m[Kwarning: [m[Kunused parameter ‘[01m[Kflag[m[K’ [[01;35m[K-Wunused-parameter[m[K]
[29.542s]  u_result RPlidarDriverSerial::connect(const char * port_path, _u32 baudrate, _u32 [01;35m[Kflag[m[K)
[29.543s]                                                                                    [01;35m[K^~~~[m[K
[29.543s] [01m[K/ros2_ws/src/rplidar_ros2/sdk/src/rplidar_driver.cpp:[m[K In member function ‘[01m[Kvirtual u_result rp::standalone::rplidar::RPlidarDriverTCP::connect(const char*, _u32, _u32)[m[K’:
[29.544s] [01m[K/ros2_ws/src/rplidar_ros2/sdk/src/rplidar_driver.cpp:2282:72:[m[K [01;35m[Kwarning: [m[Kunused parameter ‘[01m[Kflag[m[K’ [[01;35m[K-Wunused-parameter[m[K]
[29.545s]  u_result RPlidarDriverTCP::connect(const char * ipStr, _u32 port, _u32 [01;35m[Kflag[m[K)
[29.545s]                                                                         [01;35m[K^~~~[m[K
[30.791s] [ 77%] Built target rplidar_composition_node
[30.828s] [ 83%] [32mBuilding CXX object CMakeFiles/rplidar_composition.dir/src/standalone_rplidar.cpp.o[0m
[31.119s] [ 88%] [32m[1mLinking CXX executable rplidarNode[0m
[32.067s] [ 88%] Built target rplidarNode
[32.602s] In file included from [01m[K/ros2_ws/src/rplidar_ros2/src/standalone_rplidar.cpp:16:0[m[K:
[32.603s] [01m[K/ros2_ws/src/rplidar_ros2/include/rplidar_node.hpp:50:0:[m[K [01;35m[Kwarning: [m[K"M_PI" redefined
[32.603s]  #define M_PI 3.1415926535897932384626433832795
[32.604s]  
[32.605s] In file included from [01m[K/usr/include/c++/7/cmath:45:0[m[K,
[32.606s]                  from [01m[K/opt/ros/foxy/install/include/libstatistics_collector/moving_average_statistics/types.hpp:18[m[K,
[32.607s]                  from [01m[K/opt/ros/foxy/install/include/libstatistics_collector/collector/generate_statistics_message.hpp:24[m[K,
[32.607s]                  from [01m[K/opt/ros/foxy/install/include/rclcpp/topic_statistics/subscription_topic_statistics.hpp:23[m[K,
[32.608s]                  from [01m[K/opt/ros/foxy/install/include/rclcpp/subscription.hpp:50[m[K,
[32.608s]                  from [01m[K/opt/ros/foxy/install/include/rclcpp/any_executable.hpp:25[m[K,
[32.609s]                  from [01m[K/opt/ros/foxy/install/include/rclcpp/memory_strategy.hpp:24[m[K,
[32.609s]                  from [01m[K/opt/ros/foxy/install/include/rclcpp/memory_strategies.hpp:18[m[K,
[32.610s]                  from [01m[K/opt/ros/foxy/install/include/rclcpp/executor_options.hpp:20[m[K,
[32.611s]                  from [01m[K/opt/ros/foxy/install/include/rclcpp/executor.hpp:33[m[K,
[32.611s]                  from [01m[K/opt/ros/foxy/install/include/rclcpp/executors/multi_threaded_executor.hpp:26[m[K,
[32.612s]                  from [01m[K/opt/ros/foxy/install/include/rclcpp/executors.hpp:21[m[K,
[32.612s]                  from [01m[K/opt/ros/foxy/install/include/rclcpp/rclcpp.hpp:146[m[K,
[32.613s]                  from [01m[K/ros2_ws/src/rplidar_ros2/include/rplidar_node.hpp:34[m[K,
[32.614s]                  from [01m[K/ros2_ws/src/rplidar_ros2/src/standalone_rplidar.cpp:16[m[K:
[32.614s] [01m[K/usr/include/math.h:777:0:[m[K [01;36m[Knote: [m[Kthis is the location of the previous definition
[32.615s]  # define M_PI  3.14159265358979323846 /* pi */
[32.615s]  
[32.865s] [ 94%] [32m[1mLinking CXX executable rplidarNodeClient[0m
[34.168s] [ 94%] Built target rplidarNodeClient
[38.697s] In file included from [01m[K/ros2_ws/src/rplidar_ros2/./sdk/include/rplidar.h:39:0[m[K,
[38.698s]                  from [01m[K/ros2_ws/src/rplidar_ros2/include/rplidar_node.hpp:41[m[K,
[38.698s]                  from [01m[K/ros2_ws/src/rplidar_ros2/src/standalone_rplidar.cpp:16[m[K:
[38.699s] [01m[K/ros2_ws/src/rplidar_ros2/./sdk/include/rplidar_protocol.h:59:15:[m[K [01;35m[Kwarning: [m[KISO C++ forbids zero-size array ‘[01m[Kdata[m[K’ [[01;35m[K-Wpedantic[m[K]
[38.700s]      _u8 data[0[01;35m[K][m[K;
[38.700s]                [01;35m[K^[m[K
[38.700s] In file included from [01m[K/ros2_ws/src/rplidar_ros2/./sdk/include/rplidar.h:40:0[m[K,
[38.701s]                  from [01m[K/ros2_ws/src/rplidar_ros2/include/rplidar_node.hpp:41[m[K,
[38.702s]                  from [01m[K/ros2_ws/src/rplidar_ros2/src/standalone_rplidar.cpp:16[m[K:
[38.702s] [01m[K/ros2_ws/src/rplidar_ros2/./sdk/include/rplidar_cmd.h:260:19:[m[K [01;35m[Kwarning: [m[KISO C++ forbids zero-size array ‘[01m[Kpayload[m[K’ [[01;35m[K-Wpedantic[m[K]
[38.703s]      _u8  payload[0[01;35m[K][m[K;
[38.703s]                    [01;35m[K^[m[K
[40.274s] In file included from [01m[K/ros2_ws/src/rplidar_ros2/src/standalone_rplidar.cpp:16:0[m[K:
[40.275s] [01m[K/ros2_ws/src/rplidar_ros2/include/rplidar_node.hpp:76:14:[m[K [01;35m[Kwarning: [m[K‘[01m[Kfloat rplidar_ros::getAngle(const rplidar_response_measurement_node_hq_t&)[m[K’ defined but not used [[01;35m[K-Wunused-function[m[K]
[40.275s]  static float [01;35m[KgetAngle[m[K(const rplidar_response_measurement_node_hq_t& node)
[40.276s]               [01;35m[K^~~~~~~~[m[K
[40.711s] [100%] [32m[1mLinking CXX executable rplidar_composition[0m
[41.290s] [100%] Built target rplidar_composition
[41.334s] Invoked command in '/ros2_ws/build/rplidar_ros' returned '0': /usr/local/bin/cmake --build /ros2_ws/build/rplidar_ros -- -j4 -l4
[41.945s] Invoking command in '/ros2_ws/build/rplidar_ros': /usr/local/bin/cmake --install /ros2_ws/build/rplidar_ros
[42.100s] -- Install configuration: ""
[42.104s] -- Execute custom install script
[42.105s] -- Symlinking: /ros2_ws/install/rplidar_ros/lib/rplidar_ros/rplidarNode
[42.115s] -- Symlinking: /ros2_ws/install/rplidar_ros/lib/rplidar_ros/rplidarNodeClient
[42.125s] -- Symlinking: /ros2_ws/install/rplidar_ros/lib/rplidar_ros/rplidar_composition
[42.137s] -- Symlinking: /ros2_ws/install/rplidar_ros/share/rplidar_ros/launch/rplidar.launch.py
[42.147s] -- Symlinking: /ros2_ws/install/rplidar_ros/share/rplidar_ros/launch/rplidar_a3.launch.py
[42.156s] -- Symlinking: /ros2_ws/install/rplidar_ros/share/rplidar_ros/launch/rplidar_s1.launch.py
[42.165s] -- Symlinking: /ros2_ws/install/rplidar_ros/share/rplidar_ros/launch/rplidar_s1_tcp.launch.py
[42.174s] -- Symlinking: /ros2_ws/install/rplidar_ros/share/rplidar_ros/launch/test_rplidar.launch.py
[42.183s] -- Symlinking: /ros2_ws/install/rplidar_ros/share/rplidar_ros/launch/test_rplidar_a3.launch.py
[42.191s] -- Symlinking: /ros2_ws/install/rplidar_ros/share/rplidar_ros/launch/view_rplidar.launch.py
[42.200s] -- Symlinking: /ros2_ws/install/rplidar_ros/share/rplidar_ros/launch/view_rplidar_a3.launch.py
[42.209s] -- Symlinking: /ros2_ws/install/rplidar_ros/share/rplidar_ros/launch/view_rplidar_s1.launch.py
[42.218s] -- Symlinking: /ros2_ws/install/rplidar_ros/share/rplidar_ros/launch/view_rplidar_s1_tcp.launch.py
[42.229s] -- Symlinking: /ros2_ws/install/rplidar_ros/share/rplidar_ros/rviz/rplidar.rviz
[42.239s] -- Symlinking: /ros2_ws/install/rplidar_ros/lib/librplidar_composition_node.so
[42.249s] -- Symlinking: /ros2_ws/install/rplidar_ros/include/rplidar_node.hpp
[42.259s] -- Symlinking: /ros2_ws/install/rplidar_ros/include/visibility.h
[42.269s] -- Up-to-date symlink: /ros2_ws/install/rplidar_ros/lib/rplidar_ros/rplidarNode
[42.270s] -- Up-to-date symlink: /ros2_ws/install/rplidar_ros/lib/rplidar_ros/rplidarNodeClient
[42.270s] -- Up-to-date symlink: /ros2_ws/install/rplidar_ros/lib/rplidar_ros/rplidar_composition
[42.272s] -- Symlinking: /ros2_ws/install/rplidar_ros/share/ament_index/resource_index/package_run_dependencies/rplidar_ros
[42.282s] -- Symlinking: /ros2_ws/install/rplidar_ros/share/ament_index/resource_index/parent_prefix_path/rplidar_ros
[42.296s] -- Symlinking: /ros2_ws/install/rplidar_ros/share/rplidar_ros/environment/ament_prefix_path.sh
[42.310s] -- Symlinking: /ros2_ws/install/rplidar_ros/share/rplidar_ros/environment/ament_prefix_path.dsv
[42.319s] -- Symlinking: /ros2_ws/install/rplidar_ros/share/rplidar_ros/environment/path.sh
[42.330s] -- Symlinking: /ros2_ws/install/rplidar_ros/share/rplidar_ros/environment/path.dsv
[42.340s] -- Symlinking: /ros2_ws/install/rplidar_ros/share/rplidar_ros/local_setup.bash
[42.352s] -- Symlinking: /ros2_ws/install/rplidar_ros/share/rplidar_ros/local_setup.sh
[42.361s] -- Symlinking: /ros2_ws/install/rplidar_ros/share/rplidar_ros/local_setup.zsh
[42.370s] -- Symlinking: /ros2_ws/install/rplidar_ros/share/rplidar_ros/local_setup.dsv
[42.382s] -- Symlinking: /ros2_ws/install/rplidar_ros/share/rplidar_ros/package.dsv
[42.392s] -- Symlinking: /ros2_ws/install/rplidar_ros/share/ament_index/resource_index/packages/rplidar_ros
[42.405s] -- Symlinking: /ros2_ws/install/rplidar_ros/share/rplidar_ros/cmake/ament_cmake_export_dependencies-extras.cmake
[42.417s] -- Symlinking: /ros2_ws/install/rplidar_ros/share/rplidar_ros/cmake/ament_cmake_export_include_directories-extras.cmake
[42.435s] -- Symlinking: /ros2_ws/install/rplidar_ros/share/rplidar_ros/cmake/rplidar_rosConfig.cmake
[42.445s] -- Symlinking: /ros2_ws/install/rplidar_ros/share/rplidar_ros/cmake/rplidar_rosConfig-version.cmake
[42.455s] -- Symlinking: /ros2_ws/install/rplidar_ros/share/rplidar_ros/package.xml
[42.532s] Invoked command in '/ros2_ws/build/rplidar_ros' returned '0': /usr/local/bin/cmake --install /ros2_ws/build/rplidar_ros
