[0.101s] Invoking command in '/ros2_ws/build/slam_toolbox': AMENT_PREFIX_PATH=/ros2_ws/install/visualization_msgs:/ros2_ws/install/sensor_msgs:/ros2_ws/install/nav_msgs:/ros2_ws/install/geometry_msgs:/ros2_ws/install/std_srvs:/ros2_ws/install/std_msgs:${AMENT_PREFIX_PATH} CMAKE_PREFIX_PATH=/ros2_ws/install/visualization_msgs:/ros2_ws/install/sensor_msgs:/ros2_ws/install/nav_msgs:/ros2_ws/install/geometry_msgs:/ros2_ws/install/std_srvs:/ros2_ws/install/std_msgs:/opt/ros/humble LD_LIBRARY_PATH=/ros2_ws/install/visualization_msgs/lib:/ros2_ws/install/sensor_msgs/lib:/ros2_ws/install/nav_msgs/lib:/ros2_ws/install/geometry_msgs/lib:/ros2_ws/install/std_srvs/lib:/ros2_ws/install/std_msgs/lib:${LD_LIBRARY_PATH} PYTHONPATH=/ros2_ws/install/visualization_msgs/local/lib/python3.10/dist-packages:/ros2_ws/install/sensor_msgs/local/lib/python3.10/dist-packages:/ros2_ws/install/nav_msgs/local/lib/python3.10/dist-packages:/ros2_ws/install/geometry_msgs/local/lib/python3.10/dist-packages:/ros2_ws/install/std_srvs/local/lib/python3.10/dist-packages:/ros2_ws/install/std_msgs/local/lib/python3.10/dist-packages:${PYTHONPATH} /usr/bin/cmake /ros2_ws/src/slam_toolbox -DCMAKE_INSTALL_PREFIX=/ros2_ws/install/slam_toolbox
[0.177s] -- Found ament_cmake: 1.3.14 (/opt/ros/humble/share/ament_cmake/cmake)
[1.306s] -- Found message_filters: 4.3.16 (/opt/ros/humble/share/message_filters/cmake)
[1.544s] -- Found rosidl_generator_c: 3.1.8 (/opt/ros/humble/share/rosidl_generator_c/cmake)
[1.562s] -- Found rosidl_adapter: 3.1.8 (/opt/ros/humble/share/rosidl_adapter/cmake)
[1.606s] -- Found rosidl_generator_cpp: 3.1.8 (/opt/ros/humble/share/rosidl_generator_cpp/cmake)
[1.667s] -- Using all available rosidl_typesupport_c: rosidl_typesupport_fastrtps_c;rosidl_typesupport_introspection_c
[1.748s] -- Using all available rosidl_typesupport_cpp: rosidl_typesupport_fastrtps_cpp;rosidl_typesupport_introspection_cpp
[1.972s] -- Found rmw_implementation_cmake: 6.1.2 (/opt/ros/humble/share/rmw_implementation_cmake/cmake)
[1.985s] -- Found rmw_fastrtps_cpp: 6.2.10 (/opt/ros/humble/share/rmw_fastrtps_cpp/cmake)
[2.573s] -- Using RMW implementation 'rmw_fastrtps_cpp' as default
[2.883s] -- Found nav_msgs: 2.0.5 (/ros2_ws/install/nav_msgs/share/nav_msgs/cmake)
[3.054s] -- Found sensor_msgs: 2.0.5 (/ros2_ws/install/sensor_msgs/share/sensor_msgs/cmake)
[3.148s] -- Found tf2: 0.25.20 (/opt/ros/humble/share/tf2/cmake)
[3.176s] -- Found tf2_ros: 0.25.20 (/opt/ros/humble/share/tf2_ros/cmake)
[3.680s] -- Found visualization_msgs: 2.0.5 (/ros2_ws/install/visualization_msgs/share/visualization_msgs/cmake)
[3.772s] -- Found pluginlib: 5.1.4 (/opt/ros/humble/share/pluginlib/cmake)
[3.858s] -- Found tf2_geometry_msgs: 0.25.20 (/opt/ros/humble/share/tf2_geometry_msgs/cmake)
[3.931s] -- Found eigen3_cmake_module: 0.1.1 (/opt/ros/humble/share/eigen3_cmake_module/cmake)
[3.963s] -- Ensuring Eigen3 include directory is part of orocos-kdl CMake target
[3.991s] -- Found tf2_sensor_msgs: 0.25.20 (/opt/ros/humble/share/tf2_sensor_msgs/cmake)
[4.007s] -- Found std_srvs: 2.0.5 (/ros2_ws/install/std_srvs/share/std_srvs/cmake)
[4.058s] -- Found rosidl_default_generators: 1.2.1 (/opt/ros/humble/share/rosidl_default_generators/cmake)
[4.115s] -- Found nav2_map_server: 1.1.20 (/opt/ros/humble/share/nav2_map_server/cmake)
[4.632s] -- Found rviz_common: 11.2.26 (/opt/ros/humble/share/rviz_common/cmake)
[4.736s] -- Setting assimp_DIR to: '/opt/ros/humble/share/rviz_assimp_vendor/cmake/../../../opt/rviz_assimp_vendor/lib/cmake/assimp-4.1'
[4.763s] -- Setting OGRE_DIR to: '/opt/ros/humble/share/rviz_ogre_vendor/cmake/../../../opt/rviz_ogre_vendor/lib/OGRE/cmake'
[4.773s] -- Found OGRE
[4.774s] --   static     : OFF
[4.775s] --   components : HLMS;MeshLodGenerator;Overlay;Paging;Property;RTShaderSystem;Terrain;Volume
[4.776s] --   plugins    : Plugin_BSPSceneManager;Plugin_OctreeSceneManager;Plugin_PCZSceneManager;Plugin_ParticleFX;RenderSystem_GL;RenderSystem_GL3Plus;Codec_STBI
[4.777s] --   media      : /opt/ros/humble/opt/rviz_ogre_vendor/share/OGRE/Media
[4.778s] -- OGRE_LIBRARIES: OgreHLMS;OgreMeshLodGenerator;OgreOverlay;OgrePaging;OgreProperty;OgreRTShaderSystem;OgreTerrain;OgreVolume;OgreMain
[4.778s] -- OGRE_LIBRARY_DIRS: /opt/ros/humble/opt/rviz_ogre_vendor/lib
[4.779s] -- OGRE_PLUGINS: Plugin_BSPSceneManager;Plugin_OctreeSceneManager;Plugin_PCZSceneManager;Plugin_ParticleFX;RenderSystem_GL;RenderSystem_GL3Plus;Codec_STBI
[4.780s] -- OGRE_PLUGIN_DIR: /opt/ros/humble/opt/rviz_ogre_vendor/lib/OGRE
[4.782s] -- rviz_ogre_vendor::OgreOverlay for IMPORTED_LOCATION_RELEASE: /opt/ros/humble/opt/rviz_ogre_vendor/lib/libOgreOverlay.so
[4.783s] -- rviz_ogre_vendor::OgreOverlay for IMPORTED_LOCATION_DEBUG: /opt/ros/humble/opt/rviz_ogre_vendor/lib/libOgreOverlay.so
[4.784s] -- rviz_ogre_vendor::OgreMain for IMPORTED_LOCATION_RELEASE: /opt/ros/humble/opt/rviz_ogre_vendor/lib/libOgreMain.so
[4.785s] -- rviz_ogre_vendor::OgreMain for IMPORTED_LOCATION_DEBUG: /opt/ros/humble/opt/rviz_ogre_vendor/lib/libOgreMain.so
[4.789s] -- Could not find freeimage library
[5.090s] -- library: /usr/lib/aarch64-linux-gnu/libcurl.so
[5.175s] -- Found rviz_default_plugins: 11.2.26 (/opt/ros/humble/share/rviz_default_plugins/cmake)
[5.509s] [31mCMake Error at CMake/FindTBB.cmake:400 (file):
[5.510s]   file STRINGS file "/usr/include/tbb/tbb_stddef.h" cannot be read.
[5.510s] Call Stack (most recent call first):
[5.511s]   lib/karto_sdk/CMakeLists.txt:15 (find_package)
[5.512s] 
[5.512s] [0m
[6.073s] [33mCMake Warning (dev) at /usr/share/cmake-3.22/Modules/FindPackageHandleStandardArgs.cmake:438 (message):
[6.074s]   The package name passed to `find_package_handle_standard_args` (CSPARSE)
[6.074s]   does not match the name of the calling package (CSparse).  This can lead to
[6.075s]   problems in calling code that expects `find_package` result variables
[6.076s]   (e.g., `_FOUND`) to follow a certain pattern.
[6.077s] Call Stack (most recent call first):
[6.077s]   CMake/FindCSparse.cmake:24 (find_package_handle_standard_args)
[6.078s]   CMakeLists.txt:77 (find_package)
[6.079s] This warning is for project developers.  Use -Wno-dev to suppress it.
[6.080s] [0m
[6.082s] -- Found CSPARSE: /usr/include/suitesparse  
[6.226s] [33mCMake Warning (dev) at /usr/share/cmake-3.22/Modules/FindPackageHandleStandardArgs.cmake:438 (message):
[6.226s]   The package name passed to `find_package_handle_standard_args` (CHOLMOD)
[6.227s]   does not match the name of the calling package (Cholmod).  This can lead to
[6.227s]   problems in calling code that expects `find_package` result variables
[6.228s]   (e.g., `_FOUND`) to follow a certain pattern.
[6.228s] Call Stack (most recent call first):
[6.228s]   CMake/FindCholmod.cmake:86 (find_package_handle_standard_args)
[6.229s]   CMakeLists.txt:79 (find_package)
[6.229s] This warning is for project developers.  Use -Wno-dev to suppress it.
[6.230s] [0m
[6.230s] -- Found CHOLMOD: /usr/include/suitesparse  
[6.405s] -- Looking for sgemm_
[6.707s] -- Looking for sgemm_ - found
[6.709s] -- Found BLAS: /usr/lib/aarch64-linux-gnu/libblas.so  
[6.717s] -- Looking for cheev_
[7.002s] -- Looking for cheev_ - not found
[7.050s] -- Looking for cheev_
[7.280s] -- Looking for cheev_ - not found
[7.283s] -- Looking for cheev_
[7.615s] -- Looking for cheev_ - found
[7.616s] -- Found LAPACK: /usr/lib/aarch64-linux-gnu/liblapack.so;/usr/lib/aarch64-linux-gnu/libblas.so  
[7.681s] [31mCMake Error at CMakeLists.txt:81 (find_package):
[7.681s]   By not providing "FindCeres.cmake" in CMAKE_MODULE_PATH this project has
[7.682s]   asked CMake to find a package configuration file provided by "Ceres", but
[7.682s]   CMake did not find one.
[7.683s] 
[7.683s]   Could not find a package configuration file provided by "Ceres" with any of
[7.684s]   the following names:
[7.684s] 
[7.684s]     CeresConfig.cmake
[7.685s]     ceres-config.cmake
[7.685s] 
[7.685s]   Add the installation prefix of "Ceres" to CMAKE_PREFIX_PATH or set
[7.686s]   "Ceres_DIR" to a directory containing one of the above files.  If "Ceres"
[7.686s]   provides a separate development package or SDK, be sure it has been
[7.687s]   installed.
[7.687s] 
[7.688s] [0m
[7.688s] -- Configuring incomplete, errors occurred!
[7.688s] See also "/ros2_ws/build/slam_toolbox/CMakeFiles/CMakeOutput.log".
[7.689s] See also "/ros2_ws/build/slam_toolbox/CMakeFiles/CMakeError.log".
[7.740s] Invoked command in '/ros2_ws/build/slam_toolbox' returned '1': AMENT_PREFIX_PATH=/ros2_ws/install/visualization_msgs:/ros2_ws/install/sensor_msgs:/ros2_ws/install/nav_msgs:/ros2_ws/install/geometry_msgs:/ros2_ws/install/std_srvs:/ros2_ws/install/std_msgs:${AMENT_PREFIX_PATH} CMAKE_PREFIX_PATH=/ros2_ws/install/visualization_msgs:/ros2_ws/install/sensor_msgs:/ros2_ws/install/nav_msgs:/ros2_ws/install/geometry_msgs:/ros2_ws/install/std_srvs:/ros2_ws/install/std_msgs:/opt/ros/humble LD_LIBRARY_PATH=/ros2_ws/install/visualization_msgs/lib:/ros2_ws/install/sensor_msgs/lib:/ros2_ws/install/nav_msgs/lib:/ros2_ws/install/geometry_msgs/lib:/ros2_ws/install/std_srvs/lib:/ros2_ws/install/std_msgs/lib:${LD_LIBRARY_PATH} PYTHONPATH=/ros2_ws/install/visualization_msgs/local/lib/python3.10/dist-packages:/ros2_ws/install/sensor_msgs/local/lib/python3.10/dist-packages:/ros2_ws/install/nav_msgs/local/lib/python3.10/dist-packages:/ros2_ws/install/geometry_msgs/local/lib/python3.10/dist-packages:/ros2_ws/install/std_srvs/local/lib/python3.10/dist-packages:/ros2_ws/install/std_msgs/local/lib/python3.10/dist-packages:${PYTHONPATH} /usr/bin/cmake /ros2_ws/src/slam_toolbox -DCMAKE_INSTALL_PREFIX=/ros2_ws/install/slam_toolbox
