[0.058s] Invoking command in '/ros2_ws/build/std_srvs': CMAKE_PREFIX_PATH=/opt/ros/humble /usr/bin/cmake /ros2_ws/src/common_interfaces/std_srvs -DCMAKE_INSTALL_PREFIX=/ros2_ws/install/std_srvs
[1.052s] -- The C compiler identification is GNU 11.4.0
[1.565s] -- The CXX compiler identification is GNU 11.4.0
[1.604s] -- Detecting C compiler ABI info
[1.871s] -- Detecting C compiler ABI info - done
[1.906s] -- Check for working C compiler: /usr/bin/cc - skipped
[1.908s] -- Detecting C compile features
[1.910s] -- Detecting C compile features - done
[1.925s] -- Detecting CXX compiler ABI info
[2.246s] -- Detecting CXX compiler ABI info - done
[2.283s] -- Check for working CXX compiler: /usr/bin/c++ - skipped
[2.284s] -- Detecting CXX compile features
[2.287s] -- Detecting CXX compile features - done
[2.304s] -- Found ament_cmake: 1.3.14 (/opt/ros/humble/share/ament_cmake/cmake)
[2.935s] -- Found Python3: /usr/bin/python3 (found version "3.10.12") found components: Interpreter 
[3.469s] -- Found rosidl_default_generators: 1.2.1 (/opt/ros/humble/share/rosidl_default_generators/cmake)
[3.486s] -- Using all available rosidl_typesupport_c: rosidl_typesupport_fastrtps_c;rosidl_typesupport_introspection_c
[3.527s] -- Found rosidl_adapter: 3.1.8 (/opt/ros/humble/share/rosidl_adapter/cmake)
[3.753s] -- Using all available rosidl_typesupport_cpp: rosidl_typesupport_fastrtps_cpp;rosidl_typesupport_introspection_cpp
[5.326s] -- Found ament_cmake_cppcheck: 0.12.15 (/opt/ros/humble/share/ament_cmake_cppcheck/cmake)
[5.338s] -- Found ament_cmake_cpplint: 0.12.15 (/opt/ros/humble/share/ament_cmake_cpplint/cmake)
[5.350s] -- Found ament_cmake_uncrustify: 0.12.15 (/opt/ros/humble/share/ament_cmake_uncrustify/cmake)
[5.363s] -- Found ament_cmake_ros: 0.10.0 (/opt/ros/humble/share/ament_cmake_ros/cmake)
[6.128s] -- Using all available rosidl_typesupport_c: rosidl_typesupport_fastrtps_c;rosidl_typesupport_introspection_c
[7.110s] -- Using all available rosidl_typesupport_cpp: rosidl_typesupport_fastrtps_cpp;rosidl_typesupport_introspection_cpp
[7.192s] -- Found PythonInterp: /usr/bin/python3 (found suitable version "3.10.12", minimum required is "3.6") 
[7.202s] -- Found python_cmake_module: 0.10.0 (/opt/ros/humble/share/python_cmake_module/cmake)
[7.293s] -- Found PythonLibs: /usr/lib/aarch64-linux-gnu/libpython3.10.so (found suitable version "3.10.12", minimum required is "3.5") 
[7.294s] -- Using PYTHON_EXECUTABLE: /usr/bin/python3
[7.294s] -- Using PYTHON_INCLUDE_DIRS: /usr/include/python3.10
[7.295s] -- Using PYTHON_LIBRARIES: /usr/lib/aarch64-linux-gnu/libpython3.10.so
[7.378s] -- Found PythonExtra: .so  
[7.506s] -- Found ament_cmake_flake8: 0.12.15 (/opt/ros/humble/share/ament_cmake_flake8/cmake)
[7.519s] -- Found ament_cmake_pep257: 0.12.15 (/opt/ros/humble/share/ament_cmake_pep257/cmake)
[7.796s] -- Configuring done
[7.954s] -- Generating done
[8.003s] -- Build files have been written to: /ros2_ws/build/std_srvs
[8.035s] Invoked command in '/ros2_ws/build/std_srvs' returned '0': CMAKE_PREFIX_PATH=/opt/ros/humble /usr/bin/cmake /ros2_ws/src/common_interfaces/std_srvs -DCMAKE_INSTALL_PREFIX=/ros2_ws/install/std_srvs
[8.036s] Invoking command in '/ros2_ws/build/std_srvs': CMAKE_PREFIX_PATH=/opt/ros/humble /usr/bin/cmake --build /ros2_ws/build/std_srvs -- -j4 -l4
[8.250s] [  2%] [34m[1mGenerating C code for ROS interfaces[0m
[8.305s] [  4%] [34m[1mGenerating Rust code for ROS interfaces[0m
[8.326s] [  6%] [34m[1mGenerating C++ code for ROS interfaces[0m
[8.337s] [  6%] Built target ament_cmake_python_copy_std_srvs
[10.098s] running egg_info
[10.098s] creating std_srvs.egg-info
[10.099s] writing std_srvs.egg-info/PKG-INFO
[10.099s] writing dependency_links to std_srvs.egg-info/dependency_links.txt
[10.100s] writing top-level names to std_srvs.egg-info/top_level.txt
[10.106s] writing manifest file 'std_srvs.egg-info/SOURCES.txt'
[10.133s] reading manifest file 'std_srvs.egg-info/SOURCES.txt'
[10.158s] writing manifest file 'std_srvs.egg-info/SOURCES.txt'
[10.546s] [  6%] Built target ament_cmake_python_build_std_srvs_egg
[11.407s] [  6%] Built target std_srvs__rs
[14.358s] [  6%] Built target std_srvs__cpp
[14.483s] [  8%] [34m[1mGenerating C++ type support dispatch for ROS interfaces[0m
[14.499s] [ 10%] [34m[1mGenerating C++ type support for eProsima Fast-RTPS[0m
[14.520s] [ 12%] [34m[1mGenerating C++ introspection for ROS interfaces[0m
[16.111s] [ 14%] [32mBuilding C object CMakeFiles/std_srvs__rosidl_generator_c.dir/rosidl_generator_c/std_srvs/srv/detail/empty__functions.c.o[0m
[17.159s] [ 16%] [32mBuilding C object CMakeFiles/std_srvs__rosidl_generator_c.dir/rosidl_generator_c/std_srvs/srv/detail/set_bool__functions.c.o[0m
[18.104s] [ 18%] [32mBuilding C object CMakeFiles/std_srvs__rosidl_generator_c.dir/rosidl_generator_c/std_srvs/srv/detail/trigger__functions.c.o[0m
[19.095s] [ 20%] [32m[1mLinking C shared library libstd_srvs__rosidl_generator_c.so[0m
[19.609s] [ 20%] Built target std_srvs__rosidl_generator_c
[20.795s] [ 22%] [32mBuilding CXX object CMakeFiles/std_srvs__rosidl_typesupport_cpp.dir/rosidl_typesupport_cpp/std_srvs/srv/empty__type_support.cpp.o[0m
[21.816s] [ 25%] [32mBuilding CXX object CMakeFiles/std_srvs__rosidl_typesupport_introspection_cpp.dir/rosidl_typesupport_introspection_cpp/std_srvs/srv/detail/empty__type_support.cpp.o[0m
[22.311s] [ 27%] [32mBuilding CXX object CMakeFiles/std_srvs__rosidl_typesupport_fastrtps_cpp.dir/rosidl_typesupport_fastrtps_cpp/std_srvs/srv/detail/dds_fastrtps/empty__type_support.cpp.o[0m
[23.662s] [ 29%] [32mBuilding CXX object CMakeFiles/std_srvs__rosidl_typesupport_cpp.dir/rosidl_typesupport_cpp/std_srvs/srv/set_bool__type_support.cpp.o[0m
[25.889s] [ 31%] [32mBuilding CXX object CMakeFiles/std_srvs__rosidl_typesupport_introspection_cpp.dir/rosidl_typesupport_introspection_cpp/std_srvs/srv/detail/set_bool__type_support.cpp.o[0m
[26.439s] [ 33%] [32mBuilding CXX object CMakeFiles/std_srvs__rosidl_typesupport_fastrtps_cpp.dir/rosidl_typesupport_fastrtps_cpp/std_srvs/srv/detail/dds_fastrtps/set_bool__type_support.cpp.o[0m
[26.593s] [ 35%] [32mBuilding CXX object CMakeFiles/std_srvs__rosidl_typesupport_cpp.dir/rosidl_typesupport_cpp/std_srvs/srv/trigger__type_support.cpp.o[0m
[29.172s] [ 37%] [32m[1mLinking CXX shared library libstd_srvs__rosidl_typesupport_cpp.so[0m
[29.558s] [ 37%] Built target std_srvs__rosidl_typesupport_cpp
[29.739s] [ 39%] [32mBuilding CXX object CMakeFiles/std_srvs__rosidl_typesupport_introspection_cpp.dir/rosidl_typesupport_introspection_cpp/std_srvs/srv/detail/trigger__type_support.cpp.o[0m
[29.792s] [ 41%] [32mBuilding CXX object CMakeFiles/std_srvs__rosidl_typesupport_fastrtps_cpp.dir/rosidl_typesupport_fastrtps_cpp/std_srvs/srv/detail/dds_fastrtps/trigger__type_support.cpp.o[0m
[32.554s] [ 43%] [32m[1mLinking CXX shared library libstd_srvs__rosidl_typesupport_fastrtps_cpp.so[0m
[33.168s] [ 43%] Built target std_srvs__rosidl_typesupport_fastrtps_cpp
[33.239s] [ 45%] [32m[1mLinking CXX shared library libstd_srvs__rosidl_typesupport_introspection_cpp.so[0m
[33.766s] [ 45%] Built target std_srvs__rosidl_typesupport_introspection_cpp
[33.863s] [ 47%] [34m[1mGenerating C type support for eProsima Fast-RTPS[0m
[37.381s] [ 50%] [32mBuilding CXX object CMakeFiles/std_srvs__rosidl_typesupport_fastrtps_c.dir/rosidl_typesupport_fastrtps_c/std_srvs/srv/detail/empty__type_support_c.cpp.o[0m
[39.159s] [ 52%] [32mBuilding CXX object CMakeFiles/std_srvs__rosidl_typesupport_fastrtps_c.dir/rosidl_typesupport_fastrtps_c/std_srvs/srv/detail/set_bool__type_support_c.cpp.o[0m
[40.919s] [ 54%] [32mBuilding CXX object CMakeFiles/std_srvs__rosidl_typesupport_fastrtps_c.dir/rosidl_typesupport_fastrtps_c/std_srvs/srv/detail/trigger__type_support_c.cpp.o[0m
[42.644s] [ 56%] [32m[1mLinking CXX shared library libstd_srvs__rosidl_typesupport_fastrtps_c.so[0m
[42.934s] [ 56%] Built target std_srvs__rosidl_typesupport_fastrtps_c
[42.965s] [ 58%] [34m[1mGenerating C type support dispatch for ROS interfaces[0m
[44.922s] [ 60%] [32mBuilding CXX object CMakeFiles/std_srvs__rosidl_typesupport_c.dir/rosidl_typesupport_c/std_srvs/srv/empty__type_support.cpp.o[0m
[45.044s] [ 62%] [32mBuilding CXX object CMakeFiles/std_srvs__rosidl_typesupport_c.dir/rosidl_typesupport_c/std_srvs/srv/trigger__type_support.cpp.o[0m
[45.180s] [ 64%] [32mBuilding CXX object CMakeFiles/std_srvs__rosidl_typesupport_c.dir/rosidl_typesupport_c/std_srvs/srv/set_bool__type_support.cpp.o[0m
[45.298s] [ 66%] [32m[1mLinking CXX shared library libstd_srvs__rosidl_typesupport_c.so[0m
[45.462s] [ 66%] Built target std_srvs__rosidl_typesupport_c
[45.493s] [ 68%] [34m[1mGenerating C introspection for ROS interfaces[0m
[47.886s] [ 70%] [32mBuilding C object CMakeFiles/std_srvs__rosidl_typesupport_introspection_c.dir/rosidl_typesupport_introspection_c/std_srvs/srv/detail/empty__type_support.c.o[0m
[48.026s] [ 72%] [32mBuilding C object CMakeFiles/std_srvs__rosidl_typesupport_introspection_c.dir/rosidl_typesupport_introspection_c/std_srvs/srv/detail/trigger__type_support.c.o[0m
[48.180s] [ 75%] [32mBuilding C object CMakeFiles/std_srvs__rosidl_typesupport_introspection_c.dir/rosidl_typesupport_introspection_c/std_srvs/srv/detail/set_bool__type_support.c.o[0m
[48.345s] [ 77%] [32m[1mLinking C shared library libstd_srvs__rosidl_typesupport_introspection_c.so[0m
[48.473s] [ 77%] Built target std_srvs__rosidl_typesupport_introspection_c
[48.541s] [ 77%] Built target std_srvs
[48.607s] [ 79%] [34m[1mGenerating Python code for ROS interfaces[0m
[52.828s] [ 79%] Built target std_srvs__py
[52.891s] [ 81%] [32mBuilding C object CMakeFiles/std_srvs__rosidl_generator_py.dir/rosidl_generator_py/std_srvs/srv/_empty_s.c.o[0m
[53.440s] [ 83%] [32mBuilding C object CMakeFiles/std_srvs__rosidl_generator_py.dir/rosidl_generator_py/std_srvs/srv/_trigger_s.c.o[0m
[53.917s] [ 85%] [32mBuilding C object CMakeFiles/std_srvs__rosidl_generator_py.dir/rosidl_generator_py/std_srvs/srv/_set_bool_s.c.o[0m
[54.402s] [ 87%] [32m[1mLinking C shared library rosidl_generator_py/std_srvs/libstd_srvs__rosidl_generator_py.so[0m
[54.550s] [ 87%] Built target std_srvs__rosidl_generator_py
[54.623s] [ 89%] [32mBuilding C object CMakeFiles/std_srvs__rosidl_typesupport_fastrtps_c__pyext.dir/rosidl_generator_py/std_srvs/_std_srvs_s.ep.rosidl_typesupport_fastrtps_c.c.o[0m
[55.141s] [ 91%] [32m[1mLinking C shared library rosidl_generator_py/std_srvs/std_srvs_s__rosidl_typesupport_fastrtps_c.cpython-310-aarch64-linux-gnu.so[0m
[55.258s] [ 91%] Built target std_srvs__rosidl_typesupport_fastrtps_c__pyext
[55.319s] [ 93%] [32mBuilding C object CMakeFiles/std_srvs__rosidl_typesupport_c__pyext.dir/rosidl_generator_py/std_srvs/_std_srvs_s.ep.rosidl_typesupport_c.c.o[0m
[55.803s] [ 95%] [32m[1mLinking C shared library rosidl_generator_py/std_srvs/std_srvs_s__rosidl_typesupport_c.cpython-310-aarch64-linux-gnu.so[0m
[55.916s] [ 95%] Built target std_srvs__rosidl_typesupport_c__pyext
[55.981s] [ 97%] [32mBuilding C object CMakeFiles/std_srvs__rosidl_typesupport_introspection_c__pyext.dir/rosidl_generator_py/std_srvs/_std_srvs_s.ep.rosidl_typesupport_introspection_c.c.o[0m
[56.482s] [100%] [32m[1mLinking C shared library rosidl_generator_py/std_srvs/std_srvs_s__rosidl_typesupport_introspection_c.cpython-310-aarch64-linux-gnu.so[0m
[56.598s] [100%] Built target std_srvs__rosidl_typesupport_introspection_c__pyext
[56.638s] Invoked command in '/ros2_ws/build/std_srvs' returned '0': CMAKE_PREFIX_PATH=/opt/ros/humble /usr/bin/cmake --build /ros2_ws/build/std_srvs -- -j4 -l4
[56.639s] Invoking command in '/ros2_ws/build/std_srvs': CMAKE_PREFIX_PATH=/opt/ros/humble /usr/bin/cmake --install /ros2_ws/build/std_srvs
[56.673s] -- Install configuration: ""
[56.675s] -- Installing: /ros2_ws/install/std_srvs/share/ament_index/resource_index/rosidl_interfaces/std_srvs
[56.677s] -- Installing: /ros2_ws/install/std_srvs/include/std_srvs/std_srvs
[56.678s] -- Installing: /ros2_ws/install/std_srvs/include/std_srvs/std_srvs/srv
[56.679s] -- Installing: /ros2_ws/install/std_srvs/include/std_srvs/std_srvs/srv/trigger.h
[56.680s] -- Installing: /ros2_ws/install/std_srvs/include/std_srvs/std_srvs/srv/set_bool.h
[56.681s] -- Installing: /ros2_ws/install/std_srvs/include/std_srvs/std_srvs/srv/empty.h
[56.683s] -- Installing: /ros2_ws/install/std_srvs/include/std_srvs/std_srvs/srv/detail
[56.684s] -- Installing: /ros2_ws/install/std_srvs/include/std_srvs/std_srvs/srv/detail/empty__functions.h
[56.685s] -- Installing: /ros2_ws/install/std_srvs/include/std_srvs/std_srvs/srv/detail/empty__struct.h
[56.686s] -- Installing: /ros2_ws/install/std_srvs/include/std_srvs/std_srvs/srv/detail/trigger__functions.c
[56.688s] -- Installing: /ros2_ws/install/std_srvs/include/std_srvs/std_srvs/srv/detail/set_bool__type_support.h
[56.689s] -- Installing: /ros2_ws/install/std_srvs/include/std_srvs/std_srvs/srv/detail/set_bool__struct.h
[56.690s] -- Installing: /ros2_ws/install/std_srvs/include/std_srvs/std_srvs/srv/detail/trigger__functions.h
[56.691s] -- Installing: /ros2_ws/install/std_srvs/include/std_srvs/std_srvs/srv/detail/set_bool__functions.h
[56.693s] -- Installing: /ros2_ws/install/std_srvs/include/std_srvs/std_srvs/srv/detail/set_bool__functions.c
[56.694s] -- Installing: /ros2_ws/install/std_srvs/include/std_srvs/std_srvs/srv/detail/trigger__type_support.h
[56.695s] -- Installing: /ros2_ws/install/std_srvs/include/std_srvs/std_srvs/srv/detail/empty__functions.c
[56.697s] -- Installing: /ros2_ws/install/std_srvs/include/std_srvs/std_srvs/srv/detail/empty__type_support.h
[56.698s] -- Installing: /ros2_ws/install/std_srvs/include/std_srvs/std_srvs/srv/detail/trigger__struct.h
[56.699s] -- Installing: /ros2_ws/install/std_srvs/include/std_srvs/std_srvs/msg
[56.700s] -- Installing: /ros2_ws/install/std_srvs/include/std_srvs/std_srvs/msg/rosidl_generator_c__visibility_control.h
[56.702s] -- Installing: /ros2_ws/install/std_srvs/share/std_srvs/environment/library_path.sh
[56.703s] -- Installing: /ros2_ws/install/std_srvs/share/std_srvs/environment/library_path.dsv
[56.705s] -- Installing: /ros2_ws/install/std_srvs/lib/libstd_srvs__rosidl_generator_c.so
[56.707s] -- Set runtime path of "/ros2_ws/install/std_srvs/lib/libstd_srvs__rosidl_generator_c.so" to ""
[56.708s] -- Up-to-date: /ros2_ws/install/std_srvs/include/std_srvs/std_srvs
[56.709s] -- Up-to-date: /ros2_ws/install/std_srvs/include/std_srvs/std_srvs/srv
[56.710s] -- Up-to-date: /ros2_ws/install/std_srvs/include/std_srvs/std_srvs/srv/detail
[56.711s] -- Installing: /ros2_ws/install/std_srvs/include/std_srvs/std_srvs/srv/detail/set_bool__rosidl_typesupport_fastrtps_c.h
[56.712s] -- Installing: /ros2_ws/install/std_srvs/include/std_srvs/std_srvs/srv/detail/trigger__rosidl_typesupport_fastrtps_c.h
[56.714s] -- Installing: /ros2_ws/install/std_srvs/include/std_srvs/std_srvs/srv/detail/empty__rosidl_typesupport_fastrtps_c.h
[56.715s] -- Up-to-date: /ros2_ws/install/std_srvs/include/std_srvs/std_srvs/msg
[56.716s] -- Installing: /ros2_ws/install/std_srvs/include/std_srvs/std_srvs/msg/rosidl_typesupport_fastrtps_c__visibility_control.h
[56.718s] -- Installing: /ros2_ws/install/std_srvs/lib/libstd_srvs__rosidl_typesupport_fastrtps_c.so
[56.720s] -- Set runtime path of "/ros2_ws/install/std_srvs/lib/libstd_srvs__rosidl_typesupport_fastrtps_c.so" to ""
[56.721s] -- Up-to-date: /ros2_ws/install/std_srvs/include/std_srvs/std_srvs
[56.722s] -- Up-to-date: /ros2_ws/install/std_srvs/include/std_srvs/std_srvs/srv
[56.723s] -- Up-to-date: /ros2_ws/install/std_srvs/include/std_srvs/std_srvs/srv/detail
[56.724s] -- Installing: /ros2_ws/install/std_srvs/include/std_srvs/std_srvs/srv/detail/trigger__type_support.c
[56.726s] -- Installing: /ros2_ws/install/std_srvs/include/std_srvs/std_srvs/srv/detail/set_bool__type_support.c
[56.727s] -- Installing: /ros2_ws/install/std_srvs/include/std_srvs/std_srvs/srv/detail/empty__rosidl_typesupport_introspection_c.h
[56.728s] -- Installing: /ros2_ws/install/std_srvs/include/std_srvs/std_srvs/srv/detail/set_bool__rosidl_typesupport_introspection_c.h
[56.730s] -- Installing: /ros2_ws/install/std_srvs/include/std_srvs/std_srvs/srv/detail/trigger__rosidl_typesupport_introspection_c.h
[56.731s] -- Installing: /ros2_ws/install/std_srvs/include/std_srvs/std_srvs/srv/detail/empty__type_support.c
[56.732s] -- Up-to-date: /ros2_ws/install/std_srvs/include/std_srvs/std_srvs/msg
[56.733s] -- Installing: /ros2_ws/install/std_srvs/include/std_srvs/std_srvs/msg/rosidl_typesupport_introspection_c__visibility_control.h
[56.735s] -- Installing: /ros2_ws/install/std_srvs/lib/libstd_srvs__rosidl_typesupport_introspection_c.so
[56.737s] -- Set runtime path of "/ros2_ws/install/std_srvs/lib/libstd_srvs__rosidl_typesupport_introspection_c.so" to ""
[56.738s] -- Installing: /ros2_ws/install/std_srvs/lib/libstd_srvs__rosidl_typesupport_c.so
[56.741s] -- Set runtime path of "/ros2_ws/install/std_srvs/lib/libstd_srvs__rosidl_typesupport_c.so" to ""
[56.742s] -- Up-to-date: /ros2_ws/install/std_srvs/include/std_srvs/std_srvs
[56.743s] -- Up-to-date: /ros2_ws/install/std_srvs/include/std_srvs/std_srvs/srv
[56.744s] -- Installing: /ros2_ws/install/std_srvs/include/std_srvs/std_srvs/srv/trigger.hpp
[56.746s] -- Installing: /ros2_ws/install/std_srvs/include/std_srvs/std_srvs/srv/empty.hpp
[56.747s] -- Up-to-date: /ros2_ws/install/std_srvs/include/std_srvs/std_srvs/srv/detail
[56.748s] -- Installing: /ros2_ws/install/std_srvs/include/std_srvs/std_srvs/srv/detail/empty__type_support.hpp
[56.750s] -- Installing: /ros2_ws/install/std_srvs/include/std_srvs/std_srvs/srv/detail/empty__struct.hpp
[56.751s] -- Installing: /ros2_ws/install/std_srvs/include/std_srvs/std_srvs/srv/detail/set_bool__type_support.hpp
[56.753s] -- Installing: /ros2_ws/install/std_srvs/include/std_srvs/std_srvs/srv/detail/set_bool__builder.hpp
[56.754s] -- Installing: /ros2_ws/install/std_srvs/include/std_srvs/std_srvs/srv/detail/set_bool__traits.hpp
[56.755s] -- Installing: /ros2_ws/install/std_srvs/include/std_srvs/std_srvs/srv/detail/trigger__struct.hpp
[56.756s] -- Installing: /ros2_ws/install/std_srvs/include/std_srvs/std_srvs/srv/detail/empty__traits.hpp
[56.758s] -- Installing: /ros2_ws/install/std_srvs/include/std_srvs/std_srvs/srv/detail/trigger__builder.hpp
[56.759s] -- Installing: /ros2_ws/install/std_srvs/include/std_srvs/std_srvs/srv/detail/trigger__type_support.hpp
[56.760s] -- Installing: /ros2_ws/install/std_srvs/include/std_srvs/std_srvs/srv/detail/set_bool__struct.hpp
[56.762s] -- Installing: /ros2_ws/install/std_srvs/include/std_srvs/std_srvs/srv/detail/trigger__traits.hpp
[56.763s] -- Installing: /ros2_ws/install/std_srvs/include/std_srvs/std_srvs/srv/detail/empty__builder.hpp
[56.765s] -- Installing: /ros2_ws/install/std_srvs/include/std_srvs/std_srvs/srv/set_bool.hpp
[56.766s] -- Up-to-date: /ros2_ws/install/std_srvs/include/std_srvs/std_srvs/msg
[56.770s] -- Installing: /ros2_ws/install/std_srvs/include/std_srvs/std_srvs/msg/rosidl_generator_cpp__visibility_control.hpp
[56.772s] -- Up-to-date: /ros2_ws/install/std_srvs/include/std_srvs/std_srvs
[56.775s] -- Up-to-date: /ros2_ws/install/std_srvs/include/std_srvs/std_srvs/srv
[56.776s] -- Up-to-date: /ros2_ws/install/std_srvs/include/std_srvs/std_srvs/srv/detail
[56.777s] -- Installing: /ros2_ws/install/std_srvs/include/std_srvs/std_srvs/srv/detail/trigger__rosidl_typesupport_fastrtps_cpp.hpp
[56.779s] -- Installing: /ros2_ws/install/std_srvs/include/std_srvs/std_srvs/srv/detail/empty__rosidl_typesupport_fastrtps_cpp.hpp
[56.780s] -- Installing: /ros2_ws/install/std_srvs/include/std_srvs/std_srvs/srv/detail/set_bool__rosidl_typesupport_fastrtps_cpp.hpp
[56.782s] -- Installing: /ros2_ws/install/std_srvs/include/std_srvs/std_srvs/srv/detail/dds_fastrtps
[56.783s] -- Up-to-date: /ros2_ws/install/std_srvs/include/std_srvs/std_srvs/msg
[56.784s] -- Installing: /ros2_ws/install/std_srvs/include/std_srvs/std_srvs/msg/rosidl_typesupport_fastrtps_cpp__visibility_control.h
[56.786s] -- Installing: /ros2_ws/install/std_srvs/lib/libstd_srvs__rosidl_typesupport_fastrtps_cpp.so
[56.789s] -- Set runtime path of "/ros2_ws/install/std_srvs/lib/libstd_srvs__rosidl_typesupport_fastrtps_cpp.so" to ""
[56.790s] -- Up-to-date: /ros2_ws/install/std_srvs/include/std_srvs/std_srvs
[56.791s] -- Up-to-date: /ros2_ws/install/std_srvs/include/std_srvs/std_srvs/srv
[56.792s] -- Up-to-date: /ros2_ws/install/std_srvs/include/std_srvs/std_srvs/srv/detail
[56.793s] -- Installing: /ros2_ws/install/std_srvs/include/std_srvs/std_srvs/srv/detail/trigger__rosidl_typesupport_introspection_cpp.hpp
[56.794s] -- Installing: /ros2_ws/install/std_srvs/include/std_srvs/std_srvs/srv/detail/trigger__type_support.cpp
[56.795s] -- Installing: /ros2_ws/install/std_srvs/include/std_srvs/std_srvs/srv/detail/set_bool__rosidl_typesupport_introspection_cpp.hpp
[56.797s] -- Installing: /ros2_ws/install/std_srvs/include/std_srvs/std_srvs/srv/detail/set_bool__type_support.cpp
[56.799s] -- Installing: /ros2_ws/install/std_srvs/include/std_srvs/std_srvs/srv/detail/empty__type_support.cpp
[56.800s] -- Installing: /ros2_ws/install/std_srvs/include/std_srvs/std_srvs/srv/detail/empty__rosidl_typesupport_introspection_cpp.hpp
[56.802s] -- Installing: /ros2_ws/install/std_srvs/lib/libstd_srvs__rosidl_typesupport_introspection_cpp.so
[56.804s] -- Set runtime path of "/ros2_ws/install/std_srvs/lib/libstd_srvs__rosidl_typesupport_introspection_cpp.so" to ""
[56.805s] -- Installing: /ros2_ws/install/std_srvs/lib/libstd_srvs__rosidl_typesupport_cpp.so
[56.806s] -- Set runtime path of "/ros2_ws/install/std_srvs/lib/libstd_srvs__rosidl_typesupport_cpp.so" to ""
[56.807s] -- Installing: /ros2_ws/install/std_srvs/share/std_srvs/environment/pythonpath.sh
[56.807s] -- Installing: /ros2_ws/install/std_srvs/share/std_srvs/environment/pythonpath.dsv
[56.808s] -- Installing: /ros2_ws/install/std_srvs/local/lib/python3.10/dist-packages/std_srvs-2.0.5-py3.10.egg-info
[56.808s] -- Installing: /ros2_ws/install/std_srvs/local/lib/python3.10/dist-packages/std_srvs-2.0.5-py3.10.egg-info/SOURCES.txt
[56.809s] -- Installing: /ros2_ws/install/std_srvs/local/lib/python3.10/dist-packages/std_srvs-2.0.5-py3.10.egg-info/dependency_links.txt
[56.809s] -- Installing: /ros2_ws/install/std_srvs/local/lib/python3.10/dist-packages/std_srvs-2.0.5-py3.10.egg-info/top_level.txt
[56.810s] -- Installing: /ros2_ws/install/std_srvs/local/lib/python3.10/dist-packages/std_srvs-2.0.5-py3.10.egg-info/PKG-INFO
[56.811s] -- Installing: /ros2_ws/install/std_srvs/local/lib/python3.10/dist-packages/std_srvs
[56.811s] -- Installing: /ros2_ws/install/std_srvs/local/lib/python3.10/dist-packages/std_srvs/srv
[56.812s] -- Installing: /ros2_ws/install/std_srvs/local/lib/python3.10/dist-packages/std_srvs/srv/_trigger_s.c
[56.812s] -- Installing: /ros2_ws/install/std_srvs/local/lib/python3.10/dist-packages/std_srvs/srv/_empty_s.c
[56.813s] -- Installing: /ros2_ws/install/std_srvs/local/lib/python3.10/dist-packages/std_srvs/srv/__init__.py
[56.814s] -- Installing: /ros2_ws/install/std_srvs/local/lib/python3.10/dist-packages/std_srvs/srv/_set_bool_s.c
[56.820s] -- Installing: /ros2_ws/install/std_srvs/local/lib/python3.10/dist-packages/std_srvs/srv/_trigger.py
[56.820s] -- Installing: /ros2_ws/install/std_srvs/local/lib/python3.10/dist-packages/std_srvs/srv/_set_bool.py
[56.821s] -- Installing: /ros2_ws/install/std_srvs/local/lib/python3.10/dist-packages/std_srvs/srv/_empty.py
[56.822s] -- Installing: /ros2_ws/install/std_srvs/local/lib/python3.10/dist-packages/std_srvs/std_srvs_s__rosidl_typesupport_c.cpython-310-aarch64-linux-gnu.so
[56.822s] -- Installing: /ros2_ws/install/std_srvs/local/lib/python3.10/dist-packages/std_srvs/__init__.py
[56.822s] -- Installing: /ros2_ws/install/std_srvs/local/lib/python3.10/dist-packages/std_srvs/_std_srvs_s.ep.rosidl_typesupport_c.c
[56.823s] -- Installing: /ros2_ws/install/std_srvs/local/lib/python3.10/dist-packages/std_srvs/std_srvs_s__rosidl_typesupport_fastrtps_c.cpython-310-aarch64-linux-gnu.so
[56.823s] -- Installing: /ros2_ws/install/std_srvs/local/lib/python3.10/dist-packages/std_srvs/_std_srvs_s.ep.rosidl_typesupport_fastrtps_c.c
[56.824s] -- Installing: /ros2_ws/install/std_srvs/local/lib/python3.10/dist-packages/std_srvs/_std_srvs_s.ep.rosidl_typesupport_introspection_c.c
[56.824s] -- Installing: /ros2_ws/install/std_srvs/local/lib/python3.10/dist-packages/std_srvs/std_srvs_s__rosidl_typesupport_introspection_c.cpython-310-aarch64-linux-gnu.so
[56.825s] -- Installing: /ros2_ws/install/std_srvs/local/lib/python3.10/dist-packages/std_srvs/libstd_srvs__rosidl_generator_py.so
[56.992s] Listing '/ros2_ws/install/std_srvs/local/lib/python3.10/dist-packages/std_srvs'...
[56.993s] Compiling '/ros2_ws/install/std_srvs/local/lib/python3.10/dist-packages/std_srvs/__init__.py'...
[56.993s] Listing '/ros2_ws/install/std_srvs/local/lib/python3.10/dist-packages/std_srvs/srv'...
[56.994s] Compiling '/ros2_ws/install/std_srvs/local/lib/python3.10/dist-packages/std_srvs/srv/__init__.py'...
[56.994s] Compiling '/ros2_ws/install/std_srvs/local/lib/python3.10/dist-packages/std_srvs/srv/_empty.py'...
[56.995s] Compiling '/ros2_ws/install/std_srvs/local/lib/python3.10/dist-packages/std_srvs/srv/_set_bool.py'...
[56.995s] Compiling '/ros2_ws/install/std_srvs/local/lib/python3.10/dist-packages/std_srvs/srv/_trigger.py'...
[57.021s] -- Installing: /ros2_ws/install/std_srvs/local/lib/python3.10/dist-packages/std_srvs/std_srvs_s__rosidl_typesupport_fastrtps_c.cpython-310-aarch64-linux-gnu.so
[57.023s] -- Set runtime path of "/ros2_ws/install/std_srvs/local/lib/python3.10/dist-packages/std_srvs/std_srvs_s__rosidl_typesupport_fastrtps_c.cpython-310-aarch64-linux-gnu.so" to ""
[57.024s] -- Installing: /ros2_ws/install/std_srvs/local/lib/python3.10/dist-packages/std_srvs/std_srvs_s__rosidl_typesupport_introspection_c.cpython-310-aarch64-linux-gnu.so
[57.026s] -- Set runtime path of "/ros2_ws/install/std_srvs/local/lib/python3.10/dist-packages/std_srvs/std_srvs_s__rosidl_typesupport_introspection_c.cpython-310-aarch64-linux-gnu.so" to ""
[57.027s] -- Installing: /ros2_ws/install/std_srvs/local/lib/python3.10/dist-packages/std_srvs/std_srvs_s__rosidl_typesupport_c.cpython-310-aarch64-linux-gnu.so
[57.030s] -- Set runtime path of "/ros2_ws/install/std_srvs/local/lib/python3.10/dist-packages/std_srvs/std_srvs_s__rosidl_typesupport_c.cpython-310-aarch64-linux-gnu.so" to ""
[57.031s] -- Installing: /ros2_ws/install/std_srvs/lib/libstd_srvs__rosidl_generator_py.so
[57.033s] -- Set runtime path of "/ros2_ws/install/std_srvs/lib/libstd_srvs__rosidl_generator_py.so" to ""
[57.034s] -- Installing: /ros2_ws/install/std_srvs/share/ament_index/resource_index/rust_packages/std_srvs
[57.035s] -- Installing: /ros2_ws/install/std_srvs/share/std_srvs/rust
[57.036s] -- Installing: /ros2_ws/install/std_srvs/share/std_srvs/rust/src
[57.037s] -- Installing: /ros2_ws/install/std_srvs/share/std_srvs/rust/src/srv
[57.038s] -- Installing: /ros2_ws/install/std_srvs/share/std_srvs/rust/src/srv/rmw.rs
[57.040s] -- Installing: /ros2_ws/install/std_srvs/share/std_srvs/rust/src/srv.rs
[57.041s] -- Installing: /ros2_ws/install/std_srvs/share/std_srvs/rust/src/lib.rs
[57.042s] -- Installing: /ros2_ws/install/std_srvs/share/std_srvs/rust/Cargo.toml
[57.043s] -- Installing: /ros2_ws/install/std_srvs/share/std_srvs/rust/build.rs
[57.045s] -- Installing: /ros2_ws/install/std_srvs/share/std_srvs/srv/Empty.idl
[57.046s] -- Installing: /ros2_ws/install/std_srvs/share/std_srvs/srv/SetBool.idl
[57.047s] -- Installing: /ros2_ws/install/std_srvs/share/std_srvs/srv/Trigger.idl
[57.049s] -- Installing: /ros2_ws/install/std_srvs/share/std_srvs/srv/Empty.srv
[57.050s] -- Installing: /ros2_ws/install/std_srvs/share/std_srvs/srv/Empty_Request.msg
[57.052s] -- Installing: /ros2_ws/install/std_srvs/share/std_srvs/srv/Empty_Response.msg
[57.053s] -- Installing: /ros2_ws/install/std_srvs/share/std_srvs/srv/SetBool.srv
[57.054s] -- Installing: /ros2_ws/install/std_srvs/share/std_srvs/srv/SetBool_Request.msg
[57.056s] -- Installing: /ros2_ws/install/std_srvs/share/std_srvs/srv/SetBool_Response.msg
[57.057s] -- Installing: /ros2_ws/install/std_srvs/share/std_srvs/srv/Trigger.srv
[57.058s] -- Installing: /ros2_ws/install/std_srvs/share/std_srvs/srv/Trigger_Request.msg
[57.060s] -- Installing: /ros2_ws/install/std_srvs/share/std_srvs/srv/Trigger_Response.msg
[57.061s] -- Installing: /ros2_ws/install/std_srvs/share/ament_index/resource_index/package_run_dependencies/std_srvs
[57.063s] -- Installing: /ros2_ws/install/std_srvs/share/ament_index/resource_index/parent_prefix_path/std_srvs
[57.064s] -- Installing: /ros2_ws/install/std_srvs/share/std_srvs/environment/ament_prefix_path.sh
[57.066s] -- Installing: /ros2_ws/install/std_srvs/share/std_srvs/environment/ament_prefix_path.dsv
[57.067s] -- Installing: /ros2_ws/install/std_srvs/share/std_srvs/environment/path.sh
[57.070s] -- Installing: /ros2_ws/install/std_srvs/share/std_srvs/environment/path.dsv
[57.072s] -- Installing: /ros2_ws/install/std_srvs/share/std_srvs/local_setup.bash
[57.073s] -- Installing: /ros2_ws/install/std_srvs/share/std_srvs/local_setup.sh
[57.075s] -- Installing: /ros2_ws/install/std_srvs/share/std_srvs/local_setup.zsh
[57.076s] -- Installing: /ros2_ws/install/std_srvs/share/std_srvs/local_setup.dsv
[57.078s] -- Installing: /ros2_ws/install/std_srvs/share/std_srvs/package.dsv
[57.079s] -- Installing: /ros2_ws/install/std_srvs/share/ament_index/resource_index/packages/std_srvs
[57.081s] -- Installing: /ros2_ws/install/std_srvs/share/std_srvs/cmake/export_std_srvs__rosidl_generator_cExport.cmake
[57.082s] -- Installing: /ros2_ws/install/std_srvs/share/std_srvs/cmake/export_std_srvs__rosidl_generator_cExport-noconfig.cmake
[57.084s] -- Installing: /ros2_ws/install/std_srvs/share/std_srvs/cmake/export_std_srvs__rosidl_typesupport_fastrtps_cExport.cmake
[57.086s] -- Installing: /ros2_ws/install/std_srvs/share/std_srvs/cmake/export_std_srvs__rosidl_typesupport_fastrtps_cExport-noconfig.cmake
[57.087s] -- Installing: /ros2_ws/install/std_srvs/share/std_srvs/cmake/std_srvs__rosidl_typesupport_introspection_cExport.cmake
[57.089s] -- Installing: /ros2_ws/install/std_srvs/share/std_srvs/cmake/std_srvs__rosidl_typesupport_introspection_cExport-noconfig.cmake
[57.090s] -- Installing: /ros2_ws/install/std_srvs/share/std_srvs/cmake/std_srvs__rosidl_typesupport_cExport.cmake
[57.091s] -- Installing: /ros2_ws/install/std_srvs/share/std_srvs/cmake/std_srvs__rosidl_typesupport_cExport-noconfig.cmake
[57.093s] -- Installing: /ros2_ws/install/std_srvs/share/std_srvs/cmake/export_std_srvs__rosidl_generator_cppExport.cmake
[57.095s] -- Installing: /ros2_ws/install/std_srvs/share/std_srvs/cmake/export_std_srvs__rosidl_typesupport_fastrtps_cppExport.cmake
[57.096s] -- Installing: /ros2_ws/install/std_srvs/share/std_srvs/cmake/export_std_srvs__rosidl_typesupport_fastrtps_cppExport-noconfig.cmake
[57.098s] -- Installing: /ros2_ws/install/std_srvs/share/std_srvs/cmake/std_srvs__rosidl_typesupport_introspection_cppExport.cmake
[57.099s] -- Installing: /ros2_ws/install/std_srvs/share/std_srvs/cmake/std_srvs__rosidl_typesupport_introspection_cppExport-noconfig.cmake
[57.101s] -- Installing: /ros2_ws/install/std_srvs/share/std_srvs/cmake/std_srvs__rosidl_typesupport_cppExport.cmake
[57.102s] -- Installing: /ros2_ws/install/std_srvs/share/std_srvs/cmake/std_srvs__rosidl_typesupport_cppExport-noconfig.cmake
[57.104s] -- Installing: /ros2_ws/install/std_srvs/share/std_srvs/cmake/export_std_srvs__rosidl_generator_pyExport.cmake
[57.105s] -- Installing: /ros2_ws/install/std_srvs/share/std_srvs/cmake/export_std_srvs__rosidl_generator_pyExport-noconfig.cmake
[57.107s] -- Installing: /ros2_ws/install/std_srvs/share/std_srvs/cmake/rosidl_cmake-extras.cmake
[57.109s] -- Installing: /ros2_ws/install/std_srvs/share/std_srvs/cmake/ament_cmake_export_include_directories-extras.cmake
[57.110s] -- Installing: /ros2_ws/install/std_srvs/share/std_srvs/cmake/ament_cmake_export_libraries-extras.cmake
[57.112s] -- Installing: /ros2_ws/install/std_srvs/share/std_srvs/cmake/ament_cmake_export_targets-extras.cmake
[57.113s] -- Installing: /ros2_ws/install/std_srvs/share/std_srvs/cmake/rosidl_cmake_export_typesupport_targets-extras.cmake
[57.115s] -- Installing: /ros2_ws/install/std_srvs/share/std_srvs/cmake/ament_cmake_export_dependencies-extras.cmake
[57.116s] -- Installing: /ros2_ws/install/std_srvs/share/std_srvs/cmake/rosidl_cmake_export_typesupport_libraries-extras.cmake
[57.118s] -- Installing: /ros2_ws/install/std_srvs/share/std_srvs/cmake/std_srvsConfig.cmake
[57.119s] -- Installing: /ros2_ws/install/std_srvs/share/std_srvs/cmake/std_srvsConfig-version.cmake
[57.121s] -- Installing: /ros2_ws/install/std_srvs/share/std_srvs/package.xml
[57.134s] Invoked command in '/ros2_ws/build/std_srvs' returned '0': CMAKE_PREFIX_PATH=/opt/ros/humble /usr/bin/cmake --install /ros2_ws/build/std_srvs
