[0.005s] Invoking command in '/ros2_ws/build/geometry_msgs': AMENT_PREFIX_PATH=/ros2_ws/install/std_msgs:${AMENT_PREFIX_PATH} CMAKE_PREFIX_PATH=/ros2_ws/install/std_msgs:/opt/ros/humble LD_LIBRARY_PATH=/ros2_ws/install/std_msgs/lib:${LD_LIBRARY_PATH} PYTHONPATH=/ros2_ws/install/std_msgs/local/lib/python3.10/dist-packages:${PYTHONPATH} /usr/bin/cmake --build /ros2_ws/build/geometry_msgs -- -j4 -l4
[0.335s] [  1%] Built target geometry_msgs__rs
[0.367s] [  1%] Built target geometry_msgs__cpp
[0.371s] [35m[1mConsolidate compiler generated dependencies of target geometry_msgs__rosidl_generator_c[0m
[0.490s] [  1%] Built target ament_cmake_python_copy_geometry_msgs
[0.568s] [ 13%] Built target geometry_msgs__rosidl_generator_c
[0.602s] [35m[1mConsolidate compiler generated dependencies of target geometry_msgs__rosidl_typesupport_fastrtps_cpp[0m
[0.630s] [35m[1mConsolidate compiler generated dependencies of target geometry_msgs__rosidl_typesupport_introspection_cpp[0m
[0.648s] [35m[1mConsolidate compiler generated dependencies of target geometry_msgs__rosidl_typesupport_cpp[0m
[0.886s] [ 25%] Built target geometry_msgs__rosidl_typesupport_fastrtps_cpp
[0.924s] [ 37%] Built target geometry_msgs__rosidl_typesupport_introspection_cpp
[0.940s] [ 49%] Built target geometry_msgs__rosidl_typesupport_cpp
[1.046s] [35m[1mConsolidate compiler generated dependencies of target geometry_msgs__rosidl_typesupport_fastrtps_c[0m
[1.047s] [35m[1mConsolidate compiler generated dependencies of target geometry_msgs__rosidl_typesupport_c[0m
[1.110s] [35m[1mConsolidate compiler generated dependencies of target geometry_msgs__rosidl_typesupport_introspection_c[0m
[1.142s] [ 61%] Built target geometry_msgs__rosidl_typesupport_c
[1.222s] [ 73%] Built target geometry_msgs__rosidl_typesupport_introspection_c
[1.259s] [ 85%] Built target geometry_msgs__rosidl_typesupport_fastrtps_c
[1.341s] [ 85%] Built target geometry_msgs
[1.473s] [ 85%] Built target geometry_msgs__py
[1.557s] [35m[1mConsolidate compiler generated dependencies of target geometry_msgs__rosidl_generator_py[0m
[1.713s] [ 97%] Built target geometry_msgs__rosidl_generator_py
[1.743s] [35m[1mConsolidate compiler generated dependencies of target geometry_msgs__rosidl_typesupport_fastrtps_c__pyext[0m
[1.770s] [35m[1mConsolidate compiler generated dependencies of target geometry_msgs__rosidl_typesupport_introspection_c__pyext[0m
[1.794s] [35m[1mConsolidate compiler generated dependencies of target geometry_msgs__rosidl_typesupport_c__pyext[0m
[1.804s] [ 98%] Built target geometry_msgs__rosidl_typesupport_fastrtps_c__pyext
[1.831s] [ 99%] Built target geometry_msgs__rosidl_typesupport_introspection_c__pyext
[1.845s] [100%] Built target geometry_msgs__rosidl_typesupport_c__pyext
[1.945s] running egg_info
[1.948s] writing geometry_msgs.egg-info/PKG-INFO
[1.949s] writing dependency_links to geometry_msgs.egg-info/dependency_links.txt
[1.950s] writing top-level names to geometry_msgs.egg-info/top_level.txt
[1.962s] reading manifest file 'geometry_msgs.egg-info/SOURCES.txt'
[1.967s] writing manifest file 'geometry_msgs.egg-info/SOURCES.txt'
[2.086s] [100%] Built target ament_cmake_python_build_geometry_msgs_egg
[2.176s] Invoked command in '/ros2_ws/build/geometry_msgs' returned '0': AMENT_PREFIX_PATH=/ros2_ws/install/std_msgs:${AMENT_PREFIX_PATH} CMAKE_PREFIX_PATH=/ros2_ws/install/std_msgs:/opt/ros/humble LD_LIBRARY_PATH=/ros2_ws/install/std_msgs/lib:${LD_LIBRARY_PATH} PYTHONPATH=/ros2_ws/install/std_msgs/local/lib/python3.10/dist-packages:${PYTHONPATH} /usr/bin/cmake --build /ros2_ws/build/geometry_msgs -- -j4 -l4
[2.182s] Invoking command in '/ros2_ws/build/geometry_msgs': AMENT_PREFIX_PATH=/ros2_ws/install/std_msgs:${AMENT_PREFIX_PATH} CMAKE_PREFIX_PATH=/ros2_ws/install/std_msgs:/opt/ros/humble LD_LIBRARY_PATH=/ros2_ws/install/std_msgs/lib:${LD_LIBRARY_PATH} PYTHONPATH=/ros2_ws/install/std_msgs/local/lib/python3.10/dist-packages:${PYTHONPATH} /usr/bin/cmake --install /ros2_ws/build/geometry_msgs
[2.208s] -- Install configuration: ""
[2.209s] -- Up-to-date: /ros2_ws/install/geometry_msgs/share/ament_index/resource_index/rosidl_interfaces/geometry_msgs
[2.210s] -- Up-to-date: /ros2_ws/install/geometry_msgs/include/geometry_msgs/geometry_msgs
[2.211s] -- Up-to-date: /ros2_ws/install/geometry_msgs/include/geometry_msgs/geometry_msgs/msg
[2.211s] -- Up-to-date: /ros2_ws/install/geometry_msgs/include/geometry_msgs/geometry_msgs/msg/polygon.h
[2.212s] -- Up-to-date: /ros2_ws/install/geometry_msgs/include/geometry_msgs/geometry_msgs/msg/twist.h
[2.212s] -- Up-to-date: /ros2_ws/install/geometry_msgs/include/geometry_msgs/geometry_msgs/msg/accel_with_covariance.h
[2.213s] -- Up-to-date: /ros2_ws/install/geometry_msgs/include/geometry_msgs/geometry_msgs/msg/quaternion.h
[2.213s] -- Up-to-date: /ros2_ws/install/geometry_msgs/include/geometry_msgs/geometry_msgs/msg/point.h
[2.214s] -- Up-to-date: /ros2_ws/install/geometry_msgs/include/geometry_msgs/geometry_msgs/msg/point_stamped.h
[2.214s] -- Up-to-date: /ros2_ws/install/geometry_msgs/include/geometry_msgs/geometry_msgs/msg/vector3_stamped.h
[2.215s] -- Up-to-date: /ros2_ws/install/geometry_msgs/include/geometry_msgs/geometry_msgs/msg/twist_stamped.h
[2.215s] -- Up-to-date: /ros2_ws/install/geometry_msgs/include/geometry_msgs/geometry_msgs/msg/transform.h
[2.215s] -- Up-to-date: /ros2_ws/install/geometry_msgs/include/geometry_msgs/geometry_msgs/msg/polygon_stamped.h
[2.216s] -- Up-to-date: /ros2_ws/install/geometry_msgs/include/geometry_msgs/geometry_msgs/msg/twist_with_covariance.h
[2.216s] -- Up-to-date: /ros2_ws/install/geometry_msgs/include/geometry_msgs/geometry_msgs/msg/vector3.h
[2.217s] -- Up-to-date: /ros2_ws/install/geometry_msgs/include/geometry_msgs/geometry_msgs/msg/transform_stamped.h
[2.217s] -- Up-to-date: /ros2_ws/install/geometry_msgs/include/geometry_msgs/geometry_msgs/msg/accel_with_covariance_stamped.h
[2.218s] -- Up-to-date: /ros2_ws/install/geometry_msgs/include/geometry_msgs/geometry_msgs/msg/pose2_d.h
[2.218s] -- Up-to-date: /ros2_ws/install/geometry_msgs/include/geometry_msgs/geometry_msgs/msg/point32.h
[2.218s] -- Up-to-date: /ros2_ws/install/geometry_msgs/include/geometry_msgs/geometry_msgs/msg/quaternion_stamped.h
[2.219s] -- Up-to-date: /ros2_ws/install/geometry_msgs/include/geometry_msgs/geometry_msgs/msg/pose.h
[2.219s] -- Up-to-date: /ros2_ws/install/geometry_msgs/include/geometry_msgs/geometry_msgs/msg/pose_array.h
[2.220s] -- Up-to-date: /ros2_ws/install/geometry_msgs/include/geometry_msgs/geometry_msgs/msg/accel_stamped.h
[2.220s] -- Up-to-date: /ros2_ws/install/geometry_msgs/include/geometry_msgs/geometry_msgs/msg/twist_with_covariance_stamped.h
[2.221s] -- Up-to-date: /ros2_ws/install/geometry_msgs/include/geometry_msgs/geometry_msgs/msg/pose_with_covariance_stamped.h
[2.221s] -- Up-to-date: /ros2_ws/install/geometry_msgs/include/geometry_msgs/geometry_msgs/msg/wrench_stamped.h
[2.222s] -- Up-to-date: /ros2_ws/install/geometry_msgs/include/geometry_msgs/geometry_msgs/msg/inertia_stamped.h
[2.222s] -- Up-to-date: /ros2_ws/install/geometry_msgs/include/geometry_msgs/geometry_msgs/msg/wrench.h
[2.222s] -- Up-to-date: /ros2_ws/install/geometry_msgs/include/geometry_msgs/geometry_msgs/msg/detail
[2.223s] -- Up-to-date: /ros2_ws/install/geometry_msgs/include/geometry_msgs/geometry_msgs/msg/detail/pose_with_covariance__functions.c
[2.223s] -- Up-to-date: /ros2_ws/install/geometry_msgs/include/geometry_msgs/geometry_msgs/msg/detail/transform_stamped__struct.h
[2.224s] -- Up-to-date: /ros2_ws/install/geometry_msgs/include/geometry_msgs/geometry_msgs/msg/detail/vector3__functions.c
[2.224s] -- Up-to-date: /ros2_ws/install/geometry_msgs/include/geometry_msgs/geometry_msgs/msg/detail/point_stamped__type_support.h
[2.224s] -- Up-to-date: /ros2_ws/install/geometry_msgs/include/geometry_msgs/geometry_msgs/msg/detail/pose_with_covariance__type_support.h
[2.225s] -- Up-to-date: /ros2_ws/install/geometry_msgs/include/geometry_msgs/geometry_msgs/msg/detail/point32__functions.h
[2.225s] -- Up-to-date: /ros2_ws/install/geometry_msgs/include/geometry_msgs/geometry_msgs/msg/detail/pose_array__type_support.h
[2.226s] -- Up-to-date: /ros2_ws/install/geometry_msgs/include/geometry_msgs/geometry_msgs/msg/detail/twist__functions.c
[2.226s] -- Up-to-date: /ros2_ws/install/geometry_msgs/include/geometry_msgs/geometry_msgs/msg/detail/twist_with_covariance__functions.c
[2.227s] -- Up-to-date: /ros2_ws/install/geometry_msgs/include/geometry_msgs/geometry_msgs/msg/detail/wrench__type_support.h
[2.227s] -- Up-to-date: /ros2_ws/install/geometry_msgs/include/geometry_msgs/geometry_msgs/msg/detail/point32__struct.h
[2.227s] -- Up-to-date: /ros2_ws/install/geometry_msgs/include/geometry_msgs/geometry_msgs/msg/detail/pose_stamped__struct.h
[2.228s] -- Up-to-date: /ros2_ws/install/geometry_msgs/include/geometry_msgs/geometry_msgs/msg/detail/polygon__functions.h
[2.228s] -- Up-to-date: /ros2_ws/install/geometry_msgs/include/geometry_msgs/geometry_msgs/msg/detail/vector3_stamped__struct.h
[2.229s] -- Up-to-date: /ros2_ws/install/geometry_msgs/include/geometry_msgs/geometry_msgs/msg/detail/wrench__functions.c
[2.229s] -- Up-to-date: /ros2_ws/install/geometry_msgs/include/geometry_msgs/geometry_msgs/msg/detail/transform__type_support.h
[2.230s] -- Up-to-date: /ros2_ws/install/geometry_msgs/include/geometry_msgs/geometry_msgs/msg/detail/accel_stamped__struct.h
[2.230s] -- Up-to-date: /ros2_ws/install/geometry_msgs/include/geometry_msgs/geometry_msgs/msg/detail/twist__type_support.h
[2.231s] -- Up-to-date: /ros2_ws/install/geometry_msgs/include/geometry_msgs/geometry_msgs/msg/detail/pose__type_support.h
[2.231s] -- Up-to-date: /ros2_ws/install/geometry_msgs/include/geometry_msgs/geometry_msgs/msg/detail/accel_with_covariance_stamped__type_support.h
[2.231s] -- Up-to-date: /ros2_ws/install/geometry_msgs/include/geometry_msgs/geometry_msgs/msg/detail/quaternion__struct.h
[2.232s] -- Up-to-date: /ros2_ws/install/geometry_msgs/include/geometry_msgs/geometry_msgs/msg/detail/accel_with_covariance__type_support.h
[2.232s] -- Up-to-date: /ros2_ws/install/geometry_msgs/include/geometry_msgs/geometry_msgs/msg/detail/pose_stamped__type_support.h
[2.233s] -- Up-to-date: /ros2_ws/install/geometry_msgs/include/geometry_msgs/geometry_msgs/msg/detail/polygon_stamped__type_support.h
[2.233s] -- Up-to-date: /ros2_ws/install/geometry_msgs/include/geometry_msgs/geometry_msgs/msg/detail/twist_with_covariance_stamped__struct.h
[2.233s] -- Up-to-date: /ros2_ws/install/geometry_msgs/include/geometry_msgs/geometry_msgs/msg/detail/accel__functions.c
[2.234s] -- Up-to-date: /ros2_ws/install/geometry_msgs/include/geometry_msgs/geometry_msgs/msg/detail/inertia__functions.c
[2.234s] -- Up-to-date: /ros2_ws/install/geometry_msgs/include/geometry_msgs/geometry_msgs/msg/detail/pose_stamped__functions.c
[2.234s] -- Up-to-date: /ros2_ws/install/geometry_msgs/include/geometry_msgs/geometry_msgs/msg/detail/accel_with_covariance_stamped__functions.c
[2.235s] -- Up-to-date: /ros2_ws/install/geometry_msgs/include/geometry_msgs/geometry_msgs/msg/detail/twist_stamped__struct.h
[2.235s] -- Up-to-date: /ros2_ws/install/geometry_msgs/include/geometry_msgs/geometry_msgs/msg/detail/pose2_d__struct.h
[2.235s] -- Up-to-date: /ros2_ws/install/geometry_msgs/include/geometry_msgs/geometry_msgs/msg/detail/pose__functions.c
[2.236s] -- Up-to-date: /ros2_ws/install/geometry_msgs/include/geometry_msgs/geometry_msgs/msg/detail/twist__functions.h
[2.236s] -- Up-to-date: /ros2_ws/install/geometry_msgs/include/geometry_msgs/geometry_msgs/msg/detail/polygon__type_support.h
[2.236s] -- Up-to-date: /ros2_ws/install/geometry_msgs/include/geometry_msgs/geometry_msgs/msg/detail/accel_stamped__functions.h
[2.237s] -- Up-to-date: /ros2_ws/install/geometry_msgs/include/geometry_msgs/geometry_msgs/msg/detail/wrench_stamped__functions.c
[2.237s] -- Up-to-date: /ros2_ws/install/geometry_msgs/include/geometry_msgs/geometry_msgs/msg/detail/twist_with_covariance_stamped__functions.c
[2.238s] -- Up-to-date: /ros2_ws/install/geometry_msgs/include/geometry_msgs/geometry_msgs/msg/detail/accel_with_covariance_stamped__struct.h
[2.238s] -- Up-to-date: /ros2_ws/install/geometry_msgs/include/geometry_msgs/geometry_msgs/msg/detail/point_stamped__functions.h
[2.239s] -- Up-to-date: /ros2_ws/install/geometry_msgs/include/geometry_msgs/geometry_msgs/msg/detail/polygon__functions.c
[2.239s] -- Up-to-date: /ros2_ws/install/geometry_msgs/include/geometry_msgs/geometry_msgs/msg/detail/transform__functions.c
[2.239s] -- Up-to-date: /ros2_ws/install/geometry_msgs/include/geometry_msgs/geometry_msgs/msg/detail/polygon_stamped__functions.h
[2.240s] -- Up-to-date: /ros2_ws/install/geometry_msgs/include/geometry_msgs/geometry_msgs/msg/detail/point_stamped__functions.c
[2.240s] -- Up-to-date: /ros2_ws/install/geometry_msgs/include/geometry_msgs/geometry_msgs/msg/detail/twist_with_covariance__type_support.h
[2.241s] -- Up-to-date: /ros2_ws/install/geometry_msgs/include/geometry_msgs/geometry_msgs/msg/detail/inertia__type_support.h
[2.241s] -- Up-to-date: /ros2_ws/install/geometry_msgs/include/geometry_msgs/geometry_msgs/msg/detail/quaternion_stamped__struct.h
[2.242s] -- Up-to-date: /ros2_ws/install/geometry_msgs/include/geometry_msgs/geometry_msgs/msg/detail/inertia__functions.h
[2.242s] -- Up-to-date: /ros2_ws/install/geometry_msgs/include/geometry_msgs/geometry_msgs/msg/detail/vector3_stamped__functions.c
[2.243s] -- Up-to-date: /ros2_ws/install/geometry_msgs/include/geometry_msgs/geometry_msgs/msg/detail/quaternion__type_support.h
[2.243s] -- Up-to-date: /ros2_ws/install/geometry_msgs/include/geometry_msgs/geometry_msgs/msg/detail/accel_with_covariance__functions.h
[2.243s] -- Up-to-date: /ros2_ws/install/geometry_msgs/include/geometry_msgs/geometry_msgs/msg/detail/vector3_stamped__type_support.h
[2.244s] -- Up-to-date: /ros2_ws/install/geometry_msgs/include/geometry_msgs/geometry_msgs/msg/detail/vector3__struct.h
[2.244s] -- Up-to-date: /ros2_ws/install/geometry_msgs/include/geometry_msgs/geometry_msgs/msg/detail/wrench_stamped__functions.h
[2.244s] -- Up-to-date: /ros2_ws/install/geometry_msgs/include/geometry_msgs/geometry_msgs/msg/detail/twist_stamped__type_support.h
[2.245s] -- Up-to-date: /ros2_ws/install/geometry_msgs/include/geometry_msgs/geometry_msgs/msg/detail/pose2_d__type_support.h
[2.245s] -- Up-to-date: /ros2_ws/install/geometry_msgs/include/geometry_msgs/geometry_msgs/msg/detail/accel_stamped__type_support.h
[2.245s] -- Up-to-date: /ros2_ws/install/geometry_msgs/include/geometry_msgs/geometry_msgs/msg/detail/twist_with_covariance_stamped__type_support.h
[2.246s] -- Up-to-date: /ros2_ws/install/geometry_msgs/include/geometry_msgs/geometry_msgs/msg/detail/pose2_d__functions.c
[2.246s] -- Up-to-date: /ros2_ws/install/geometry_msgs/include/geometry_msgs/geometry_msgs/msg/detail/polygon_stamped__struct.h
[2.247s] -- Up-to-date: /ros2_ws/install/geometry_msgs/include/geometry_msgs/geometry_msgs/msg/detail/wrench_stamped__struct.h
[2.247s] -- Up-to-date: /ros2_ws/install/geometry_msgs/include/geometry_msgs/geometry_msgs/msg/detail/transform__struct.h
[2.248s] -- Up-to-date: /ros2_ws/install/geometry_msgs/include/geometry_msgs/geometry_msgs/msg/detail/point_stamped__struct.h
[2.248s] -- Up-to-date: /ros2_ws/install/geometry_msgs/include/geometry_msgs/geometry_msgs/msg/detail/twist_stamped__functions.h
[2.248s] -- Up-to-date: /ros2_ws/install/geometry_msgs/include/geometry_msgs/geometry_msgs/msg/detail/inertia_stamped__type_support.h
[2.249s] -- Up-to-date: /ros2_ws/install/geometry_msgs/include/geometry_msgs/geometry_msgs/msg/detail/accel__functions.h
[2.249s] -- Up-to-date: /ros2_ws/install/geometry_msgs/include/geometry_msgs/geometry_msgs/msg/detail/pose_with_covariance_stamped__functions.h
[2.250s] -- Up-to-date: /ros2_ws/install/geometry_msgs/include/geometry_msgs/geometry_msgs/msg/detail/accel_with_covariance__struct.h
[2.250s] -- Up-to-date: /ros2_ws/install/geometry_msgs/include/geometry_msgs/geometry_msgs/msg/detail/vector3_stamped__functions.h
[2.251s] -- Up-to-date: /ros2_ws/install/geometry_msgs/include/geometry_msgs/geometry_msgs/msg/detail/point__struct.h
[2.251s] -- Up-to-date: /ros2_ws/install/geometry_msgs/include/geometry_msgs/geometry_msgs/msg/detail/polygon_stamped__functions.c
[2.252s] -- Up-to-date: /ros2_ws/install/geometry_msgs/include/geometry_msgs/geometry_msgs/msg/detail/wrench_stamped__type_support.h
[2.252s] -- Up-to-date: /ros2_ws/install/geometry_msgs/include/geometry_msgs/geometry_msgs/msg/detail/point__functions.c
[2.252s] -- Up-to-date: /ros2_ws/install/geometry_msgs/include/geometry_msgs/geometry_msgs/msg/detail/point32__functions.c
[2.253s] -- Up-to-date: /ros2_ws/install/geometry_msgs/include/geometry_msgs/geometry_msgs/msg/detail/inertia__struct.h
[2.253s] -- Up-to-date: /ros2_ws/install/geometry_msgs/include/geometry_msgs/geometry_msgs/msg/detail/pose__struct.h
[2.254s] -- Up-to-date: /ros2_ws/install/geometry_msgs/include/geometry_msgs/geometry_msgs/msg/detail/accel_stamped__functions.c
[2.254s] -- Up-to-date: /ros2_ws/install/geometry_msgs/include/geometry_msgs/geometry_msgs/msg/detail/wrench__functions.h
[2.254s] -- Up-to-date: /ros2_ws/install/geometry_msgs/include/geometry_msgs/geometry_msgs/msg/detail/pose_array__functions.h
[2.255s] -- Up-to-date: /ros2_ws/install/geometry_msgs/include/geometry_msgs/geometry_msgs/msg/detail/twist_with_covariance_stamped__functions.h
[2.255s] -- Up-to-date: /ros2_ws/install/geometry_msgs/include/geometry_msgs/geometry_msgs/msg/detail/pose_with_covariance_stamped__type_support.h
[2.255s] -- Up-to-date: /ros2_ws/install/geometry_msgs/include/geometry_msgs/geometry_msgs/msg/detail/accel_with_covariance__functions.c
[2.256s] -- Up-to-date: /ros2_ws/install/geometry_msgs/include/geometry_msgs/geometry_msgs/msg/detail/quaternion_stamped__type_support.h
[2.256s] -- Up-to-date: /ros2_ws/install/geometry_msgs/include/geometry_msgs/geometry_msgs/msg/detail/accel_with_covariance_stamped__functions.h
[2.256s] -- Up-to-date: /ros2_ws/install/geometry_msgs/include/geometry_msgs/geometry_msgs/msg/detail/inertia_stamped__functions.c
[2.257s] -- Up-to-date: /ros2_ws/install/geometry_msgs/include/geometry_msgs/geometry_msgs/msg/detail/polygon__struct.h
[2.257s] -- Up-to-date: /ros2_ws/install/geometry_msgs/include/geometry_msgs/geometry_msgs/msg/detail/twist_with_covariance__struct.h
[2.257s] -- Up-to-date: /ros2_ws/install/geometry_msgs/include/geometry_msgs/geometry_msgs/msg/detail/vector3__type_support.h
[2.258s] -- Up-to-date: /ros2_ws/install/geometry_msgs/include/geometry_msgs/geometry_msgs/msg/detail/vector3__functions.h
[2.258s] -- Up-to-date: /ros2_ws/install/geometry_msgs/include/geometry_msgs/geometry_msgs/msg/detail/quaternion_stamped__functions.h
[2.258s] -- Up-to-date: /ros2_ws/install/geometry_msgs/include/geometry_msgs/geometry_msgs/msg/detail/pose__functions.h
[2.259s] -- Up-to-date: /ros2_ws/install/geometry_msgs/include/geometry_msgs/geometry_msgs/msg/detail/transform_stamped__type_support.h
[2.259s] -- Up-to-date: /ros2_ws/install/geometry_msgs/include/geometry_msgs/geometry_msgs/msg/detail/wrench__struct.h
[2.259s] -- Up-to-date: /ros2_ws/install/geometry_msgs/include/geometry_msgs/geometry_msgs/msg/detail/pose_array__functions.c
[2.260s] -- Up-to-date: /ros2_ws/install/geometry_msgs/include/geometry_msgs/geometry_msgs/msg/detail/pose_array__struct.h
[2.260s] -- Up-to-date: /ros2_ws/install/geometry_msgs/include/geometry_msgs/geometry_msgs/msg/detail/point32__type_support.h
[2.261s] -- Up-to-date: /ros2_ws/install/geometry_msgs/include/geometry_msgs/geometry_msgs/msg/detail/twist_stamped__functions.c
[2.261s] -- Up-to-date: /ros2_ws/install/geometry_msgs/include/geometry_msgs/geometry_msgs/msg/detail/pose2_d__functions.h
[2.262s] -- Up-to-date: /ros2_ws/install/geometry_msgs/include/geometry_msgs/geometry_msgs/msg/detail/twist__struct.h
[2.262s] -- Up-to-date: /ros2_ws/install/geometry_msgs/include/geometry_msgs/geometry_msgs/msg/detail/transform_stamped__functions.h
[2.262s] -- Up-to-date: /ros2_ws/install/geometry_msgs/include/geometry_msgs/geometry_msgs/msg/detail/pose_with_covariance_stamped__struct.h
[2.263s] -- Up-to-date: /ros2_ws/install/geometry_msgs/include/geometry_msgs/geometry_msgs/msg/detail/quaternion__functions.c
[2.263s] -- Up-to-date: /ros2_ws/install/geometry_msgs/include/geometry_msgs/geometry_msgs/msg/detail/point__functions.h
[2.264s] -- Up-to-date: /ros2_ws/install/geometry_msgs/include/geometry_msgs/geometry_msgs/msg/detail/transform_stamped__functions.c
[2.264s] -- Up-to-date: /ros2_ws/install/geometry_msgs/include/geometry_msgs/geometry_msgs/msg/detail/inertia_stamped__functions.h
[2.264s] -- Up-to-date: /ros2_ws/install/geometry_msgs/include/geometry_msgs/geometry_msgs/msg/detail/transform__functions.h
[2.265s] -- Up-to-date: /ros2_ws/install/geometry_msgs/include/geometry_msgs/geometry_msgs/msg/detail/pose_with_covariance__struct.h
[2.265s] -- Up-to-date: /ros2_ws/install/geometry_msgs/include/geometry_msgs/geometry_msgs/msg/detail/accel__struct.h
[2.266s] -- Up-to-date: /ros2_ws/install/geometry_msgs/include/geometry_msgs/geometry_msgs/msg/detail/pose_with_covariance_stamped__functions.c
[2.266s] -- Up-to-date: /ros2_ws/install/geometry_msgs/include/geometry_msgs/geometry_msgs/msg/detail/pose_stamped__functions.h
[2.267s] -- Up-to-date: /ros2_ws/install/geometry_msgs/include/geometry_msgs/geometry_msgs/msg/detail/inertia_stamped__struct.h
[2.267s] -- Up-to-date: /ros2_ws/install/geometry_msgs/include/geometry_msgs/geometry_msgs/msg/detail/pose_with_covariance__functions.h
[2.268s] -- Up-to-date: /ros2_ws/install/geometry_msgs/include/geometry_msgs/geometry_msgs/msg/detail/accel__type_support.h
[2.268s] -- Up-to-date: /ros2_ws/install/geometry_msgs/include/geometry_msgs/geometry_msgs/msg/detail/quaternion__functions.h
[2.268s] -- Up-to-date: /ros2_ws/install/geometry_msgs/include/geometry_msgs/geometry_msgs/msg/detail/quaternion_stamped__functions.c
[2.269s] -- Up-to-date: /ros2_ws/install/geometry_msgs/include/geometry_msgs/geometry_msgs/msg/detail/point__type_support.h
[2.269s] -- Up-to-date: /ros2_ws/install/geometry_msgs/include/geometry_msgs/geometry_msgs/msg/detail/twist_with_covariance__functions.h
[2.270s] -- Up-to-date: /ros2_ws/install/geometry_msgs/include/geometry_msgs/geometry_msgs/msg/pose_stamped.h
[2.270s] -- Up-to-date: /ros2_ws/install/geometry_msgs/include/geometry_msgs/geometry_msgs/msg/rosidl_generator_c__visibility_control.h
[2.271s] -- Up-to-date: /ros2_ws/install/geometry_msgs/include/geometry_msgs/geometry_msgs/msg/inertia.h
[2.271s] -- Up-to-date: /ros2_ws/install/geometry_msgs/include/geometry_msgs/geometry_msgs/msg/pose_with_covariance.h
[2.271s] -- Up-to-date: /ros2_ws/install/geometry_msgs/include/geometry_msgs/geometry_msgs/msg/accel.h
[2.272s] -- Up-to-date: /ros2_ws/install/geometry_msgs/share/geometry_msgs/environment/library_path.sh
[2.272s] -- Up-to-date: /ros2_ws/install/geometry_msgs/share/geometry_msgs/environment/library_path.dsv
[2.272s] -- Up-to-date: /ros2_ws/install/geometry_msgs/lib/libgeometry_msgs__rosidl_generator_c.so
[2.273s] -- Up-to-date: /ros2_ws/install/geometry_msgs/include/geometry_msgs/geometry_msgs
[2.273s] -- Up-to-date: /ros2_ws/install/geometry_msgs/include/geometry_msgs/geometry_msgs/msg
[2.274s] -- Up-to-date: /ros2_ws/install/geometry_msgs/include/geometry_msgs/geometry_msgs/msg/rosidl_typesupport_fastrtps_c__visibility_control.h
[2.274s] -- Up-to-date: /ros2_ws/install/geometry_msgs/include/geometry_msgs/geometry_msgs/msg/detail
[2.275s] -- Up-to-date: /ros2_ws/install/geometry_msgs/include/geometry_msgs/geometry_msgs/msg/detail/pose__rosidl_typesupport_fastrtps_c.h
[2.275s] -- Up-to-date: /ros2_ws/install/geometry_msgs/include/geometry_msgs/geometry_msgs/msg/detail/point32__rosidl_typesupport_fastrtps_c.h
[2.276s] -- Up-to-date: /ros2_ws/install/geometry_msgs/include/geometry_msgs/geometry_msgs/msg/detail/transform_stamped__rosidl_typesupport_fastrtps_c.h
[2.276s] -- Up-to-date: /ros2_ws/install/geometry_msgs/include/geometry_msgs/geometry_msgs/msg/detail/wrench__rosidl_typesupport_fastrtps_c.h
[2.277s] -- Up-to-date: /ros2_ws/install/geometry_msgs/include/geometry_msgs/geometry_msgs/msg/detail/twist_stamped__rosidl_typesupport_fastrtps_c.h
[2.277s] -- Up-to-date: /ros2_ws/install/geometry_msgs/include/geometry_msgs/geometry_msgs/msg/detail/point__rosidl_typesupport_fastrtps_c.h
[2.278s] -- Up-to-date: /ros2_ws/install/geometry_msgs/include/geometry_msgs/geometry_msgs/msg/detail/vector3_stamped__rosidl_typesupport_fastrtps_c.h
[2.278s] -- Up-to-date: /ros2_ws/install/geometry_msgs/include/geometry_msgs/geometry_msgs/msg/detail/accel__rosidl_typesupport_fastrtps_c.h
[2.279s] -- Up-to-date: /ros2_ws/install/geometry_msgs/include/geometry_msgs/geometry_msgs/msg/detail/polygon__rosidl_typesupport_fastrtps_c.h
[2.279s] -- Up-to-date: /ros2_ws/install/geometry_msgs/include/geometry_msgs/geometry_msgs/msg/detail/pose_array__rosidl_typesupport_fastrtps_c.h
[2.279s] -- Up-to-date: /ros2_ws/install/geometry_msgs/include/geometry_msgs/geometry_msgs/msg/detail/point_stamped__rosidl_typesupport_fastrtps_c.h
[2.280s] -- Up-to-date: /ros2_ws/install/geometry_msgs/include/geometry_msgs/geometry_msgs/msg/detail/vector3__rosidl_typesupport_fastrtps_c.h
[2.280s] -- Up-to-date: /ros2_ws/install/geometry_msgs/include/geometry_msgs/geometry_msgs/msg/detail/accel_stamped__rosidl_typesupport_fastrtps_c.h
[2.281s] -- Up-to-date: /ros2_ws/install/geometry_msgs/include/geometry_msgs/geometry_msgs/msg/detail/pose_with_covariance__rosidl_typesupport_fastrtps_c.h
[2.281s] -- Up-to-date: /ros2_ws/install/geometry_msgs/include/geometry_msgs/geometry_msgs/msg/detail/pose_stamped__rosidl_typesupport_fastrtps_c.h
[2.282s] -- Up-to-date: /ros2_ws/install/geometry_msgs/include/geometry_msgs/geometry_msgs/msg/detail/accel_with_covariance__rosidl_typesupport_fastrtps_c.h
[2.282s] -- Up-to-date: /ros2_ws/install/geometry_msgs/include/geometry_msgs/geometry_msgs/msg/detail/twist_with_covariance_stamped__rosidl_typesupport_fastrtps_c.h
[2.283s] -- Up-to-date: /ros2_ws/install/geometry_msgs/include/geometry_msgs/geometry_msgs/msg/detail/twist_with_covariance__rosidl_typesupport_fastrtps_c.h
[2.283s] -- Up-to-date: /ros2_ws/install/geometry_msgs/include/geometry_msgs/geometry_msgs/msg/detail/wrench_stamped__rosidl_typesupport_fastrtps_c.h
[2.283s] -- Up-to-date: /ros2_ws/install/geometry_msgs/include/geometry_msgs/geometry_msgs/msg/detail/inertia_stamped__rosidl_typesupport_fastrtps_c.h
[2.284s] -- Up-to-date: /ros2_ws/install/geometry_msgs/include/geometry_msgs/geometry_msgs/msg/detail/polygon_stamped__rosidl_typesupport_fastrtps_c.h
[2.284s] -- Up-to-date: /ros2_ws/install/geometry_msgs/include/geometry_msgs/geometry_msgs/msg/detail/accel_with_covariance_stamped__rosidl_typesupport_fastrtps_c.h
[2.284s] -- Up-to-date: /ros2_ws/install/geometry_msgs/include/geometry_msgs/geometry_msgs/msg/detail/pose_with_covariance_stamped__rosidl_typesupport_fastrtps_c.h
[2.285s] -- Up-to-date: /ros2_ws/install/geometry_msgs/include/geometry_msgs/geometry_msgs/msg/detail/quaternion_stamped__rosidl_typesupport_fastrtps_c.h
[2.285s] -- Up-to-date: /ros2_ws/install/geometry_msgs/include/geometry_msgs/geometry_msgs/msg/detail/transform__rosidl_typesupport_fastrtps_c.h
[2.285s] -- Up-to-date: /ros2_ws/install/geometry_msgs/include/geometry_msgs/geometry_msgs/msg/detail/twist__rosidl_typesupport_fastrtps_c.h
[2.286s] -- Up-to-date: /ros2_ws/install/geometry_msgs/include/geometry_msgs/geometry_msgs/msg/detail/inertia__rosidl_typesupport_fastrtps_c.h
[2.286s] -- Up-to-date: /ros2_ws/install/geometry_msgs/include/geometry_msgs/geometry_msgs/msg/detail/quaternion__rosidl_typesupport_fastrtps_c.h
[2.286s] -- Up-to-date: /ros2_ws/install/geometry_msgs/include/geometry_msgs/geometry_msgs/msg/detail/pose2_d__rosidl_typesupport_fastrtps_c.h
[2.287s] -- Up-to-date: /ros2_ws/install/geometry_msgs/lib/libgeometry_msgs__rosidl_typesupport_fastrtps_c.so
[2.287s] -- Up-to-date: /ros2_ws/install/geometry_msgs/include/geometry_msgs/geometry_msgs
[2.287s] -- Up-to-date: /ros2_ws/install/geometry_msgs/include/geometry_msgs/geometry_msgs/msg
[2.288s] -- Up-to-date: /ros2_ws/install/geometry_msgs/include/geometry_msgs/geometry_msgs/msg/detail
[2.289s] -- Up-to-date: /ros2_ws/install/geometry_msgs/include/geometry_msgs/geometry_msgs/msg/detail/transform__rosidl_typesupport_introspection_c.h
[2.289s] -- Up-to-date: /ros2_ws/install/geometry_msgs/include/geometry_msgs/geometry_msgs/msg/detail/twist__rosidl_typesupport_introspection_c.h
[2.290s] -- Up-to-date: /ros2_ws/install/geometry_msgs/include/geometry_msgs/geometry_msgs/msg/detail/pose_array__rosidl_typesupport_introspection_c.h
[2.290s] -- Up-to-date: /ros2_ws/install/geometry_msgs/include/geometry_msgs/geometry_msgs/msg/detail/vector3_stamped__type_support.c
[2.291s] -- Up-to-date: /ros2_ws/install/geometry_msgs/include/geometry_msgs/geometry_msgs/msg/detail/pose__type_support.c
[2.291s] -- Up-to-date: /ros2_ws/install/geometry_msgs/include/geometry_msgs/geometry_msgs/msg/detail/vector3_stamped__rosidl_typesupport_introspection_c.h
[2.291s] -- Up-to-date: /ros2_ws/install/geometry_msgs/include/geometry_msgs/geometry_msgs/msg/detail/twist__type_support.c
[2.292s] -- Up-to-date: /ros2_ws/install/geometry_msgs/include/geometry_msgs/geometry_msgs/msg/detail/accel__type_support.c
[2.292s] -- Up-to-date: /ros2_ws/install/geometry_msgs/include/geometry_msgs/geometry_msgs/msg/detail/quaternion__type_support.c
[2.293s] -- Up-to-date: /ros2_ws/install/geometry_msgs/include/geometry_msgs/geometry_msgs/msg/detail/twist_stamped__type_support.c
[2.293s] -- Up-to-date: /ros2_ws/install/geometry_msgs/include/geometry_msgs/geometry_msgs/msg/detail/quaternion_stamped__type_support.c
[2.294s] -- Up-to-date: /ros2_ws/install/geometry_msgs/include/geometry_msgs/geometry_msgs/msg/detail/point__rosidl_typesupport_introspection_c.h
[2.294s] -- Up-to-date: /ros2_ws/install/geometry_msgs/include/geometry_msgs/geometry_msgs/msg/detail/transform__type_support.c
[2.295s] -- Up-to-date: /ros2_ws/install/geometry_msgs/include/geometry_msgs/geometry_msgs/msg/detail/polygon_stamped__rosidl_typesupport_introspection_c.h
[2.295s] -- Up-to-date: /ros2_ws/install/geometry_msgs/include/geometry_msgs/geometry_msgs/msg/detail/accel_with_covariance__type_support.c
[2.295s] -- Up-to-date: /ros2_ws/install/geometry_msgs/include/geometry_msgs/geometry_msgs/msg/detail/pose_with_covariance_stamped__rosidl_typesupport_introspection_c.h
[2.296s] -- Up-to-date: /ros2_ws/install/geometry_msgs/include/geometry_msgs/geometry_msgs/msg/detail/quaternion__rosidl_typesupport_introspection_c.h
[2.296s] -- Up-to-date: /ros2_ws/install/geometry_msgs/include/geometry_msgs/geometry_msgs/msg/detail/accel_with_covariance_stamped__rosidl_typesupport_introspection_c.h
[2.297s] -- Up-to-date: /ros2_ws/install/geometry_msgs/include/geometry_msgs/geometry_msgs/msg/detail/polygon_stamped__type_support.c
[2.297s] -- Up-to-date: /ros2_ws/install/geometry_msgs/include/geometry_msgs/geometry_msgs/msg/detail/polygon__type_support.c
[2.298s] -- Up-to-date: /ros2_ws/install/geometry_msgs/include/geometry_msgs/geometry_msgs/msg/detail/pose_stamped__rosidl_typesupport_introspection_c.h
[2.298s] -- Up-to-date: /ros2_ws/install/geometry_msgs/include/geometry_msgs/geometry_msgs/msg/detail/wrench__rosidl_typesupport_introspection_c.h
[2.298s] -- Up-to-date: /ros2_ws/install/geometry_msgs/include/geometry_msgs/geometry_msgs/msg/detail/inertia__type_support.c
[2.299s] -- Up-to-date: /ros2_ws/install/geometry_msgs/include/geometry_msgs/geometry_msgs/msg/detail/pose__rosidl_typesupport_introspection_c.h
[2.299s] -- Up-to-date: /ros2_ws/install/geometry_msgs/include/geometry_msgs/geometry_msgs/msg/detail/pose_stamped__type_support.c
[2.300s] -- Up-to-date: /ros2_ws/install/geometry_msgs/include/geometry_msgs/geometry_msgs/msg/detail/vector3__type_support.c
[2.300s] -- Up-to-date: /ros2_ws/install/geometry_msgs/include/geometry_msgs/geometry_msgs/msg/detail/pose_with_covariance__type_support.c
[2.300s] -- Up-to-date: /ros2_ws/install/geometry_msgs/include/geometry_msgs/geometry_msgs/msg/detail/vector3__rosidl_typesupport_introspection_c.h
[2.301s] -- Up-to-date: /ros2_ws/install/geometry_msgs/include/geometry_msgs/geometry_msgs/msg/detail/accel_stamped__rosidl_typesupport_introspection_c.h
[2.301s] -- Up-to-date: /ros2_ws/install/geometry_msgs/include/geometry_msgs/geometry_msgs/msg/detail/transform_stamped__rosidl_typesupport_introspection_c.h
[2.302s] -- Up-to-date: /ros2_ws/install/geometry_msgs/include/geometry_msgs/geometry_msgs/msg/detail/twist_with_covariance__type_support.c
[2.302s] -- Up-to-date: /ros2_ws/install/geometry_msgs/include/geometry_msgs/geometry_msgs/msg/detail/transform_stamped__type_support.c
[2.302s] -- Up-to-date: /ros2_ws/install/geometry_msgs/include/geometry_msgs/geometry_msgs/msg/detail/pose2_d__rosidl_typesupport_introspection_c.h
[2.303s] -- Up-to-date: /ros2_ws/install/geometry_msgs/include/geometry_msgs/geometry_msgs/msg/detail/pose_with_covariance_stamped__type_support.c
[2.303s] -- Up-to-date: /ros2_ws/install/geometry_msgs/include/geometry_msgs/geometry_msgs/msg/detail/twist_stamped__rosidl_typesupport_introspection_c.h
[2.303s] -- Up-to-date: /ros2_ws/install/geometry_msgs/include/geometry_msgs/geometry_msgs/msg/detail/pose2_d__type_support.c
[2.304s] -- Up-to-date: /ros2_ws/install/geometry_msgs/include/geometry_msgs/geometry_msgs/msg/detail/accel_stamped__type_support.c
[2.304s] -- Up-to-date: /ros2_ws/install/geometry_msgs/include/geometry_msgs/geometry_msgs/msg/detail/polygon__rosidl_typesupport_introspection_c.h
[2.305s] -- Up-to-date: /ros2_ws/install/geometry_msgs/include/geometry_msgs/geometry_msgs/msg/detail/inertia_stamped__rosidl_typesupport_introspection_c.h
[2.305s] -- Up-to-date: /ros2_ws/install/geometry_msgs/include/geometry_msgs/geometry_msgs/msg/detail/point_stamped__rosidl_typesupport_introspection_c.h
[2.306s] -- Up-to-date: /ros2_ws/install/geometry_msgs/include/geometry_msgs/geometry_msgs/msg/detail/accel_with_covariance_stamped__type_support.c
[2.306s] -- Up-to-date: /ros2_ws/install/geometry_msgs/include/geometry_msgs/geometry_msgs/msg/detail/inertia__rosidl_typesupport_introspection_c.h
[2.306s] -- Up-to-date: /ros2_ws/install/geometry_msgs/include/geometry_msgs/geometry_msgs/msg/detail/point_stamped__type_support.c
[2.307s] -- Up-to-date: /ros2_ws/install/geometry_msgs/include/geometry_msgs/geometry_msgs/msg/detail/point32__type_support.c
[2.307s] -- Up-to-date: /ros2_ws/install/geometry_msgs/include/geometry_msgs/geometry_msgs/msg/detail/inertia_stamped__type_support.c
[2.307s] -- Up-to-date: /ros2_ws/install/geometry_msgs/include/geometry_msgs/geometry_msgs/msg/detail/wrench_stamped__rosidl_typesupport_introspection_c.h
[2.308s] -- Up-to-date: /ros2_ws/install/geometry_msgs/include/geometry_msgs/geometry_msgs/msg/detail/accel__rosidl_typesupport_introspection_c.h
[2.308s] -- Up-to-date: /ros2_ws/install/geometry_msgs/include/geometry_msgs/geometry_msgs/msg/detail/point32__rosidl_typesupport_introspection_c.h
[2.309s] -- Up-to-date: /ros2_ws/install/geometry_msgs/include/geometry_msgs/geometry_msgs/msg/detail/pose_with_covariance__rosidl_typesupport_introspection_c.h
[2.309s] -- Up-to-date: /ros2_ws/install/geometry_msgs/include/geometry_msgs/geometry_msgs/msg/detail/accel_with_covariance__rosidl_typesupport_introspection_c.h
[2.310s] -- Up-to-date: /ros2_ws/install/geometry_msgs/include/geometry_msgs/geometry_msgs/msg/detail/twist_with_covariance__rosidl_typesupport_introspection_c.h
[2.310s] -- Up-to-date: /ros2_ws/install/geometry_msgs/include/geometry_msgs/geometry_msgs/msg/detail/twist_with_covariance_stamped__rosidl_typesupport_introspection_c.h
[2.310s] -- Up-to-date: /ros2_ws/install/geometry_msgs/include/geometry_msgs/geometry_msgs/msg/detail/pose_array__type_support.c
[2.311s] -- Up-to-date: /ros2_ws/install/geometry_msgs/include/geometry_msgs/geometry_msgs/msg/detail/wrench_stamped__type_support.c
[2.311s] -- Up-to-date: /ros2_ws/install/geometry_msgs/include/geometry_msgs/geometry_msgs/msg/detail/twist_with_covariance_stamped__type_support.c
[2.312s] -- Up-to-date: /ros2_ws/install/geometry_msgs/include/geometry_msgs/geometry_msgs/msg/detail/point__type_support.c
[2.312s] -- Up-to-date: /ros2_ws/install/geometry_msgs/include/geometry_msgs/geometry_msgs/msg/detail/wrench__type_support.c
[2.313s] -- Up-to-date: /ros2_ws/install/geometry_msgs/include/geometry_msgs/geometry_msgs/msg/detail/quaternion_stamped__rosidl_typesupport_introspection_c.h
[2.313s] -- Up-to-date: /ros2_ws/install/geometry_msgs/include/geometry_msgs/geometry_msgs/msg/rosidl_typesupport_introspection_c__visibility_control.h
[2.314s] -- Up-to-date: /ros2_ws/install/geometry_msgs/lib/libgeometry_msgs__rosidl_typesupport_introspection_c.so
[2.314s] -- Up-to-date: /ros2_ws/install/geometry_msgs/lib/libgeometry_msgs__rosidl_typesupport_c.so
[2.315s] -- Up-to-date: /ros2_ws/install/geometry_msgs/include/geometry_msgs/geometry_msgs
[2.315s] -- Up-to-date: /ros2_ws/install/geometry_msgs/include/geometry_msgs/geometry_msgs/msg
[2.316s] -- Up-to-date: /ros2_ws/install/geometry_msgs/include/geometry_msgs/geometry_msgs/msg/pose_stamped.hpp
[2.316s] -- Up-to-date: /ros2_ws/install/geometry_msgs/include/geometry_msgs/geometry_msgs/msg/accel_stamped.hpp
[2.316s] -- Up-to-date: /ros2_ws/install/geometry_msgs/include/geometry_msgs/geometry_msgs/msg/point.hpp
[2.317s] -- Up-to-date: /ros2_ws/install/geometry_msgs/include/geometry_msgs/geometry_msgs/msg/transform.hpp
[2.317s] -- Up-to-date: /ros2_ws/install/geometry_msgs/include/geometry_msgs/geometry_msgs/msg/pose2_d.hpp
[2.318s] -- Up-to-date: /ros2_ws/install/geometry_msgs/include/geometry_msgs/geometry_msgs/msg/vector3.hpp
[2.318s] -- Up-to-date: /ros2_ws/install/geometry_msgs/include/geometry_msgs/geometry_msgs/msg/twist_stamped.hpp
[2.318s] -- Up-to-date: /ros2_ws/install/geometry_msgs/include/geometry_msgs/geometry_msgs/msg/accel_with_covariance_stamped.hpp
[2.319s] -- Up-to-date: /ros2_ws/install/geometry_msgs/include/geometry_msgs/geometry_msgs/msg/quaternion.hpp
[2.319s] -- Up-to-date: /ros2_ws/install/geometry_msgs/include/geometry_msgs/geometry_msgs/msg/polygon.hpp
[2.319s] -- Up-to-date: /ros2_ws/install/geometry_msgs/include/geometry_msgs/geometry_msgs/msg/point_stamped.hpp
[2.320s] -- Up-to-date: /ros2_ws/install/geometry_msgs/include/geometry_msgs/geometry_msgs/msg/pose.hpp
[2.320s] -- Up-to-date: /ros2_ws/install/geometry_msgs/include/geometry_msgs/geometry_msgs/msg/transform_stamped.hpp
[2.320s] -- Up-to-date: /ros2_ws/install/geometry_msgs/include/geometry_msgs/geometry_msgs/msg/pose_with_covariance_stamped.hpp
[2.321s] -- Up-to-date: /ros2_ws/install/geometry_msgs/include/geometry_msgs/geometry_msgs/msg/inertia_stamped.hpp
[2.321s] -- Up-to-date: /ros2_ws/install/geometry_msgs/include/geometry_msgs/geometry_msgs/msg/rosidl_generator_cpp__visibility_control.hpp
[2.321s] -- Up-to-date: /ros2_ws/install/geometry_msgs/include/geometry_msgs/geometry_msgs/msg/quaternion_stamped.hpp
[2.322s] -- Up-to-date: /ros2_ws/install/geometry_msgs/include/geometry_msgs/geometry_msgs/msg/wrench_stamped.hpp
[2.322s] -- Up-to-date: /ros2_ws/install/geometry_msgs/include/geometry_msgs/geometry_msgs/msg/twist.hpp
[2.322s] -- Up-to-date: /ros2_ws/install/geometry_msgs/include/geometry_msgs/geometry_msgs/msg/twist_with_covariance_stamped.hpp
[2.323s] -- Up-to-date: /ros2_ws/install/geometry_msgs/include/geometry_msgs/geometry_msgs/msg/twist_with_covariance.hpp
[2.323s] -- Up-to-date: /ros2_ws/install/geometry_msgs/include/geometry_msgs/geometry_msgs/msg/wrench.hpp
[2.323s] -- Up-to-date: /ros2_ws/install/geometry_msgs/include/geometry_msgs/geometry_msgs/msg/pose_with_covariance.hpp
[2.324s] -- Up-to-date: /ros2_ws/install/geometry_msgs/include/geometry_msgs/geometry_msgs/msg/accel.hpp
[2.324s] -- Up-to-date: /ros2_ws/install/geometry_msgs/include/geometry_msgs/geometry_msgs/msg/detail
[2.324s] -- Up-to-date: /ros2_ws/install/geometry_msgs/include/geometry_msgs/geometry_msgs/msg/detail/accel_with_covariance_stamped__type_support.hpp
[2.325s] -- Up-to-date: /ros2_ws/install/geometry_msgs/include/geometry_msgs/geometry_msgs/msg/detail/wrench__struct.hpp
[2.325s] -- Up-to-date: /ros2_ws/install/geometry_msgs/include/geometry_msgs/geometry_msgs/msg/detail/vector3__type_support.hpp
[2.325s] -- Up-to-date: /ros2_ws/install/geometry_msgs/include/geometry_msgs/geometry_msgs/msg/detail/quaternion__traits.hpp
[2.326s] -- Up-to-date: /ros2_ws/install/geometry_msgs/include/geometry_msgs/geometry_msgs/msg/detail/polygon_stamped__traits.hpp
[2.326s] -- Up-to-date: /ros2_ws/install/geometry_msgs/include/geometry_msgs/geometry_msgs/msg/detail/quaternion_stamped__struct.hpp
[2.326s] -- Up-to-date: /ros2_ws/install/geometry_msgs/include/geometry_msgs/geometry_msgs/msg/detail/pose2_d__builder.hpp
[2.327s] -- Up-to-date: /ros2_ws/install/geometry_msgs/include/geometry_msgs/geometry_msgs/msg/detail/point_stamped__traits.hpp
[2.327s] -- Up-to-date: /ros2_ws/install/geometry_msgs/include/geometry_msgs/geometry_msgs/msg/detail/wrench__traits.hpp
[2.327s] -- Up-to-date: /ros2_ws/install/geometry_msgs/include/geometry_msgs/geometry_msgs/msg/detail/accel_stamped__builder.hpp
[2.328s] -- Up-to-date: /ros2_ws/install/geometry_msgs/include/geometry_msgs/geometry_msgs/msg/detail/point_stamped__builder.hpp
[2.328s] -- Up-to-date: /ros2_ws/install/geometry_msgs/include/geometry_msgs/geometry_msgs/msg/detail/point__builder.hpp
[2.328s] -- Up-to-date: /ros2_ws/install/geometry_msgs/include/geometry_msgs/geometry_msgs/msg/detail/inertia_stamped__traits.hpp
[2.329s] -- Up-to-date: /ros2_ws/install/geometry_msgs/include/geometry_msgs/geometry_msgs/msg/detail/point__struct.hpp
[2.329s] -- Up-to-date: /ros2_ws/install/geometry_msgs/include/geometry_msgs/geometry_msgs/msg/detail/transform_stamped__builder.hpp
[2.329s] -- Up-to-date: /ros2_ws/install/geometry_msgs/include/geometry_msgs/geometry_msgs/msg/detail/accel_with_covariance_stamped__builder.hpp
[2.330s] -- Up-to-date: /ros2_ws/install/geometry_msgs/include/geometry_msgs/geometry_msgs/msg/detail/twist_with_covariance__type_support.hpp
[2.330s] -- Up-to-date: /ros2_ws/install/geometry_msgs/include/geometry_msgs/geometry_msgs/msg/detail/twist__type_support.hpp
[2.331s] -- Up-to-date: /ros2_ws/install/geometry_msgs/include/geometry_msgs/geometry_msgs/msg/detail/pose_stamped__builder.hpp
[2.331s] -- Up-to-date: /ros2_ws/install/geometry_msgs/include/geometry_msgs/geometry_msgs/msg/detail/wrench_stamped__type_support.hpp
[2.331s] -- Up-to-date: /ros2_ws/install/geometry_msgs/include/geometry_msgs/geometry_msgs/msg/detail/pose_with_covariance_stamped__traits.hpp
[2.331s] -- Up-to-date: /ros2_ws/install/geometry_msgs/include/geometry_msgs/geometry_msgs/msg/detail/twist_with_covariance_stamped__builder.hpp
[2.332s] -- Up-to-date: /ros2_ws/install/geometry_msgs/include/geometry_msgs/geometry_msgs/msg/detail/vector3_stamped__traits.hpp
[2.332s] -- Up-to-date: /ros2_ws/install/geometry_msgs/include/geometry_msgs/geometry_msgs/msg/detail/polygon_stamped__struct.hpp
[2.332s] -- Up-to-date: /ros2_ws/install/geometry_msgs/include/geometry_msgs/geometry_msgs/msg/detail/pose2_d__traits.hpp
[2.333s] -- Up-to-date: /ros2_ws/install/geometry_msgs/include/geometry_msgs/geometry_msgs/msg/detail/accel_with_covariance_stamped__struct.hpp
[2.333s] -- Up-to-date: /ros2_ws/install/geometry_msgs/include/geometry_msgs/geometry_msgs/msg/detail/transform__traits.hpp
[2.333s] -- Up-to-date: /ros2_ws/install/geometry_msgs/include/geometry_msgs/geometry_msgs/msg/detail/transform_stamped__type_support.hpp
[2.334s] -- Up-to-date: /ros2_ws/install/geometry_msgs/include/geometry_msgs/geometry_msgs/msg/detail/pose__traits.hpp
[2.334s] -- Up-to-date: /ros2_ws/install/geometry_msgs/include/geometry_msgs/geometry_msgs/msg/detail/pose_with_covariance__traits.hpp
[2.334s] -- Up-to-date: /ros2_ws/install/geometry_msgs/include/geometry_msgs/geometry_msgs/msg/detail/vector3_stamped__struct.hpp
[2.334s] -- Up-to-date: /ros2_ws/install/geometry_msgs/include/geometry_msgs/geometry_msgs/msg/detail/transform__builder.hpp
[2.335s] -- Up-to-date: /ros2_ws/install/geometry_msgs/include/geometry_msgs/geometry_msgs/msg/detail/pose__struct.hpp
[2.335s] -- Up-to-date: /ros2_ws/install/geometry_msgs/include/geometry_msgs/geometry_msgs/msg/detail/pose_stamped__traits.hpp
[2.335s] -- Up-to-date: /ros2_ws/install/geometry_msgs/include/geometry_msgs/geometry_msgs/msg/detail/pose_with_covariance_stamped__type_support.hpp
[2.336s] -- Up-to-date: /ros2_ws/install/geometry_msgs/include/geometry_msgs/geometry_msgs/msg/detail/inertia_stamped__builder.hpp
[2.336s] -- Up-to-date: /ros2_ws/install/geometry_msgs/include/geometry_msgs/geometry_msgs/msg/detail/twist_with_covariance_stamped__struct.hpp
[2.336s] -- Up-to-date: /ros2_ws/install/geometry_msgs/include/geometry_msgs/geometry_msgs/msg/detail/inertia_stamped__type_support.hpp
[2.337s] -- Up-to-date: /ros2_ws/install/geometry_msgs/include/geometry_msgs/geometry_msgs/msg/detail/transform_stamped__struct.hpp
[2.337s] -- Up-to-date: /ros2_ws/install/geometry_msgs/include/geometry_msgs/geometry_msgs/msg/detail/point32__struct.hpp
[2.337s] -- Up-to-date: /ros2_ws/install/geometry_msgs/include/geometry_msgs/geometry_msgs/msg/detail/twist__builder.hpp
[2.338s] -- Up-to-date: /ros2_ws/install/geometry_msgs/include/geometry_msgs/geometry_msgs/msg/detail/polygon__builder.hpp
[2.338s] -- Up-to-date: /ros2_ws/install/geometry_msgs/include/geometry_msgs/geometry_msgs/msg/detail/vector3__struct.hpp
[2.338s] -- Up-to-date: /ros2_ws/install/geometry_msgs/include/geometry_msgs/geometry_msgs/msg/detail/accel_stamped__traits.hpp
[2.339s] -- Up-to-date: /ros2_ws/install/geometry_msgs/include/geometry_msgs/geometry_msgs/msg/detail/twist_with_covariance_stamped__type_support.hpp
[2.339s] -- Up-to-date: /ros2_ws/install/geometry_msgs/include/geometry_msgs/geometry_msgs/msg/detail/accel__type_support.hpp
[2.339s] -- Up-to-date: /ros2_ws/install/geometry_msgs/include/geometry_msgs/geometry_msgs/msg/detail/point32__type_support.hpp
[2.340s] -- Up-to-date: /ros2_ws/install/geometry_msgs/include/geometry_msgs/geometry_msgs/msg/detail/twist__traits.hpp
[2.340s] -- Up-to-date: /ros2_ws/install/geometry_msgs/include/geometry_msgs/geometry_msgs/msg/detail/quaternion__type_support.hpp
[2.340s] -- Up-to-date: /ros2_ws/install/geometry_msgs/include/geometry_msgs/geometry_msgs/msg/detail/polygon_stamped__type_support.hpp
[2.341s] -- Up-to-date: /ros2_ws/install/geometry_msgs/include/geometry_msgs/geometry_msgs/msg/detail/pose_array__traits.hpp
[2.341s] -- Up-to-date: /ros2_ws/install/geometry_msgs/include/geometry_msgs/geometry_msgs/msg/detail/pose2_d__struct.hpp
[2.341s] -- Up-to-date: /ros2_ws/install/geometry_msgs/include/geometry_msgs/geometry_msgs/msg/detail/point32__traits.hpp
[2.342s] -- Up-to-date: /ros2_ws/install/geometry_msgs/include/geometry_msgs/geometry_msgs/msg/detail/vector3_stamped__type_support.hpp
[2.342s] -- Up-to-date: /ros2_ws/install/geometry_msgs/include/geometry_msgs/geometry_msgs/msg/detail/point_stamped__struct.hpp
[2.342s] -- Up-to-date: /ros2_ws/install/geometry_msgs/include/geometry_msgs/geometry_msgs/msg/detail/point__traits.hpp
[2.343s] -- Up-to-date: /ros2_ws/install/geometry_msgs/include/geometry_msgs/geometry_msgs/msg/detail/pose_array__type_support.hpp
[2.343s] -- Up-to-date: /ros2_ws/install/geometry_msgs/include/geometry_msgs/geometry_msgs/msg/detail/pose2_d__type_support.hpp
[2.343s] -- Up-to-date: /ros2_ws/install/geometry_msgs/include/geometry_msgs/geometry_msgs/msg/detail/pose_array__builder.hpp
[2.343s] -- Up-to-date: /ros2_ws/install/geometry_msgs/include/geometry_msgs/geometry_msgs/msg/detail/pose_array__struct.hpp
[2.344s] -- Up-to-date: /ros2_ws/install/geometry_msgs/include/geometry_msgs/geometry_msgs/msg/detail/wrench__type_support.hpp
[2.344s] -- Up-to-date: /ros2_ws/install/geometry_msgs/include/geometry_msgs/geometry_msgs/msg/detail/pose_with_covariance__type_support.hpp
[2.344s] -- Up-to-date: /ros2_ws/install/geometry_msgs/include/geometry_msgs/geometry_msgs/msg/detail/pose__builder.hpp
[2.345s] -- Up-to-date: /ros2_ws/install/geometry_msgs/include/geometry_msgs/geometry_msgs/msg/detail/quaternion_stamped__type_support.hpp
[2.345s] -- Up-to-date: /ros2_ws/install/geometry_msgs/include/geometry_msgs/geometry_msgs/msg/detail/polygon__traits.hpp
[2.345s] -- Up-to-date: /ros2_ws/install/geometry_msgs/include/geometry_msgs/geometry_msgs/msg/detail/pose_with_covariance_stamped__struct.hpp
[2.346s] -- Up-to-date: /ros2_ws/install/geometry_msgs/include/geometry_msgs/geometry_msgs/msg/detail/vector3__traits.hpp
[2.346s] -- Up-to-date: /ros2_ws/install/geometry_msgs/include/geometry_msgs/geometry_msgs/msg/detail/vector3__builder.hpp
[2.346s] -- Up-to-date: /ros2_ws/install/geometry_msgs/include/geometry_msgs/geometry_msgs/msg/detail/inertia__builder.hpp
[2.347s] -- Up-to-date: /ros2_ws/install/geometry_msgs/include/geometry_msgs/geometry_msgs/msg/detail/inertia__type_support.hpp
[2.347s] -- Up-to-date: /ros2_ws/install/geometry_msgs/include/geometry_msgs/geometry_msgs/msg/detail/twist_with_covariance_stamped__traits.hpp
[2.347s] -- Up-to-date: /ros2_ws/install/geometry_msgs/include/geometry_msgs/geometry_msgs/msg/detail/accel__struct.hpp
[2.348s] -- Up-to-date: /ros2_ws/install/geometry_msgs/include/geometry_msgs/geometry_msgs/msg/detail/inertia__traits.hpp
[2.348s] -- Up-to-date: /ros2_ws/install/geometry_msgs/include/geometry_msgs/geometry_msgs/msg/detail/transform_stamped__traits.hpp
[2.348s] -- Up-to-date: /ros2_ws/install/geometry_msgs/include/geometry_msgs/geometry_msgs/msg/detail/polygon_stamped__builder.hpp
[2.349s] -- Up-to-date: /ros2_ws/install/geometry_msgs/include/geometry_msgs/geometry_msgs/msg/detail/pose_stamped__type_support.hpp
[2.349s] -- Up-to-date: /ros2_ws/install/geometry_msgs/include/geometry_msgs/geometry_msgs/msg/detail/inertia_stamped__struct.hpp
[2.349s] -- Up-to-date: /ros2_ws/install/geometry_msgs/include/geometry_msgs/geometry_msgs/msg/detail/quaternion_stamped__traits.hpp
[2.350s] -- Up-to-date: /ros2_ws/install/geometry_msgs/include/geometry_msgs/geometry_msgs/msg/detail/accel_stamped__struct.hpp
[2.350s] -- Up-to-date: /ros2_ws/install/geometry_msgs/include/geometry_msgs/geometry_msgs/msg/detail/twist_stamped__builder.hpp
[2.350s] -- Up-to-date: /ros2_ws/install/geometry_msgs/include/geometry_msgs/geometry_msgs/msg/detail/transform__struct.hpp
[2.351s] -- Up-to-date: /ros2_ws/install/geometry_msgs/include/geometry_msgs/geometry_msgs/msg/detail/twist_with_covariance__builder.hpp
[2.351s] -- Up-to-date: /ros2_ws/install/geometry_msgs/include/geometry_msgs/geometry_msgs/msg/detail/point_stamped__type_support.hpp
[2.351s] -- Up-to-date: /ros2_ws/install/geometry_msgs/include/geometry_msgs/geometry_msgs/msg/detail/polygon__struct.hpp
[2.351s] -- Up-to-date: /ros2_ws/install/geometry_msgs/include/geometry_msgs/geometry_msgs/msg/detail/transform__type_support.hpp
[2.352s] -- Up-to-date: /ros2_ws/install/geometry_msgs/include/geometry_msgs/geometry_msgs/msg/detail/inertia__struct.hpp
[2.352s] -- Up-to-date: /ros2_ws/install/geometry_msgs/include/geometry_msgs/geometry_msgs/msg/detail/pose_with_covariance_stamped__builder.hpp
[2.352s] -- Up-to-date: /ros2_ws/install/geometry_msgs/include/geometry_msgs/geometry_msgs/msg/detail/pose_stamped__struct.hpp
[2.353s] -- Up-to-date: /ros2_ws/install/geometry_msgs/include/geometry_msgs/geometry_msgs/msg/detail/accel__builder.hpp
[2.353s] -- Up-to-date: /ros2_ws/install/geometry_msgs/include/geometry_msgs/geometry_msgs/msg/detail/quaternion__builder.hpp
[2.353s] -- Up-to-date: /ros2_ws/install/geometry_msgs/include/geometry_msgs/geometry_msgs/msg/detail/quaternion_stamped__builder.hpp
[2.354s] -- Up-to-date: /ros2_ws/install/geometry_msgs/include/geometry_msgs/geometry_msgs/msg/detail/twist_stamped__struct.hpp
[2.354s] -- Up-to-date: /ros2_ws/install/geometry_msgs/include/geometry_msgs/geometry_msgs/msg/detail/wrench_stamped__traits.hpp
[2.354s] -- Up-to-date: /ros2_ws/install/geometry_msgs/include/geometry_msgs/geometry_msgs/msg/detail/accel_with_covariance__traits.hpp
[2.355s] -- Up-to-date: /ros2_ws/install/geometry_msgs/include/geometry_msgs/geometry_msgs/msg/detail/point__type_support.hpp
[2.355s] -- Up-to-date: /ros2_ws/install/geometry_msgs/include/geometry_msgs/geometry_msgs/msg/detail/twist_stamped__type_support.hpp
[2.355s] -- Up-to-date: /ros2_ws/install/geometry_msgs/include/geometry_msgs/geometry_msgs/msg/detail/accel_with_covariance__builder.hpp
[2.355s] -- Up-to-date: /ros2_ws/install/geometry_msgs/include/geometry_msgs/geometry_msgs/msg/detail/point32__builder.hpp
[2.356s] -- Up-to-date: /ros2_ws/install/geometry_msgs/include/geometry_msgs/geometry_msgs/msg/detail/twist__struct.hpp
[2.356s] -- Up-to-date: /ros2_ws/install/geometry_msgs/include/geometry_msgs/geometry_msgs/msg/detail/twist_with_covariance__traits.hpp
[2.356s] -- Up-to-date: /ros2_ws/install/geometry_msgs/include/geometry_msgs/geometry_msgs/msg/detail/wrench__builder.hpp
[2.357s] -- Up-to-date: /ros2_ws/install/geometry_msgs/include/geometry_msgs/geometry_msgs/msg/detail/wrench_stamped__builder.hpp
[2.357s] -- Up-to-date: /ros2_ws/install/geometry_msgs/include/geometry_msgs/geometry_msgs/msg/detail/accel_stamped__type_support.hpp
[2.357s] -- Up-to-date: /ros2_ws/install/geometry_msgs/include/geometry_msgs/geometry_msgs/msg/detail/twist_with_covariance__struct.hpp
[2.358s] -- Up-to-date: /ros2_ws/install/geometry_msgs/include/geometry_msgs/geometry_msgs/msg/detail/accel_with_covariance_stamped__traits.hpp
[2.358s] -- Up-to-date: /ros2_ws/install/geometry_msgs/include/geometry_msgs/geometry_msgs/msg/detail/accel__traits.hpp
[2.358s] -- Up-to-date: /ros2_ws/install/geometry_msgs/include/geometry_msgs/geometry_msgs/msg/detail/pose_with_covariance__struct.hpp
[2.359s] -- Up-to-date: /ros2_ws/install/geometry_msgs/include/geometry_msgs/geometry_msgs/msg/detail/accel_with_covariance__type_support.hpp
[2.359s] -- Up-to-date: /ros2_ws/install/geometry_msgs/include/geometry_msgs/geometry_msgs/msg/detail/polygon__type_support.hpp
[2.359s] -- Up-to-date: /ros2_ws/install/geometry_msgs/include/geometry_msgs/geometry_msgs/msg/detail/pose__type_support.hpp
[2.359s] -- Up-to-date: /ros2_ws/install/geometry_msgs/include/geometry_msgs/geometry_msgs/msg/detail/accel_with_covariance__struct.hpp
[2.360s] -- Up-to-date: /ros2_ws/install/geometry_msgs/include/geometry_msgs/geometry_msgs/msg/detail/pose_with_covariance__builder.hpp
[2.360s] -- Up-to-date: /ros2_ws/install/geometry_msgs/include/geometry_msgs/geometry_msgs/msg/detail/vector3_stamped__builder.hpp
[2.360s] -- Up-to-date: /ros2_ws/install/geometry_msgs/include/geometry_msgs/geometry_msgs/msg/detail/wrench_stamped__struct.hpp
[2.361s] -- Up-to-date: /ros2_ws/install/geometry_msgs/include/geometry_msgs/geometry_msgs/msg/detail/twist_stamped__traits.hpp
[2.361s] -- Up-to-date: /ros2_ws/install/geometry_msgs/include/geometry_msgs/geometry_msgs/msg/detail/quaternion__struct.hpp
[2.361s] -- Up-to-date: /ros2_ws/install/geometry_msgs/include/geometry_msgs/geometry_msgs/msg/pose_array.hpp
[2.362s] -- Up-to-date: /ros2_ws/install/geometry_msgs/include/geometry_msgs/geometry_msgs/msg/vector3_stamped.hpp
[2.362s] -- Up-to-date: /ros2_ws/install/geometry_msgs/include/geometry_msgs/geometry_msgs/msg/accel_with_covariance.hpp
[2.362s] -- Up-to-date: /ros2_ws/install/geometry_msgs/include/geometry_msgs/geometry_msgs/msg/polygon_stamped.hpp
[2.363s] -- Up-to-date: /ros2_ws/install/geometry_msgs/include/geometry_msgs/geometry_msgs/msg/point32.hpp
[2.363s] -- Up-to-date: /ros2_ws/install/geometry_msgs/include/geometry_msgs/geometry_msgs/msg/inertia.hpp
[2.363s] -- Up-to-date: /ros2_ws/install/geometry_msgs/include/geometry_msgs/geometry_msgs
[2.364s] -- Up-to-date: /ros2_ws/install/geometry_msgs/include/geometry_msgs/geometry_msgs/msg
[2.364s] -- Up-to-date: /ros2_ws/install/geometry_msgs/include/geometry_msgs/geometry_msgs/msg/rosidl_typesupport_fastrtps_cpp__visibility_control.h
[2.364s] -- Up-to-date: /ros2_ws/install/geometry_msgs/include/geometry_msgs/geometry_msgs/msg/detail
[2.364s] -- Up-to-date: /ros2_ws/install/geometry_msgs/include/geometry_msgs/geometry_msgs/msg/detail/vector3_stamped__rosidl_typesupport_fastrtps_cpp.hpp
[2.365s] -- Up-to-date: /ros2_ws/install/geometry_msgs/include/geometry_msgs/geometry_msgs/msg/detail/inertia__rosidl_typesupport_fastrtps_cpp.hpp
[2.365s] -- Up-to-date: /ros2_ws/install/geometry_msgs/include/geometry_msgs/geometry_msgs/msg/detail/transform__rosidl_typesupport_fastrtps_cpp.hpp
[2.365s] -- Up-to-date: /ros2_ws/install/geometry_msgs/include/geometry_msgs/geometry_msgs/msg/detail/accel_with_covariance_stamped__rosidl_typesupport_fastrtps_cpp.hpp
[2.366s] -- Up-to-date: /ros2_ws/install/geometry_msgs/include/geometry_msgs/geometry_msgs/msg/detail/twist_stamped__rosidl_typesupport_fastrtps_cpp.hpp
[2.366s] -- Up-to-date: /ros2_ws/install/geometry_msgs/include/geometry_msgs/geometry_msgs/msg/detail/pose_with_covariance__rosidl_typesupport_fastrtps_cpp.hpp
[2.366s] -- Up-to-date: /ros2_ws/install/geometry_msgs/include/geometry_msgs/geometry_msgs/msg/detail/pose__rosidl_typesupport_fastrtps_cpp.hpp
[2.367s] -- Up-to-date: /ros2_ws/install/geometry_msgs/include/geometry_msgs/geometry_msgs/msg/detail/pose_with_covariance_stamped__rosidl_typesupport_fastrtps_cpp.hpp
[2.367s] -- Up-to-date: /ros2_ws/install/geometry_msgs/include/geometry_msgs/geometry_msgs/msg/detail/twist__rosidl_typesupport_fastrtps_cpp.hpp
[2.367s] -- Up-to-date: /ros2_ws/install/geometry_msgs/include/geometry_msgs/geometry_msgs/msg/detail/twist_with_covariance__rosidl_typesupport_fastrtps_cpp.hpp
[2.368s] -- Up-to-date: /ros2_ws/install/geometry_msgs/include/geometry_msgs/geometry_msgs/msg/detail/pose_stamped__rosidl_typesupport_fastrtps_cpp.hpp
[2.368s] -- Up-to-date: /ros2_ws/install/geometry_msgs/include/geometry_msgs/geometry_msgs/msg/detail/accel__rosidl_typesupport_fastrtps_cpp.hpp
[2.369s] -- Up-to-date: /ros2_ws/install/geometry_msgs/include/geometry_msgs/geometry_msgs/msg/detail/polygon__rosidl_typesupport_fastrtps_cpp.hpp
[2.369s] -- Up-to-date: /ros2_ws/install/geometry_msgs/include/geometry_msgs/geometry_msgs/msg/detail/point32__rosidl_typesupport_fastrtps_cpp.hpp
[2.369s] -- Up-to-date: /ros2_ws/install/geometry_msgs/include/geometry_msgs/geometry_msgs/msg/detail/polygon_stamped__rosidl_typesupport_fastrtps_cpp.hpp
[2.370s] -- Up-to-date: /ros2_ws/install/geometry_msgs/include/geometry_msgs/geometry_msgs/msg/detail/wrench__rosidl_typesupport_fastrtps_cpp.hpp
[2.370s] -- Up-to-date: /ros2_ws/install/geometry_msgs/include/geometry_msgs/geometry_msgs/msg/detail/accel_with_covariance__rosidl_typesupport_fastrtps_cpp.hpp
[2.370s] -- Up-to-date: /ros2_ws/install/geometry_msgs/include/geometry_msgs/geometry_msgs/msg/detail/vector3__rosidl_typesupport_fastrtps_cpp.hpp
[2.371s] -- Up-to-date: /ros2_ws/install/geometry_msgs/include/geometry_msgs/geometry_msgs/msg/detail/point_stamped__rosidl_typesupport_fastrtps_cpp.hpp
[2.371s] -- Up-to-date: /ros2_ws/install/geometry_msgs/include/geometry_msgs/geometry_msgs/msg/detail/pose2_d__rosidl_typesupport_fastrtps_cpp.hpp
[2.371s] -- Up-to-date: /ros2_ws/install/geometry_msgs/include/geometry_msgs/geometry_msgs/msg/detail/inertia_stamped__rosidl_typesupport_fastrtps_cpp.hpp
[2.372s] -- Up-to-date: /ros2_ws/install/geometry_msgs/include/geometry_msgs/geometry_msgs/msg/detail/point__rosidl_typesupport_fastrtps_cpp.hpp
[2.372s] -- Up-to-date: /ros2_ws/install/geometry_msgs/include/geometry_msgs/geometry_msgs/msg/detail/transform_stamped__rosidl_typesupport_fastrtps_cpp.hpp
[2.372s] -- Up-to-date: /ros2_ws/install/geometry_msgs/include/geometry_msgs/geometry_msgs/msg/detail/quaternion__rosidl_typesupport_fastrtps_cpp.hpp
[2.373s] -- Up-to-date: /ros2_ws/install/geometry_msgs/include/geometry_msgs/geometry_msgs/msg/detail/accel_stamped__rosidl_typesupport_fastrtps_cpp.hpp
[2.373s] -- Up-to-date: /ros2_ws/install/geometry_msgs/include/geometry_msgs/geometry_msgs/msg/detail/pose_array__rosidl_typesupport_fastrtps_cpp.hpp
[2.373s] -- Up-to-date: /ros2_ws/install/geometry_msgs/include/geometry_msgs/geometry_msgs/msg/detail/twist_with_covariance_stamped__rosidl_typesupport_fastrtps_cpp.hpp
[2.374s] -- Up-to-date: /ros2_ws/install/geometry_msgs/include/geometry_msgs/geometry_msgs/msg/detail/wrench_stamped__rosidl_typesupport_fastrtps_cpp.hpp
[2.374s] -- Up-to-date: /ros2_ws/install/geometry_msgs/include/geometry_msgs/geometry_msgs/msg/detail/quaternion_stamped__rosidl_typesupport_fastrtps_cpp.hpp
[2.374s] -- Up-to-date: /ros2_ws/install/geometry_msgs/include/geometry_msgs/geometry_msgs/msg/detail/dds_fastrtps
[2.375s] -- Up-to-date: /ros2_ws/install/geometry_msgs/lib/libgeometry_msgs__rosidl_typesupport_fastrtps_cpp.so
[2.375s] -- Up-to-date: /ros2_ws/install/geometry_msgs/include/geometry_msgs/geometry_msgs
[2.375s] -- Up-to-date: /ros2_ws/install/geometry_msgs/include/geometry_msgs/geometry_msgs/msg
[2.376s] -- Up-to-date: /ros2_ws/install/geometry_msgs/include/geometry_msgs/geometry_msgs/msg/detail
[2.376s] -- Up-to-date: /ros2_ws/install/geometry_msgs/include/geometry_msgs/geometry_msgs/msg/detail/wrench_stamped__rosidl_typesupport_introspection_cpp.hpp
[2.376s] -- Up-to-date: /ros2_ws/install/geometry_msgs/include/geometry_msgs/geometry_msgs/msg/detail/inertia_stamped__type_support.cpp
[2.376s] -- Up-to-date: /ros2_ws/install/geometry_msgs/include/geometry_msgs/geometry_msgs/msg/detail/wrench__rosidl_typesupport_introspection_cpp.hpp
[2.377s] -- Up-to-date: /ros2_ws/install/geometry_msgs/include/geometry_msgs/geometry_msgs/msg/detail/quaternion_stamped__type_support.cpp
[2.377s] -- Up-to-date: /ros2_ws/install/geometry_msgs/include/geometry_msgs/geometry_msgs/msg/detail/pose_with_covariance_stamped__type_support.cpp
[2.378s] -- Up-to-date: /ros2_ws/install/geometry_msgs/include/geometry_msgs/geometry_msgs/msg/detail/twist_with_covariance__rosidl_typesupport_introspection_cpp.hpp
[2.378s] -- Up-to-date: /ros2_ws/install/geometry_msgs/include/geometry_msgs/geometry_msgs/msg/detail/inertia__type_support.cpp
[2.378s] -- Up-to-date: /ros2_ws/install/geometry_msgs/include/geometry_msgs/geometry_msgs/msg/detail/accel__type_support.cpp
[2.378s] -- Up-to-date: /ros2_ws/install/geometry_msgs/include/geometry_msgs/geometry_msgs/msg/detail/twist_stamped__rosidl_typesupport_introspection_cpp.hpp
[2.379s] -- Up-to-date: /ros2_ws/install/geometry_msgs/include/geometry_msgs/geometry_msgs/msg/detail/point_stamped__rosidl_typesupport_introspection_cpp.hpp
[2.379s] -- Up-to-date: /ros2_ws/install/geometry_msgs/include/geometry_msgs/geometry_msgs/msg/detail/transform_stamped__rosidl_typesupport_introspection_cpp.hpp
[2.379s] -- Up-to-date: /ros2_ws/install/geometry_msgs/include/geometry_msgs/geometry_msgs/msg/detail/quaternion__type_support.cpp
[2.380s] -- Up-to-date: /ros2_ws/install/geometry_msgs/include/geometry_msgs/geometry_msgs/msg/detail/transform_stamped__type_support.cpp
[2.380s] -- Up-to-date: /ros2_ws/install/geometry_msgs/include/geometry_msgs/geometry_msgs/msg/detail/point__type_support.cpp
[2.380s] -- Up-to-date: /ros2_ws/install/geometry_msgs/include/geometry_msgs/geometry_msgs/msg/detail/quaternion__rosidl_typesupport_introspection_cpp.hpp
[2.381s] -- Up-to-date: /ros2_ws/install/geometry_msgs/include/geometry_msgs/geometry_msgs/msg/detail/pose2_d__rosidl_typesupport_introspection_cpp.hpp
[2.381s] -- Up-to-date: /ros2_ws/install/geometry_msgs/include/geometry_msgs/geometry_msgs/msg/detail/point32__rosidl_typesupport_introspection_cpp.hpp
[2.381s] -- Up-to-date: /ros2_ws/install/geometry_msgs/include/geometry_msgs/geometry_msgs/msg/detail/wrench__type_support.cpp
[2.382s] -- Up-to-date: /ros2_ws/install/geometry_msgs/include/geometry_msgs/geometry_msgs/msg/detail/twist_with_covariance_stamped__rosidl_typesupport_introspection_cpp.hpp
[2.382s] -- Up-to-date: /ros2_ws/install/geometry_msgs/include/geometry_msgs/geometry_msgs/msg/detail/quaternion_stamped__rosidl_typesupport_introspection_cpp.hpp
[2.382s] -- Up-to-date: /ros2_ws/install/geometry_msgs/include/geometry_msgs/geometry_msgs/msg/detail/transform__type_support.cpp
[2.383s] -- Up-to-date: /ros2_ws/install/geometry_msgs/include/geometry_msgs/geometry_msgs/msg/detail/pose_array__type_support.cpp
[2.383s] -- Up-to-date: /ros2_ws/install/geometry_msgs/include/geometry_msgs/geometry_msgs/msg/detail/accel_with_covariance__type_support.cpp
[2.383s] -- Up-to-date: /ros2_ws/install/geometry_msgs/include/geometry_msgs/geometry_msgs/msg/detail/accel_with_covariance_stamped__type_support.cpp
[2.383s] -- Up-to-date: /ros2_ws/install/geometry_msgs/include/geometry_msgs/geometry_msgs/msg/detail/polygon_stamped__type_support.cpp
[2.384s] -- Up-to-date: /ros2_ws/install/geometry_msgs/include/geometry_msgs/geometry_msgs/msg/detail/inertia__rosidl_typesupport_introspection_cpp.hpp
[2.384s] -- Up-to-date: /ros2_ws/install/geometry_msgs/include/geometry_msgs/geometry_msgs/msg/detail/pose_array__rosidl_typesupport_introspection_cpp.hpp
[2.384s] -- Up-to-date: /ros2_ws/install/geometry_msgs/include/geometry_msgs/geometry_msgs/msg/detail/point_stamped__type_support.cpp
[2.385s] -- Up-to-date: /ros2_ws/install/geometry_msgs/include/geometry_msgs/geometry_msgs/msg/detail/pose_with_covariance_stamped__rosidl_typesupport_introspection_cpp.hpp
[2.385s] -- Up-to-date: /ros2_ws/install/geometry_msgs/include/geometry_msgs/geometry_msgs/msg/detail/vector3__rosidl_typesupport_introspection_cpp.hpp
[2.385s] -- Up-to-date: /ros2_ws/install/geometry_msgs/include/geometry_msgs/geometry_msgs/msg/detail/pose__type_support.cpp
[2.386s] -- Up-to-date: /ros2_ws/install/geometry_msgs/include/geometry_msgs/geometry_msgs/msg/detail/pose_stamped__type_support.cpp
[2.386s] -- Up-to-date: /ros2_ws/install/geometry_msgs/include/geometry_msgs/geometry_msgs/msg/detail/point32__type_support.cpp
[2.386s] -- Up-to-date: /ros2_ws/install/geometry_msgs/include/geometry_msgs/geometry_msgs/msg/detail/vector3_stamped__rosidl_typesupport_introspection_cpp.hpp
[2.387s] -- Up-to-date: /ros2_ws/install/geometry_msgs/include/geometry_msgs/geometry_msgs/msg/detail/twist_stamped__type_support.cpp
[2.387s] -- Up-to-date: /ros2_ws/install/geometry_msgs/include/geometry_msgs/geometry_msgs/msg/detail/vector3__type_support.cpp
[2.387s] -- Up-to-date: /ros2_ws/install/geometry_msgs/include/geometry_msgs/geometry_msgs/msg/detail/pose_with_covariance__rosidl_typesupport_introspection_cpp.hpp
[2.388s] -- Up-to-date: /ros2_ws/install/geometry_msgs/include/geometry_msgs/geometry_msgs/msg/detail/accel_with_covariance_stamped__rosidl_typesupport_introspection_cpp.hpp
[2.388s] -- Up-to-date: /ros2_ws/install/geometry_msgs/include/geometry_msgs/geometry_msgs/msg/detail/pose_with_covariance__type_support.cpp
[2.389s] -- Up-to-date: /ros2_ws/install/geometry_msgs/include/geometry_msgs/geometry_msgs/msg/detail/twist__type_support.cpp
[2.389s] -- Up-to-date: /ros2_ws/install/geometry_msgs/include/geometry_msgs/geometry_msgs/msg/detail/point__rosidl_typesupport_introspection_cpp.hpp
[2.390s] -- Up-to-date: /ros2_ws/install/geometry_msgs/include/geometry_msgs/geometry_msgs/msg/detail/pose_stamped__rosidl_typesupport_introspection_cpp.hpp
[2.390s] -- Up-to-date: /ros2_ws/install/geometry_msgs/include/geometry_msgs/geometry_msgs/msg/detail/transform__rosidl_typesupport_introspection_cpp.hpp
[2.390s] -- Up-to-date: /ros2_ws/install/geometry_msgs/include/geometry_msgs/geometry_msgs/msg/detail/inertia_stamped__rosidl_typesupport_introspection_cpp.hpp
[2.391s] -- Up-to-date: /ros2_ws/install/geometry_msgs/include/geometry_msgs/geometry_msgs/msg/detail/accel_stamped__rosidl_typesupport_introspection_cpp.hpp
[2.391s] -- Up-to-date: /ros2_ws/install/geometry_msgs/include/geometry_msgs/geometry_msgs/msg/detail/vector3_stamped__type_support.cpp
[2.391s] -- Up-to-date: /ros2_ws/install/geometry_msgs/include/geometry_msgs/geometry_msgs/msg/detail/twist_with_covariance__type_support.cpp
[2.391s] -- Up-to-date: /ros2_ws/install/geometry_msgs/include/geometry_msgs/geometry_msgs/msg/detail/twist__rosidl_typesupport_introspection_cpp.hpp
[2.392s] -- Up-to-date: /ros2_ws/install/geometry_msgs/include/geometry_msgs/geometry_msgs/msg/detail/accel_with_covariance__rosidl_typesupport_introspection_cpp.hpp
[2.392s] -- Up-to-date: /ros2_ws/install/geometry_msgs/include/geometry_msgs/geometry_msgs/msg/detail/pose__rosidl_typesupport_introspection_cpp.hpp
[2.392s] -- Up-to-date: /ros2_ws/install/geometry_msgs/include/geometry_msgs/geometry_msgs/msg/detail/twist_with_covariance_stamped__type_support.cpp
[2.393s] -- Up-to-date: /ros2_ws/install/geometry_msgs/include/geometry_msgs/geometry_msgs/msg/detail/pose2_d__type_support.cpp
[2.393s] -- Up-to-date: /ros2_ws/install/geometry_msgs/include/geometry_msgs/geometry_msgs/msg/detail/polygon_stamped__rosidl_typesupport_introspection_cpp.hpp
[2.393s] -- Up-to-date: /ros2_ws/install/geometry_msgs/include/geometry_msgs/geometry_msgs/msg/detail/wrench_stamped__type_support.cpp
[2.394s] -- Up-to-date: /ros2_ws/install/geometry_msgs/include/geometry_msgs/geometry_msgs/msg/detail/accel__rosidl_typesupport_introspection_cpp.hpp
[2.394s] -- Up-to-date: /ros2_ws/install/geometry_msgs/include/geometry_msgs/geometry_msgs/msg/detail/polygon__type_support.cpp
[2.394s] -- Up-to-date: /ros2_ws/install/geometry_msgs/include/geometry_msgs/geometry_msgs/msg/detail/polygon__rosidl_typesupport_introspection_cpp.hpp
[2.395s] -- Up-to-date: /ros2_ws/install/geometry_msgs/include/geometry_msgs/geometry_msgs/msg/detail/accel_stamped__type_support.cpp
[2.395s] -- Up-to-date: /ros2_ws/install/geometry_msgs/lib/libgeometry_msgs__rosidl_typesupport_introspection_cpp.so
[2.395s] -- Up-to-date: /ros2_ws/install/geometry_msgs/lib/libgeometry_msgs__rosidl_typesupport_cpp.so
[2.396s] -- Up-to-date: /ros2_ws/install/geometry_msgs/share/geometry_msgs/environment/pythonpath.sh
[2.396s] -- Up-to-date: /ros2_ws/install/geometry_msgs/share/geometry_msgs/environment/pythonpath.dsv
[2.396s] -- Up-to-date: /ros2_ws/install/geometry_msgs/local/lib/python3.10/dist-packages/geometry_msgs-2.0.5-py3.10.egg-info
[2.397s] -- Installing: /ros2_ws/install/geometry_msgs/local/lib/python3.10/dist-packages/geometry_msgs-2.0.5-py3.10.egg-info/SOURCES.txt
[2.397s] -- Installing: /ros2_ws/install/geometry_msgs/local/lib/python3.10/dist-packages/geometry_msgs-2.0.5-py3.10.egg-info/dependency_links.txt
[2.397s] -- Installing: /ros2_ws/install/geometry_msgs/local/lib/python3.10/dist-packages/geometry_msgs-2.0.5-py3.10.egg-info/top_level.txt
[2.398s] -- Installing: /ros2_ws/install/geometry_msgs/local/lib/python3.10/dist-packages/geometry_msgs-2.0.5-py3.10.egg-info/PKG-INFO
[2.398s] -- Up-to-date: /ros2_ws/install/geometry_msgs/local/lib/python3.10/dist-packages/geometry_msgs
[2.398s] -- Up-to-date: /ros2_ws/install/geometry_msgs/local/lib/python3.10/dist-packages/geometry_msgs/geometry_msgs_s__rosidl_typesupport_fastrtps_c.cpython-310-aarch64-linux-gnu.so
[2.399s] -- Up-to-date: /ros2_ws/install/geometry_msgs/local/lib/python3.10/dist-packages/geometry_msgs/__init__.py
[2.399s] -- Up-to-date: /ros2_ws/install/geometry_msgs/local/lib/python3.10/dist-packages/geometry_msgs/libgeometry_msgs__rosidl_generator_py.so
[2.399s] -- Up-to-date: /ros2_ws/install/geometry_msgs/local/lib/python3.10/dist-packages/geometry_msgs/geometry_msgs_s__rosidl_typesupport_introspection_c.cpython-310-aarch64-linux-gnu.so
[2.400s] -- Up-to-date: /ros2_ws/install/geometry_msgs/local/lib/python3.10/dist-packages/geometry_msgs/_geometry_msgs_s.ep.rosidl_typesupport_fastrtps_c.c
[2.400s] -- Up-to-date: /ros2_ws/install/geometry_msgs/local/lib/python3.10/dist-packages/geometry_msgs/msg
[2.400s] -- Up-to-date: /ros2_ws/install/geometry_msgs/local/lib/python3.10/dist-packages/geometry_msgs/msg/_pose_s.c
[2.400s] -- Up-to-date: /ros2_ws/install/geometry_msgs/local/lib/python3.10/dist-packages/geometry_msgs/msg/_vector3.py
[2.401s] -- Up-to-date: /ros2_ws/install/geometry_msgs/local/lib/python3.10/dist-packages/geometry_msgs/msg/_accel_with_covariance_stamped.py
[2.401s] -- Up-to-date: /ros2_ws/install/geometry_msgs/local/lib/python3.10/dist-packages/geometry_msgs/msg/_pose_array.py
[2.401s] -- Up-to-date: /ros2_ws/install/geometry_msgs/local/lib/python3.10/dist-packages/geometry_msgs/msg/_wrench.py
[2.402s] -- Up-to-date: /ros2_ws/install/geometry_msgs/local/lib/python3.10/dist-packages/geometry_msgs/msg/_twist_with_covariance_stamped.py
[2.402s] -- Up-to-date: /ros2_ws/install/geometry_msgs/local/lib/python3.10/dist-packages/geometry_msgs/msg/_vector3_stamped.py
[2.402s] -- Up-to-date: /ros2_ws/install/geometry_msgs/local/lib/python3.10/dist-packages/geometry_msgs/msg/_transform.py
[2.403s] -- Up-to-date: /ros2_ws/install/geometry_msgs/local/lib/python3.10/dist-packages/geometry_msgs/msg/_wrench_s.c
[2.403s] -- Up-to-date: /ros2_ws/install/geometry_msgs/local/lib/python3.10/dist-packages/geometry_msgs/msg/_wrench_stamped_s.c
[2.403s] -- Up-to-date: /ros2_ws/install/geometry_msgs/local/lib/python3.10/dist-packages/geometry_msgs/msg/__init__.py
[2.404s] -- Up-to-date: /ros2_ws/install/geometry_msgs/local/lib/python3.10/dist-packages/geometry_msgs/msg/_pose.py
[2.404s] -- Up-to-date: /ros2_ws/install/geometry_msgs/local/lib/python3.10/dist-packages/geometry_msgs/msg/_vector3_stamped_s.c
[2.404s] -- Up-to-date: /ros2_ws/install/geometry_msgs/local/lib/python3.10/dist-packages/geometry_msgs/msg/_point.py
[2.405s] -- Up-to-date: /ros2_ws/install/geometry_msgs/local/lib/python3.10/dist-packages/geometry_msgs/msg/_quaternion.py
[2.405s] -- Up-to-date: /ros2_ws/install/geometry_msgs/local/lib/python3.10/dist-packages/geometry_msgs/msg/_twist.py
[2.405s] -- Up-to-date: /ros2_ws/install/geometry_msgs/local/lib/python3.10/dist-packages/geometry_msgs/msg/_pose_array_s.c
[2.406s] -- Up-to-date: /ros2_ws/install/geometry_msgs/local/lib/python3.10/dist-packages/geometry_msgs/msg/_accel_stamped.py
[2.406s] -- Up-to-date: /ros2_ws/install/geometry_msgs/local/lib/python3.10/dist-packages/geometry_msgs/msg/_inertia_stamped_s.c
[2.406s] -- Up-to-date: /ros2_ws/install/geometry_msgs/local/lib/python3.10/dist-packages/geometry_msgs/msg/_point32.py
[2.407s] -- Up-to-date: /ros2_ws/install/geometry_msgs/local/lib/python3.10/dist-packages/geometry_msgs/msg/_transform_stamped_s.c
[2.407s] -- Up-to-date: /ros2_ws/install/geometry_msgs/local/lib/python3.10/dist-packages/geometry_msgs/msg/_transform_stamped.py
[2.407s] -- Up-to-date: /ros2_ws/install/geometry_msgs/local/lib/python3.10/dist-packages/geometry_msgs/msg/_pose_stamped.py
[2.407s] -- Up-to-date: /ros2_ws/install/geometry_msgs/local/lib/python3.10/dist-packages/geometry_msgs/msg/_accel_with_covariance_s.c
[2.408s] -- Up-to-date: /ros2_ws/install/geometry_msgs/local/lib/python3.10/dist-packages/geometry_msgs/msg/_twist_s.c
[2.408s] -- Up-to-date: /ros2_ws/install/geometry_msgs/local/lib/python3.10/dist-packages/geometry_msgs/msg/_inertia.py
[2.408s] -- Up-to-date: /ros2_ws/install/geometry_msgs/local/lib/python3.10/dist-packages/geometry_msgs/msg/_pose_with_covariance_stamped.py
[2.409s] -- Up-to-date: /ros2_ws/install/geometry_msgs/local/lib/python3.10/dist-packages/geometry_msgs/msg/_quaternion_s.c
[2.409s] -- Up-to-date: /ros2_ws/install/geometry_msgs/local/lib/python3.10/dist-packages/geometry_msgs/msg/_twist_stamped.py
[2.409s] -- Up-to-date: /ros2_ws/install/geometry_msgs/local/lib/python3.10/dist-packages/geometry_msgs/msg/_pose_with_covariance.py
[2.410s] -- Up-to-date: /ros2_ws/install/geometry_msgs/local/lib/python3.10/dist-packages/geometry_msgs/msg/_accel_s.c
[2.410s] -- Up-to-date: /ros2_ws/install/geometry_msgs/local/lib/python3.10/dist-packages/geometry_msgs/msg/_polygon_stamped_s.c
[2.410s] -- Up-to-date: /ros2_ws/install/geometry_msgs/local/lib/python3.10/dist-packages/geometry_msgs/msg/_pose_with_covariance_stamped_s.c
[2.411s] -- Up-to-date: /ros2_ws/install/geometry_msgs/local/lib/python3.10/dist-packages/geometry_msgs/msg/_quaternion_stamped.py
[2.411s] -- Up-to-date: /ros2_ws/install/geometry_msgs/local/lib/python3.10/dist-packages/geometry_msgs/msg/_polygon_stamped.py
[2.411s] -- Up-to-date: /ros2_ws/install/geometry_msgs/local/lib/python3.10/dist-packages/geometry_msgs/msg/_inertia_stamped.py
[2.412s] -- Up-to-date: /ros2_ws/install/geometry_msgs/local/lib/python3.10/dist-packages/geometry_msgs/msg/_twist_stamped_s.c
[2.412s] -- Up-to-date: /ros2_ws/install/geometry_msgs/local/lib/python3.10/dist-packages/geometry_msgs/msg/_quaternion_stamped_s.c
[2.412s] -- Up-to-date: /ros2_ws/install/geometry_msgs/local/lib/python3.10/dist-packages/geometry_msgs/msg/_wrench_stamped.py
[2.413s] -- Up-to-date: /ros2_ws/install/geometry_msgs/local/lib/python3.10/dist-packages/geometry_msgs/msg/_accel_with_covariance.py
[2.413s] -- Up-to-date: /ros2_ws/install/geometry_msgs/local/lib/python3.10/dist-packages/geometry_msgs/msg/_pose2_d_s.c
[2.413s] -- Up-to-date: /ros2_ws/install/geometry_msgs/local/lib/python3.10/dist-packages/geometry_msgs/msg/_accel.py
[2.414s] -- Up-to-date: /ros2_ws/install/geometry_msgs/local/lib/python3.10/dist-packages/geometry_msgs/msg/_point_s.c
[2.414s] -- Up-to-date: /ros2_ws/install/geometry_msgs/local/lib/python3.10/dist-packages/geometry_msgs/msg/_twist_with_covariance_stamped_s.c
[2.414s] -- Up-to-date: /ros2_ws/install/geometry_msgs/local/lib/python3.10/dist-packages/geometry_msgs/msg/_pose_with_covariance_s.c
[2.415s] -- Up-to-date: /ros2_ws/install/geometry_msgs/local/lib/python3.10/dist-packages/geometry_msgs/msg/_accel_stamped_s.c
[2.415s] -- Up-to-date: /ros2_ws/install/geometry_msgs/local/lib/python3.10/dist-packages/geometry_msgs/msg/_twist_with_covariance.py
[2.415s] -- Up-to-date: /ros2_ws/install/geometry_msgs/local/lib/python3.10/dist-packages/geometry_msgs/msg/_polygon_s.c
[2.416s] -- Up-to-date: /ros2_ws/install/geometry_msgs/local/lib/python3.10/dist-packages/geometry_msgs/msg/_point_stamped_s.c
[2.416s] -- Up-to-date: /ros2_ws/install/geometry_msgs/local/lib/python3.10/dist-packages/geometry_msgs/msg/_pose_stamped_s.c
[2.416s] -- Up-to-date: /ros2_ws/install/geometry_msgs/local/lib/python3.10/dist-packages/geometry_msgs/msg/_point32_s.c
[2.416s] -- Up-to-date: /ros2_ws/install/geometry_msgs/local/lib/python3.10/dist-packages/geometry_msgs/msg/_transform_s.c
[2.417s] -- Up-to-date: /ros2_ws/install/geometry_msgs/local/lib/python3.10/dist-packages/geometry_msgs/msg/_twist_with_covariance_s.c
[2.417s] -- Up-to-date: /ros2_ws/install/geometry_msgs/local/lib/python3.10/dist-packages/geometry_msgs/msg/_pose2_d.py
[2.417s] -- Up-to-date: /ros2_ws/install/geometry_msgs/local/lib/python3.10/dist-packages/geometry_msgs/msg/_point_stamped.py
[2.418s] -- Up-to-date: /ros2_ws/install/geometry_msgs/local/lib/python3.10/dist-packages/geometry_msgs/msg/_polygon.py
[2.418s] -- Up-to-date: /ros2_ws/install/geometry_msgs/local/lib/python3.10/dist-packages/geometry_msgs/msg/_vector3_s.c
[2.418s] -- Up-to-date: /ros2_ws/install/geometry_msgs/local/lib/python3.10/dist-packages/geometry_msgs/msg/_inertia_s.c
[2.419s] -- Up-to-date: /ros2_ws/install/geometry_msgs/local/lib/python3.10/dist-packages/geometry_msgs/msg/_accel_with_covariance_stamped_s.c
[2.419s] -- Up-to-date: /ros2_ws/install/geometry_msgs/local/lib/python3.10/dist-packages/geometry_msgs/geometry_msgs_s__rosidl_typesupport_c.cpython-310-aarch64-linux-gnu.so
[2.419s] -- Up-to-date: /ros2_ws/install/geometry_msgs/local/lib/python3.10/dist-packages/geometry_msgs/_geometry_msgs_s.ep.rosidl_typesupport_introspection_c.c
[2.420s] -- Up-to-date: /ros2_ws/install/geometry_msgs/local/lib/python3.10/dist-packages/geometry_msgs/_geometry_msgs_s.ep.rosidl_typesupport_c.c
[2.456s] Listing '/ros2_ws/install/geometry_msgs/local/lib/python3.10/dist-packages/geometry_msgs'...
[2.457s] Listing '/ros2_ws/install/geometry_msgs/local/lib/python3.10/dist-packages/geometry_msgs/msg'...
[2.480s] -- Up-to-date: /ros2_ws/install/geometry_msgs/local/lib/python3.10/dist-packages/geometry_msgs/geometry_msgs_s__rosidl_typesupport_fastrtps_c.cpython-310-aarch64-linux-gnu.so
[2.482s] -- Up-to-date: /ros2_ws/install/geometry_msgs/local/lib/python3.10/dist-packages/geometry_msgs/geometry_msgs_s__rosidl_typesupport_introspection_c.cpython-310-aarch64-linux-gnu.so
[2.485s] -- Up-to-date: /ros2_ws/install/geometry_msgs/local/lib/python3.10/dist-packages/geometry_msgs/geometry_msgs_s__rosidl_typesupport_c.cpython-310-aarch64-linux-gnu.so
[2.488s] -- Up-to-date: /ros2_ws/install/geometry_msgs/lib/libgeometry_msgs__rosidl_generator_py.so
[2.490s] -- Up-to-date: /ros2_ws/install/geometry_msgs/share/ament_index/resource_index/rust_packages/geometry_msgs
[2.490s] -- Up-to-date: /ros2_ws/install/geometry_msgs/share/geometry_msgs/rust
[2.491s] -- Up-to-date: /ros2_ws/install/geometry_msgs/share/geometry_msgs/rust/src
[2.491s] -- Up-to-date: /ros2_ws/install/geometry_msgs/share/geometry_msgs/rust/src/msg
[2.491s] -- Up-to-date: /ros2_ws/install/geometry_msgs/share/geometry_msgs/rust/src/msg/rmw.rs
[2.492s] -- Up-to-date: /ros2_ws/install/geometry_msgs/share/geometry_msgs/rust/src/msg.rs
[2.492s] -- Up-to-date: /ros2_ws/install/geometry_msgs/share/geometry_msgs/rust/src/lib.rs
[2.493s] -- Up-to-date: /ros2_ws/install/geometry_msgs/share/geometry_msgs/rust/Cargo.toml
[2.493s] -- Up-to-date: /ros2_ws/install/geometry_msgs/share/geometry_msgs/rust/build.rs
[2.493s] -- Up-to-date: /ros2_ws/install/geometry_msgs/share/geometry_msgs/msg/Accel.idl
[2.494s] -- Up-to-date: /ros2_ws/install/geometry_msgs/share/geometry_msgs/msg/AccelStamped.idl
[2.494s] -- Up-to-date: /ros2_ws/install/geometry_msgs/share/geometry_msgs/msg/AccelWithCovariance.idl
[2.495s] -- Up-to-date: /ros2_ws/install/geometry_msgs/share/geometry_msgs/msg/AccelWithCovarianceStamped.idl
[2.495s] -- Up-to-date: /ros2_ws/install/geometry_msgs/share/geometry_msgs/msg/Inertia.idl
[2.495s] -- Up-to-date: /ros2_ws/install/geometry_msgs/share/geometry_msgs/msg/InertiaStamped.idl
[2.496s] -- Up-to-date: /ros2_ws/install/geometry_msgs/share/geometry_msgs/msg/Point.idl
[2.496s] -- Up-to-date: /ros2_ws/install/geometry_msgs/share/geometry_msgs/msg/Point32.idl
[2.496s] -- Up-to-date: /ros2_ws/install/geometry_msgs/share/geometry_msgs/msg/PointStamped.idl
[2.497s] -- Up-to-date: /ros2_ws/install/geometry_msgs/share/geometry_msgs/msg/Polygon.idl
[2.497s] -- Up-to-date: /ros2_ws/install/geometry_msgs/share/geometry_msgs/msg/PolygonStamped.idl
[2.498s] -- Up-to-date: /ros2_ws/install/geometry_msgs/share/geometry_msgs/msg/Pose.idl
[2.498s] -- Up-to-date: /ros2_ws/install/geometry_msgs/share/geometry_msgs/msg/Pose2D.idl
[2.499s] -- Up-to-date: /ros2_ws/install/geometry_msgs/share/geometry_msgs/msg/PoseArray.idl
[2.499s] -- Up-to-date: /ros2_ws/install/geometry_msgs/share/geometry_msgs/msg/PoseStamped.idl
[2.499s] -- Up-to-date: /ros2_ws/install/geometry_msgs/share/geometry_msgs/msg/PoseWithCovariance.idl
[2.500s] -- Up-to-date: /ros2_ws/install/geometry_msgs/share/geometry_msgs/msg/PoseWithCovarianceStamped.idl
[2.500s] -- Up-to-date: /ros2_ws/install/geometry_msgs/share/geometry_msgs/msg/Quaternion.idl
[2.500s] -- Up-to-date: /ros2_ws/install/geometry_msgs/share/geometry_msgs/msg/QuaternionStamped.idl
[2.501s] -- Up-to-date: /ros2_ws/install/geometry_msgs/share/geometry_msgs/msg/Transform.idl
[2.501s] -- Up-to-date: /ros2_ws/install/geometry_msgs/share/geometry_msgs/msg/TransformStamped.idl
[2.502s] -- Up-to-date: /ros2_ws/install/geometry_msgs/share/geometry_msgs/msg/Twist.idl
[2.502s] -- Up-to-date: /ros2_ws/install/geometry_msgs/share/geometry_msgs/msg/TwistStamped.idl
[2.502s] -- Up-to-date: /ros2_ws/install/geometry_msgs/share/geometry_msgs/msg/TwistWithCovariance.idl
[2.503s] -- Up-to-date: /ros2_ws/install/geometry_msgs/share/geometry_msgs/msg/TwistWithCovarianceStamped.idl
[2.503s] -- Up-to-date: /ros2_ws/install/geometry_msgs/share/geometry_msgs/msg/Vector3.idl
[2.503s] -- Up-to-date: /ros2_ws/install/geometry_msgs/share/geometry_msgs/msg/Vector3Stamped.idl
[2.504s] -- Up-to-date: /ros2_ws/install/geometry_msgs/share/geometry_msgs/msg/Wrench.idl
[2.504s] -- Up-to-date: /ros2_ws/install/geometry_msgs/share/geometry_msgs/msg/WrenchStamped.idl
[2.505s] -- Up-to-date: /ros2_ws/install/geometry_msgs/share/geometry_msgs/msg/Accel.msg
[2.505s] -- Up-to-date: /ros2_ws/install/geometry_msgs/share/geometry_msgs/msg/AccelStamped.msg
[2.505s] -- Up-to-date: /ros2_ws/install/geometry_msgs/share/geometry_msgs/msg/AccelWithCovariance.msg
[2.506s] -- Up-to-date: /ros2_ws/install/geometry_msgs/share/geometry_msgs/msg/AccelWithCovarianceStamped.msg
[2.506s] -- Up-to-date: /ros2_ws/install/geometry_msgs/share/geometry_msgs/msg/Inertia.msg
[2.507s] -- Up-to-date: /ros2_ws/install/geometry_msgs/share/geometry_msgs/msg/InertiaStamped.msg
[2.507s] -- Up-to-date: /ros2_ws/install/geometry_msgs/share/geometry_msgs/msg/Point.msg
[2.507s] -- Up-to-date: /ros2_ws/install/geometry_msgs/share/geometry_msgs/msg/Point32.msg
[2.508s] -- Up-to-date: /ros2_ws/install/geometry_msgs/share/geometry_msgs/msg/PointStamped.msg
[2.508s] -- Up-to-date: /ros2_ws/install/geometry_msgs/share/geometry_msgs/msg/Polygon.msg
[2.509s] -- Up-to-date: /ros2_ws/install/geometry_msgs/share/geometry_msgs/msg/PolygonStamped.msg
[2.509s] -- Up-to-date: /ros2_ws/install/geometry_msgs/share/geometry_msgs/msg/Pose.msg
[2.510s] -- Up-to-date: /ros2_ws/install/geometry_msgs/share/geometry_msgs/msg/Pose2D.msg
[2.510s] -- Up-to-date: /ros2_ws/install/geometry_msgs/share/geometry_msgs/msg/PoseArray.msg
[2.510s] -- Up-to-date: /ros2_ws/install/geometry_msgs/share/geometry_msgs/msg/PoseStamped.msg
[2.511s] -- Up-to-date: /ros2_ws/install/geometry_msgs/share/geometry_msgs/msg/PoseWithCovariance.msg
[2.511s] -- Up-to-date: /ros2_ws/install/geometry_msgs/share/geometry_msgs/msg/PoseWithCovarianceStamped.msg
[2.511s] -- Up-to-date: /ros2_ws/install/geometry_msgs/share/geometry_msgs/msg/Quaternion.msg
[2.512s] -- Up-to-date: /ros2_ws/install/geometry_msgs/share/geometry_msgs/msg/QuaternionStamped.msg
[2.512s] -- Up-to-date: /ros2_ws/install/geometry_msgs/share/geometry_msgs/msg/Transform.msg
[2.513s] -- Up-to-date: /ros2_ws/install/geometry_msgs/share/geometry_msgs/msg/TransformStamped.msg
[2.513s] -- Up-to-date: /ros2_ws/install/geometry_msgs/share/geometry_msgs/msg/Twist.msg
[2.513s] -- Up-to-date: /ros2_ws/install/geometry_msgs/share/geometry_msgs/msg/TwistStamped.msg
[2.514s] -- Up-to-date: /ros2_ws/install/geometry_msgs/share/geometry_msgs/msg/TwistWithCovariance.msg
[2.514s] -- Up-to-date: /ros2_ws/install/geometry_msgs/share/geometry_msgs/msg/TwistWithCovarianceStamped.msg
[2.514s] -- Up-to-date: /ros2_ws/install/geometry_msgs/share/geometry_msgs/msg/Vector3.msg
[2.515s] -- Up-to-date: /ros2_ws/install/geometry_msgs/share/geometry_msgs/msg/Vector3Stamped.msg
[2.515s] -- Up-to-date: /ros2_ws/install/geometry_msgs/share/geometry_msgs/msg/Wrench.msg
[2.515s] -- Up-to-date: /ros2_ws/install/geometry_msgs/share/geometry_msgs/msg/WrenchStamped.msg
[2.516s] -- Up-to-date: /ros2_ws/install/geometry_msgs/share/ament_index/resource_index/package_run_dependencies/geometry_msgs
[2.516s] -- Up-to-date: /ros2_ws/install/geometry_msgs/share/ament_index/resource_index/parent_prefix_path/geometry_msgs
[2.516s] -- Up-to-date: /ros2_ws/install/geometry_msgs/share/geometry_msgs/environment/ament_prefix_path.sh
[2.517s] -- Up-to-date: /ros2_ws/install/geometry_msgs/share/geometry_msgs/environment/ament_prefix_path.dsv
[2.517s] -- Up-to-date: /ros2_ws/install/geometry_msgs/share/geometry_msgs/environment/path.sh
[2.517s] -- Up-to-date: /ros2_ws/install/geometry_msgs/share/geometry_msgs/environment/path.dsv
[2.518s] -- Up-to-date: /ros2_ws/install/geometry_msgs/share/geometry_msgs/local_setup.bash
[2.518s] -- Up-to-date: /ros2_ws/install/geometry_msgs/share/geometry_msgs/local_setup.sh
[2.518s] -- Up-to-date: /ros2_ws/install/geometry_msgs/share/geometry_msgs/local_setup.zsh
[2.519s] -- Up-to-date: /ros2_ws/install/geometry_msgs/share/geometry_msgs/local_setup.dsv
[2.519s] -- Installing: /ros2_ws/install/geometry_msgs/share/geometry_msgs/package.dsv
[2.519s] -- Up-to-date: /ros2_ws/install/geometry_msgs/share/ament_index/resource_index/packages/geometry_msgs
[2.520s] -- Up-to-date: /ros2_ws/install/geometry_msgs/share/geometry_msgs/cmake/export_geometry_msgs__rosidl_generator_cExport.cmake
[2.520s] -- Up-to-date: /ros2_ws/install/geometry_msgs/share/geometry_msgs/cmake/export_geometry_msgs__rosidl_generator_cExport-noconfig.cmake
[2.520s] -- Up-to-date: /ros2_ws/install/geometry_msgs/share/geometry_msgs/cmake/export_geometry_msgs__rosidl_typesupport_fastrtps_cExport.cmake
[2.521s] -- Up-to-date: /ros2_ws/install/geometry_msgs/share/geometry_msgs/cmake/export_geometry_msgs__rosidl_typesupport_fastrtps_cExport-noconfig.cmake
[2.521s] -- Up-to-date: /ros2_ws/install/geometry_msgs/share/geometry_msgs/cmake/geometry_msgs__rosidl_typesupport_introspection_cExport.cmake
[2.522s] -- Up-to-date: /ros2_ws/install/geometry_msgs/share/geometry_msgs/cmake/geometry_msgs__rosidl_typesupport_introspection_cExport-noconfig.cmake
[2.523s] -- Up-to-date: /ros2_ws/install/geometry_msgs/share/geometry_msgs/cmake/geometry_msgs__rosidl_typesupport_cExport.cmake
[2.523s] -- Up-to-date: /ros2_ws/install/geometry_msgs/share/geometry_msgs/cmake/geometry_msgs__rosidl_typesupport_cExport-noconfig.cmake
[2.524s] -- Up-to-date: /ros2_ws/install/geometry_msgs/share/geometry_msgs/cmake/export_geometry_msgs__rosidl_generator_cppExport.cmake
[2.526s] -- Up-to-date: /ros2_ws/install/geometry_msgs/share/geometry_msgs/cmake/export_geometry_msgs__rosidl_typesupport_fastrtps_cppExport.cmake
[2.526s] -- Up-to-date: /ros2_ws/install/geometry_msgs/share/geometry_msgs/cmake/export_geometry_msgs__rosidl_typesupport_fastrtps_cppExport-noconfig.cmake
[2.528s] -- Up-to-date: /ros2_ws/install/geometry_msgs/share/geometry_msgs/cmake/geometry_msgs__rosidl_typesupport_introspection_cppExport.cmake
[2.528s] -- Up-to-date: /ros2_ws/install/geometry_msgs/share/geometry_msgs/cmake/geometry_msgs__rosidl_typesupport_introspection_cppExport-noconfig.cmake
[2.529s] -- Up-to-date: /ros2_ws/install/geometry_msgs/share/geometry_msgs/cmake/geometry_msgs__rosidl_typesupport_cppExport.cmake
[2.530s] -- Up-to-date: /ros2_ws/install/geometry_msgs/share/geometry_msgs/cmake/geometry_msgs__rosidl_typesupport_cppExport-noconfig.cmake
[2.531s] -- Up-to-date: /ros2_ws/install/geometry_msgs/share/geometry_msgs/cmake/export_geometry_msgs__rosidl_generator_pyExport.cmake
[2.532s] -- Up-to-date: /ros2_ws/install/geometry_msgs/share/geometry_msgs/cmake/export_geometry_msgs__rosidl_generator_pyExport-noconfig.cmake
[2.532s] -- Up-to-date: /ros2_ws/install/geometry_msgs/share/geometry_msgs/cmake/rosidl_cmake-extras.cmake
[2.532s] -- Up-to-date: /ros2_ws/install/geometry_msgs/share/geometry_msgs/cmake/ament_cmake_export_dependencies-extras.cmake
[2.533s] -- Up-to-date: /ros2_ws/install/geometry_msgs/share/geometry_msgs/cmake/ament_cmake_export_include_directories-extras.cmake
[2.533s] -- Up-to-date: /ros2_ws/install/geometry_msgs/share/geometry_msgs/cmake/ament_cmake_export_libraries-extras.cmake
[2.534s] -- Up-to-date: /ros2_ws/install/geometry_msgs/share/geometry_msgs/cmake/ament_cmake_export_targets-extras.cmake
[2.534s] -- Up-to-date: /ros2_ws/install/geometry_msgs/share/geometry_msgs/cmake/rosidl_cmake_export_typesupport_targets-extras.cmake
[2.534s] -- Up-to-date: /ros2_ws/install/geometry_msgs/share/geometry_msgs/cmake/rosidl_cmake_export_typesupport_libraries-extras.cmake
[2.535s] -- Up-to-date: /ros2_ws/install/geometry_msgs/share/geometry_msgs/cmake/geometry_msgsConfig.cmake
[2.535s] -- Up-to-date: /ros2_ws/install/geometry_msgs/share/geometry_msgs/cmake/geometry_msgsConfig-version.cmake
[2.535s] -- Up-to-date: /ros2_ws/install/geometry_msgs/share/geometry_msgs/package.xml
[2.544s] Invoked command in '/ros2_ws/build/geometry_msgs' returned '0': AMENT_PREFIX_PATH=/ros2_ws/install/std_msgs:${AMENT_PREFIX_PATH} CMAKE_PREFIX_PATH=/ros2_ws/install/std_msgs:/opt/ros/humble LD_LIBRARY_PATH=/ros2_ws/install/std_msgs/lib:${LD_LIBRARY_PATH} PYTHONPATH=/ros2_ws/install/std_msgs/local/lib/python3.10/dist-packages:${PYTHONPATH} /usr/bin/cmake --install /ros2_ws/build/geometry_msgs
