[0.125s] Invoking command in '/ros2_ws/build/depthai_descriptions': CMAKE_PREFIX_PATH=/opt/ros/humble /usr/bin/cmake --build /ros2_ws/build/depthai_descriptions -- -j4 -l4
[0.626s] Invoked command in '/ros2_ws/build/depthai_descriptions' returned '0': CMAKE_PREFIX_PATH=/opt/ros/humble /usr/bin/cmake --build /ros2_ws/build/depthai_descriptions -- -j4 -l4
[0.680s] Invoking command in '/ros2_ws/build/depthai_descriptions': CMAKE_PREFIX_PATH=/opt/ros/humble /usr/bin/cmake --install /ros2_ws/build/depthai_descriptions
[0.764s] -- Install configuration: ""
[0.780s] -- Up-to-date: /ros2_ws/install/depthai_descriptions/share/depthai_descriptions/launch
[0.782s] -- Up-to-date: /ros2_ws/install/depthai_descriptions/share/depthai_descriptions/launch/urdf_launch.py
[0.783s] -- Up-to-date: /ros2_ws/install/depthai_descriptions/share/depthai_descriptions/urdf
[0.786s] -- Up-to-date: /ros2_ws/install/depthai_descriptions/share/depthai_descriptions/urdf/depthai_descr.urdf.xacro
[0.787s] -- Up-to-date: /ros2_ws/install/depthai_descriptions/share/depthai_descriptions/urdf/models
[0.789s] -- Up-to-date: /ros2_ws/install/depthai_descriptions/share/depthai_descriptions/urdf/models/OAK-D-S2.stl
[0.790s] -- Up-to-date: /ros2_ws/install/depthai_descriptions/share/depthai_descriptions/urdf/models/OAK-D-PRO.stl
[0.791s] -- Up-to-date: /ros2_ws/install/depthai_descriptions/share/depthai_descriptions/urdf/models/OAK-D-IOT-75.stl
[0.792s] -- Up-to-date: /ros2_ws/install/depthai_descriptions/share/depthai_descriptions/urdf/models/OAK-D-LITE.stl
[0.793s] -- Up-to-date: /ros2_ws/install/depthai_descriptions/share/depthai_descriptions/urdf/models/OAK-D-POE.stl
[0.794s] -- Up-to-date: /ros2_ws/install/depthai_descriptions/share/depthai_descriptions/urdf/models/OAK-D-CM4-POE.stl
[0.795s] -- Up-to-date: /ros2_ws/install/depthai_descriptions/share/depthai_descriptions/urdf/models/OAK-D.stl
[0.796s] -- Up-to-date: /ros2_ws/install/depthai_descriptions/share/depthai_descriptions/urdf/include
[0.796s] -- Up-to-date: /ros2_ws/install/depthai_descriptions/share/depthai_descriptions/urdf/include/depthai_macro.urdf.xacro
[0.797s] -- Up-to-date: /ros2_ws/install/depthai_descriptions/share/ament_index/resource_index/package_run_dependencies/depthai_descriptions
[0.798s] -- Up-to-date: /ros2_ws/install/depthai_descriptions/share/ament_index/resource_index/parent_prefix_path/depthai_descriptions
[0.799s] -- Up-to-date: /ros2_ws/install/depthai_descriptions/share/depthai_descriptions/environment/ament_prefix_path.sh
[0.800s] -- Up-to-date: /ros2_ws/install/depthai_descriptions/share/depthai_descriptions/environment/ament_prefix_path.dsv
[0.800s] -- Up-to-date: /ros2_ws/install/depthai_descriptions/share/depthai_descriptions/environment/path.sh
[0.801s] -- Up-to-date: /ros2_ws/install/depthai_descriptions/share/depthai_descriptions/environment/path.dsv
[0.801s] -- Up-to-date: /ros2_ws/install/depthai_descriptions/share/depthai_descriptions/local_setup.bash
[0.802s] -- Up-to-date: /ros2_ws/install/depthai_descriptions/share/depthai_descriptions/local_setup.sh
[0.802s] -- Up-to-date: /ros2_ws/install/depthai_descriptions/share/depthai_descriptions/local_setup.zsh
[0.803s] -- Up-to-date: /ros2_ws/install/depthai_descriptions/share/depthai_descriptions/local_setup.dsv
[0.819s] -- Up-to-date: /ros2_ws/install/depthai_descriptions/share/depthai_descriptions/package.dsv
[0.820s] -- Up-to-date: /ros2_ws/install/depthai_descriptions/share/ament_index/resource_index/packages/depthai_descriptions
[0.820s] -- Up-to-date: /ros2_ws/install/depthai_descriptions/share/depthai_descriptions/cmake/depthai_descriptionsConfig.cmake
[0.821s] -- Up-to-date: /ros2_ws/install/depthai_descriptions/share/depthai_descriptions/cmake/depthai_descriptionsConfig-version.cmake
[0.821s] -- Up-to-date: /ros2_ws/install/depthai_descriptions/share/depthai_descriptions/package.xml
[0.822s] Invoked command in '/ros2_ws/build/depthai_descriptions' returned '0': CMAKE_PREFIX_PATH=/opt/ros/humble /usr/bin/cmake --install /ros2_ws/build/depthai_descriptions
