[0.074s] Invoking command in '/ros2_ws/build/sllidar_ros2': AMENT_PREFIX_PATH=/ros2_ws/install/sensor_msgs:/ros2_ws/install/geometry_msgs:/ros2_ws/install/std_srvs:/ros2_ws/install/std_msgs:${AMENT_PREFIX_PATH} CMAKE_PREFIX_PATH=/ros2_ws/install/sensor_msgs:/ros2_ws/install/geometry_msgs:/ros2_ws/install/std_srvs:/ros2_ws/install/std_msgs:/opt/ros/humble LD_LIBRARY_PATH=/ros2_ws/install/sensor_msgs/lib:/ros2_ws/install/geometry_msgs/lib:/ros2_ws/install/std_srvs/lib:/ros2_ws/install/std_msgs/lib:${LD_LIBRARY_PATH} PYTHONPATH=/ros2_ws/install/sensor_msgs/local/lib/python3.10/dist-packages:/ros2_ws/install/geometry_msgs/local/lib/python3.10/dist-packages:/ros2_ws/install/std_srvs/local/lib/python3.10/dist-packages:/ros2_ws/install/std_msgs/local/lib/python3.10/dist-packages:${PYTHONPATH} /usr/bin/cmake /ros2_ws/sllidar_ros2 -DCMAKE_INSTALL_PREFIX=/ros2_ws/install/sllidar_ros2
[0.292s] -- The C compiler identification is GNU 11.4.0
[0.499s] -- The CXX compiler identification is GNU 11.4.0
[0.523s] -- Detecting C compiler ABI info
[0.808s] -- Detecting C compiler ABI info - done
[0.843s] -- Check for working C compiler: /usr/bin/cc - skipped
[0.845s] -- Detecting C compile features
[0.847s] -- Detecting C compile features - done
[0.859s] -- Detecting CXX compiler ABI info
[1.149s] -- Detecting CXX compiler ABI info - done
[1.194s] -- Check for working CXX compiler: /usr/bin/c++ - skipped
[1.196s] -- Detecting CXX compile features
[1.197s] -- Detecting CXX compile features - done
[1.213s] -- Found ament_cmake: 1.3.14 (/opt/ros/humble/share/ament_cmake/cmake)
[1.819s] -- Found Python3: /usr/bin/python3 (found version "3.10.12") found components: Interpreter 
[2.303s] -- Found rclcpp: 16.0.19 (/opt/ros/humble/share/rclcpp/cmake)
[2.532s] -- Found rosidl_generator_c: 3.1.8 (/opt/ros/humble/share/rosidl_generator_c/cmake)
[2.562s] -- Found rosidl_adapter: 3.1.8 (/opt/ros/humble/share/rosidl_adapter/cmake)
[2.606s] -- Found rosidl_generator_cpp: 3.1.8 (/opt/ros/humble/share/rosidl_generator_cpp/cmake)
[2.667s] -- Using all available rosidl_typesupport_c: rosidl_typesupport_fastrtps_c;rosidl_typesupport_introspection_c
[2.759s] -- Using all available rosidl_typesupport_cpp: rosidl_typesupport_fastrtps_cpp;rosidl_typesupport_introspection_cpp
[3.002s] -- Found rmw_implementation_cmake: 6.1.2 (/opt/ros/humble/share/rmw_implementation_cmake/cmake)
[3.016s] -- Found rmw_fastrtps_cpp: 6.2.10 (/opt/ros/humble/share/rmw_fastrtps_cpp/cmake)
[3.393s] -- Found OpenSSL: /usr/lib/aarch64-linux-gnu/libcrypto.so (found version "3.0.2")  
[3.512s] -- Found FastRTPS: /opt/ros/humble/include  
[3.708s] -- Using RMW implementation 'rmw_fastrtps_cpp' as default
[3.757s] -- Looking for pthread.h
[4.070s] -- Looking for pthread.h - found
[4.072s] -- Performing Test CMAKE_HAVE_LIBC_PTHREAD
[4.377s] -- Performing Test CMAKE_HAVE_LIBC_PTHREAD - Success
[4.381s] -- Found Threads: TRUE  
[4.628s] -- Found sensor_msgs: 2.0.5 (/ros2_ws/install/sensor_msgs/share/sensor_msgs/cmake)
[4.773s] -- Found std_srvs: 2.0.5 (/ros2_ws/install/std_srvs/share/std_srvs/cmake)
[5.345s] -- Configuring done
[5.482s] -- Generating done
[5.505s] -- Build files have been written to: /ros2_ws/build/sllidar_ros2
[5.559s] Invoked command in '/ros2_ws/build/sllidar_ros2' returned '0': AMENT_PREFIX_PATH=/ros2_ws/install/sensor_msgs:/ros2_ws/install/geometry_msgs:/ros2_ws/install/std_srvs:/ros2_ws/install/std_msgs:${AMENT_PREFIX_PATH} CMAKE_PREFIX_PATH=/ros2_ws/install/sensor_msgs:/ros2_ws/install/geometry_msgs:/ros2_ws/install/std_srvs:/ros2_ws/install/std_msgs:/opt/ros/humble LD_LIBRARY_PATH=/ros2_ws/install/sensor_msgs/lib:/ros2_ws/install/geometry_msgs/lib:/ros2_ws/install/std_srvs/lib:/ros2_ws/install/std_msgs/lib:${LD_LIBRARY_PATH} PYTHONPATH=/ros2_ws/install/sensor_msgs/local/lib/python3.10/dist-packages:/ros2_ws/install/geometry_msgs/local/lib/python3.10/dist-packages:/ros2_ws/install/std_srvs/local/lib/python3.10/dist-packages:/ros2_ws/install/std_msgs/local/lib/python3.10/dist-packages:${PYTHONPATH} /usr/bin/cmake /ros2_ws/sllidar_ros2 -DCMAKE_INSTALL_PREFIX=/ros2_ws/install/sllidar_ros2
[5.576s] Invoking command in '/ros2_ws/build/sllidar_ros2': AMENT_PREFIX_PATH=/ros2_ws/install/sensor_msgs:/ros2_ws/install/geometry_msgs:/ros2_ws/install/std_srvs:/ros2_ws/install/std_msgs:${AMENT_PREFIX_PATH} CMAKE_PREFIX_PATH=/ros2_ws/install/sensor_msgs:/ros2_ws/install/geometry_msgs:/ros2_ws/install/std_srvs:/ros2_ws/install/std_msgs:/opt/ros/humble LD_LIBRARY_PATH=/ros2_ws/install/sensor_msgs/lib:/ros2_ws/install/geometry_msgs/lib:/ros2_ws/install/std_srvs/lib:/ros2_ws/install/std_msgs/lib:${LD_LIBRARY_PATH} PYTHONPATH=/ros2_ws/install/sensor_msgs/local/lib/python3.10/dist-packages:/ros2_ws/install/geometry_msgs/local/lib/python3.10/dist-packages:/ros2_ws/install/std_srvs/local/lib/python3.10/dist-packages:/ros2_ws/install/std_msgs/local/lib/python3.10/dist-packages:${PYTHONPATH} /usr/bin/cmake --build /ros2_ws/build/sllidar_ros2 -- -j4 -l4
[6.123s] [  5%] [32mBuilding CXX object CMakeFiles/sllidar_node.dir/src/sllidar_node.cpp.o[0m
[6.128s] [ 10%] [32mBuilding CXX object CMakeFiles/sllidar_node.dir/sdk/src/arch/linux/net_serial.cpp.o[0m
[6.132s] [ 15%] [32mBuilding CXX object CMakeFiles/sllidar_client.dir/src/sllidar_client.cpp.o[0m
[6.155s] [ 20%] [32mBuilding CXX object CMakeFiles/sllidar_node.dir/sdk/src/arch/linux/net_socket.cpp.o[0m
[11.349s] In file included from [01m[K/ros2_ws/sllidar_ros2/./sdk/include/rplidar_protocol.h:36[m[K,
[11.350s]                  from [01m[K/ros2_ws/sllidar_ros2/./sdk/include/rplidar.h:39[m[K,
[11.351s]                  from [01m[K/ros2_ws/sllidar_ros2/./sdk/src/sdkcommon.h:49[m[K,
[11.351s]                  from [01m[K/ros2_ws/sllidar_ros2/sdk/src/arch/linux/net_socket.cpp:10[m[K:
[11.352s] [01m[K/ros2_ws/sllidar_ros2/./sdk/include/sl_lidar_protocol.h:66:16:[m[K [01;35m[Kwarning: [m[KISO C++ forbids zero-size array ‘[01m[Kdata[m[K’ [[01;35m[K-Wpedantic[m[K]
[11.353s]    66 |     sl_u8 data[[01;35m[K0[m[K];
[11.353s]       |                [01;35m[K^[m[K
[11.356s] In file included from [01m[K/ros2_ws/sllidar_ros2/./sdk/include/rplidar_cmd.h:36[m[K,
[11.357s]                  from [01m[K/ros2_ws/sllidar_ros2/./sdk/include/rplidar.h:40[m[K,
[11.358s]                  from [01m[K/ros2_ws/sllidar_ros2/./sdk/src/sdkcommon.h:49[m[K,
[11.359s]                  from [01m[K/ros2_ws/sllidar_ros2/sdk/src/arch/linux/net_socket.cpp:10[m[K:
[11.360s] [01m[K/ros2_ws/sllidar_ros2/./sdk/include/sl_lidar_cmd.h:324:20:[m[K [01;35m[Kwarning: [m[KISO C++ forbids zero-size array ‘[01m[Kpayload[m[K’ [[01;35m[K-Wpedantic[m[K]
[11.361s]   324 |     sl_u8  payload[[01;35m[K0[m[K];
[11.361s]       |                    [01;35m[K^[m[K
[12.176s] In file included from [01m[K/ros2_ws/sllidar_ros2/./sdk/src/arch/linux/arch_linux.h:42[m[K,
[12.177s]                  from [01m[K/ros2_ws/sllidar_ros2/./sdk/src/sdkcommon.h:41[m[K,
[12.178s]                  from [01m[K/ros2_ws/sllidar_ros2/sdk/src/arch/linux/net_socket.cpp:10[m[K:
[12.179s] [01m[K/ros2_ws/sllidar_ros2/sdk/src/arch/linux/net_socket.cpp:[m[K In member function ‘[01m[Kvirtual u_result rp::arch::net::DGramSocketImpl::sendTo(const rp::net::SocketAddress*, const void*, size_t)[m[K’:
[12.180s] [01m[K/ros2_ws/sllidar_ros2/sdk/src/arch/linux/net_socket.cpp:733:24:[m[K [01;35m[Kwarning: [m[Kcomparison of integer expressions of different signedness: ‘[01m[Kint[m[K’ and ‘[01m[Ksize_t[m[K’ {aka ‘[01m[Klong unsigned int[m[K’} [[01;35m[K-Wsign-compare[m[K]
[12.180s]   733 |             assert([01;35m[Kans == len[m[K);
[12.181s]       |                    [01;35m[K~~~~^~~~~~[m[K
[12.626s] [01m[K/ros2_ws/sllidar_ros2/sdk/src/arch/linux/net_serial.cpp:[m[K In member function ‘[01m[Kbool rp::arch::net::raw_serial::open(const char*, uint32_t, uint32_t)[m[K’:
[12.626s] [01m[K/ros2_ws/sllidar_ros2/sdk/src/arch/linux/net_serial.cpp:97:74:[m[K [01;35m[Kwarning: [m[Kunused parameter ‘[01m[Kflags[m[K’ [[01;35m[K-Wunused-parameter[m[K]
[12.627s]    97 | bool raw_serial::open(const char * portname, uint32_t baudrate, [01;35m[Kuint32_t flags[m[K)
[12.628s]       |                                                                 [01;35m[K~~~~~~~~~^~~~~[m[K
[12.643s] [01m[K/ros2_ws/sllidar_ros2/sdk/src/arch/linux/net_serial.cpp:[m[K In member function ‘[01m[Kvirtual void rp::arch::net::raw_serial::flush(_u32)[m[K’:
[12.644s] [01m[K/ros2_ws/sllidar_ros2/sdk/src/arch/linux/net_serial.cpp:281:30:[m[K [01;35m[Kwarning: [m[Kunused parameter ‘[01m[Kflags[m[K’ [[01;35m[K-Wunused-parameter[m[K]
[12.645s]   281 | void raw_serial::flush( [01;35m[K_u32 flags[m[K)
[12.645s]       |                         [01;35m[K~~~~~^~~~~[m[K
[12.646s] [01m[K/ros2_ws/sllidar_ros2/sdk/src/arch/linux/net_serial.cpp:[m[K In member function ‘[01m[Kvirtual int rp::arch::net::raw_serial::waitforsent(_u32, size_t*)[m[K’:
[12.647s] [01m[K/ros2_ws/sllidar_ros2/sdk/src/arch/linux/net_serial.cpp:286:34:[m[K [01;35m[Kwarning: [m[Kunused parameter ‘[01m[Ktimeout[m[K’ [[01;35m[K-Wunused-parameter[m[K]
[12.648s]   286 | int raw_serial::waitforsent([01;35m[K_u32 timeout[m[K, size_t * returned_size)
[12.649s]       |                             [01;35m[K~~~~~^~~~~~~[m[K
[12.650s] [01m[K/ros2_ws/sllidar_ros2/sdk/src/arch/linux/net_serial.cpp:[m[K In member function ‘[01m[Kvirtual int rp::arch::net::raw_serial::waitforrecv(_u32, size_t*)[m[K’:
[12.651s] [01m[K/ros2_ws/sllidar_ros2/sdk/src/arch/linux/net_serial.cpp:292:34:[m[K [01;35m[Kwarning: [m[Kunused parameter ‘[01m[Ktimeout[m[K’ [[01;35m[K-Wunused-parameter[m[K]
[12.651s]   292 | int raw_serial::waitforrecv([01;35m[K_u32 timeout[m[K, size_t * returned_size)
[12.652s]       |                             [01;35m[K~~~~~^~~~~~~[m[K
[12.667s] [01m[K/ros2_ws/sllidar_ros2/sdk/src/arch/linux/net_serial.cpp:[m[K In member function ‘[01m[Kvirtual void rp::arch::net::raw_serial::cancelOperation()[m[K’:
[12.675s] [01m[K/ros2_ws/sllidar_ros2/sdk/src/arch/linux/net_serial.cpp:427:5:[m[K [01;35m[Kwarning: [m[Kvalue computed is not used [[01;35m[K-Wunused-value[m[K]
[12.676s]   427 |     [01;35m[K(int)::write(_selfpipe[1], "x", 1)[m[K;
[12.677s]       |     [01;35m[K^~~~~~~~~~~~~~~~~~~~~~~~~~~~~~~~~~[m[K
[27.997s] In file included from [01m[K/ros2_ws/sllidar_ros2/./sdk/include/sl_lidar_cmd.h:41[m[K,
[27.998s]                  from [01m[K/ros2_ws/sllidar_ros2/./sdk/include/sl_lidar_driver.h:54[m[K,
[27.998s]                  from [01m[K/ros2_ws/sllidar_ros2/./sdk/include/sl_lidar.h:36[m[K,
[27.999s]                  from [01m[K/ros2_ws/sllidar_ros2/src/sllidar_node.cpp:38[m[K:
[28.000s] [01m[K/ros2_ws/sllidar_ros2/./sdk/include/sl_lidar_protocol.h:66:16:[m[K [01;35m[Kwarning: [m[KISO C++ forbids zero-size array ‘[01m[Kdata[m[K’ [[01;35m[K-Wpedantic[m[K]
[28.000s]    66 |     sl_u8 data[[01;35m[K0[m[K];
[28.001s]       |                [01;35m[K^[m[K
[28.004s] In file included from [01m[K/ros2_ws/sllidar_ros2/./sdk/include/sl_lidar_driver.h:54[m[K,
[28.005s]                  from [01m[K/ros2_ws/sllidar_ros2/./sdk/include/sl_lidar.h:36[m[K,
[28.005s]                  from [01m[K/ros2_ws/sllidar_ros2/src/sllidar_node.cpp:38[m[K:
[28.006s] [01m[K/ros2_ws/sllidar_ros2/./sdk/include/sl_lidar_cmd.h:324:20:[m[K [01;35m[Kwarning: [m[KISO C++ forbids zero-size array ‘[01m[Kpayload[m[K’ [[01;35m[K-Wpedantic[m[K]
[28.006s]   324 |     sl_u8  payload[[01;35m[K0[m[K];
[28.007s]       |                    [01;35m[K^[m[K
[40.602s] [ 25%] [32mBuilding CXX object CMakeFiles/sllidar_node.dir/sdk/src/dataunpacker/dataunpacker.cpp.o[0m
[42.378s] In file included from [01m[K/ros2_ws/sllidar_ros2/./sdk/include/rplidar_protocol.h:36[m[K,
[42.379s]                  from [01m[K/ros2_ws/sllidar_ros2/./sdk/include/rplidar.h:39[m[K,
[42.380s]                  from [01m[K/ros2_ws/sllidar_ros2/./sdk/src/sdkcommon.h:49[m[K,
[42.380s]                  from [01m[K/ros2_ws/sllidar_ros2/sdk/src/dataunpacker/dataunnpacker_commondef.h:41[m[K,
[42.381s]                  from [01m[K/ros2_ws/sllidar_ros2/sdk/src/dataunpacker/dataunpacker.cpp:39[m[K:
[42.381s] [01m[K/ros2_ws/sllidar_ros2/./sdk/include/sl_lidar_protocol.h:66:16:[m[K [01;35m[Kwarning: [m[KISO C++ forbids zero-size array ‘[01m[Kdata[m[K’ [[01;35m[K-Wpedantic[m[K]
[42.382s]    66 |     sl_u8 data[[01;35m[K0[m[K];
[42.382s]       |                [01;35m[K^[m[K
[42.383s] In file included from [01m[K/ros2_ws/sllidar_ros2/./sdk/include/rplidar_cmd.h:36[m[K,
[42.383s]                  from [01m[K/ros2_ws/sllidar_ros2/./sdk/include/rplidar.h:40[m[K,
[42.384s]                  from [01m[K/ros2_ws/sllidar_ros2/./sdk/src/sdkcommon.h:49[m[K,
[42.384s]                  from [01m[K/ros2_ws/sllidar_ros2/sdk/src/dataunpacker/dataunnpacker_commondef.h:41[m[K,
[42.385s]                  from [01m[K/ros2_ws/sllidar_ros2/sdk/src/dataunpacker/dataunpacker.cpp:39[m[K:
[42.385s] [01m[K/ros2_ws/sllidar_ros2/./sdk/include/sl_lidar_cmd.h:324:20:[m[K [01;35m[Kwarning: [m[KISO C++ forbids zero-size array ‘[01m[Kpayload[m[K’ [[01;35m[K-Wpedantic[m[K]
[42.386s]   324 |     sl_u8  payload[[01;35m[K0[m[K];
[42.386s]       |                    [01;35m[K^[m[K
[43.176s] In file included from [01m[K/ros2_ws/sllidar_ros2/sdk/src/dataunpacker/dataunpacker.cpp:40[m[K:
[43.177s] [01m[K/ros2_ws/sllidar_ros2/sdk/src/dataunpacker/dataunpacker.h:[m[K In member function ‘[01m[Kvirtual void sl::internal::LIDARSampleDataListener::onCustomSampleDataDecoded(_u8, _u32, const void*, size_t)[m[K’:
[43.177s] [01m[K/ros2_ws/sllidar_ros2/sdk/src/dataunpacker/dataunpacker.h:54:52:[m[K [01;35m[Kwarning: [m[Kunused parameter ‘[01m[KansType[m[K’ [[01;35m[K-Wunused-parameter[m[K]
[43.178s]    54 |         virtual void onCustomSampleDataDecoded([01;35m[K_u8 ansType[m[K, _u32 customCode, const void* data, size_t size) {}
[43.178s]       |                                                [01;35m[K~~~~^~~~~~~[m[K
[43.179s] [01m[K/ros2_ws/sllidar_ros2/sdk/src/dataunpacker/dataunpacker.h:54:66:[m[K [01;35m[Kwarning: [m[Kunused parameter ‘[01m[KcustomCode[m[K’ [[01;35m[K-Wunused-parameter[m[K]
[43.179s]    54 |      virtual void onCustomSampleDataDecoded(_u8 ansType, [01;35m[K_u32 customCode[m[K, const void* data, size_t size) {}
[43.180s]       |                                                          [01;35m[K~~~~~^~~~~~~~~~[m[K
[43.180s] 
[43.181s] [01m[K/ros2_ws/sllidar_ros2/sdk/src/dataunpacker/dataunpacker.h:54:90:[m[K [01;35m[Kwarning: [m[Kunused parameter ‘[01m[Kdata[m[K’ [[01;35m[K-Wunused-parameter[m[K]
[43.181s]    54 | omSampleDataDecoded(_u8 ansType, _u32 customCode, [01;35m[Kconst void* data[m[K, size_t size) {}
[43.182s]       |                                                   [01;35m[K~~~~~~~~~~~~^~~~[m[K
[43.182s] 
[43.182s] [01m[K/ros2_ws/sllidar_ros2/sdk/src/dataunpacker/dataunpacker.h:54:103:[m[K [01;35m[Kwarning: [m[Kunused parameter ‘[01m[Ksize[m[K’ [[01;35m[K-Wunused-parameter[m[K]
[43.183s]    54 | taDecoded(_u8 ansType, _u32 customCode, const void* data, [01;35m[Ksize_t size[m[K) {}
[43.183s]       |                                                           [01;35m[K~~~~~~~^~~~[m[K
[43.184s] 
[43.184s] [01m[K/ros2_ws/sllidar_ros2/sdk/src/dataunpacker/dataunpacker.h:[m[K In member function ‘[01m[Kvirtual void sl::internal::LIDARSampleDataListener::onDecodingError(int, _u8, const void*, size_t)[m[K’:
[43.185s] [01m[K/ros2_ws/sllidar_ros2/sdk/src/dataunpacker/dataunpacker.h:56:42:[m[K [01;35m[Kwarning: [m[Kunused parameter ‘[01m[KerrMsg[m[K’ [[01;35m[K-Wunused-parameter[m[K]
[43.185s]    56 |         virtual void onDecodingError([01;35m[Kint errMsg[m[K, _u8 ansType, const void* payload, size_t size) {}
[43.186s]       |                                      [01;35m[K~~~~^~~~~~[m[K
[43.186s] [01m[K/ros2_ws/sllidar_ros2/sdk/src/dataunpacker/dataunpacker.h:56:54:[m[K [01;35m[Kwarning: [m[Kunused parameter ‘[01m[KansType[m[K’ [[01;35m[K-Wunused-parameter[m[K]
[43.187s]    56 |         virtual void onDecodingError(int errMsg, [01;35m[K_u8 ansType[m[K, const void* payload, size_t size) {}
[43.187s]       |                                                  [01;35m[K~~~~^~~~~~~[m[K
[43.188s] [01m[K/ros2_ws/sllidar_ros2/sdk/src/dataunpacker/dataunpacker.h:56:75:[m[K [01;35m[Kwarning: [m[Kunused parameter ‘[01m[Kpayload[m[K’ [[01;35m[K-Wunused-parameter[m[K]
[43.188s]    56 | ual void onDecodingError(int errMsg, _u8 ansType, [01;35m[Kconst void* payload[m[K, size_t size) {}
[43.189s]       |                                                   [01;35m[K~~~~~~~~~~~~^~~~~~~[m[K
[43.189s] 
[43.189s] [01m[K/ros2_ws/sllidar_ros2/sdk/src/dataunpacker/dataunpacker.h:56:91:[m[K [01;35m[Kwarning: [m[Kunused parameter ‘[01m[Ksize[m[K’ [[01;35m[K-Wunused-parameter[m[K]
[43.190s]    56 | codingError(int errMsg, _u8 ansType, const void* payload, [01;35m[Ksize_t size[m[K) {}
[43.190s]       |                                                           [01;35m[K~~~~~~~^~~~[m[K
[43.191s] 
[44.124s] [ 30%] [32mBuilding CXX object CMakeFiles/sllidar_node.dir/sdk/src/dataunpacker/unpacker/handler_capsules.cpp.o[0m
[45.877s] In file included from [01m[K/ros2_ws/sllidar_ros2/./sdk/include/rplidar_protocol.h:36[m[K,
[45.878s]                  from [01m[K/ros2_ws/sllidar_ros2/./sdk/include/rplidar.h:39[m[K,
[45.878s]                  from [01m[K/ros2_ws/sllidar_ros2/./sdk/src/sdkcommon.h:49[m[K,
[45.879s]                  from [01m[K/ros2_ws/sllidar_ros2/sdk/src/dataunpacker/unpacker/../dataunnpacker_commondef.h:41[m[K,
[45.879s]                  from [01m[K/ros2_ws/sllidar_ros2/sdk/src/dataunpacker/unpacker/handler_capsules.cpp:39[m[K:
[45.880s] [01m[K/ros2_ws/sllidar_ros2/./sdk/include/sl_lidar_protocol.h:66:16:[m[K [01;35m[Kwarning: [m[KISO C++ forbids zero-size array ‘[01m[Kdata[m[K’ [[01;35m[K-Wpedantic[m[K]
[45.880s]    66 |     sl_u8 data[[01;35m[K0[m[K];
[45.881s]       |                [01;35m[K^[m[K
[45.881s] In file included from [01m[K/ros2_ws/sllidar_ros2/./sdk/include/rplidar_cmd.h:36[m[K,
[45.882s]                  from [01m[K/ros2_ws/sllidar_ros2/./sdk/include/rplidar.h:40[m[K,
[45.882s]                  from [01m[K/ros2_ws/sllidar_ros2/./sdk/src/sdkcommon.h:49[m[K,
[45.883s]                  from [01m[K/ros2_ws/sllidar_ros2/sdk/src/dataunpacker/unpacker/../dataunnpacker_commondef.h:41[m[K,
[45.883s]                  from [01m[K/ros2_ws/sllidar_ros2/sdk/src/dataunpacker/unpacker/handler_capsules.cpp:39[m[K:
[45.883s] [01m[K/ros2_ws/sllidar_ros2/./sdk/include/sl_lidar_cmd.h:324:20:[m[K [01;35m[Kwarning: [m[KISO C++ forbids zero-size array ‘[01m[Kpayload[m[K’ [[01;35m[K-Wpedantic[m[K]
[45.884s]   324 |     sl_u8  payload[[01;35m[K0[m[K];
[45.884s]       |                    [01;35m[K^[m[K
[46.680s] In file included from [01m[K/ros2_ws/sllidar_ros2/sdk/src/dataunpacker/unpacker/handler_capsules.cpp:40[m[K:
[46.681s] [01m[K/ros2_ws/sllidar_ros2/sdk/src/dataunpacker/unpacker/../dataunpacker.h:[m[K In member function ‘[01m[Kvirtual void sl::internal::LIDARSampleDataListener::onCustomSampleDataDecoded(_u8, _u32, const void*, size_t)[m[K’:
[46.681s] [01m[K/ros2_ws/sllidar_ros2/sdk/src/dataunpacker/unpacker/../dataunpacker.h:54:52:[m[K [01;35m[Kwarning: [m[Kunused parameter ‘[01m[KansType[m[K’ [[01;35m[K-Wunused-parameter[m[K]
[46.682s]    54 |         virtual void onCustomSampleDataDecoded([01;35m[K_u8 ansType[m[K, _u32 customCode, const void* data, size_t size) {}
[46.682s]       |                                                [01;35m[K~~~~^~~~~~~[m[K
[46.683s] [01m[K/ros2_ws/sllidar_ros2/sdk/src/dataunpacker/unpacker/../dataunpacker.h:54:66:[m[K [01;35m[Kwarning: [m[Kunused parameter ‘[01m[KcustomCode[m[K’ [[01;35m[K-Wunused-parameter[m[K]
[46.683s]    54 |      virtual void onCustomSampleDataDecoded(_u8 ansType, [01;35m[K_u32 customCode[m[K, const void* data, size_t size) {}
[46.684s]       |                                                          [01;35m[K~~~~~^~~~~~~~~~[m[K
[46.684s] 
[46.685s] [01m[K/ros2_ws/sllidar_ros2/sdk/src/dataunpacker/unpacker/../dataunpacker.h:54:90:[m[K [01;35m[Kwarning: [m[Kunused parameter ‘[01m[Kdata[m[K’ [[01;35m[K-Wunused-parameter[m[K]
[46.685s]    54 | omSampleDataDecoded(_u8 ansType, _u32 customCode, [01;35m[Kconst void* data[m[K, size_t size) {}
[46.685s]       |                                                   [01;35m[K~~~~~~~~~~~~^~~~[m[K
[46.686s] 
[46.686s] [01m[K/ros2_ws/sllidar_ros2/sdk/src/dataunpacker/unpacker/../dataunpacker.h:54:103:[m[K [01;35m[Kwarning: [m[Kunused parameter ‘[01m[Ksize[m[K’ [[01;35m[K-Wunused-parameter[m[K]
[46.689s]    54 | taDecoded(_u8 ansType, _u32 customCode, const void* data, [01;35m[Ksize_t size[m[K) {}
[46.689s]       |                                                           [01;35m[K~~~~~~~^~~~[m[K
[46.690s] 
[46.690s] [01m[K/ros2_ws/sllidar_ros2/sdk/src/dataunpacker/unpacker/../dataunpacker.h:[m[K In member function ‘[01m[Kvirtual void sl::internal::LIDARSampleDataListener::onDecodingError(int, _u8, const void*, size_t)[m[K’:
[46.691s] [01m[K/ros2_ws/sllidar_ros2/sdk/src/dataunpacker/unpacker/../dataunpacker.h:56:42:[m[K [01;35m[Kwarning: [m[Kunused parameter ‘[01m[KerrMsg[m[K’ [[01;35m[K-Wunused-parameter[m[K]
[46.691s]    56 |         virtual void onDecodingError([01;35m[Kint errMsg[m[K, _u8 ansType, const void* payload, size_t size) {}
[46.692s]       |                                      [01;35m[K~~~~^~~~~~[m[K
[46.692s] [01m[K/ros2_ws/sllidar_ros2/sdk/src/dataunpacker/unpacker/../dataunpacker.h:56:54:[m[K [01;35m[Kwarning: [m[Kunused parameter ‘[01m[KansType[m[K’ [[01;35m[K-Wunused-parameter[m[K]
[46.693s]    56 |         virtual void onDecodingError(int errMsg, [01;35m[K_u8 ansType[m[K, const void* payload, size_t size) {}
[46.693s]       |                                                  [01;35m[K~~~~^~~~~~~[m[K
[46.694s] [01m[K/ros2_ws/sllidar_ros2/sdk/src/dataunpacker/unpacker/../dataunpacker.h:56:75:[m[K [01;35m[Kwarning: [m[Kunused parameter ‘[01m[Kpayload[m[K’ [[01;35m[K-Wunused-parameter[m[K]
[46.694s]    56 | ual void onDecodingError(int errMsg, _u8 ansType, [01;35m[Kconst void* payload[m[K, size_t size) {}
[46.694s]       |                                                   [01;35m[K~~~~~~~~~~~~^~~~~~~[m[K
[46.695s] 
[46.695s] [01m[K/ros2_ws/sllidar_ros2/sdk/src/dataunpacker/unpacker/../dataunpacker.h:56:91:[m[K [01;35m[Kwarning: [m[Kunused parameter ‘[01m[Ksize[m[K’ [[01;35m[K-Wunused-parameter[m[K]
[46.696s]    56 | codingError(int errMsg, _u8 ansType, const void* payload, [01;35m[Ksize_t size[m[K) {}
[46.696s]       |                                                           [01;35m[K~~~~~~~^~~~[m[K
[46.697s] 
[46.727s] [01m[K/ros2_ws/sllidar_ros2/sdk/src/dataunpacker/unpacker/handler_capsules.cpp:[m[K In member function ‘[01m[Kvoid sl::internal::unpacker::UnpackerHandler_DenseCapsuleNode::_onScanNodeDenseCapsuleData(rplidar_response_dense_capsule_measurement_nodes_t&, sl::internal::LIDARSampleDataUnpackerInner*)[m[K’:
[46.727s] [01m[K/ros2_ws/sllidar_ros2/sdk/src/dataunpacker/unpacker/handler_capsules.cpp:763:30:[m[K [01;35m[Kwarning: [m[Ktype qualifiers ignored on cast result type [[01;35m[K-Wignored-qualifiers[m[K]
[46.728s]   763 |             const int dist = [01;35m[Kstatic_cast<const int>(_cached_previous_dense_capsuledata.cabins[pos].distance)[m[K;
[46.728s]       |                              [01;35m[K^~~~~~~~~~~~~~~~~~~~~~~~~~~~~~~~~~~~~~~~~~~~~~~~~~~~~~~~~~~~~~~~~~~~~~~~~~~~~~~[m[K
[47.442s] [ 35%] [32mBuilding CXX object CMakeFiles/sllidar_node.dir/sdk/src/dataunpacker/unpacker/handler_hqnode.cpp.o[0m
[49.224s] In file included from [01m[K/ros2_ws/sllidar_ros2/./sdk/include/rplidar_protocol.h:36[m[K,
[49.224s]                  from [01m[K/ros2_ws/sllidar_ros2/./sdk/include/rplidar.h:39[m[K,
[49.225s]                  from [01m[K/ros2_ws/sllidar_ros2/./sdk/src/sdkcommon.h:49[m[K,
[49.225s]                  from [01m[K/ros2_ws/sllidar_ros2/sdk/src/dataunpacker/unpacker/../dataunnpacker_commondef.h:41[m[K,
[49.226s]                  from [01m[K/ros2_ws/sllidar_ros2/sdk/src/dataunpacker/unpacker/handler_hqnode.cpp:39[m[K:
[49.226s] [01m[K/ros2_ws/sllidar_ros2/./sdk/include/sl_lidar_protocol.h:66:16:[m[K [01;35m[Kwarning: [m[KISO C++ forbids zero-size array ‘[01m[Kdata[m[K’ [[01;35m[K-Wpedantic[m[K]
[49.227s]    66 |     sl_u8 data[[01;35m[K0[m[K];
[49.227s]       |                [01;35m[K^[m[K
[49.228s] In file included from [01m[K/ros2_ws/sllidar_ros2/./sdk/include/rplidar_cmd.h:36[m[K,
[49.228s]                  from [01m[K/ros2_ws/sllidar_ros2/./sdk/include/rplidar.h:40[m[K,
[49.229s]                  from [01m[K/ros2_ws/sllidar_ros2/./sdk/src/sdkcommon.h:49[m[K,
[49.229s]                  from [01m[K/ros2_ws/sllidar_ros2/sdk/src/dataunpacker/unpacker/../dataunnpacker_commondef.h:41[m[K,
[49.230s]                  from [01m[K/ros2_ws/sllidar_ros2/sdk/src/dataunpacker/unpacker/handler_hqnode.cpp:39[m[K:
[49.230s] [01m[K/ros2_ws/sllidar_ros2/./sdk/include/sl_lidar_cmd.h:324:20:[m[K [01;35m[Kwarning: [m[KISO C++ forbids zero-size array ‘[01m[Kpayload[m[K’ [[01;35m[K-Wpedantic[m[K]
[49.231s]   324 |     sl_u8  payload[[01;35m[K0[m[K];
[49.231s]       |                    [01;35m[K^[m[K
[50.033s] In file included from [01m[K/ros2_ws/sllidar_ros2/sdk/src/dataunpacker/unpacker/handler_hqnode.cpp:40[m[K:
[50.033s] [01m[K/ros2_ws/sllidar_ros2/sdk/src/dataunpacker/unpacker/../dataunpacker.h:[m[K In member function ‘[01m[Kvirtual void sl::internal::LIDARSampleDataListener::onCustomSampleDataDecoded(_u8, _u32, const void*, size_t)[m[K’:
[50.034s] [01m[K/ros2_ws/sllidar_ros2/sdk/src/dataunpacker/unpacker/../dataunpacker.h:54:52:[m[K [01;35m[Kwarning: [m[Kunused parameter ‘[01m[KansType[m[K’ [[01;35m[K-Wunused-parameter[m[K]
[50.034s]    54 |         virtual void onCustomSampleDataDecoded([01;35m[K_u8 ansType[m[K, _u32 customCode, const void* data, size_t size) {}
[50.035s]       |                                                [01;35m[K~~~~^~~~~~~[m[K
[50.035s] [01m[K/ros2_ws/sllidar_ros2/sdk/src/dataunpacker/unpacker/../dataunpacker.h:54:66:[m[K [01;35m[Kwarning: [m[Kunused parameter ‘[01m[KcustomCode[m[K’ [[01;35m[K-Wunused-parameter[m[K]
[50.036s]    54 |      virtual void onCustomSampleDataDecoded(_u8 ansType, [01;35m[K_u32 customCode[m[K, const void* data, size_t size) {}
[50.036s]       |                                                          [01;35m[K~~~~~^~~~~~~~~~[m[K
[50.037s] 
[50.037s] [01m[K/ros2_ws/sllidar_ros2/sdk/src/dataunpacker/unpacker/../dataunpacker.h:54:90:[m[K [01;35m[Kwarning: [m[Kunused parameter ‘[01m[Kdata[m[K’ [[01;35m[K-Wunused-parameter[m[K]
[50.038s]    54 | omSampleDataDecoded(_u8 ansType, _u32 customCode, [01;35m[Kconst void* data[m[K, size_t size) {}
[50.038s]       |                                                   [01;35m[K~~~~~~~~~~~~^~~~[m[K
[50.039s] 
[50.039s] [01m[K/ros2_ws/sllidar_ros2/sdk/src/dataunpacker/unpacker/../dataunpacker.h:54:103:[m[K [01;35m[Kwarning: [m[Kunused parameter ‘[01m[Ksize[m[K’ [[01;35m[K-Wunused-parameter[m[K]
[50.040s]    54 | taDecoded(_u8 ansType, _u32 customCode, const void* data, [01;35m[Ksize_t size[m[K) {}
[50.040s]       |                                                           [01;35m[K~~~~~~~^~~~[m[K
[50.040s] 
[50.041s] [01m[K/ros2_ws/sllidar_ros2/sdk/src/dataunpacker/unpacker/../dataunpacker.h:[m[K In member function ‘[01m[Kvirtual void sl::internal::LIDARSampleDataListener::onDecodingError(int, _u8, const void*, size_t)[m[K’:
[50.041s] [01m[K/ros2_ws/sllidar_ros2/sdk/src/dataunpacker/unpacker/../dataunpacker.h:56:42:[m[K [01;35m[Kwarning: [m[Kunused parameter ‘[01m[KerrMsg[m[K’ [[01;35m[K-Wunused-parameter[m[K]
[50.042s]    56 |         virtual void onDecodingError([01;35m[Kint errMsg[m[K, _u8 ansType, const void* payload, size_t size) {}
[50.042s]       |                                      [01;35m[K~~~~^~~~~~[m[K
[50.043s] [01m[K/ros2_ws/sllidar_ros2/sdk/src/dataunpacker/unpacker/../dataunpacker.h:56:54:[m[K [01;35m[Kwarning: [m[Kunused parameter ‘[01m[KansType[m[K’ [[01;35m[K-Wunused-parameter[m[K]
[50.043s]    56 |         virtual void onDecodingError(int errMsg, [01;35m[K_u8 ansType[m[K, const void* payload, size_t size) {}
[50.044s]       |                                                  [01;35m[K~~~~^~~~~~~[m[K
[50.044s] [01m[K/ros2_ws/sllidar_ros2/sdk/src/dataunpacker/unpacker/../dataunpacker.h:56:75:[m[K [01;35m[Kwarning: [m[Kunused parameter ‘[01m[Kpayload[m[K’ [[01;35m[K-Wunused-parameter[m[K]
[50.045s]    56 | ual void onDecodingError(int errMsg, _u8 ansType, [01;35m[Kconst void* payload[m[K, size_t size) {}
[50.045s]       |                                                   [01;35m[K~~~~~~~~~~~~^~~~~~~[m[K
[50.045s] 
[50.046s] [01m[K/ros2_ws/sllidar_ros2/sdk/src/dataunpacker/unpacker/../dataunpacker.h:56:91:[m[K [01;35m[Kwarning: [m[Kunused parameter ‘[01m[Ksize[m[K’ [[01;35m[K-Wunused-parameter[m[K]
[50.046s]    56 | codingError(int errMsg, _u8 ansType, const void* payload, [01;35m[Ksize_t size[m[K) {}
[50.047s]       |                                                           [01;35m[K~~~~~~~^~~~[m[K
[50.047s] 
[50.619s] [ 40%] [32mBuilding CXX object CMakeFiles/sllidar_node.dir/sdk/src/dataunpacker/unpacker/handler_normalnode.cpp.o[0m
[52.377s] In file included from [01m[K/ros2_ws/sllidar_ros2/./sdk/include/rplidar_protocol.h:36[m[K,
[52.377s]                  from [01m[K/ros2_ws/sllidar_ros2/./sdk/include/rplidar.h:39[m[K,
[52.377s]                  from [01m[K/ros2_ws/sllidar_ros2/./sdk/src/sdkcommon.h:49[m[K,
[52.378s]                  from [01m[K/ros2_ws/sllidar_ros2/sdk/src/dataunpacker/unpacker/../dataunnpacker_commondef.h:41[m[K,
[52.378s]                  from [01m[K/ros2_ws/sllidar_ros2/sdk/src/dataunpacker/unpacker/handler_normalnode.cpp:39[m[K:
[52.379s] [01m[K/ros2_ws/sllidar_ros2/./sdk/include/sl_lidar_protocol.h:66:16:[m[K [01;35m[Kwarning: [m[KISO C++ forbids zero-size array ‘[01m[Kdata[m[K’ [[01;35m[K-Wpedantic[m[K]
[52.379s]    66 |     sl_u8 data[[01;35m[K0[m[K];
[52.380s]       |                [01;35m[K^[m[K
[52.380s] In file included from [01m[K/ros2_ws/sllidar_ros2/./sdk/include/rplidar_cmd.h:36[m[K,
[52.381s]                  from [01m[K/ros2_ws/sllidar_ros2/./sdk/include/rplidar.h:40[m[K,
[52.381s]                  from [01m[K/ros2_ws/sllidar_ros2/./sdk/src/sdkcommon.h:49[m[K,
[52.382s]                  from [01m[K/ros2_ws/sllidar_ros2/sdk/src/dataunpacker/unpacker/../dataunnpacker_commondef.h:41[m[K,
[52.382s]                  from [01m[K/ros2_ws/sllidar_ros2/sdk/src/dataunpacker/unpacker/handler_normalnode.cpp:39[m[K:
[52.383s] [01m[K/ros2_ws/sllidar_ros2/./sdk/include/sl_lidar_cmd.h:324:20:[m[K [01;35m[Kwarning: [m[KISO C++ forbids zero-size array ‘[01m[Kpayload[m[K’ [[01;35m[K-Wpedantic[m[K]
[52.383s]   324 |     sl_u8  payload[[01;35m[K0[m[K];
[52.383s]       |                    [01;35m[K^[m[K
[53.150s] In file included from [01m[K/ros2_ws/sllidar_ros2/sdk/src/dataunpacker/unpacker/handler_normalnode.cpp:40[m[K:
[53.151s] [01m[K/ros2_ws/sllidar_ros2/sdk/src/dataunpacker/unpacker/../dataunpacker.h:[m[K In member function ‘[01m[Kvirtual void sl::internal::LIDARSampleDataListener::onCustomSampleDataDecoded(_u8, _u32, const void*, size_t)[m[K’:
[53.152s] [01m[K/ros2_ws/sllidar_ros2/sdk/src/dataunpacker/unpacker/../dataunpacker.h:54:52:[m[K [01;35m[Kwarning: [m[Kunused parameter ‘[01m[KansType[m[K’ [[01;35m[K-Wunused-parameter[m[K]
[53.152s]    54 |         virtual void onCustomSampleDataDecoded([01;35m[K_u8 ansType[m[K, _u32 customCode, const void* data, size_t size) {}
[53.153s]       |                                                [01;35m[K~~~~^~~~~~~[m[K
[53.153s] [01m[K/ros2_ws/sllidar_ros2/sdk/src/dataunpacker/unpacker/../dataunpacker.h:54:66:[m[K [01;35m[Kwarning: [m[Kunused parameter ‘[01m[KcustomCode[m[K’ [[01;35m[K-Wunused-parameter[m[K]
[53.153s]    54 |      virtual void onCustomSampleDataDecoded(_u8 ansType, [01;35m[K_u32 customCode[m[K, const void* data, size_t size) {}
[53.154s]       |                                                          [01;35m[K~~~~~^~~~~~~~~~[m[K
[53.154s] 
[53.155s] [01m[K/ros2_ws/sllidar_ros2/sdk/src/dataunpacker/unpacker/../dataunpacker.h:54:90:[m[K [01;35m[Kwarning: [m[Kunused parameter ‘[01m[Kdata[m[K’ [[01;35m[K-Wunused-parameter[m[K]
[53.155s]    54 | omSampleDataDecoded(_u8 ansType, _u32 customCode, [01;35m[Kconst void* data[m[K, size_t size) {}
[53.156s]       |                                                   [01;35m[K~~~~~~~~~~~~^~~~[m[K
[53.156s] 
[53.157s] [01m[K/ros2_ws/sllidar_ros2/sdk/src/dataunpacker/unpacker/../dataunpacker.h:54:103:[m[K [01;35m[Kwarning: [m[Kunused parameter ‘[01m[Ksize[m[K’ [[01;35m[K-Wunused-parameter[m[K]
[53.157s]    54 | taDecoded(_u8 ansType, _u32 customCode, const void* data, [01;35m[Ksize_t size[m[K) {}
[53.158s]       |                                                           [01;35m[K~~~~~~~^~~~[m[K
[53.158s] 
[53.158s] [01m[K/ros2_ws/sllidar_ros2/sdk/src/dataunpacker/unpacker/../dataunpacker.h:[m[K In member function ‘[01m[Kvirtual void sl::internal::LIDARSampleDataListener::onDecodingError(int, _u8, const void*, size_t)[m[K’:
[53.159s] [01m[K/ros2_ws/sllidar_ros2/sdk/src/dataunpacker/unpacker/../dataunpacker.h:56:42:[m[K [01;35m[Kwarning: [m[Kunused parameter ‘[01m[KerrMsg[m[K’ [[01;35m[K-Wunused-parameter[m[K]
[53.159s]    56 |         virtual void onDecodingError([01;35m[Kint errMsg[m[K, _u8 ansType, const void* payload, size_t size) {}
[53.160s]       |                                      [01;35m[K~~~~^~~~~~[m[K
[53.160s] [01m[K/ros2_ws/sllidar_ros2/sdk/src/dataunpacker/unpacker/../dataunpacker.h:56:54:[m[K [01;35m[Kwarning: [m[Kunused parameter ‘[01m[KansType[m[K’ [[01;35m[K-Wunused-parameter[m[K]
[53.161s]    56 |         virtual void onDecodingError(int errMsg, [01;35m[K_u8 ansType[m[K, const void* payload, size_t size) {}
[53.161s]       |                                                  [01;35m[K~~~~^~~~~~~[m[K
[53.162s] [01m[K/ros2_ws/sllidar_ros2/sdk/src/dataunpacker/unpacker/../dataunpacker.h:56:75:[m[K [01;35m[Kwarning: [m[Kunused parameter ‘[01m[Kpayload[m[K’ [[01;35m[K-Wunused-parameter[m[K]
[53.162s]    56 | ual void onDecodingError(int errMsg, _u8 ansType, [01;35m[Kconst void* payload[m[K, size_t size) {}
[53.162s]       |                                                   [01;35m[K~~~~~~~~~~~~^~~~~~~[m[K
[53.164s] 
[53.165s] [01m[K/ros2_ws/sllidar_ros2/sdk/src/dataunpacker/unpacker/../dataunpacker.h:56:91:[m[K [01;35m[Kwarning: [m[Kunused parameter ‘[01m[Ksize[m[K’ [[01;35m[K-Wunused-parameter[m[K]
[53.165s]    56 | codingError(int errMsg, _u8 ansType, const void* payload, [01;35m[Ksize_t size[m[K) {}
[53.166s]       |                                                           [01;35m[K~~~~~~~^~~~[m[K
[53.166s] 
[53.690s] [ 45%] [32mBuilding CXX object CMakeFiles/sllidar_node.dir/sdk/src/hal/thread.cpp.o[0m
[53.842s] [ 50%] [32m[1mLinking CXX executable sllidar_client[0m
[55.423s] In file included from [01m[K/ros2_ws/sllidar_ros2/./sdk/include/rplidar_protocol.h:36[m[K,
[55.424s]                  from [01m[K/ros2_ws/sllidar_ros2/./sdk/include/rplidar.h:39[m[K,
[55.424s]                  from [01m[K/ros2_ws/sllidar_ros2/./sdk/src/sdkcommon.h:49[m[K,
[55.425s]                  from [01m[K/ros2_ws/sllidar_ros2/sdk/src/hal/thread.cpp:35[m[K:
[55.425s] [01m[K/ros2_ws/sllidar_ros2/./sdk/include/sl_lidar_protocol.h:66:16:[m[K [01;35m[Kwarning: [m[KISO C++ forbids zero-size array ‘[01m[Kdata[m[K’ [[01;35m[K-Wpedantic[m[K]
[55.426s]    66 |     sl_u8 data[[01;35m[K0[m[K];
[55.426s]       |                [01;35m[K^[m[K
[55.427s] In file included from [01m[K/ros2_ws/sllidar_ros2/./sdk/include/rplidar_cmd.h:36[m[K,
[55.428s]                  from [01m[K/ros2_ws/sllidar_ros2/./sdk/include/rplidar.h:40[m[K,
[55.428s]                  from [01m[K/ros2_ws/sllidar_ros2/./sdk/src/sdkcommon.h:49[m[K,
[55.428s]                  from [01m[K/ros2_ws/sllidar_ros2/sdk/src/hal/thread.cpp:35[m[K:
[55.429s] [01m[K/ros2_ws/sllidar_ros2/./sdk/include/sl_lidar_cmd.h:324:20:[m[K [01;35m[Kwarning: [m[KISO C++ forbids zero-size array ‘[01m[Kpayload[m[K’ [[01;35m[K-Wpedantic[m[K]
[55.429s]   324 |     sl_u8  payload[[01;35m[K0[m[K];
[55.430s]       |                    [01;35m[K^[m[K
[55.631s] In file included from [01m[K/ros2_ws/sllidar_ros2/sdk/src/hal/thread.cpp:43[m[K:
[55.631s] [01m[K/ros2_ws/sllidar_ros2/./sdk/src/arch/linux/thread.hpp:[m[K In static member function ‘[01m[Kstatic rp::hal::Thread rp::hal::Thread::create(thread_proc_t, void*)[m[K’:
[55.632s] [01m[K/ros2_ws/sllidar_ros2/./sdk/src/arch/linux/thread.hpp:52:57:[m[K [01;35m[Kwarning: [m[Kcast between incompatible function types from ‘[01m[Kthread_proc_t[m[K’ {aka ‘[01m[Klong unsigned int (*)(void*)[m[K’} to ‘[01m[Kvoid* (*)(void*)[m[K’ [[01;35m[K-Wcast-function-type[m[K]
[55.632s]    52 |     pthread_create((pthread_t *)&newborn._handle, NULL, [01;35m[K(void * (*)(void *))proc[m[K, data);
[55.633s]       |                                                         [01;35m[K^~~~~~~~~~~~~~~~~~~~~~~~[m[K
[55.634s] [01m[K/ros2_ws/sllidar_ros2/./sdk/src/arch/linux/thread.hpp:[m[K In member function ‘[01m[Ku_result rp::hal::Thread::join(long unsigned int)[m[K’:
[55.634s] [01m[K/ros2_ws/sllidar_ros2/./sdk/src/arch/linux/thread.hpp:176:37:[m[K [01;35m[Kwarning: [m[Kunused parameter ‘[01m[Ktimeout[m[K’ [[01;35m[K-Wunused-parameter[m[K]
[55.635s]   176 | u_result Thread::join([01;35m[Kunsigned long timeout[m[K)
[55.635s]       |                       [01;35m[K~~~~~~~~~~~~~~^~~~~~~[m[K
[55.793s] [ 50%] Built target sllidar_client
[55.981s] [ 55%] [32mBuilding CXX object CMakeFiles/sllidar_node.dir/sdk/src/sl_async_transceiver.cpp.o[0m
[57.544s] In file included from [01m[K/ros2_ws/sllidar_ros2/./sdk/include/rplidar_protocol.h:36[m[K,
[57.545s]                  from [01m[K/ros2_ws/sllidar_ros2/./sdk/include/rplidar.h:39[m[K,
[57.545s]                  from [01m[K/ros2_ws/sllidar_ros2/sdk/src/sdkcommon.h:49[m[K,
[57.546s]                  from [01m[K/ros2_ws/sllidar_ros2/sdk/src/sl_async_transceiver.cpp:35[m[K:
[57.546s] [01m[K/ros2_ws/sllidar_ros2/./sdk/include/sl_lidar_protocol.h:66:16:[m[K [01;35m[Kwarning: [m[KISO C++ forbids zero-size array ‘[01m[Kdata[m[K’ [[01;35m[K-Wpedantic[m[K]
[57.547s]    66 |     sl_u8 data[[01;35m[K0[m[K];
[57.547s]       |                [01;35m[K^[m[K
[57.548s] In file included from [01m[K/ros2_ws/sllidar_ros2/./sdk/include/rplidar_cmd.h:36[m[K,
[57.548s]                  from [01m[K/ros2_ws/sllidar_ros2/./sdk/include/rplidar.h:40[m[K,
[57.548s]                  from [01m[K/ros2_ws/sllidar_ros2/sdk/src/sdkcommon.h:49[m[K,
[57.549s]                  from [01m[K/ros2_ws/sllidar_ros2/sdk/src/sl_async_transceiver.cpp:35[m[K:
[57.549s] [01m[K/ros2_ws/sllidar_ros2/./sdk/include/sl_lidar_cmd.h:324:20:[m[K [01;35m[Kwarning: [m[KISO C++ forbids zero-size array ‘[01m[Kpayload[m[K’ [[01;35m[K-Wpedantic[m[K]
[57.549s]   324 |     sl_u8  payload[[01;35m[K0[m[K];
[57.550s]       |                    [01;35m[K^[m[K
[57.923s] In file included from [01m[K/ros2_ws/sllidar_ros2/sdk/src/sl_async_transceiver.cpp:44[m[K:
[57.923s] [01m[K/ros2_ws/sllidar_ros2/sdk/src/sl_async_transceiver.h:[m[K In member function ‘[01m[Kvirtual void sl::internal::IAsyncProtocolCodec::onChannelError(u_result)[m[K’:
[57.924s] [01m[K/ros2_ws/sllidar_ros2/sdk/src/sl_async_transceiver.h:90:48:[m[K [01;35m[Kwarning: [m[Kunused parameter ‘[01m[KerrCode[m[K’ [[01;35m[K-Wunused-parameter[m[K]
[57.924s]    90 |         virtual void   onChannelError([01;35m[Ku_result errCode[m[K) {}
[57.925s]       |                                       [01;35m[K~~~~~~~~~^~~~~~~[m[K
[58.511s] [ 60%] [32mBuilding CXX object CMakeFiles/sllidar_node.dir/sdk/src/sl_crc.cpp.o[0m
[58.585s] In file included from [01m[K/ros2_ws/sllidar_ros2/./sdk/include/sl_lidar_cmd.h:41[m[K,
[58.585s]                  from [01m[K/ros2_ws/sllidar_ros2/./sdk/include/sl_crc.h:36[m[K,
[58.585s]                  from [01m[K/ros2_ws/sllidar_ros2/sdk/src/sl_crc.cpp:33[m[K:
[58.586s] [01m[K/ros2_ws/sllidar_ros2/./sdk/include/sl_lidar_protocol.h:66:16:[m[K [01;35m[Kwarning: [m[KISO C++ forbids zero-size array ‘[01m[Kdata[m[K’ [[01;35m[K-Wpedantic[m[K]
[58.587s]    66 |     sl_u8 data[[01;35m[K0[m[K];
[58.587s]       |                [01;35m[K^[m[K
[58.587s] In file included from [01m[K/ros2_ws/sllidar_ros2/./sdk/include/sl_crc.h:36[m[K,
[58.588s]                  from [01m[K/ros2_ws/sllidar_ros2/sdk/src/sl_crc.cpp:33[m[K:
[58.588s] [01m[K/ros2_ws/sllidar_ros2/./sdk/include/sl_lidar_cmd.h:324:20:[m[K [01;35m[Kwarning: [m[KISO C++ forbids zero-size array ‘[01m[Kpayload[m[K’ [[01;35m[K-Wpedantic[m[K]
[58.589s]   324 |     sl_u8  payload[[01;35m[K0[m[K];
[58.589s]       |                    [01;35m[K^[m[K
[58.650s] [ 65%] [32mBuilding CXX object CMakeFiles/sllidar_node.dir/sdk/src/sl_lidar_driver.cpp.o[0m
[60.313s] In file included from [01m[K/ros2_ws/sllidar_ros2/./sdk/include/rplidar_protocol.h:36[m[K,
[60.313s]                  from [01m[K/ros2_ws/sllidar_ros2/./sdk/include/rplidar.h:39[m[K,
[60.314s]                  from [01m[K/ros2_ws/sllidar_ros2/sdk/src/sdkcommon.h:49[m[K,
[60.314s]                  from [01m[K/ros2_ws/sllidar_ros2/sdk/src/sl_lidar_driver.cpp:33[m[K:
[60.316s] [01m[K/ros2_ws/sllidar_ros2/./sdk/include/sl_lidar_protocol.h:66:16:[m[K [01;35m[Kwarning: [m[KISO C++ forbids zero-size array ‘[01m[Kdata[m[K’ [[01;35m[K-Wpedantic[m[K]
[60.316s]    66 |     sl_u8 data[[01;35m[K0[m[K];
[60.317s]       |                [01;35m[K^[m[K
[60.317s] In file included from [01m[K/ros2_ws/sllidar_ros2/./sdk/include/rplidar_cmd.h:36[m[K,
[60.318s]                  from [01m[K/ros2_ws/sllidar_ros2/./sdk/include/rplidar.h:40[m[K,
[60.318s]                  from [01m[K/ros2_ws/sllidar_ros2/sdk/src/sdkcommon.h:49[m[K,
[60.318s]                  from [01m[K/ros2_ws/sllidar_ros2/sdk/src/sl_lidar_driver.cpp:33[m[K:
[60.319s] [01m[K/ros2_ws/sllidar_ros2/./sdk/include/sl_lidar_cmd.h:324:20:[m[K [01;35m[Kwarning: [m[KISO C++ forbids zero-size array ‘[01m[Kpayload[m[K’ [[01;35m[K-Wpedantic[m[K]
[60.319s]   324 |     sl_u8  payload[[01;35m[K0[m[K];
[60.320s]       |                    [01;35m[K^[m[K
[60.689s] [ 70%] [32mBuilding CXX object CMakeFiles/sllidar_node.dir/sdk/src/sl_lidarprotocol_codec.cpp.o[0m
[61.198s] In file included from [01m[K/ros2_ws/sllidar_ros2/sdk/src/sl_lidar_driver.cpp:50[m[K:
[61.199s] [01m[K/ros2_ws/sllidar_ros2/sdk/src/dataunpacker/dataunpacker.h:[m[K In member function ‘[01m[Kvirtual void sl::internal::LIDARSampleDataListener::onCustomSampleDataDecoded(_u8, _u32, const void*, size_t)[m[K’:
[61.199s] [01m[K/ros2_ws/sllidar_ros2/sdk/src/dataunpacker/dataunpacker.h:54:52:[m[K [01;35m[Kwarning: [m[Kunused parameter ‘[01m[KansType[m[K’ [[01;35m[K-Wunused-parameter[m[K]
[61.200s]    54 |         virtual void onCustomSampleDataDecoded([01;35m[K_u8 ansType[m[K, _u32 customCode, const void* data, size_t size) {}
[61.200s]       |                                                [01;35m[K~~~~^~~~~~~[m[K
[61.201s] [01m[K/ros2_ws/sllidar_ros2/sdk/src/dataunpacker/dataunpacker.h:54:66:[m[K [01;35m[Kwarning: [m[Kunused parameter ‘[01m[KcustomCode[m[K’ [[01;35m[K-Wunused-parameter[m[K]
[61.202s]    54 |      virtual void onCustomSampleDataDecoded(_u8 ansType, [01;35m[K_u32 customCode[m[K, const void* data, size_t size) {}
[61.202s]       |                                                          [01;35m[K~~~~~^~~~~~~~~~[m[K
[61.203s] 
[61.204s] [01m[K/ros2_ws/sllidar_ros2/sdk/src/dataunpacker/dataunpacker.h:54:90:[m[K [01;35m[Kwarning: [m[Kunused parameter ‘[01m[Kdata[m[K’ [[01;35m[K-Wunused-parameter[m[K]
[61.204s]    54 | omSampleDataDecoded(_u8 ansType, _u32 customCode, [01;35m[Kconst void* data[m[K, size_t size) {}
[61.205s]       |                                                   [01;35m[K~~~~~~~~~~~~^~~~[m[K
[61.205s] 
[61.206s] [01m[K/ros2_ws/sllidar_ros2/sdk/src/dataunpacker/dataunpacker.h:54:103:[m[K [01;35m[Kwarning: [m[Kunused parameter ‘[01m[Ksize[m[K’ [[01;35m[K-Wunused-parameter[m[K]
[61.206s]    54 | taDecoded(_u8 ansType, _u32 customCode, const void* data, [01;35m[Ksize_t size[m[K) {}
[61.207s]       |                                                           [01;35m[K~~~~~~~^~~~[m[K
[61.208s] 
[61.208s] [01m[K/ros2_ws/sllidar_ros2/sdk/src/dataunpacker/dataunpacker.h:[m[K In member function ‘[01m[Kvirtual void sl::internal::LIDARSampleDataListener::onDecodingError(int, _u8, const void*, size_t)[m[K’:
[61.209s] [01m[K/ros2_ws/sllidar_ros2/sdk/src/dataunpacker/dataunpacker.h:56:42:[m[K [01;35m[Kwarning: [m[Kunused parameter ‘[01m[KerrMsg[m[K’ [[01;35m[K-Wunused-parameter[m[K]
[61.210s]    56 |         virtual void onDecodingError([01;35m[Kint errMsg[m[K, _u8 ansType, const void* payload, size_t size) {}
[61.210s]       |                                      [01;35m[K~~~~^~~~~~[m[K
[61.211s] [01m[K/ros2_ws/sllidar_ros2/sdk/src/dataunpacker/dataunpacker.h:56:54:[m[K [01;35m[Kwarning: [m[Kunused parameter ‘[01m[KansType[m[K’ [[01;35m[K-Wunused-parameter[m[K]
[61.211s]    56 |         virtual void onDecodingError(int errMsg, [01;35m[K_u8 ansType[m[K, const void* payload, size_t size) {}
[61.213s]       |                                                  [01;35m[K~~~~^~~~~~~[m[K
[61.213s] [01m[K/ros2_ws/sllidar_ros2/sdk/src/dataunpacker/dataunpacker.h:56:75:[m[K [01;35m[Kwarning: [m[Kunused parameter ‘[01m[Kpayload[m[K’ [[01;35m[K-Wunused-parameter[m[K]
[61.213s]    56 | ual void onDecodingError(int errMsg, _u8 ansType, [01;35m[Kconst void* payload[m[K, size_t size) {}
[61.214s]       |                                                   [01;35m[K~~~~~~~~~~~~^~~~~~~[m[K
[61.214s] 
[61.227s] [01m[K/ros2_ws/sllidar_ros2/sdk/src/dataunpacker/dataunpacker.h:56:91:[m[K [01;35m[Kwarning: [m[Kunused parameter ‘[01m[Ksize[m[K’ [[01;35m[K-Wunused-parameter[m[K]
[61.229s]    56 | codingError(int errMsg, _u8 ansType, const void* payload, [01;35m[Ksize_t size[m[K) {}
[61.229s]       |                                                           [01;35m[K~~~~~~~^~~~[m[K
[61.230s] 
[61.255s] In file included from [01m[K/ros2_ws/sllidar_ros2/sdk/src/sl_lidar_driver.cpp:51[m[K:
[61.256s] [01m[K/ros2_ws/sllidar_ros2/sdk/src/sl_async_transceiver.h:[m[K In member function ‘[01m[Kvirtual void sl::internal::IAsyncProtocolCodec::onChannelError(u_result)[m[K’:
[61.256s] [01m[K/ros2_ws/sllidar_ros2/sdk/src/sl_async_transceiver.h:90:48:[m[K [01;35m[Kwarning: [m[Kunused parameter ‘[01m[KerrCode[m[K’ [[01;35m[K-Wunused-parameter[m[K]
[61.257s]    90 |         virtual void   onChannelError([01;35m[Ku_result errCode[m[K) {}
[61.257s]       |                                       [01;35m[K~~~~~~~~~^~~~~~~[m[K
[61.352s] [01m[K/ros2_ws/sllidar_ros2/sdk/src/sl_lidar_driver.cpp:[m[K In member function ‘[01m[Kvirtual sl_result sl::SlamtecLidarDriver::reset(sl_u32)[m[K’:
[61.353s] [01m[K/ros2_ws/sllidar_ros2/sdk/src/sl_lidar_driver.cpp:511:32:[m[K [01;35m[Kwarning: [m[Kunused parameter ‘[01m[KtimeoutInMs[m[K’ [[01;35m[K-Wunused-parameter[m[K]
[61.353s]   511 |         sl_result reset([01;35m[Ksl_u32 timeoutInMs = DEFAULT_TIMEOUT[m[K)
[61.354s]       |                         [01;35m[K~~~~~~~^~~~~~~~~~~~~~~~~~~~~~~~~~~~~[m[K
[61.371s] [01m[K/ros2_ws/sllidar_ros2/sdk/src/sl_lidar_driver.cpp:[m[K In member function ‘[01m[Kvirtual sl_result sl::SlamtecLidarDriver::startScan(bool, bool, sl_u32, sl::LidarScanMode*)[m[K’:
[61.372s] [01m[K/ros2_ws/sllidar_ros2/sdk/src/sl_lidar_driver.cpp:586:69:[m[K [01;35m[Kwarning: [m[Kunused parameter ‘[01m[Koptions[m[K’ [[01;35m[K-Wunused-parameter[m[K]
[61.372s]   586 |   sl_result startScan(bool force, bool useTypicalScan, [01;35m[Ksl_u32 options = 0[m[K, LidarScanMode* outUsedScanMode = nullptr)
[61.373s]       |                                                        [01;35m[K~~~~~~~^~~~~~~~~~~[m[K
[61.374s] 
[61.383s] [01m[K/ros2_ws/sllidar_ros2/sdk/src/sl_lidar_driver.cpp:[m[K In member function ‘[01m[Kvirtual sl_result sl::SlamtecLidarDriver::stop(sl_u32)[m[K’:
[61.384s] [01m[K/ros2_ws/sllidar_ros2/sdk/src/sl_lidar_driver.cpp:763:31:[m[K [01;35m[Kwarning: [m[Kunused parameter ‘[01m[Ktimeout[m[K’ [[01;35m[K-Wunused-parameter[m[K]
[61.385s]   763 |         sl_result stop([01;35m[Ksl_u32 timeout = DEFAULT_TIMEOUT[m[K)
[61.385s]       |                        [01;35m[K~~~~~~~^~~~~~~~~~~~~~~~~~~~~~~~~[m[K
[61.393s] [01m[K/ros2_ws/sllidar_ros2/sdk/src/sl_lidar_driver.cpp:[m[K In member function ‘[01m[Kvirtual sl_result sl::SlamtecLidarDriver::getFrequency(const sl::LidarScanMode&, const sl_lidar_response_measurement_node_hq_t*, size_t, float&)[m[K’:
[61.394s] [01m[K/ros2_ws/sllidar_ros2/sdk/src/sl_lidar_driver.cpp:880:110:[m[K [01;35m[Kwarning: [m[Kunused parameter ‘[01m[Knodes[m[K’ [[01;35m[K-Wunused-parameter[m[K]
[61.395s]   880 | ode& scanMode, [01;35m[Kconst sl_lidar_response_measurement_node_hq_t* nodes[m[K, size_t count, float& frequency)
[61.395s]       |                [01;35m[K~~~~~~~~~~~~~~~~~~~~~~~~~~~~~~~~~~~~~~~~~~~~~~~^~~~~[m[K
[61.396s] 
[61.405s] [01m[K/ros2_ws/sllidar_ros2/sdk/src/sl_lidar_driver.cpp:[m[K In member function ‘[01m[Kvirtual sl_result sl::SlamtecLidarDriver::getMotorInfo(sl::LidarMotorInfo&, sl_u32)[m[K’:
[61.406s] [01m[K/ros2_ws/sllidar_ros2/sdk/src/sl_lidar_driver.cpp:1023:66:[m[K [01;35m[Kwarning: [m[Kunused parameter ‘[01m[KtimeoutInMs[m[K’ [[01;35m[K-Wunused-parameter[m[K]
[61.407s]  1023 |      sl_result getMotorInfo(LidarMotorInfo &motorInfo, [01;35m[Ksl_u32 timeoutInMs[m[K)
[61.407s]       |                                                        [01;35m[K~~~~~~~^~~~~~~~~~~[m[K
[61.408s] 
[61.414s] [01m[K/ros2_ws/sllidar_ros2/sdk/src/sl_lidar_driver.cpp:[m[K In member function ‘[01m[Ku_result sl::SlamtecLidarDriver::getScanModeCount(sl_u16&, sl_u32)[m[K’:
[61.415s] [01m[K/ros2_ws/sllidar_ros2/sdk/src/sl_lidar_driver.cpp:1199:61:[m[K [01;35m[Kwarning: [m[Kunused parameter ‘[01m[KtimeoutInMs[m[K’ [[01;35m[K-Wunused-parameter[m[K]
[61.415s]  1199 |         u_result getScanModeCount(sl_u16& modeCount, [01;35m[Ksl_u32 timeoutInMs = DEFAULT_TIMEOUT[m[K)
[61.416s]       |                                                      [01;35m[K~~~~~~~^~~~~~~~~~~~~~~~~~~~~~~~~~~~~[m[K
[61.605s] /ros2_ws/sllidar_ros2/sdk/src/sl_lidar_driver.cpp: In instantiation of ‘[01m[Kvoid sl::RawSampleNodeHolder<T>::pushNode(_u64, const T*) [with T = sl_lidar_response_measurement_node_hq_t; _u64 = long unsigned int][m[K’:
[61.606s] [01m[K/ros2_ws/sllidar_ros2/sdk/src/sl_lidar_driver.cpp:1648:42:[m[K   required from here
[61.606s] [01m[K/ros2_ws/sllidar_ros2/sdk/src/sl_lidar_driver.cpp:202:28:[m[K [01;35m[Kwarning: [m[Kunused parameter ‘[01m[Ktimestamp_uS[m[K’ [[01;35m[K-Wunused-parameter[m[K]
[61.607s]   202 |         void pushNode([01;35m[K_u64 timestamp_uS[m[K, const T* node)
[61.607s]       |                       [01;35m[K~~~~~^~~~~~~~~~~~[m[K
[62.382s] [01m[K/ros2_ws/sllidar_ros2/sdk/src/sl_lidar_driver.cpp:[m[K At global scope:
[62.382s] [01m[K/ros2_ws/sllidar_ros2/sdk/src/sl_lidar_driver.cpp:83:17:[m[K [01;35m[Kwarning: [m[K‘[01m[Kvoid sl::convert(const sl_lidar_response_measurement_node_hq_t&, sl_lidar_response_measurement_node_t&)[m[K’ defined but not used [[01;35m[K-Wunused-function[m[K]
[62.383s]    83 |     static void [01;35m[Kconvert[m[K(const sl_lidar_response_measurement_node_hq_t& from, sl_lidar_response_measurement_node_t& to)
[62.384s]       |                 [01;35m[K^~~~~~~[m[K
[62.384s] [01m[K/ros2_ws/sllidar_ros2/sdk/src/sl_lidar_driver.cpp:75:17:[m[K [01;35m[Kwarning: [m[K‘[01m[Kvoid sl::convert(const sl_lidar_response_measurement_node_t&, sl_lidar_response_measurement_node_hq_t&)[m[K’ defined but not used [[01;35m[K-Wunused-function[m[K]
[62.385s]    75 |     static void [01;35m[Kconvert[m[K(const sl_lidar_response_measurement_node_t& from, sl_lidar_response_measurement_node_hq_t& to)
[62.386s]       |                 [01;35m[K^~~~~~~[m[K
[62.386s] [01m[K/ros2_ws/sllidar_ros2/sdk/src/sl_lidar_driver.cpp:70:17:[m[K [01;35m[Kwarning: [m[K‘[01m[Kvoid sl::printDeprecationWarn(const char*, const char*)[m[K’ defined but not used [[01;35m[K-Wunused-function[m[K]
[62.387s]    70 |     static void [01;35m[KprintDeprecationWarn[m[K(const char* fn, const char* replacement)
[62.388s]       |                 [01;35m[K^~~~~~~~~~~~~~~~~~~~[m[K
[62.694s] In file included from [01m[K/ros2_ws/sllidar_ros2/./sdk/include/rplidar_protocol.h:36[m[K,
[62.694s]                  from [01m[K/ros2_ws/sllidar_ros2/./sdk/include/rplidar.h:39[m[K,
[62.695s]                  from [01m[K/ros2_ws/sllidar_ros2/sdk/src/sdkcommon.h:49[m[K,
[62.696s]                  from [01m[K/ros2_ws/sllidar_ros2/sdk/src/sl_lidarprotocol_codec.cpp:35[m[K:
[62.697s] [01m[K/ros2_ws/sllidar_ros2/./sdk/include/sl_lidar_protocol.h:66:16:[m[K [01;35m[Kwarning: [m[KISO C++ forbids zero-size array ‘[01m[Kdata[m[K’ [[01;35m[K-Wpedantic[m[K]
[62.697s]    66 |     sl_u8 data[[01;35m[K0[m[K];
[62.698s]       |                [01;35m[K^[m[K
[62.701s] In file included from [01m[K/ros2_ws/sllidar_ros2/./sdk/include/rplidar_cmd.h:36[m[K,
[62.702s]                  from [01m[K/ros2_ws/sllidar_ros2/./sdk/include/rplidar.h:40[m[K,
[62.702s]                  from [01m[K/ros2_ws/sllidar_ros2/sdk/src/sdkcommon.h:49[m[K,
[62.703s]                  from [01m[K/ros2_ws/sllidar_ros2/sdk/src/sl_lidarprotocol_codec.cpp:35[m[K:
[62.703s] [01m[K/ros2_ws/sllidar_ros2/./sdk/include/sl_lidar_cmd.h:324:20:[m[K [01;35m[Kwarning: [m[KISO C++ forbids zero-size array ‘[01m[Kpayload[m[K’ [[01;35m[K-Wpedantic[m[K]
[62.704s]   324 |     sl_u8  payload[[01;35m[K0[m[K];
[62.705s]       |                    [01;35m[K^[m[K
[62.783s] [ 75%] [32mBuilding CXX object CMakeFiles/sllidar_node.dir/sdk/src/rplidar_driver.cpp.o[0m
[64.057s] In file included from [01m[K/ros2_ws/sllidar_ros2/sdk/src/sl_lidarprotocol_codec.cpp:49[m[K:
[64.058s] [01m[K/ros2_ws/sllidar_ros2/sdk/src/sl_async_transceiver.h:[m[K In member function ‘[01m[Kvirtual void sl::internal::IAsyncProtocolCodec::onChannelError(u_result)[m[K’:
[64.059s] [01m[K/ros2_ws/sllidar_ros2/sdk/src/sl_async_transceiver.h:90:48:[m[K [01;35m[Kwarning: [m[Kunused parameter ‘[01m[KerrCode[m[K’ [[01;35m[K-Wunused-parameter[m[K]
[64.061s]    90 |         virtual void   onChannelError([01;35m[Ku_result errCode[m[K) {}
[64.062s]       |                                       [01;35m[K~~~~~~~~~^~~~~~~[m[K
[64.855s] In file included from [01m[K/ros2_ws/sllidar_ros2/./sdk/include/rplidar_protocol.h:36[m[K,
[64.856s]                  from [01m[K/ros2_ws/sllidar_ros2/./sdk/include/rplidar.h:39[m[K,
[64.856s]                  from [01m[K/ros2_ws/sllidar_ros2/sdk/src/sdkcommon.h:49[m[K,
[64.857s]                  from [01m[K/ros2_ws/sllidar_ros2/sdk/src/rplidar_driver.cpp:33[m[K:
[64.857s] [01m[K/ros2_ws/sllidar_ros2/./sdk/include/sl_lidar_protocol.h:66:16:[m[K [01;35m[Kwarning: [m[KISO C++ forbids zero-size array ‘[01m[Kdata[m[K’ [[01;35m[K-Wpedantic[m[K]
[64.858s]    66 |     sl_u8 data[[01;35m[K0[m[K];
[64.858s]       |                [01;35m[K^[m[K
[64.859s] In file included from [01m[K/ros2_ws/sllidar_ros2/./sdk/include/rplidar_cmd.h:36[m[K,
[64.859s]                  from [01m[K/ros2_ws/sllidar_ros2/./sdk/include/rplidar.h:40[m[K,
[64.860s]                  from [01m[K/ros2_ws/sllidar_ros2/sdk/src/sdkcommon.h:49[m[K,
[64.860s]                  from [01m[K/ros2_ws/sllidar_ros2/sdk/src/rplidar_driver.cpp:33[m[K:
[64.861s] [01m[K/ros2_ws/sllidar_ros2/./sdk/include/sl_lidar_cmd.h:324:20:[m[K [01;35m[Kwarning: [m[KISO C++ forbids zero-size array ‘[01m[Kpayload[m[K’ [[01;35m[K-Wpedantic[m[K]
[64.861s]   324 |     sl_u8  payload[[01;35m[K0[m[K];
[64.861s]       |                    [01;35m[K^[m[K
[65.458s] [01m[K/ros2_ws/sllidar_ros2/sdk/src/rplidar_driver.cpp:[m[K In member function ‘[01m[Ku_result rp::standalone::rplidar::RPlidarDriver::connect(const char*, _u32, _u32)[m[K’:
[65.459s] [01m[K/ros2_ws/sllidar_ros2/sdk/src/rplidar_driver.cpp:67:77:[m[K [01;35m[Kwarning: [m[Kunused parameter ‘[01m[Kflag[m[K’ [[01;35m[K-Wunused-parameter[m[K]
[65.459s]    67 |     u_result RPlidarDriver::connect(const char *path, _u32 portOrBaud, [01;35m[K_u32 flag[m[K)
[65.460s]       |                                                                        [01;35m[K~~~~~^~~~[m[K
[65.460s] [01m[K/ros2_ws/sllidar_ros2/sdk/src/rplidar_driver.cpp:[m[K In member function ‘[01m[Ku_result rp::standalone::rplidar::RPlidarDriver::reset(_u32)[m[K’:
[65.460s] [01m[K/ros2_ws/sllidar_ros2/sdk/src/rplidar_driver.cpp:101:40:[m[K [01;35m[Kwarning: [m[Kunused parameter ‘[01m[Ktimeout[m[K’ [[01;35m[K-Wunused-parameter[m[K]
[65.461s]   101 |     u_result RPlidarDriver::reset([01;35m[K_u32 timeout[m[K)
[65.461s]       |                                   [01;35m[K~~~~~^~~~~~~[m[K
[65.462s] [01m[K/ros2_ws/sllidar_ros2/sdk/src/rplidar_driver.cpp:[m[K In member function ‘[01m[Ku_result rp::standalone::rplidar::RPlidarDriver::getScanDataWithInterval(rplidar_response_measurement_node_t*, size_t&)[m[K’:
[65.463s] [01m[K/ros2_ws/sllidar_ros2/sdk/src/rplidar_driver.cpp:180:91:[m[K [01;35m[Kwarning: [m[Kunused parameter ‘[01m[Knodebuffer[m[K’ [[01;35m[K-Wunused-parameter[m[K]
[65.463s]   180 |     u_result RPlidarDriver::getScanDataWithInterval([01;35m[Krplidar_response_measurement_node_t * nodebuffer[m[K, size_t & count)
[65.463s]       |                                                     [01;35m[K~~~~~~~~~~~~~~~~~~~~~~~~~~~~~~~~~~~~~~^~~~~~~~~~[m[K
[65.464s] [01m[K/ros2_ws/sllidar_ros2/sdk/src/rplidar_driver.cpp:180:112:[m[K [01;35m[Kwarning: [m[Kunused parameter ‘[01m[Kcount[m[K’ [[01;35m[K-Wunused-parameter[m[K]
[65.464s]   180 |     u_result RPlidarDriver::getScanDataWithInterval(rplidar_response_measurement_node_t * nodebuffer, [01;35m[Ksize_t & count[m[K)
[65.464s]       |                                                                                                       [01;35m[K~~~~~~~~~^~~~~[m[K
[65.859s] [ 80%] [32mBuilding CXX object CMakeFiles/sllidar_node.dir/sdk/src/sl_tcp_channel.cpp.o[0m
[66.879s] In file included from [01m[K/ros2_ws/sllidar_ros2/./sdk/include/sl_lidar_cmd.h:41[m[K,
[66.879s]                  from [01m[K/ros2_ws/sllidar_ros2/./sdk/include/sl_lidar_driver.h:54[m[K,
[66.880s]                  from [01m[K/ros2_ws/sllidar_ros2/sdk/src/sl_tcp_channel.cpp:33[m[K:
[66.880s] [01m[K/ros2_ws/sllidar_ros2/./sdk/include/sl_lidar_protocol.h:66:16:[m[K [01;35m[Kwarning: [m[KISO C++ forbids zero-size array ‘[01m[Kdata[m[K’ [[01;35m[K-Wpedantic[m[K]
[66.881s]    66 |     sl_u8 data[[01;35m[K0[m[K];
[66.881s]       |                [01;35m[K^[m[K
[66.881s] In file included from [01m[K/ros2_ws/sllidar_ros2/./sdk/include/sl_lidar_driver.h:54[m[K,
[66.882s]                  from [01m[K/ros2_ws/sllidar_ros2/sdk/src/sl_tcp_channel.cpp:33[m[K:
[66.882s] [01m[K/ros2_ws/sllidar_ros2/./sdk/include/sl_lidar_cmd.h:324:20:[m[K [01;35m[Kwarning: [m[KISO C++ forbids zero-size array ‘[01m[Kpayload[m[K’ [[01;35m[K-Wpedantic[m[K]
[66.882s]   324 |     sl_u8  payload[[01;35m[K0[m[K];
[66.883s]       |                    [01;35m[K^[m[K
[66.898s] [01m[K/ros2_ws/sllidar_ros2/sdk/src/sl_tcp_channel.cpp:[m[K In member function ‘[01m[Kvoid sl::TcpChannel::setStatus(_u32)[m[K’:
[66.898s] [01m[K/ros2_ws/sllidar_ros2/sdk/src/sl_tcp_channel.cpp:109:29:[m[K [01;35m[Kwarning: [m[Kunused parameter ‘[01m[Kflag[m[K’ [[01;35m[K-Wunused-parameter[m[K]
[66.899s]   109 |         void setStatus([01;35m[K_u32 flag[m[K){}
[66.899s]       |                        [01;35m[K~~~~~^~~~[m[K
[67.103s] [ 85%] [32mBuilding CXX object CMakeFiles/sllidar_node.dir/sdk/src/sl_udp_channel.cpp.o[0m
[68.083s] In file included from [01m[K/ros2_ws/sllidar_ros2/./sdk/include/sl_lidar_cmd.h:41[m[K,
[68.084s]                  from [01m[K/ros2_ws/sllidar_ros2/./sdk/include/sl_lidar_driver.h:54[m[K,
[68.084s]                  from [01m[K/ros2_ws/sllidar_ros2/sdk/src/sl_udp_channel.cpp:33[m[K:
[68.085s] [01m[K/ros2_ws/sllidar_ros2/./sdk/include/sl_lidar_protocol.h:66:16:[m[K [01;35m[Kwarning: [m[KISO C++ forbids zero-size array ‘[01m[Kdata[m[K’ [[01;35m[K-Wpedantic[m[K]
[68.085s]    66 |     sl_u8 data[[01;35m[K0[m[K];
[68.086s]       |                [01;35m[K^[m[K
[68.086s] In file included from [01m[K/ros2_ws/sllidar_ros2/./sdk/include/sl_lidar_driver.h:54[m[K,
[68.086s]                  from [01m[K/ros2_ws/sllidar_ros2/sdk/src/sl_udp_channel.cpp:33[m[K:
[68.087s] [01m[K/ros2_ws/sllidar_ros2/./sdk/include/sl_lidar_cmd.h:324:20:[m[K [01;35m[Kwarning: [m[KISO C++ forbids zero-size array ‘[01m[Kpayload[m[K’ [[01;35m[K-Wpedantic[m[K]
[68.087s]   324 |     sl_u8  payload[[01;35m[K0[m[K];
[68.088s]       |                    [01;35m[K^[m[K
[68.104s] [01m[K/ros2_ws/sllidar_ros2/sdk/src/sl_udp_channel.cpp:[m[K In member function ‘[01m[Kvoid sl::UdpChannel::setStatus(_u32)[m[K’:
[68.104s] [01m[K/ros2_ws/sllidar_ros2/sdk/src/sl_udp_channel.cpp:112:29:[m[K [01;35m[Kwarning: [m[Kunused parameter ‘[01m[Kflag[m[K’ [[01;35m[K-Wunused-parameter[m[K]
[68.104s]   112 |         void setStatus([01;35m[K_u32 flag[m[K){}
[68.105s]       |                        [01;35m[K~~~~~^~~~[m[K
[68.302s] [ 90%] [32mBuilding CXX object CMakeFiles/sllidar_node.dir/sdk/src/sl_serial_channel.cpp.o[0m
[69.327s] In file included from [01m[K/ros2_ws/sllidar_ros2/./sdk/include/sl_lidar_cmd.h:41[m[K,
[69.327s]                  from [01m[K/ros2_ws/sllidar_ros2/./sdk/include/sl_lidar_driver.h:54[m[K,
[69.328s]                  from [01m[K/ros2_ws/sllidar_ros2/sdk/src/sl_serial_channel.cpp:33[m[K:
[69.328s] [01m[K/ros2_ws/sllidar_ros2/./sdk/include/sl_lidar_protocol.h:66:16:[m[K [01;35m[Kwarning: [m[KISO C++ forbids zero-size array ‘[01m[Kdata[m[K’ [[01;35m[K-Wpedantic[m[K]
[69.329s]    66 |     sl_u8 data[[01;35m[K0[m[K];
[69.329s]       |                [01;35m[K^[m[K
[69.330s] In file included from [01m[K/ros2_ws/sllidar_ros2/./sdk/include/sl_lidar_driver.h:54[m[K,
[69.330s]                  from [01m[K/ros2_ws/sllidar_ros2/sdk/src/sl_serial_channel.cpp:33[m[K:
[69.331s] [01m[K/ros2_ws/sllidar_ros2/./sdk/include/sl_lidar_cmd.h:324:20:[m[K [01;35m[Kwarning: [m[KISO C++ forbids zero-size array ‘[01m[Kpayload[m[K’ [[01;35m[K-Wpedantic[m[K]
[69.331s]   324 |     sl_u8  payload[[01;35m[K0[m[K];
[69.332s]       |                    [01;35m[K^[m[K
[69.564s] [ 95%] [32mBuilding CXX object CMakeFiles/sllidar_node.dir/sdk/src/arch/linux/timer.cpp.o[0m
[71.529s] [100%] [32m[1mLinking CXX executable sllidar_node[0m
[73.716s] [100%] Built target sllidar_node
