[0.089s] Invoking command in '/ros2_ws/build/std_msgs': CMAKE_PREFIX_PATH=/opt/ros/humble /usr/bin/cmake --build /ros2_ws/build/std_msgs -- -j4 -l4
[0.869s] [35m[1mConsolidate compiler generated dependencies of target std_msgs__rosidl_generator_c[0m
[0.916s] [  1%] Built target std_msgs__rs
[0.925s] [  1%] Built target std_msgs__cpp
[1.095s] [ 13%] Built target std_msgs__rosidl_generator_c
[1.159s] [ 13%] Built target ament_cmake_python_copy_std_msgs
[1.174s] [35m[1mConsolidate compiler generated dependencies of target std_msgs__rosidl_typesupport_introspection_cpp[0m
[1.182s] [35m[1mConsolidate compiler generated dependencies of target std_msgs__rosidl_typesupport_fastrtps_cpp[0m
[1.345s] [35m[1mConsolidate compiler generated dependencies of target std_msgs__rosidl_typesupport_cpp[0m
[1.393s] [35m[1mConsolidate compiler generated dependencies of target std_msgs__rosidl_typesupport_fastrtps_c[0m
[1.506s] [ 25%] Built target std_msgs__rosidl_typesupport_introspection_cpp
[1.595s] [ 37%] Built target std_msgs__rosidl_typesupport_fastrtps_cpp
[1.656s] [35m[1mConsolidate compiler generated dependencies of target std_msgs__rosidl_typesupport_introspection_c[0m
[1.706s] [ 49%] Built target std_msgs__rosidl_typesupport_fastrtps_c
[1.759s] [35m[1mConsolidate compiler generated dependencies of target std_msgs__rosidl_typesupport_c[0m
[1.859s] [ 61%] Built target std_msgs__rosidl_typesupport_cpp
[1.886s] [ 73%] Built target std_msgs__rosidl_typesupport_introspection_c
[1.967s] [ 85%] Built target std_msgs__rosidl_typesupport_c
[2.260s] [ 85%] Built target std_msgs
[2.550s] [ 85%] Built target std_msgs__py
[2.756s] [35m[1mConsolidate compiler generated dependencies of target std_msgs__rosidl_generator_py[0m
[3.001s] [ 97%] Built target std_msgs__rosidl_generator_py
[3.111s] [35m[1mConsolidate compiler generated dependencies of target std_msgs__rosidl_typesupport_fastrtps_c__pyext[0m
[3.161s] [35m[1mConsolidate compiler generated dependencies of target std_msgs__rosidl_typesupport_introspection_c__pyext[0m
[3.195s] [35m[1mConsolidate compiler generated dependencies of target std_msgs__rosidl_typesupport_c__pyext[0m
[3.420s] [ 98%] Built target std_msgs__rosidl_typesupport_fastrtps_c__pyext
[3.443s] [ 99%] Built target std_msgs__rosidl_typesupport_introspection_c__pyext
[3.467s] [100%] Built target std_msgs__rosidl_typesupport_c__pyext
[3.544s] running egg_info
[3.547s] writing std_msgs.egg-info/PKG-INFO
[3.550s] writing dependency_links to std_msgs.egg-info/dependency_links.txt
[3.551s] writing top-level names to std_msgs.egg-info/top_level.txt
[3.566s] reading manifest file 'std_msgs.egg-info/SOURCES.txt'
[3.571s] writing manifest file 'std_msgs.egg-info/SOURCES.txt'
[3.778s] [100%] Built target ament_cmake_python_build_std_msgs_egg
[3.892s] Invoked command in '/ros2_ws/build/std_msgs' returned '0': CMAKE_PREFIX_PATH=/opt/ros/humble /usr/bin/cmake --build /ros2_ws/build/std_msgs -- -j4 -l4
[3.905s] Invoking command in '/ros2_ws/build/std_msgs': CMAKE_PREFIX_PATH=/opt/ros/humble /usr/bin/cmake --install /ros2_ws/build/std_msgs
[4.124s] -- Install configuration: ""
[4.126s] -- Up-to-date: /ros2_ws/install/std_msgs/share/ament_index/resource_index/rosidl_interfaces/std_msgs
[4.126s] -- Up-to-date: /ros2_ws/install/std_msgs/include/std_msgs/std_msgs
[4.127s] -- Up-to-date: /ros2_ws/install/std_msgs/include/std_msgs/std_msgs/msg
[4.146s] -- Up-to-date: /ros2_ws/install/std_msgs/include/std_msgs/std_msgs/msg/int16.h
[4.147s] -- Up-to-date: /ros2_ws/install/std_msgs/include/std_msgs/std_msgs/msg/float64.h
[4.148s] -- Up-to-date: /ros2_ws/install/std_msgs/include/std_msgs/std_msgs/msg/byte_multi_array.h
[4.148s] -- Up-to-date: /ros2_ws/install/std_msgs/include/std_msgs/std_msgs/msg/int32.h
[4.148s] -- Up-to-date: /ros2_ws/install/std_msgs/include/std_msgs/std_msgs/msg/int16_multi_array.h
[4.150s] -- Up-to-date: /ros2_ws/install/std_msgs/include/std_msgs/std_msgs/msg/u_int8_multi_array.h
[4.151s] -- Up-to-date: /ros2_ws/install/std_msgs/include/std_msgs/std_msgs/msg/string.h
[4.154s] -- Up-to-date: /ros2_ws/install/std_msgs/include/std_msgs/std_msgs/msg/multi_array_dimension.h
[4.155s] -- Up-to-date: /ros2_ws/install/std_msgs/include/std_msgs/std_msgs/msg/int8_multi_array.h
[4.155s] -- Up-to-date: /ros2_ws/install/std_msgs/include/std_msgs/std_msgs/msg/int32_multi_array.h
[4.156s] -- Up-to-date: /ros2_ws/install/std_msgs/include/std_msgs/std_msgs/msg/bool.h
[4.156s] -- Up-to-date: /ros2_ws/install/std_msgs/include/std_msgs/std_msgs/msg/multi_array_layout.h
[4.157s] -- Up-to-date: /ros2_ws/install/std_msgs/include/std_msgs/std_msgs/msg/char.h
[4.157s] -- Up-to-date: /ros2_ws/install/std_msgs/include/std_msgs/std_msgs/msg/u_int32_multi_array.h
[4.159s] -- Up-to-date: /ros2_ws/install/std_msgs/include/std_msgs/std_msgs/msg/int64_multi_array.h
[4.165s] -- Up-to-date: /ros2_ws/install/std_msgs/include/std_msgs/std_msgs/msg/color_rgba.h
[4.166s] -- Up-to-date: /ros2_ws/install/std_msgs/include/std_msgs/std_msgs/msg/u_int16_multi_array.h
[4.166s] -- Up-to-date: /ros2_ws/install/std_msgs/include/std_msgs/std_msgs/msg/u_int16.h
[4.167s] -- Up-to-date: /ros2_ws/install/std_msgs/include/std_msgs/std_msgs/msg/float32.h
[4.168s] -- Up-to-date: /ros2_ws/install/std_msgs/include/std_msgs/std_msgs/msg/int64.h
[4.168s] -- Up-to-date: /ros2_ws/install/std_msgs/include/std_msgs/std_msgs/msg/int8.h
[4.169s] -- Up-to-date: /ros2_ws/install/std_msgs/include/std_msgs/std_msgs/msg/u_int64.h
[4.169s] -- Up-to-date: /ros2_ws/install/std_msgs/include/std_msgs/std_msgs/msg/empty.h
[4.170s] -- Up-to-date: /ros2_ws/install/std_msgs/include/std_msgs/std_msgs/msg/float64_multi_array.h
[4.177s] -- Up-to-date: /ros2_ws/install/std_msgs/include/std_msgs/std_msgs/msg/header.h
[4.178s] -- Up-to-date: /ros2_ws/install/std_msgs/include/std_msgs/std_msgs/msg/byte.h
[4.178s] -- Up-to-date: /ros2_ws/install/std_msgs/include/std_msgs/std_msgs/msg/float32_multi_array.h
[4.180s] -- Up-to-date: /ros2_ws/install/std_msgs/include/std_msgs/std_msgs/msg/detail
[4.185s] -- Up-to-date: /ros2_ws/install/std_msgs/include/std_msgs/std_msgs/msg/detail/u_int64_multi_array__functions.h
[4.185s] -- Up-to-date: /ros2_ws/install/std_msgs/include/std_msgs/std_msgs/msg/detail/u_int64_multi_array__type_support.h
[4.187s] -- Up-to-date: /ros2_ws/install/std_msgs/include/std_msgs/std_msgs/msg/detail/multi_array_dimension__type_support.h
[4.190s] -- Up-to-date: /ros2_ws/install/std_msgs/include/std_msgs/std_msgs/msg/detail/empty__functions.h
[4.200s] -- Up-to-date: /ros2_ws/install/std_msgs/include/std_msgs/std_msgs/msg/detail/float32__functions.c
[4.201s] -- Up-to-date: /ros2_ws/install/std_msgs/include/std_msgs/std_msgs/msg/detail/u_int8_multi_array__type_support.h
[4.202s] -- Up-to-date: /ros2_ws/install/std_msgs/include/std_msgs/std_msgs/msg/detail/int64__functions.h
[4.203s] -- Up-to-date: /ros2_ws/install/std_msgs/include/std_msgs/std_msgs/msg/detail/u_int16__type_support.h
[4.207s] -- Up-to-date: /ros2_ws/install/std_msgs/include/std_msgs/std_msgs/msg/detail/int64__struct.h
[4.208s] -- Up-to-date: /ros2_ws/install/std_msgs/include/std_msgs/std_msgs/msg/detail/u_int8__functions.c
[4.209s] -- Up-to-date: /ros2_ws/install/std_msgs/include/std_msgs/std_msgs/msg/detail/empty__struct.h
[4.210s] -- Up-to-date: /ros2_ws/install/std_msgs/include/std_msgs/std_msgs/msg/detail/int32__type_support.h
[4.214s] -- Up-to-date: /ros2_ws/install/std_msgs/include/std_msgs/std_msgs/msg/detail/int32__functions.c
[4.215s] -- Up-to-date: /ros2_ws/install/std_msgs/include/std_msgs/std_msgs/msg/detail/int32__functions.h
[4.218s] -- Up-to-date: /ros2_ws/install/std_msgs/include/std_msgs/std_msgs/msg/detail/multi_array_dimension__functions.h
[4.219s] -- Up-to-date: /ros2_ws/install/std_msgs/include/std_msgs/std_msgs/msg/detail/color_rgba__functions.c
[4.221s] -- Up-to-date: /ros2_ws/install/std_msgs/include/std_msgs/std_msgs/msg/detail/string__struct.h
[4.222s] -- Up-to-date: /ros2_ws/install/std_msgs/include/std_msgs/std_msgs/msg/detail/u_int32__functions.c
[4.223s] -- Up-to-date: /ros2_ws/install/std_msgs/include/std_msgs/std_msgs/msg/detail/int8__type_support.h
[4.225s] -- Up-to-date: /ros2_ws/install/std_msgs/include/std_msgs/std_msgs/msg/detail/u_int16_multi_array__struct.h
[4.226s] -- Up-to-date: /ros2_ws/install/std_msgs/include/std_msgs/std_msgs/msg/detail/header__functions.h
[4.227s] -- Up-to-date: /ros2_ws/install/std_msgs/include/std_msgs/std_msgs/msg/detail/byte_multi_array__type_support.h
[4.228s] -- Up-to-date: /ros2_ws/install/std_msgs/include/std_msgs/std_msgs/msg/detail/u_int8_multi_array__functions.h
[4.229s] -- Up-to-date: /ros2_ws/install/std_msgs/include/std_msgs/std_msgs/msg/detail/u_int8__type_support.h
[4.229s] -- Up-to-date: /ros2_ws/install/std_msgs/include/std_msgs/std_msgs/msg/detail/int16__functions.c
[4.236s] -- Up-to-date: /ros2_ws/install/std_msgs/include/std_msgs/std_msgs/msg/detail/byte__functions.h
[4.237s] -- Up-to-date: /ros2_ws/install/std_msgs/include/std_msgs/std_msgs/msg/detail/char__type_support.h
[4.241s] -- Up-to-date: /ros2_ws/install/std_msgs/include/std_msgs/std_msgs/msg/detail/int32_multi_array__functions.c
[4.241s] -- Up-to-date: /ros2_ws/install/std_msgs/include/std_msgs/std_msgs/msg/detail/int16__functions.h
[4.242s] -- Up-to-date: /ros2_ws/install/std_msgs/include/std_msgs/std_msgs/msg/detail/int8_multi_array__type_support.h
[4.243s] -- Up-to-date: /ros2_ws/install/std_msgs/include/std_msgs/std_msgs/msg/detail/int64__type_support.h
[4.244s] -- Up-to-date: /ros2_ws/install/std_msgs/include/std_msgs/std_msgs/msg/detail/int8_multi_array__struct.h
[4.246s] -- Up-to-date: /ros2_ws/install/std_msgs/include/std_msgs/std_msgs/msg/detail/float32__struct.h
[4.248s] -- Up-to-date: /ros2_ws/install/std_msgs/include/std_msgs/std_msgs/msg/detail/color_rgba__struct.h
[4.249s] -- Up-to-date: /ros2_ws/install/std_msgs/include/std_msgs/std_msgs/msg/detail/u_int64_multi_array__functions.c
[4.249s] -- Up-to-date: /ros2_ws/install/std_msgs/include/std_msgs/std_msgs/msg/detail/color_rgba__functions.h
[4.253s] -- Up-to-date: /ros2_ws/install/std_msgs/include/std_msgs/std_msgs/msg/detail/int8__struct.h
[4.257s] -- Up-to-date: /ros2_ws/install/std_msgs/include/std_msgs/std_msgs/msg/detail/string__type_support.h
[4.258s] -- Up-to-date: /ros2_ws/install/std_msgs/include/std_msgs/std_msgs/msg/detail/float32_multi_array__type_support.h
[4.258s] -- Up-to-date: /ros2_ws/install/std_msgs/include/std_msgs/std_msgs/msg/detail/int32__struct.h
[4.259s] -- Up-to-date: /ros2_ws/install/std_msgs/include/std_msgs/std_msgs/msg/detail/char__functions.c
[4.260s] -- Up-to-date: /ros2_ws/install/std_msgs/include/std_msgs/std_msgs/msg/detail/string__functions.c
[4.261s] -- Up-to-date: /ros2_ws/install/std_msgs/include/std_msgs/std_msgs/msg/detail/float32_multi_array__functions.h
[4.263s] -- Up-to-date: /ros2_ws/install/std_msgs/include/std_msgs/std_msgs/msg/detail/header__type_support.h
[4.264s] -- Up-to-date: /ros2_ws/install/std_msgs/include/std_msgs/std_msgs/msg/detail/int16_multi_array__functions.c
[4.266s] -- Up-to-date: /ros2_ws/install/std_msgs/include/std_msgs/std_msgs/msg/detail/int8__functions.h
[4.267s] -- Up-to-date: /ros2_ws/install/std_msgs/include/std_msgs/std_msgs/msg/detail/int32_multi_array__struct.h
[4.269s] -- Up-to-date: /ros2_ws/install/std_msgs/include/std_msgs/std_msgs/msg/detail/u_int8_multi_array__struct.h
[4.269s] -- Up-to-date: /ros2_ws/install/std_msgs/include/std_msgs/std_msgs/msg/detail/u_int16_multi_array__functions.h
[4.275s] -- Up-to-date: /ros2_ws/install/std_msgs/include/std_msgs/std_msgs/msg/detail/u_int64__struct.h
[4.276s] -- Up-to-date: /ros2_ws/install/std_msgs/include/std_msgs/std_msgs/msg/detail/int64_multi_array__struct.h
[4.276s] -- Up-to-date: /ros2_ws/install/std_msgs/include/std_msgs/std_msgs/msg/detail/u_int8__struct.h
[4.277s] -- Up-to-date: /ros2_ws/install/std_msgs/include/std_msgs/std_msgs/msg/detail/multi_array_layout__type_support.h
[4.278s] -- Up-to-date: /ros2_ws/install/std_msgs/include/std_msgs/std_msgs/msg/detail/float64__functions.c
[4.279s] -- Up-to-date: /ros2_ws/install/std_msgs/include/std_msgs/std_msgs/msg/detail/byte__functions.c
[4.279s] -- Up-to-date: /ros2_ws/install/std_msgs/include/std_msgs/std_msgs/msg/detail/int16_multi_array__type_support.h
[4.280s] -- Up-to-date: /ros2_ws/install/std_msgs/include/std_msgs/std_msgs/msg/detail/u_int8_multi_array__functions.c
[4.283s] -- Up-to-date: /ros2_ws/install/std_msgs/include/std_msgs/std_msgs/msg/detail/u_int32__functions.h
[4.287s] -- Up-to-date: /ros2_ws/install/std_msgs/include/std_msgs/std_msgs/msg/detail/header__functions.c
[4.288s] -- Up-to-date: /ros2_ws/install/std_msgs/include/std_msgs/std_msgs/msg/detail/byte__type_support.h
[4.294s] -- Up-to-date: /ros2_ws/install/std_msgs/include/std_msgs/std_msgs/msg/detail/u_int16_multi_array__type_support.h
[4.297s] -- Up-to-date: /ros2_ws/install/std_msgs/include/std_msgs/std_msgs/msg/detail/int64__functions.c
[4.299s] -- Up-to-date: /ros2_ws/install/std_msgs/include/std_msgs/std_msgs/msg/detail/header__struct.h
[4.299s] -- Up-to-date: /ros2_ws/install/std_msgs/include/std_msgs/std_msgs/msg/detail/int8_multi_array__functions.h
[4.300s] -- Up-to-date: /ros2_ws/install/std_msgs/include/std_msgs/std_msgs/msg/detail/float64_multi_array__type_support.h
[4.300s] -- Up-to-date: /ros2_ws/install/std_msgs/include/std_msgs/std_msgs/msg/detail/int64_multi_array__type_support.h
[4.301s] -- Up-to-date: /ros2_ws/install/std_msgs/include/std_msgs/std_msgs/msg/detail/float64__type_support.h
[4.303s] -- Up-to-date: /ros2_ws/install/std_msgs/include/std_msgs/std_msgs/msg/detail/u_int32_multi_array__functions.h
[4.309s] -- Up-to-date: /ros2_ws/install/std_msgs/include/std_msgs/std_msgs/msg/detail/u_int16_multi_array__functions.c
[4.317s] -- Up-to-date: /ros2_ws/install/std_msgs/include/std_msgs/std_msgs/msg/detail/u_int32_multi_array__struct.h
[4.318s] -- Up-to-date: /ros2_ws/install/std_msgs/include/std_msgs/std_msgs/msg/detail/u_int8__functions.h
[4.318s] -- Up-to-date: /ros2_ws/install/std_msgs/include/std_msgs/std_msgs/msg/detail/u_int16__functions.c
[4.320s] -- Up-to-date: /ros2_ws/install/std_msgs/include/std_msgs/std_msgs/msg/detail/u_int64__functions.h
[4.324s] -- Up-to-date: /ros2_ws/install/std_msgs/include/std_msgs/std_msgs/msg/detail/u_int16__struct.h
[4.325s] -- Up-to-date: /ros2_ws/install/std_msgs/include/std_msgs/std_msgs/msg/detail/u_int64__type_support.h
[4.325s] -- Up-to-date: /ros2_ws/install/std_msgs/include/std_msgs/std_msgs/msg/detail/float64_multi_array__struct.h
[4.326s] -- Up-to-date: /ros2_ws/install/std_msgs/include/std_msgs/std_msgs/msg/detail/color_rgba__type_support.h
[4.328s] -- Up-to-date: /ros2_ws/install/std_msgs/include/std_msgs/std_msgs/msg/detail/byte_multi_array__struct.h
[4.329s] -- Up-to-date: /ros2_ws/install/std_msgs/include/std_msgs/std_msgs/msg/detail/float64__struct.h
[4.333s] -- Up-to-date: /ros2_ws/install/std_msgs/include/std_msgs/std_msgs/msg/detail/int32_multi_array__functions.h
[4.334s] -- Up-to-date: /ros2_ws/install/std_msgs/include/std_msgs/std_msgs/msg/detail/float32__functions.h
[4.334s] -- Up-to-date: /ros2_ws/install/std_msgs/include/std_msgs/std_msgs/msg/detail/u_int16__functions.h
[4.335s] -- Up-to-date: /ros2_ws/install/std_msgs/include/std_msgs/std_msgs/msg/detail/string__functions.h
[4.336s] -- Up-to-date: /ros2_ws/install/std_msgs/include/std_msgs/std_msgs/msg/detail/int32_multi_array__type_support.h
[4.339s] -- Up-to-date: /ros2_ws/install/std_msgs/include/std_msgs/std_msgs/msg/detail/multi_array_layout__functions.h
[4.341s] -- Up-to-date: /ros2_ws/install/std_msgs/include/std_msgs/std_msgs/msg/detail/bool__type_support.h
[4.342s] -- Up-to-date: /ros2_ws/install/std_msgs/include/std_msgs/std_msgs/msg/detail/float64_multi_array__functions.c
[4.345s] -- Up-to-date: /ros2_ws/install/std_msgs/include/std_msgs/std_msgs/msg/detail/int64_multi_array__functions.c
[4.345s] -- Up-to-date: /ros2_ws/install/std_msgs/include/std_msgs/std_msgs/msg/detail/empty__functions.c
[4.346s] -- Up-to-date: /ros2_ws/install/std_msgs/include/std_msgs/std_msgs/msg/detail/float32_multi_array__functions.c
[4.346s] -- Up-to-date: /ros2_ws/install/std_msgs/include/std_msgs/std_msgs/msg/detail/byte_multi_array__functions.c
[4.349s] -- Up-to-date: /ros2_ws/install/std_msgs/include/std_msgs/std_msgs/msg/detail/int8__functions.c
[4.349s] -- Up-to-date: /ros2_ws/install/std_msgs/include/std_msgs/std_msgs/msg/detail/char__struct.h
[4.350s] -- Up-to-date: /ros2_ws/install/std_msgs/include/std_msgs/std_msgs/msg/detail/int16__struct.h
[4.351s] -- Up-to-date: /ros2_ws/install/std_msgs/include/std_msgs/std_msgs/msg/detail/float32_multi_array__struct.h
[4.352s] -- Up-to-date: /ros2_ws/install/std_msgs/include/std_msgs/std_msgs/msg/detail/byte_multi_array__functions.h
[4.352s] -- Up-to-date: /ros2_ws/install/std_msgs/include/std_msgs/std_msgs/msg/detail/multi_array_dimension__functions.c
[4.355s] -- Up-to-date: /ros2_ws/install/std_msgs/include/std_msgs/std_msgs/msg/detail/u_int64__functions.c
[4.356s] -- Up-to-date: /ros2_ws/install/std_msgs/include/std_msgs/std_msgs/msg/detail/int16_multi_array__struct.h
[4.356s] -- Up-to-date: /ros2_ws/install/std_msgs/include/std_msgs/std_msgs/msg/detail/u_int32__type_support.h
[4.358s] -- Up-to-date: /ros2_ws/install/std_msgs/include/std_msgs/std_msgs/msg/detail/int16__type_support.h
[4.358s] -- Up-to-date: /ros2_ws/install/std_msgs/include/std_msgs/std_msgs/msg/detail/multi_array_layout__struct.h
[4.359s] -- Up-to-date: /ros2_ws/install/std_msgs/include/std_msgs/std_msgs/msg/detail/bool__functions.h
[4.360s] -- Up-to-date: /ros2_ws/install/std_msgs/include/std_msgs/std_msgs/msg/detail/u_int64_multi_array__struct.h
[4.360s] -- Up-to-date: /ros2_ws/install/std_msgs/include/std_msgs/std_msgs/msg/detail/int16_multi_array__functions.h
[4.361s] -- Up-to-date: /ros2_ws/install/std_msgs/include/std_msgs/std_msgs/msg/detail/bool__functions.c
[4.362s] -- Up-to-date: /ros2_ws/install/std_msgs/include/std_msgs/std_msgs/msg/detail/u_int32_multi_array__type_support.h
[4.373s] -- Up-to-date: /ros2_ws/install/std_msgs/include/std_msgs/std_msgs/msg/detail/u_int32__struct.h
[4.375s] -- Up-to-date: /ros2_ws/install/std_msgs/include/std_msgs/std_msgs/msg/detail/int64_multi_array__functions.h
[4.377s] -- Up-to-date: /ros2_ws/install/std_msgs/include/std_msgs/std_msgs/msg/detail/float32__type_support.h
[4.377s] -- Up-to-date: /ros2_ws/install/std_msgs/include/std_msgs/std_msgs/msg/detail/bool__struct.h
[4.379s] -- Up-to-date: /ros2_ws/install/std_msgs/include/std_msgs/std_msgs/msg/detail/empty__type_support.h
[4.380s] -- Up-to-date: /ros2_ws/install/std_msgs/include/std_msgs/std_msgs/msg/detail/multi_array_layout__functions.c
[4.380s] -- Up-to-date: /ros2_ws/install/std_msgs/include/std_msgs/std_msgs/msg/detail/byte__struct.h
[4.380s] -- Up-to-date: /ros2_ws/install/std_msgs/include/std_msgs/std_msgs/msg/detail/char__functions.h
[4.381s] -- Up-to-date: /ros2_ws/install/std_msgs/include/std_msgs/std_msgs/msg/detail/float64__functions.h
[4.382s] -- Up-to-date: /ros2_ws/install/std_msgs/include/std_msgs/std_msgs/msg/detail/multi_array_dimension__struct.h
[4.384s] -- Up-to-date: /ros2_ws/install/std_msgs/include/std_msgs/std_msgs/msg/detail/u_int32_multi_array__functions.c
[4.384s] -- Up-to-date: /ros2_ws/install/std_msgs/include/std_msgs/std_msgs/msg/detail/float64_multi_array__functions.h
[4.385s] -- Up-to-date: /ros2_ws/install/std_msgs/include/std_msgs/std_msgs/msg/detail/int8_multi_array__functions.c
[4.385s] -- Up-to-date: /ros2_ws/install/std_msgs/include/std_msgs/std_msgs/msg/u_int64_multi_array.h
[4.398s] -- Up-to-date: /ros2_ws/install/std_msgs/include/std_msgs/std_msgs/msg/u_int8.h
[4.399s] -- Up-to-date: /ros2_ws/install/std_msgs/include/std_msgs/std_msgs/msg/rosidl_generator_c__visibility_control.h
[4.399s] -- Up-to-date: /ros2_ws/install/std_msgs/include/std_msgs/std_msgs/msg/u_int32.h
[4.401s] -- Up-to-date: /ros2_ws/install/std_msgs/share/std_msgs/environment/library_path.sh
[4.402s] -- Up-to-date: /ros2_ws/install/std_msgs/share/std_msgs/environment/library_path.dsv
[4.414s] -- Up-to-date: /ros2_ws/install/std_msgs/lib/libstd_msgs__rosidl_generator_c.so
[4.414s] -- Up-to-date: /ros2_ws/install/std_msgs/include/std_msgs/std_msgs
[4.414s] -- Up-to-date: /ros2_ws/install/std_msgs/include/std_msgs/std_msgs/msg
[4.415s] -- Up-to-date: /ros2_ws/install/std_msgs/include/std_msgs/std_msgs/msg/rosidl_typesupport_fastrtps_c__visibility_control.h
[4.417s] -- Up-to-date: /ros2_ws/install/std_msgs/include/std_msgs/std_msgs/msg/detail
[4.418s] -- Up-to-date: /ros2_ws/install/std_msgs/include/std_msgs/std_msgs/msg/detail/u_int32_multi_array__rosidl_typesupport_fastrtps_c.h
[4.418s] -- Up-to-date: /ros2_ws/install/std_msgs/include/std_msgs/std_msgs/msg/detail/float64__rosidl_typesupport_fastrtps_c.h
[4.419s] -- Up-to-date: /ros2_ws/install/std_msgs/include/std_msgs/std_msgs/msg/detail/int8__rosidl_typesupport_fastrtps_c.h
[4.419s] -- Up-to-date: /ros2_ws/install/std_msgs/include/std_msgs/std_msgs/msg/detail/u_int8_multi_array__rosidl_typesupport_fastrtps_c.h
[4.420s] -- Up-to-date: /ros2_ws/install/std_msgs/include/std_msgs/std_msgs/msg/detail/int32__rosidl_typesupport_fastrtps_c.h
[4.420s] -- Up-to-date: /ros2_ws/install/std_msgs/include/std_msgs/std_msgs/msg/detail/int64__rosidl_typesupport_fastrtps_c.h
[4.423s] -- Up-to-date: /ros2_ws/install/std_msgs/include/std_msgs/std_msgs/msg/detail/u_int16__rosidl_typesupport_fastrtps_c.h
[4.425s] -- Up-to-date: /ros2_ws/install/std_msgs/include/std_msgs/std_msgs/msg/detail/int64_multi_array__rosidl_typesupport_fastrtps_c.h
[4.425s] -- Up-to-date: /ros2_ws/install/std_msgs/include/std_msgs/std_msgs/msg/detail/bool__rosidl_typesupport_fastrtps_c.h
[4.426s] -- Up-to-date: /ros2_ws/install/std_msgs/include/std_msgs/std_msgs/msg/detail/byte__rosidl_typesupport_fastrtps_c.h
[4.426s] -- Up-to-date: /ros2_ws/install/std_msgs/include/std_msgs/std_msgs/msg/detail/int16_multi_array__rosidl_typesupport_fastrtps_c.h
[4.427s] -- Up-to-date: /ros2_ws/install/std_msgs/include/std_msgs/std_msgs/msg/detail/u_int64__rosidl_typesupport_fastrtps_c.h
[4.427s] -- Up-to-date: /ros2_ws/install/std_msgs/include/std_msgs/std_msgs/msg/detail/string__rosidl_typesupport_fastrtps_c.h
[4.428s] -- Up-to-date: /ros2_ws/install/std_msgs/include/std_msgs/std_msgs/msg/detail/u_int16_multi_array__rosidl_typesupport_fastrtps_c.h
[4.428s] -- Up-to-date: /ros2_ws/install/std_msgs/include/std_msgs/std_msgs/msg/detail/color_rgba__rosidl_typesupport_fastrtps_c.h
[4.429s] -- Up-to-date: /ros2_ws/install/std_msgs/include/std_msgs/std_msgs/msg/detail/char__rosidl_typesupport_fastrtps_c.h
[4.443s] -- Up-to-date: /ros2_ws/install/std_msgs/include/std_msgs/std_msgs/msg/detail/header__rosidl_typesupport_fastrtps_c.h
[4.443s] -- Up-to-date: /ros2_ws/install/std_msgs/include/std_msgs/std_msgs/msg/detail/float32__rosidl_typesupport_fastrtps_c.h
[4.444s] -- Up-to-date: /ros2_ws/install/std_msgs/include/std_msgs/std_msgs/msg/detail/float64_multi_array__rosidl_typesupport_fastrtps_c.h
[4.447s] -- Up-to-date: /ros2_ws/install/std_msgs/include/std_msgs/std_msgs/msg/detail/float32_multi_array__rosidl_typesupport_fastrtps_c.h
[4.447s] -- Up-to-date: /ros2_ws/install/std_msgs/include/std_msgs/std_msgs/msg/detail/empty__rosidl_typesupport_fastrtps_c.h
[4.449s] -- Up-to-date: /ros2_ws/install/std_msgs/include/std_msgs/std_msgs/msg/detail/u_int32__rosidl_typesupport_fastrtps_c.h
[4.449s] -- Up-to-date: /ros2_ws/install/std_msgs/include/std_msgs/std_msgs/msg/detail/multi_array_dimension__rosidl_typesupport_fastrtps_c.h
[4.449s] -- Up-to-date: /ros2_ws/install/std_msgs/include/std_msgs/std_msgs/msg/detail/u_int8__rosidl_typesupport_fastrtps_c.h
[4.450s] -- Up-to-date: /ros2_ws/install/std_msgs/include/std_msgs/std_msgs/msg/detail/int8_multi_array__rosidl_typesupport_fastrtps_c.h
[4.452s] -- Up-to-date: /ros2_ws/install/std_msgs/include/std_msgs/std_msgs/msg/detail/byte_multi_array__rosidl_typesupport_fastrtps_c.h
[4.456s] -- Up-to-date: /ros2_ws/install/std_msgs/include/std_msgs/std_msgs/msg/detail/int16__rosidl_typesupport_fastrtps_c.h
[4.470s] -- Up-to-date: /ros2_ws/install/std_msgs/include/std_msgs/std_msgs/msg/detail/multi_array_layout__rosidl_typesupport_fastrtps_c.h
[4.473s] -- Up-to-date: /ros2_ws/install/std_msgs/include/std_msgs/std_msgs/msg/detail/int32_multi_array__rosidl_typesupport_fastrtps_c.h
[4.473s] -- Up-to-date: /ros2_ws/install/std_msgs/include/std_msgs/std_msgs/msg/detail/u_int64_multi_array__rosidl_typesupport_fastrtps_c.h
[4.495s] -- Up-to-date: /ros2_ws/install/std_msgs/lib/libstd_msgs__rosidl_typesupport_fastrtps_c.so
[4.500s] -- Up-to-date: /ros2_ws/install/std_msgs/include/std_msgs/std_msgs
[4.501s] -- Up-to-date: /ros2_ws/install/std_msgs/include/std_msgs/std_msgs/msg
[4.501s] -- Up-to-date: /ros2_ws/install/std_msgs/include/std_msgs/std_msgs/msg/u_int32_multi_array.hpp
[4.502s] -- Up-to-date: /ros2_ws/install/std_msgs/include/std_msgs/std_msgs/msg/bool.hpp
[4.502s] -- Up-to-date: /ros2_ws/install/std_msgs/include/std_msgs/std_msgs/msg/u_int32.hpp
[4.503s] -- Up-to-date: /ros2_ws/install/std_msgs/include/std_msgs/std_msgs/msg/int16_multi_array.hpp
[4.507s] -- Up-to-date: /ros2_ws/install/std_msgs/include/std_msgs/std_msgs/msg/u_int16.hpp
[4.508s] -- Up-to-date: /ros2_ws/install/std_msgs/include/std_msgs/std_msgs/msg/int64.hpp
[4.508s] -- Up-to-date: /ros2_ws/install/std_msgs/include/std_msgs/std_msgs/msg/int32_multi_array.hpp
[4.510s] -- Up-to-date: /ros2_ws/install/std_msgs/include/std_msgs/std_msgs/msg/u_int8_multi_array.hpp
[4.513s] -- Up-to-date: /ros2_ws/install/std_msgs/include/std_msgs/std_msgs/msg/color_rgba.hpp
[4.513s] -- Up-to-date: /ros2_ws/install/std_msgs/include/std_msgs/std_msgs/msg/float32_multi_array.hpp
[4.514s] -- Up-to-date: /ros2_ws/install/std_msgs/include/std_msgs/std_msgs/msg/byte_multi_array.hpp
[4.515s] -- Up-to-date: /ros2_ws/install/std_msgs/include/std_msgs/std_msgs/msg/int32.hpp
[4.515s] -- Up-to-date: /ros2_ws/install/std_msgs/include/std_msgs/std_msgs/msg/multi_array_layout.hpp
[4.516s] -- Up-to-date: /ros2_ws/install/std_msgs/include/std_msgs/std_msgs/msg/int8.hpp
[4.516s] -- Up-to-date: /ros2_ws/install/std_msgs/include/std_msgs/std_msgs/msg/float32.hpp
[4.517s] -- Up-to-date: /ros2_ws/install/std_msgs/include/std_msgs/std_msgs/msg/empty.hpp
[4.517s] -- Up-to-date: /ros2_ws/install/std_msgs/include/std_msgs/std_msgs/msg/u_int16_multi_array.hpp
[4.518s] -- Up-to-date: /ros2_ws/install/std_msgs/include/std_msgs/std_msgs/msg/rosidl_generator_cpp__visibility_control.hpp
[4.518s] -- Up-to-date: /ros2_ws/install/std_msgs/include/std_msgs/std_msgs/msg/u_int64.hpp
[4.519s] -- Up-to-date: /ros2_ws/install/std_msgs/include/std_msgs/std_msgs/msg/int64_multi_array.hpp
[4.520s] -- Up-to-date: /ros2_ws/install/std_msgs/include/std_msgs/std_msgs/msg/int8_multi_array.hpp
[4.520s] -- Up-to-date: /ros2_ws/install/std_msgs/include/std_msgs/std_msgs/msg/u_int8.hpp
[4.521s] -- Up-to-date: /ros2_ws/install/std_msgs/include/std_msgs/std_msgs/msg/header.hpp
[4.522s] -- Up-to-date: /ros2_ws/install/std_msgs/include/std_msgs/std_msgs/msg/float64_multi_array.hpp
[4.522s] -- Up-to-date: /ros2_ws/install/std_msgs/include/std_msgs/std_msgs/msg/u_int64_multi_array.hpp
[4.523s] -- Up-to-date: /ros2_ws/install/std_msgs/include/std_msgs/std_msgs/msg/float64.hpp
[4.523s] -- Up-to-date: /ros2_ws/install/std_msgs/include/std_msgs/std_msgs/msg/byte.hpp
[4.524s] -- Up-to-date: /ros2_ws/install/std_msgs/include/std_msgs/std_msgs/msg/char.hpp
[4.525s] -- Up-to-date: /ros2_ws/install/std_msgs/include/std_msgs/std_msgs/msg/detail
[4.525s] -- Up-to-date: /ros2_ws/install/std_msgs/include/std_msgs/std_msgs/msg/detail/u_int16__type_support.hpp
[4.526s] -- Up-to-date: /ros2_ws/install/std_msgs/include/std_msgs/std_msgs/msg/detail/float32_multi_array__builder.hpp
[4.526s] -- Up-to-date: /ros2_ws/install/std_msgs/include/std_msgs/std_msgs/msg/detail/u_int16_multi_array__struct.hpp
[4.527s] -- Up-to-date: /ros2_ws/install/std_msgs/include/std_msgs/std_msgs/msg/detail/byte__traits.hpp
[4.527s] -- Up-to-date: /ros2_ws/install/std_msgs/include/std_msgs/std_msgs/msg/detail/empty__type_support.hpp
[4.528s] -- Up-to-date: /ros2_ws/install/std_msgs/include/std_msgs/std_msgs/msg/detail/u_int32__traits.hpp
[4.528s] -- Up-to-date: /ros2_ws/install/std_msgs/include/std_msgs/std_msgs/msg/detail/float64__struct.hpp
[4.529s] -- Up-to-date: /ros2_ws/install/std_msgs/include/std_msgs/std_msgs/msg/detail/u_int64__type_support.hpp
[4.530s] -- Up-to-date: /ros2_ws/install/std_msgs/include/std_msgs/std_msgs/msg/detail/float32_multi_array__type_support.hpp
[4.530s] -- Up-to-date: /ros2_ws/install/std_msgs/include/std_msgs/std_msgs/msg/detail/string__type_support.hpp
[4.531s] -- Up-to-date: /ros2_ws/install/std_msgs/include/std_msgs/std_msgs/msg/detail/u_int32__builder.hpp
[4.531s] -- Up-to-date: /ros2_ws/install/std_msgs/include/std_msgs/std_msgs/msg/detail/byte_multi_array__builder.hpp
[4.532s] -- Up-to-date: /ros2_ws/install/std_msgs/include/std_msgs/std_msgs/msg/detail/int64__builder.hpp
[4.532s] -- Up-to-date: /ros2_ws/install/std_msgs/include/std_msgs/std_msgs/msg/detail/string__traits.hpp
[4.533s] -- Up-to-date: /ros2_ws/install/std_msgs/include/std_msgs/std_msgs/msg/detail/float32__struct.hpp
[4.533s] -- Up-to-date: /ros2_ws/install/std_msgs/include/std_msgs/std_msgs/msg/detail/u_int8__traits.hpp
[4.534s] -- Up-to-date: /ros2_ws/install/std_msgs/include/std_msgs/std_msgs/msg/detail/int16__builder.hpp
[4.534s] -- Up-to-date: /ros2_ws/install/std_msgs/include/std_msgs/std_msgs/msg/detail/int32_multi_array__traits.hpp
[4.535s] -- Up-to-date: /ros2_ws/install/std_msgs/include/std_msgs/std_msgs/msg/detail/u_int32_multi_array__traits.hpp
[4.535s] -- Up-to-date: /ros2_ws/install/std_msgs/include/std_msgs/std_msgs/msg/detail/int16_multi_array__struct.hpp
[4.535s] -- Up-to-date: /ros2_ws/install/std_msgs/include/std_msgs/std_msgs/msg/detail/u_int32_multi_array__builder.hpp
[4.536s] -- Up-to-date: /ros2_ws/install/std_msgs/include/std_msgs/std_msgs/msg/detail/int8__traits.hpp
[4.536s] -- Up-to-date: /ros2_ws/install/std_msgs/include/std_msgs/std_msgs/msg/detail/int8_multi_array__builder.hpp
[4.537s] -- Up-to-date: /ros2_ws/install/std_msgs/include/std_msgs/std_msgs/msg/detail/float64_multi_array__builder.hpp
[4.537s] -- Up-to-date: /ros2_ws/install/std_msgs/include/std_msgs/std_msgs/msg/detail/int32_multi_array__struct.hpp
[4.538s] -- Up-to-date: /ros2_ws/install/std_msgs/include/std_msgs/std_msgs/msg/detail/byte_multi_array__type_support.hpp
[4.541s] -- Up-to-date: /ros2_ws/install/std_msgs/include/std_msgs/std_msgs/msg/detail/header__traits.hpp
[4.541s] -- Up-to-date: /ros2_ws/install/std_msgs/include/std_msgs/std_msgs/msg/detail/color_rgba__builder.hpp
[4.542s] -- Up-to-date: /ros2_ws/install/std_msgs/include/std_msgs/std_msgs/msg/detail/u_int64__struct.hpp
[4.542s] -- Up-to-date: /ros2_ws/install/std_msgs/include/std_msgs/std_msgs/msg/detail/u_int32__type_support.hpp
[4.543s] -- Up-to-date: /ros2_ws/install/std_msgs/include/std_msgs/std_msgs/msg/detail/int64__type_support.hpp
[4.543s] -- Up-to-date: /ros2_ws/install/std_msgs/include/std_msgs/std_msgs/msg/detail/u_int16_multi_array__builder.hpp
[4.544s] -- Up-to-date: /ros2_ws/install/std_msgs/include/std_msgs/std_msgs/msg/detail/byte_multi_array__traits.hpp
[4.545s] -- Up-to-date: /ros2_ws/install/std_msgs/include/std_msgs/std_msgs/msg/detail/int64_multi_array__builder.hpp
[4.545s] -- Up-to-date: /ros2_ws/install/std_msgs/include/std_msgs/std_msgs/msg/detail/float32__type_support.hpp
[4.546s] -- Up-to-date: /ros2_ws/install/std_msgs/include/std_msgs/std_msgs/msg/detail/empty__struct.hpp
[4.546s] -- Up-to-date: /ros2_ws/install/std_msgs/include/std_msgs/std_msgs/msg/detail/u_int8_multi_array__traits.hpp
[4.546s] -- Up-to-date: /ros2_ws/install/std_msgs/include/std_msgs/std_msgs/msg/detail/int32__traits.hpp
[4.547s] -- Up-to-date: /ros2_ws/install/std_msgs/include/std_msgs/std_msgs/msg/detail/int64_multi_array__traits.hpp
[4.547s] -- Up-to-date: /ros2_ws/install/std_msgs/include/std_msgs/std_msgs/msg/detail/float32_multi_array__struct.hpp
[4.548s] -- Up-to-date: /ros2_ws/install/std_msgs/include/std_msgs/std_msgs/msg/detail/char__struct.hpp
[4.548s] -- Up-to-date: /ros2_ws/install/std_msgs/include/std_msgs/std_msgs/msg/detail/bool__struct.hpp
[4.549s] -- Up-to-date: /ros2_ws/install/std_msgs/include/std_msgs/std_msgs/msg/detail/header__builder.hpp
[4.549s] -- Up-to-date: /ros2_ws/install/std_msgs/include/std_msgs/std_msgs/msg/detail/u_int8__builder.hpp
[4.550s] -- Up-to-date: /ros2_ws/install/std_msgs/include/std_msgs/std_msgs/msg/detail/int8_multi_array__struct.hpp
[4.550s] -- Up-to-date: /ros2_ws/install/std_msgs/include/std_msgs/std_msgs/msg/detail/byte_multi_array__struct.hpp
[4.550s] -- Up-to-date: /ros2_ws/install/std_msgs/include/std_msgs/std_msgs/msg/detail/float64_multi_array__type_support.hpp
[4.568s] -- Up-to-date: /ros2_ws/install/std_msgs/include/std_msgs/std_msgs/msg/detail/char__builder.hpp
[4.569s] -- Up-to-date: /ros2_ws/install/std_msgs/include/std_msgs/std_msgs/msg/detail/u_int16__traits.hpp
[4.570s] -- Up-to-date: /ros2_ws/install/std_msgs/include/std_msgs/std_msgs/msg/detail/u_int8__struct.hpp
[4.571s] -- Up-to-date: /ros2_ws/install/std_msgs/include/std_msgs/std_msgs/msg/detail/int32__builder.hpp
[4.572s] -- Up-to-date: /ros2_ws/install/std_msgs/include/std_msgs/std_msgs/msg/detail/u_int64_multi_array__struct.hpp
[4.573s] -- Up-to-date: /ros2_ws/install/std_msgs/include/std_msgs/std_msgs/msg/detail/float32__traits.hpp
[4.581s] -- Up-to-date: /ros2_ws/install/std_msgs/include/std_msgs/std_msgs/msg/detail/u_int64__traits.hpp
[4.583s] -- Up-to-date: /ros2_ws/install/std_msgs/include/std_msgs/std_msgs/msg/detail/color_rgba__traits.hpp
[4.586s] -- Up-to-date: /ros2_ws/install/std_msgs/include/std_msgs/std_msgs/msg/detail/header__type_support.hpp
[4.587s] -- Up-to-date: /ros2_ws/install/std_msgs/include/std_msgs/std_msgs/msg/detail/int8__type_support.hpp
[4.589s] -- Up-to-date: /ros2_ws/install/std_msgs/include/std_msgs/std_msgs/msg/detail/multi_array_layout__type_support.hpp
[4.595s] -- Up-to-date: /ros2_ws/install/std_msgs/include/std_msgs/std_msgs/msg/detail/int16_multi_array__builder.hpp
[4.595s] -- Up-to-date: /ros2_ws/install/std_msgs/include/std_msgs/std_msgs/msg/detail/u_int64_multi_array__type_support.hpp
[4.596s] -- Up-to-date: /ros2_ws/install/std_msgs/include/std_msgs/std_msgs/msg/detail/float32_multi_array__traits.hpp
[4.597s] -- Up-to-date: /ros2_ws/install/std_msgs/include/std_msgs/std_msgs/msg/detail/string__struct.hpp
[4.598s] -- Up-to-date: /ros2_ws/install/std_msgs/include/std_msgs/std_msgs/msg/detail/multi_array_dimension__builder.hpp
[4.600s] -- Up-to-date: /ros2_ws/install/std_msgs/include/std_msgs/std_msgs/msg/detail/char__traits.hpp
[4.603s] -- Up-to-date: /ros2_ws/install/std_msgs/include/std_msgs/std_msgs/msg/detail/multi_array_dimension__type_support.hpp
[4.604s] -- Up-to-date: /ros2_ws/install/std_msgs/include/std_msgs/std_msgs/msg/detail/int16_multi_array__type_support.hpp
[4.604s] -- Up-to-date: /ros2_ws/install/std_msgs/include/std_msgs/std_msgs/msg/detail/color_rgba__struct.hpp
[4.608s] -- Up-to-date: /ros2_ws/install/std_msgs/include/std_msgs/std_msgs/msg/detail/u_int8_multi_array__builder.hpp
[4.616s] -- Up-to-date: /ros2_ws/install/std_msgs/include/std_msgs/std_msgs/msg/detail/float32__builder.hpp
[4.619s] -- Up-to-date: /ros2_ws/install/std_msgs/include/std_msgs/std_msgs/msg/detail/char__type_support.hpp
[4.620s] -- Up-to-date: /ros2_ws/install/std_msgs/include/std_msgs/std_msgs/msg/detail/multi_array_layout__builder.hpp
[4.620s] -- Up-to-date: /ros2_ws/install/std_msgs/include/std_msgs/std_msgs/msg/detail/int8_multi_array__type_support.hpp
[4.621s] -- Up-to-date: /ros2_ws/install/std_msgs/include/std_msgs/std_msgs/msg/detail/bool__type_support.hpp
[4.621s] -- Up-to-date: /ros2_ws/install/std_msgs/include/std_msgs/std_msgs/msg/detail/multi_array_layout__struct.hpp
[4.622s] -- Up-to-date: /ros2_ws/install/std_msgs/include/std_msgs/std_msgs/msg/detail/u_int16__builder.hpp
[4.622s] -- Up-to-date: /ros2_ws/install/std_msgs/include/std_msgs/std_msgs/msg/detail/float64__traits.hpp
[4.624s] -- Up-to-date: /ros2_ws/install/std_msgs/include/std_msgs/std_msgs/msg/detail/int64_multi_array__struct.hpp
[4.624s] -- Up-to-date: /ros2_ws/install/std_msgs/include/std_msgs/std_msgs/msg/detail/int16__struct.hpp
[4.625s] -- Up-to-date: /ros2_ws/install/std_msgs/include/std_msgs/std_msgs/msg/detail/u_int32_multi_array__struct.hpp
[4.625s] -- Up-to-date: /ros2_ws/install/std_msgs/include/std_msgs/std_msgs/msg/detail/u_int8_multi_array__struct.hpp
[4.626s] -- Up-to-date: /ros2_ws/install/std_msgs/include/std_msgs/std_msgs/msg/detail/int16__type_support.hpp
[4.626s] -- Up-to-date: /ros2_ws/install/std_msgs/include/std_msgs/std_msgs/msg/detail/float64_multi_array__traits.hpp
[4.627s] -- Up-to-date: /ros2_ws/install/std_msgs/include/std_msgs/std_msgs/msg/detail/empty__traits.hpp
[4.627s] -- Up-to-date: /ros2_ws/install/std_msgs/include/std_msgs/std_msgs/msg/detail/int64__traits.hpp
[4.627s] -- Up-to-date: /ros2_ws/install/std_msgs/include/std_msgs/std_msgs/msg/detail/byte__struct.hpp
[4.628s] -- Up-to-date: /ros2_ws/install/std_msgs/include/std_msgs/std_msgs/msg/detail/u_int64_multi_array__traits.hpp
[4.628s] -- Up-to-date: /ros2_ws/install/std_msgs/include/std_msgs/std_msgs/msg/detail/int64__struct.hpp
[4.629s] -- Up-to-date: /ros2_ws/install/std_msgs/include/std_msgs/std_msgs/msg/detail/int64_multi_array__type_support.hpp
[4.629s] -- Up-to-date: /ros2_ws/install/std_msgs/include/std_msgs/std_msgs/msg/detail/multi_array_dimension__struct.hpp
[4.630s] -- Up-to-date: /ros2_ws/install/std_msgs/include/std_msgs/std_msgs/msg/detail/multi_array_dimension__traits.hpp
[4.630s] -- Up-to-date: /ros2_ws/install/std_msgs/include/std_msgs/std_msgs/msg/detail/bool__builder.hpp
[4.631s] -- Up-to-date: /ros2_ws/install/std_msgs/include/std_msgs/std_msgs/msg/detail/u_int64__builder.hpp
[4.631s] -- Up-to-date: /ros2_ws/install/std_msgs/include/std_msgs/std_msgs/msg/detail/float64_multi_array__struct.hpp
[4.631s] -- Up-to-date: /ros2_ws/install/std_msgs/include/std_msgs/std_msgs/msg/detail/int16_multi_array__traits.hpp
[4.632s] -- Up-to-date: /ros2_ws/install/std_msgs/include/std_msgs/std_msgs/msg/detail/float64__type_support.hpp
[4.633s] -- Up-to-date: /ros2_ws/install/std_msgs/include/std_msgs/std_msgs/msg/detail/int8__struct.hpp
[4.633s] -- Up-to-date: /ros2_ws/install/std_msgs/include/std_msgs/std_msgs/msg/detail/u_int16__struct.hpp
[4.633s] -- Up-to-date: /ros2_ws/install/std_msgs/include/std_msgs/std_msgs/msg/detail/u_int8_multi_array__type_support.hpp
[4.634s] -- Up-to-date: /ros2_ws/install/std_msgs/include/std_msgs/std_msgs/msg/detail/int32__type_support.hpp
[4.634s] -- Up-to-date: /ros2_ws/install/std_msgs/include/std_msgs/std_msgs/msg/detail/u_int32__struct.hpp
[4.635s] -- Up-to-date: /ros2_ws/install/std_msgs/include/std_msgs/std_msgs/msg/detail/int32_multi_array__type_support.hpp
[4.635s] -- Up-to-date: /ros2_ws/install/std_msgs/include/std_msgs/std_msgs/msg/detail/string__builder.hpp
[4.636s] -- Up-to-date: /ros2_ws/install/std_msgs/include/std_msgs/std_msgs/msg/detail/u_int32_multi_array__type_support.hpp
[4.636s] -- Up-to-date: /ros2_ws/install/std_msgs/include/std_msgs/std_msgs/msg/detail/u_int16_multi_array__traits.hpp
[4.637s] -- Up-to-date: /ros2_ws/install/std_msgs/include/std_msgs/std_msgs/msg/detail/int32_multi_array__builder.hpp
[4.637s] -- Up-to-date: /ros2_ws/install/std_msgs/include/std_msgs/std_msgs/msg/detail/u_int64_multi_array__builder.hpp
[4.638s] -- Up-to-date: /ros2_ws/install/std_msgs/include/std_msgs/std_msgs/msg/detail/bool__traits.hpp
[4.638s] -- Up-to-date: /ros2_ws/install/std_msgs/include/std_msgs/std_msgs/msg/detail/float64__builder.hpp
[4.639s] -- Up-to-date: /ros2_ws/install/std_msgs/include/std_msgs/std_msgs/msg/detail/int8__builder.hpp
[4.639s] -- Up-to-date: /ros2_ws/install/std_msgs/include/std_msgs/std_msgs/msg/detail/multi_array_layout__traits.hpp
[4.639s] -- Up-to-date: /ros2_ws/install/std_msgs/include/std_msgs/std_msgs/msg/detail/u_int8__type_support.hpp
[4.640s] -- Up-to-date: /ros2_ws/install/std_msgs/include/std_msgs/std_msgs/msg/detail/int16__traits.hpp
[4.640s] -- Up-to-date: /ros2_ws/install/std_msgs/include/std_msgs/std_msgs/msg/detail/header__struct.hpp
[4.641s] -- Up-to-date: /ros2_ws/install/std_msgs/include/std_msgs/std_msgs/msg/detail/color_rgba__type_support.hpp
[4.641s] -- Up-to-date: /ros2_ws/install/std_msgs/include/std_msgs/std_msgs/msg/detail/int32__struct.hpp
[4.641s] -- Up-to-date: /ros2_ws/install/std_msgs/include/std_msgs/std_msgs/msg/detail/int8_multi_array__traits.hpp
[4.642s] -- Up-to-date: /ros2_ws/install/std_msgs/include/std_msgs/std_msgs/msg/detail/byte__type_support.hpp
[4.642s] -- Up-to-date: /ros2_ws/install/std_msgs/include/std_msgs/std_msgs/msg/detail/empty__builder.hpp
[4.643s] -- Up-to-date: /ros2_ws/install/std_msgs/include/std_msgs/std_msgs/msg/detail/u_int16_multi_array__type_support.hpp
[4.643s] -- Up-to-date: /ros2_ws/install/std_msgs/include/std_msgs/std_msgs/msg/detail/byte__builder.hpp
[4.644s] -- Up-to-date: /ros2_ws/install/std_msgs/include/std_msgs/std_msgs/msg/multi_array_dimension.hpp
[4.644s] -- Up-to-date: /ros2_ws/install/std_msgs/include/std_msgs/std_msgs/msg/int16.hpp
[4.645s] -- Up-to-date: /ros2_ws/install/std_msgs/include/std_msgs/std_msgs/msg/string.hpp
[4.647s] -- Up-to-date: /ros2_ws/install/std_msgs/include/std_msgs/std_msgs
[4.647s] -- Up-to-date: /ros2_ws/install/std_msgs/include/std_msgs/std_msgs/msg
[4.647s] -- Up-to-date: /ros2_ws/install/std_msgs/include/std_msgs/std_msgs/msg/rosidl_typesupport_fastrtps_cpp__visibility_control.h
[4.648s] -- Up-to-date: /ros2_ws/install/std_msgs/include/std_msgs/std_msgs/msg/detail
[4.648s] -- Up-to-date: /ros2_ws/install/std_msgs/include/std_msgs/std_msgs/msg/detail/bool__rosidl_typesupport_fastrtps_cpp.hpp
[4.649s] -- Up-to-date: /ros2_ws/install/std_msgs/include/std_msgs/std_msgs/msg/detail/int16__rosidl_typesupport_fastrtps_cpp.hpp
[4.649s] -- Up-to-date: /ros2_ws/install/std_msgs/include/std_msgs/std_msgs/msg/detail/float64__rosidl_typesupport_fastrtps_cpp.hpp
[4.650s] -- Up-to-date: /ros2_ws/install/std_msgs/include/std_msgs/std_msgs/msg/detail/u_int8__rosidl_typesupport_fastrtps_cpp.hpp
[4.650s] -- Up-to-date: /ros2_ws/install/std_msgs/include/std_msgs/std_msgs/msg/detail/int64_multi_array__rosidl_typesupport_fastrtps_cpp.hpp
[4.650s] -- Up-to-date: /ros2_ws/install/std_msgs/include/std_msgs/std_msgs/msg/detail/float32__rosidl_typesupport_fastrtps_cpp.hpp
[4.651s] -- Up-to-date: /ros2_ws/install/std_msgs/include/std_msgs/std_msgs/msg/detail/multi_array_layout__rosidl_typesupport_fastrtps_cpp.hpp
[4.651s] -- Up-to-date: /ros2_ws/install/std_msgs/include/std_msgs/std_msgs/msg/detail/u_int32_multi_array__rosidl_typesupport_fastrtps_cpp.hpp
[4.652s] -- Up-to-date: /ros2_ws/install/std_msgs/include/std_msgs/std_msgs/msg/detail/byte__rosidl_typesupport_fastrtps_cpp.hpp
[4.652s] -- Up-to-date: /ros2_ws/install/std_msgs/include/std_msgs/std_msgs/msg/detail/byte_multi_array__rosidl_typesupport_fastrtps_cpp.hpp
[4.652s] -- Up-to-date: /ros2_ws/install/std_msgs/include/std_msgs/std_msgs/msg/detail/u_int32__rosidl_typesupport_fastrtps_cpp.hpp
[4.653s] -- Up-to-date: /ros2_ws/install/std_msgs/include/std_msgs/std_msgs/msg/detail/int8__rosidl_typesupport_fastrtps_cpp.hpp
[4.654s] -- Up-to-date: /ros2_ws/install/std_msgs/include/std_msgs/std_msgs/msg/detail/empty__rosidl_typesupport_fastrtps_cpp.hpp
[4.654s] -- Up-to-date: /ros2_ws/install/std_msgs/include/std_msgs/std_msgs/msg/detail/u_int16_multi_array__rosidl_typesupport_fastrtps_cpp.hpp
[4.655s] -- Up-to-date: /ros2_ws/install/std_msgs/include/std_msgs/std_msgs/msg/detail/u_int64_multi_array__rosidl_typesupport_fastrtps_cpp.hpp
[4.658s] -- Up-to-date: /ros2_ws/install/std_msgs/include/std_msgs/std_msgs/msg/detail/string__rosidl_typesupport_fastrtps_cpp.hpp
[4.658s] -- Up-to-date: /ros2_ws/install/std_msgs/include/std_msgs/std_msgs/msg/detail/int64__rosidl_typesupport_fastrtps_cpp.hpp
[4.659s] -- Up-to-date: /ros2_ws/install/std_msgs/include/std_msgs/std_msgs/msg/detail/int16_multi_array__rosidl_typesupport_fastrtps_cpp.hpp
[4.660s] -- Up-to-date: /ros2_ws/install/std_msgs/include/std_msgs/std_msgs/msg/detail/float32_multi_array__rosidl_typesupport_fastrtps_cpp.hpp
[4.661s] -- Up-to-date: /ros2_ws/install/std_msgs/include/std_msgs/std_msgs/msg/detail/float64_multi_array__rosidl_typesupport_fastrtps_cpp.hpp
[4.662s] -- Up-to-date: /ros2_ws/install/std_msgs/include/std_msgs/std_msgs/msg/detail/u_int64__rosidl_typesupport_fastrtps_cpp.hpp
[4.663s] -- Up-to-date: /ros2_ws/install/std_msgs/include/std_msgs/std_msgs/msg/detail/color_rgba__rosidl_typesupport_fastrtps_cpp.hpp
[4.667s] -- Up-to-date: /ros2_ws/install/std_msgs/include/std_msgs/std_msgs/msg/detail/int32_multi_array__rosidl_typesupport_fastrtps_cpp.hpp
[4.667s] -- Up-to-date: /ros2_ws/install/std_msgs/include/std_msgs/std_msgs/msg/detail/header__rosidl_typesupport_fastrtps_cpp.hpp
[4.669s] -- Up-to-date: /ros2_ws/install/std_msgs/include/std_msgs/std_msgs/msg/detail/int8_multi_array__rosidl_typesupport_fastrtps_cpp.hpp
[4.671s] -- Up-to-date: /ros2_ws/install/std_msgs/include/std_msgs/std_msgs/msg/detail/u_int8_multi_array__rosidl_typesupport_fastrtps_cpp.hpp
[4.671s] -- Up-to-date: /ros2_ws/install/std_msgs/include/std_msgs/std_msgs/msg/detail/multi_array_dimension__rosidl_typesupport_fastrtps_cpp.hpp
[4.672s] -- Up-to-date: /ros2_ws/install/std_msgs/include/std_msgs/std_msgs/msg/detail/char__rosidl_typesupport_fastrtps_cpp.hpp
[4.673s] -- Up-to-date: /ros2_ws/install/std_msgs/include/std_msgs/std_msgs/msg/detail/u_int16__rosidl_typesupport_fastrtps_cpp.hpp
[4.674s] -- Up-to-date: /ros2_ws/install/std_msgs/include/std_msgs/std_msgs/msg/detail/int32__rosidl_typesupport_fastrtps_cpp.hpp
[4.675s] -- Up-to-date: /ros2_ws/install/std_msgs/include/std_msgs/std_msgs/msg/detail/dds_fastrtps
[4.692s] -- Up-to-date: /ros2_ws/install/std_msgs/lib/libstd_msgs__rosidl_typesupport_fastrtps_cpp.so
[4.694s] -- Up-to-date: /ros2_ws/install/std_msgs/include/std_msgs/std_msgs
[4.695s] -- Up-to-date: /ros2_ws/install/std_msgs/include/std_msgs/std_msgs/msg
[4.697s] -- Up-to-date: /ros2_ws/install/std_msgs/include/std_msgs/std_msgs/msg/detail
[4.697s] -- Up-to-date: /ros2_ws/install/std_msgs/include/std_msgs/std_msgs/msg/detail/color_rgba__type_support.c
[4.698s] -- Up-to-date: /ros2_ws/install/std_msgs/include/std_msgs/std_msgs/msg/detail/int8__rosidl_typesupport_introspection_c.h
[4.699s] -- Up-to-date: /ros2_ws/install/std_msgs/include/std_msgs/std_msgs/msg/detail/u_int8_multi_array__rosidl_typesupport_introspection_c.h
[4.700s] -- Up-to-date: /ros2_ws/install/std_msgs/include/std_msgs/std_msgs/msg/detail/int64__rosidl_typesupport_introspection_c.h
[4.700s] -- Up-to-date: /ros2_ws/install/std_msgs/include/std_msgs/std_msgs/msg/detail/float64__rosidl_typesupport_introspection_c.h
[4.701s] -- Up-to-date: /ros2_ws/install/std_msgs/include/std_msgs/std_msgs/msg/detail/byte__type_support.c
[4.717s] -- Up-to-date: /ros2_ws/install/std_msgs/include/std_msgs/std_msgs/msg/detail/int32__type_support.c
[4.718s] -- Up-to-date: /ros2_ws/install/std_msgs/include/std_msgs/std_msgs/msg/detail/char__rosidl_typesupport_introspection_c.h
[4.719s] -- Up-to-date: /ros2_ws/install/std_msgs/include/std_msgs/std_msgs/msg/detail/multi_array_layout__type_support.c
[4.720s] -- Up-to-date: /ros2_ws/install/std_msgs/include/std_msgs/std_msgs/msg/detail/int32__rosidl_typesupport_introspection_c.h
[4.720s] -- Up-to-date: /ros2_ws/install/std_msgs/include/std_msgs/std_msgs/msg/detail/float64_multi_array__rosidl_typesupport_introspection_c.h
[4.721s] -- Up-to-date: /ros2_ws/install/std_msgs/include/std_msgs/std_msgs/msg/detail/char__type_support.c
[4.721s] -- Up-to-date: /ros2_ws/install/std_msgs/include/std_msgs/std_msgs/msg/detail/int64__type_support.c
[4.722s] -- Up-to-date: /ros2_ws/install/std_msgs/include/std_msgs/std_msgs/msg/detail/multi_array_dimension__rosidl_typesupport_introspection_c.h
[4.722s] -- Up-to-date: /ros2_ws/install/std_msgs/include/std_msgs/std_msgs/msg/detail/byte__rosidl_typesupport_introspection_c.h
[4.722s] -- Up-to-date: /ros2_ws/install/std_msgs/include/std_msgs/std_msgs/msg/detail/int64_multi_array__rosidl_typesupport_introspection_c.h
[4.724s] -- Up-to-date: /ros2_ws/install/std_msgs/include/std_msgs/std_msgs/msg/detail/u_int8_multi_array__type_support.c
[4.725s] -- Up-to-date: /ros2_ws/install/std_msgs/include/std_msgs/std_msgs/msg/detail/color_rgba__rosidl_typesupport_introspection_c.h
[4.726s] -- Up-to-date: /ros2_ws/install/std_msgs/include/std_msgs/std_msgs/msg/detail/u_int32_multi_array__rosidl_typesupport_introspection_c.h
[4.726s] -- Up-to-date: /ros2_ws/install/std_msgs/include/std_msgs/std_msgs/msg/detail/u_int64__type_support.c
[4.726s] -- Up-to-date: /ros2_ws/install/std_msgs/include/std_msgs/std_msgs/msg/detail/u_int32_multi_array__type_support.c
[4.728s] -- Up-to-date: /ros2_ws/install/std_msgs/include/std_msgs/std_msgs/msg/detail/u_int8__rosidl_typesupport_introspection_c.h
[4.729s] -- Up-to-date: /ros2_ws/install/std_msgs/include/std_msgs/std_msgs/msg/detail/u_int32__rosidl_typesupport_introspection_c.h
[4.729s] -- Up-to-date: /ros2_ws/install/std_msgs/include/std_msgs/std_msgs/msg/detail/u_int16_multi_array__type_support.c
[4.730s] -- Up-to-date: /ros2_ws/install/std_msgs/include/std_msgs/std_msgs/msg/detail/int16_multi_array__rosidl_typesupport_introspection_c.h
[4.730s] -- Up-to-date: /ros2_ws/install/std_msgs/include/std_msgs/std_msgs/msg/detail/bool__rosidl_typesupport_introspection_c.h
[4.730s] -- Up-to-date: /ros2_ws/install/std_msgs/include/std_msgs/std_msgs/msg/detail/int16_multi_array__type_support.c
[4.731s] -- Up-to-date: /ros2_ws/install/std_msgs/include/std_msgs/std_msgs/msg/detail/int8_multi_array__type_support.c
[4.735s] -- Up-to-date: /ros2_ws/install/std_msgs/include/std_msgs/std_msgs/msg/detail/u_int64_multi_array__rosidl_typesupport_introspection_c.h
[4.736s] -- Up-to-date: /ros2_ws/install/std_msgs/include/std_msgs/std_msgs/msg/detail/u_int8__type_support.c
[4.736s] -- Up-to-date: /ros2_ws/install/std_msgs/include/std_msgs/std_msgs/msg/detail/multi_array_dimension__type_support.c
[4.736s] -- Up-to-date: /ros2_ws/install/std_msgs/include/std_msgs/std_msgs/msg/detail/int32_multi_array__rosidl_typesupport_introspection_c.h
[4.737s] -- Up-to-date: /ros2_ws/install/std_msgs/include/std_msgs/std_msgs/msg/detail/byte_multi_array__type_support.c
[4.740s] -- Up-to-date: /ros2_ws/install/std_msgs/include/std_msgs/std_msgs/msg/detail/float64__type_support.c
[4.741s] -- Up-to-date: /ros2_ws/install/std_msgs/include/std_msgs/std_msgs/msg/detail/u_int16__rosidl_typesupport_introspection_c.h
[4.741s] -- Up-to-date: /ros2_ws/install/std_msgs/include/std_msgs/std_msgs/msg/detail/bool__type_support.c
[4.742s] -- Up-to-date: /ros2_ws/install/std_msgs/include/std_msgs/std_msgs/msg/detail/string__type_support.c
[4.742s] -- Up-to-date: /ros2_ws/install/std_msgs/include/std_msgs/std_msgs/msg/detail/int16__type_support.c
[4.742s] -- Up-to-date: /ros2_ws/install/std_msgs/include/std_msgs/std_msgs/msg/detail/float32_multi_array__type_support.c
[4.743s] -- Up-to-date: /ros2_ws/install/std_msgs/include/std_msgs/std_msgs/msg/detail/float32__type_support.c
[4.743s] -- Up-to-date: /ros2_ws/install/std_msgs/include/std_msgs/std_msgs/msg/detail/int8_multi_array__rosidl_typesupport_introspection_c.h
[4.744s] -- Up-to-date: /ros2_ws/install/std_msgs/include/std_msgs/std_msgs/msg/detail/u_int64__rosidl_typesupport_introspection_c.h
[4.744s] -- Up-to-date: /ros2_ws/install/std_msgs/include/std_msgs/std_msgs/msg/detail/header__rosidl_typesupport_introspection_c.h
[4.744s] -- Up-to-date: /ros2_ws/install/std_msgs/include/std_msgs/std_msgs/msg/detail/u_int64_multi_array__type_support.c
[4.745s] -- Up-to-date: /ros2_ws/install/std_msgs/include/std_msgs/std_msgs/msg/detail/byte_multi_array__rosidl_typesupport_introspection_c.h
[4.745s] -- Up-to-date: /ros2_ws/install/std_msgs/include/std_msgs/std_msgs/msg/detail/u_int32__type_support.c
[4.745s] -- Up-to-date: /ros2_ws/install/std_msgs/include/std_msgs/std_msgs/msg/detail/float64_multi_array__type_support.c
[4.746s] -- Up-to-date: /ros2_ws/install/std_msgs/include/std_msgs/std_msgs/msg/detail/float32__rosidl_typesupport_introspection_c.h
[4.746s] -- Up-to-date: /ros2_ws/install/std_msgs/include/std_msgs/std_msgs/msg/detail/int16__rosidl_typesupport_introspection_c.h
[4.747s] -- Up-to-date: /ros2_ws/install/std_msgs/include/std_msgs/std_msgs/msg/detail/int32_multi_array__type_support.c
[4.747s] -- Up-to-date: /ros2_ws/install/std_msgs/include/std_msgs/std_msgs/msg/detail/string__rosidl_typesupport_introspection_c.h
[4.748s] -- Up-to-date: /ros2_ws/install/std_msgs/include/std_msgs/std_msgs/msg/detail/multi_array_layout__rosidl_typesupport_introspection_c.h
[4.748s] -- Up-to-date: /ros2_ws/install/std_msgs/include/std_msgs/std_msgs/msg/detail/u_int16_multi_array__rosidl_typesupport_introspection_c.h
[4.749s] -- Up-to-date: /ros2_ws/install/std_msgs/include/std_msgs/std_msgs/msg/detail/empty__rosidl_typesupport_introspection_c.h
[4.749s] -- Up-to-date: /ros2_ws/install/std_msgs/include/std_msgs/std_msgs/msg/detail/header__type_support.c
[4.751s] -- Up-to-date: /ros2_ws/install/std_msgs/include/std_msgs/std_msgs/msg/detail/u_int16__type_support.c
[4.752s] -- Up-to-date: /ros2_ws/install/std_msgs/include/std_msgs/std_msgs/msg/detail/int64_multi_array__type_support.c
[4.753s] -- Up-to-date: /ros2_ws/install/std_msgs/include/std_msgs/std_msgs/msg/detail/float32_multi_array__rosidl_typesupport_introspection_c.h
[4.753s] -- Up-to-date: /ros2_ws/install/std_msgs/include/std_msgs/std_msgs/msg/detail/int8__type_support.c
[4.755s] -- Up-to-date: /ros2_ws/install/std_msgs/include/std_msgs/std_msgs/msg/detail/empty__type_support.c
[4.756s] -- Up-to-date: /ros2_ws/install/std_msgs/include/std_msgs/std_msgs/msg/rosidl_typesupport_introspection_c__visibility_control.h
[4.756s] -- Up-to-date: /ros2_ws/install/std_msgs/lib/libstd_msgs__rosidl_typesupport_introspection_c.so
[4.757s] -- Up-to-date: /ros2_ws/install/std_msgs/lib/libstd_msgs__rosidl_typesupport_c.so
[4.759s] -- Up-to-date: /ros2_ws/install/std_msgs/include/std_msgs/std_msgs
[4.759s] -- Up-to-date: /ros2_ws/install/std_msgs/include/std_msgs/std_msgs/msg
[4.760s] -- Up-to-date: /ros2_ws/install/std_msgs/include/std_msgs/std_msgs/msg/detail
[4.761s] -- Up-to-date: /ros2_ws/install/std_msgs/include/std_msgs/std_msgs/msg/detail/u_int32_multi_array__rosidl_typesupport_introspection_cpp.hpp
[4.762s] -- Up-to-date: /ros2_ws/install/std_msgs/include/std_msgs/std_msgs/msg/detail/string__rosidl_typesupport_introspection_cpp.hpp
[4.764s] -- Up-to-date: /ros2_ws/install/std_msgs/include/std_msgs/std_msgs/msg/detail/float32_multi_array__type_support.cpp
[4.765s] -- Up-to-date: /ros2_ws/install/std_msgs/include/std_msgs/std_msgs/msg/detail/u_int32_multi_array__type_support.cpp
[4.766s] -- Up-to-date: /ros2_ws/install/std_msgs/include/std_msgs/std_msgs/msg/detail/int16__type_support.cpp
[4.767s] -- Up-to-date: /ros2_ws/install/std_msgs/include/std_msgs/std_msgs/msg/detail/u_int8__rosidl_typesupport_introspection_cpp.hpp
[4.768s] -- Up-to-date: /ros2_ws/install/std_msgs/include/std_msgs/std_msgs/msg/detail/int8_multi_array__type_support.cpp
[4.769s] -- Up-to-date: /ros2_ws/install/std_msgs/include/std_msgs/std_msgs/msg/detail/color_rgba__type_support.cpp
[4.769s] -- Up-to-date: /ros2_ws/install/std_msgs/include/std_msgs/std_msgs/msg/detail/bool__type_support.cpp
[4.770s] -- Up-to-date: /ros2_ws/install/std_msgs/include/std_msgs/std_msgs/msg/detail/int16__rosidl_typesupport_introspection_cpp.hpp
[4.771s] -- Up-to-date: /ros2_ws/install/std_msgs/include/std_msgs/std_msgs/msg/detail/color_rgba__rosidl_typesupport_introspection_cpp.hpp
[4.772s] -- Up-to-date: /ros2_ws/install/std_msgs/include/std_msgs/std_msgs/msg/detail/byte__rosidl_typesupport_introspection_cpp.hpp
[4.773s] -- Up-to-date: /ros2_ws/install/std_msgs/include/std_msgs/std_msgs/msg/detail/u_int64_multi_array__rosidl_typesupport_introspection_cpp.hpp
[4.774s] -- Up-to-date: /ros2_ws/install/std_msgs/include/std_msgs/std_msgs/msg/detail/float32_multi_array__rosidl_typesupport_introspection_cpp.hpp
[4.777s] -- Up-to-date: /ros2_ws/install/std_msgs/include/std_msgs/std_msgs/msg/detail/int32_multi_array__type_support.cpp
[4.779s] -- Up-to-date: /ros2_ws/install/std_msgs/include/std_msgs/std_msgs/msg/detail/multi_array_dimension__type_support.cpp
[4.782s] -- Up-to-date: /ros2_ws/install/std_msgs/include/std_msgs/std_msgs/msg/detail/int8__type_support.cpp
[4.783s] -- Up-to-date: /ros2_ws/install/std_msgs/include/std_msgs/std_msgs/msg/detail/float32__type_support.cpp
[4.783s] -- Up-to-date: /ros2_ws/install/std_msgs/include/std_msgs/std_msgs/msg/detail/int8_multi_array__rosidl_typesupport_introspection_cpp.hpp
[4.784s] -- Up-to-date: /ros2_ws/install/std_msgs/include/std_msgs/std_msgs/msg/detail/int16_multi_array__type_support.cpp
[4.786s] -- Up-to-date: /ros2_ws/install/std_msgs/include/std_msgs/std_msgs/msg/detail/u_int64__type_support.cpp
[4.787s] -- Up-to-date: /ros2_ws/install/std_msgs/include/std_msgs/std_msgs/msg/detail/string__type_support.cpp
[4.788s] -- Up-to-date: /ros2_ws/install/std_msgs/include/std_msgs/std_msgs/msg/detail/bool__rosidl_typesupport_introspection_cpp.hpp
[4.791s] -- Up-to-date: /ros2_ws/install/std_msgs/include/std_msgs/std_msgs/msg/detail/float32__rosidl_typesupport_introspection_cpp.hpp
[4.792s] -- Up-to-date: /ros2_ws/install/std_msgs/include/std_msgs/std_msgs/msg/detail/char__rosidl_typesupport_introspection_cpp.hpp
[4.794s] -- Up-to-date: /ros2_ws/install/std_msgs/include/std_msgs/std_msgs/msg/detail/int32_multi_array__rosidl_typesupport_introspection_cpp.hpp
[4.794s] -- Up-to-date: /ros2_ws/install/std_msgs/include/std_msgs/std_msgs/msg/detail/int16_multi_array__rosidl_typesupport_introspection_cpp.hpp
[4.795s] -- Up-to-date: /ros2_ws/install/std_msgs/include/std_msgs/std_msgs/msg/detail/byte_multi_array__rosidl_typesupport_introspection_cpp.hpp
[4.796s] -- Up-to-date: /ros2_ws/install/std_msgs/include/std_msgs/std_msgs/msg/detail/multi_array_layout__type_support.cpp
[4.797s] -- Up-to-date: /ros2_ws/install/std_msgs/include/std_msgs/std_msgs/msg/detail/u_int32__type_support.cpp
[4.798s] -- Up-to-date: /ros2_ws/install/std_msgs/include/std_msgs/std_msgs/msg/detail/float64__rosidl_typesupport_introspection_cpp.hpp
[4.798s] -- Up-to-date: /ros2_ws/install/std_msgs/include/std_msgs/std_msgs/msg/detail/byte_multi_array__type_support.cpp
[4.799s] -- Up-to-date: /ros2_ws/install/std_msgs/include/std_msgs/std_msgs/msg/detail/int64_multi_array__rosidl_typesupport_introspection_cpp.hpp
[4.800s] -- Up-to-date: /ros2_ws/install/std_msgs/include/std_msgs/std_msgs/msg/detail/int64_multi_array__type_support.cpp
[4.802s] -- Up-to-date: /ros2_ws/install/std_msgs/include/std_msgs/std_msgs/msg/detail/u_int16_multi_array__rosidl_typesupport_introspection_cpp.hpp
[4.803s] -- Up-to-date: /ros2_ws/install/std_msgs/include/std_msgs/std_msgs/msg/detail/u_int8_multi_array__rosidl_typesupport_introspection_cpp.hpp
[4.804s] -- Up-to-date: /ros2_ws/install/std_msgs/include/std_msgs/std_msgs/msg/detail/u_int16__rosidl_typesupport_introspection_cpp.hpp
[4.804s] -- Up-to-date: /ros2_ws/install/std_msgs/include/std_msgs/std_msgs/msg/detail/int64__type_support.cpp
[4.805s] -- Up-to-date: /ros2_ws/install/std_msgs/include/std_msgs/std_msgs/msg/detail/u_int8__type_support.cpp
[4.805s] -- Up-to-date: /ros2_ws/install/std_msgs/include/std_msgs/std_msgs/msg/detail/int32__type_support.cpp
[4.806s] -- Up-to-date: /ros2_ws/install/std_msgs/include/std_msgs/std_msgs/msg/detail/multi_array_layout__rosidl_typesupport_introspection_cpp.hpp
[4.806s] -- Up-to-date: /ros2_ws/install/std_msgs/include/std_msgs/std_msgs/msg/detail/u_int64__rosidl_typesupport_introspection_cpp.hpp
[4.807s] -- Up-to-date: /ros2_ws/install/std_msgs/include/std_msgs/std_msgs/msg/detail/multi_array_dimension__rosidl_typesupport_introspection_cpp.hpp
[4.807s] -- Up-to-date: /ros2_ws/install/std_msgs/include/std_msgs/std_msgs/msg/detail/u_int8_multi_array__type_support.cpp
[4.808s] -- Up-to-date: /ros2_ws/install/std_msgs/include/std_msgs/std_msgs/msg/detail/float64_multi_array__rosidl_typesupport_introspection_cpp.hpp
[4.808s] -- Up-to-date: /ros2_ws/install/std_msgs/include/std_msgs/std_msgs/msg/detail/u_int16__type_support.cpp
[4.809s] -- Up-to-date: /ros2_ws/install/std_msgs/include/std_msgs/std_msgs/msg/detail/header__rosidl_typesupport_introspection_cpp.hpp
[4.809s] -- Up-to-date: /ros2_ws/install/std_msgs/include/std_msgs/std_msgs/msg/detail/int64__rosidl_typesupport_introspection_cpp.hpp
[4.810s] -- Up-to-date: /ros2_ws/install/std_msgs/include/std_msgs/std_msgs/msg/detail/u_int64_multi_array__type_support.cpp
[4.811s] -- Up-to-date: /ros2_ws/install/std_msgs/include/std_msgs/std_msgs/msg/detail/float64_multi_array__type_support.cpp
[4.812s] -- Up-to-date: /ros2_ws/install/std_msgs/include/std_msgs/std_msgs/msg/detail/empty__type_support.cpp
[4.813s] -- Up-to-date: /ros2_ws/install/std_msgs/include/std_msgs/std_msgs/msg/detail/char__type_support.cpp
[4.813s] -- Up-to-date: /ros2_ws/install/std_msgs/include/std_msgs/std_msgs/msg/detail/byte__type_support.cpp
[4.814s] -- Up-to-date: /ros2_ws/install/std_msgs/include/std_msgs/std_msgs/msg/detail/float64__type_support.cpp
[4.814s] -- Up-to-date: /ros2_ws/install/std_msgs/include/std_msgs/std_msgs/msg/detail/empty__rosidl_typesupport_introspection_cpp.hpp
[4.815s] -- Up-to-date: /ros2_ws/install/std_msgs/include/std_msgs/std_msgs/msg/detail/int8__rosidl_typesupport_introspection_cpp.hpp
[4.815s] -- Up-to-date: /ros2_ws/install/std_msgs/include/std_msgs/std_msgs/msg/detail/int32__rosidl_typesupport_introspection_cpp.hpp
[4.816s] -- Up-to-date: /ros2_ws/install/std_msgs/include/std_msgs/std_msgs/msg/detail/header__type_support.cpp
[4.816s] -- Up-to-date: /ros2_ws/install/std_msgs/include/std_msgs/std_msgs/msg/detail/u_int32__rosidl_typesupport_introspection_cpp.hpp
[4.816s] -- Up-to-date: /ros2_ws/install/std_msgs/include/std_msgs/std_msgs/msg/detail/u_int16_multi_array__type_support.cpp
[4.817s] -- Up-to-date: /ros2_ws/install/std_msgs/lib/libstd_msgs__rosidl_typesupport_introspection_cpp.so
[4.817s] -- Up-to-date: /ros2_ws/install/std_msgs/lib/libstd_msgs__rosidl_typesupport_cpp.so
[4.818s] -- Up-to-date: /ros2_ws/install/std_msgs/share/std_msgs/environment/pythonpath.sh
[4.818s] -- Up-to-date: /ros2_ws/install/std_msgs/share/std_msgs/environment/pythonpath.dsv
[4.819s] -- Up-to-date: /ros2_ws/install/std_msgs/local/lib/python3.10/dist-packages/std_msgs-2.0.5-py3.10.egg-info
[4.819s] -- Installing: /ros2_ws/install/std_msgs/local/lib/python3.10/dist-packages/std_msgs-2.0.5-py3.10.egg-info/SOURCES.txt
[4.819s] -- Installing: /ros2_ws/install/std_msgs/local/lib/python3.10/dist-packages/std_msgs-2.0.5-py3.10.egg-info/dependency_links.txt
[4.820s] -- Installing: /ros2_ws/install/std_msgs/local/lib/python3.10/dist-packages/std_msgs-2.0.5-py3.10.egg-info/top_level.txt
[4.820s] -- Installing: /ros2_ws/install/std_msgs/local/lib/python3.10/dist-packages/std_msgs-2.0.5-py3.10.egg-info/PKG-INFO
[4.820s] -- Up-to-date: /ros2_ws/install/std_msgs/local/lib/python3.10/dist-packages/std_msgs
[4.821s] -- Up-to-date: /ros2_ws/install/std_msgs/local/lib/python3.10/dist-packages/std_msgs/_std_msgs_s.ep.rosidl_typesupport_introspection_c.c
[4.821s] -- Up-to-date: /ros2_ws/install/std_msgs/local/lib/python3.10/dist-packages/std_msgs/std_msgs_s__rosidl_typesupport_fastrtps_c.cpython-310-aarch64-linux-gnu.so
[4.822s] -- Up-to-date: /ros2_ws/install/std_msgs/local/lib/python3.10/dist-packages/std_msgs/_std_msgs_s.ep.rosidl_typesupport_fastrtps_c.c
[4.822s] -- Up-to-date: /ros2_ws/install/std_msgs/local/lib/python3.10/dist-packages/std_msgs/__init__.py
[4.822s] -- Up-to-date: /ros2_ws/install/std_msgs/local/lib/python3.10/dist-packages/std_msgs/_std_msgs_s.ep.rosidl_typesupport_c.c
[4.823s] -- Up-to-date: /ros2_ws/install/std_msgs/local/lib/python3.10/dist-packages/std_msgs/libstd_msgs__rosidl_generator_py.so
[4.823s] -- Up-to-date: /ros2_ws/install/std_msgs/local/lib/python3.10/dist-packages/std_msgs/msg
[4.824s] -- Up-to-date: /ros2_ws/install/std_msgs/local/lib/python3.10/dist-packages/std_msgs/msg/_int64.py
[4.824s] -- Up-to-date: /ros2_ws/install/std_msgs/local/lib/python3.10/dist-packages/std_msgs/msg/_int64_multi_array_s.c
[4.824s] -- Up-to-date: /ros2_ws/install/std_msgs/local/lib/python3.10/dist-packages/std_msgs/msg/_u_int32_multi_array_s.c
[4.825s] -- Up-to-date: /ros2_ws/install/std_msgs/local/lib/python3.10/dist-packages/std_msgs/msg/_float32_multi_array.py
[4.825s] -- Up-to-date: /ros2_ws/install/std_msgs/local/lib/python3.10/dist-packages/std_msgs/msg/_u_int16.py
[4.825s] -- Up-to-date: /ros2_ws/install/std_msgs/local/lib/python3.10/dist-packages/std_msgs/msg/_empty_s.c
[4.826s] -- Up-to-date: /ros2_ws/install/std_msgs/local/lib/python3.10/dist-packages/std_msgs/msg/_bool.py
[4.826s] -- Up-to-date: /ros2_ws/install/std_msgs/local/lib/python3.10/dist-packages/std_msgs/msg/_int8_multi_array_s.c
[4.827s] -- Up-to-date: /ros2_ws/install/std_msgs/local/lib/python3.10/dist-packages/std_msgs/msg/_float64_s.c
[4.828s] -- Up-to-date: /ros2_ws/install/std_msgs/local/lib/python3.10/dist-packages/std_msgs/msg/__init__.py
[4.830s] -- Up-to-date: /ros2_ws/install/std_msgs/local/lib/python3.10/dist-packages/std_msgs/msg/_int16_multi_array_s.c
[4.830s] -- Up-to-date: /ros2_ws/install/std_msgs/local/lib/python3.10/dist-packages/std_msgs/msg/_u_int8_multi_array_s.c
[4.831s] -- Up-to-date: /ros2_ws/install/std_msgs/local/lib/python3.10/dist-packages/std_msgs/msg/_int8_multi_array.py
[4.832s] -- Up-to-date: /ros2_ws/install/std_msgs/local/lib/python3.10/dist-packages/std_msgs/msg/_bool_s.c
[4.833s] -- Up-to-date: /ros2_ws/install/std_msgs/local/lib/python3.10/dist-packages/std_msgs/msg/_u_int64_s.c
[4.833s] -- Up-to-date: /ros2_ws/install/std_msgs/local/lib/python3.10/dist-packages/std_msgs/msg/_u_int32_multi_array.py
[4.834s] -- Up-to-date: /ros2_ws/install/std_msgs/local/lib/python3.10/dist-packages/std_msgs/msg/_color_rgba_s.c
[4.835s] -- Up-to-date: /ros2_ws/install/std_msgs/local/lib/python3.10/dist-packages/std_msgs/msg/_u_int16_s.c
[4.836s] -- Up-to-date: /ros2_ws/install/std_msgs/local/lib/python3.10/dist-packages/std_msgs/msg/_byte.py
[4.836s] -- Up-to-date: /ros2_ws/install/std_msgs/local/lib/python3.10/dist-packages/std_msgs/msg/_multi_array_layout.py
[4.837s] -- Up-to-date: /ros2_ws/install/std_msgs/local/lib/python3.10/dist-packages/std_msgs/msg/_int32_multi_array_s.c
[4.838s] -- Up-to-date: /ros2_ws/install/std_msgs/local/lib/python3.10/dist-packages/std_msgs/msg/_header_s.c
[4.839s] -- Up-to-date: /ros2_ws/install/std_msgs/local/lib/python3.10/dist-packages/std_msgs/msg/_u_int8.py
[4.840s] -- Up-to-date: /ros2_ws/install/std_msgs/local/lib/python3.10/dist-packages/std_msgs/msg/_u_int32.py
[4.841s] -- Up-to-date: /ros2_ws/install/std_msgs/local/lib/python3.10/dist-packages/std_msgs/msg/_byte_s.c
[4.843s] -- Up-to-date: /ros2_ws/install/std_msgs/local/lib/python3.10/dist-packages/std_msgs/msg/_char.py
[4.843s] -- Up-to-date: /ros2_ws/install/std_msgs/local/lib/python3.10/dist-packages/std_msgs/msg/_string.py
[4.844s] -- Up-to-date: /ros2_ws/install/std_msgs/local/lib/python3.10/dist-packages/std_msgs/msg/_u_int8_s.c
[4.845s] -- Up-to-date: /ros2_ws/install/std_msgs/local/lib/python3.10/dist-packages/std_msgs/msg/_int16_multi_array.py
[4.846s] -- Up-to-date: /ros2_ws/install/std_msgs/local/lib/python3.10/dist-packages/std_msgs/msg/_u_int16_multi_array_s.c
[4.847s] -- Up-to-date: /ros2_ws/install/std_msgs/local/lib/python3.10/dist-packages/std_msgs/msg/_u_int64_multi_array_s.c
[4.848s] -- Up-to-date: /ros2_ws/install/std_msgs/local/lib/python3.10/dist-packages/std_msgs/msg/_int16_s.c
[4.849s] -- Up-to-date: /ros2_ws/install/std_msgs/local/lib/python3.10/dist-packages/std_msgs/msg/_float32.py
[4.849s] -- Up-to-date: /ros2_ws/install/std_msgs/local/lib/python3.10/dist-packages/std_msgs/msg/_u_int32_s.c
[4.850s] -- Up-to-date: /ros2_ws/install/std_msgs/local/lib/python3.10/dist-packages/std_msgs/msg/_multi_array_layout_s.c
[4.854s] -- Up-to-date: /ros2_ws/install/std_msgs/local/lib/python3.10/dist-packages/std_msgs/msg/_u_int64.py
[4.856s] -- Up-to-date: /ros2_ws/install/std_msgs/local/lib/python3.10/dist-packages/std_msgs/msg/_char_s.c
[4.858s] -- Up-to-date: /ros2_ws/install/std_msgs/local/lib/python3.10/dist-packages/std_msgs/msg/_float64_multi_array.py
[4.859s] -- Up-to-date: /ros2_ws/install/std_msgs/local/lib/python3.10/dist-packages/std_msgs/msg/_float32_s.c
[4.859s] -- Up-to-date: /ros2_ws/install/std_msgs/local/lib/python3.10/dist-packages/std_msgs/msg/_int32_multi_array.py
[4.860s] -- Up-to-date: /ros2_ws/install/std_msgs/local/lib/python3.10/dist-packages/std_msgs/msg/_int8_s.c
[4.861s] -- Up-to-date: /ros2_ws/install/std_msgs/local/lib/python3.10/dist-packages/std_msgs/msg/_multi_array_dimension.py
[4.862s] -- Up-to-date: /ros2_ws/install/std_msgs/local/lib/python3.10/dist-packages/std_msgs/msg/_color_rgba.py
[4.863s] -- Up-to-date: /ros2_ws/install/std_msgs/local/lib/python3.10/dist-packages/std_msgs/msg/_empty.py
[4.864s] -- Up-to-date: /ros2_ws/install/std_msgs/local/lib/python3.10/dist-packages/std_msgs/msg/_int64_multi_array.py
[4.866s] -- Up-to-date: /ros2_ws/install/std_msgs/local/lib/python3.10/dist-packages/std_msgs/msg/_float64.py
[4.867s] -- Up-to-date: /ros2_ws/install/std_msgs/local/lib/python3.10/dist-packages/std_msgs/msg/_int16.py
[4.867s] -- Up-to-date: /ros2_ws/install/std_msgs/local/lib/python3.10/dist-packages/std_msgs/msg/_int64_s.c
[4.868s] -- Up-to-date: /ros2_ws/install/std_msgs/local/lib/python3.10/dist-packages/std_msgs/msg/_u_int16_multi_array.py
[4.869s] -- Up-to-date: /ros2_ws/install/std_msgs/local/lib/python3.10/dist-packages/std_msgs/msg/_header.py
[4.870s] -- Up-to-date: /ros2_ws/install/std_msgs/local/lib/python3.10/dist-packages/std_msgs/msg/_u_int64_multi_array.py
[4.871s] -- Up-to-date: /ros2_ws/install/std_msgs/local/lib/python3.10/dist-packages/std_msgs/msg/_byte_multi_array.py
[4.872s] -- Up-to-date: /ros2_ws/install/std_msgs/local/lib/python3.10/dist-packages/std_msgs/msg/_multi_array_dimension_s.c
[4.873s] -- Up-to-date: /ros2_ws/install/std_msgs/local/lib/python3.10/dist-packages/std_msgs/msg/_int32_s.c
[4.873s] -- Up-to-date: /ros2_ws/install/std_msgs/local/lib/python3.10/dist-packages/std_msgs/msg/_float64_multi_array_s.c
[4.874s] -- Up-to-date: /ros2_ws/install/std_msgs/local/lib/python3.10/dist-packages/std_msgs/msg/_u_int8_multi_array.py
[4.874s] -- Up-to-date: /ros2_ws/install/std_msgs/local/lib/python3.10/dist-packages/std_msgs/msg/_float32_multi_array_s.c
[4.875s] -- Up-to-date: /ros2_ws/install/std_msgs/local/lib/python3.10/dist-packages/std_msgs/msg/_byte_multi_array_s.c
[4.875s] -- Up-to-date: /ros2_ws/install/std_msgs/local/lib/python3.10/dist-packages/std_msgs/msg/_int8.py
[4.875s] -- Up-to-date: /ros2_ws/install/std_msgs/local/lib/python3.10/dist-packages/std_msgs/msg/_string_s.c
[4.876s] -- Up-to-date: /ros2_ws/install/std_msgs/local/lib/python3.10/dist-packages/std_msgs/msg/_int32.py
[4.876s] -- Up-to-date: /ros2_ws/install/std_msgs/local/lib/python3.10/dist-packages/std_msgs/std_msgs_s__rosidl_typesupport_introspection_c.cpython-310-aarch64-linux-gnu.so
[4.877s] -- Up-to-date: /ros2_ws/install/std_msgs/local/lib/python3.10/dist-packages/std_msgs/std_msgs_s__rosidl_typesupport_c.cpython-310-aarch64-linux-gnu.so
[4.925s] Listing '/ros2_ws/install/std_msgs/local/lib/python3.10/dist-packages/std_msgs'...
[4.926s] Listing '/ros2_ws/install/std_msgs/local/lib/python3.10/dist-packages/std_msgs/msg'...
[5.004s] -- Up-to-date: /ros2_ws/install/std_msgs/local/lib/python3.10/dist-packages/std_msgs/std_msgs_s__rosidl_typesupport_fastrtps_c.cpython-310-aarch64-linux-gnu.so
[5.009s] -- Up-to-date: /ros2_ws/install/std_msgs/local/lib/python3.10/dist-packages/std_msgs/std_msgs_s__rosidl_typesupport_introspection_c.cpython-310-aarch64-linux-gnu.so
[5.014s] -- Up-to-date: /ros2_ws/install/std_msgs/local/lib/python3.10/dist-packages/std_msgs/std_msgs_s__rosidl_typesupport_c.cpython-310-aarch64-linux-gnu.so
[5.019s] -- Up-to-date: /ros2_ws/install/std_msgs/lib/libstd_msgs__rosidl_generator_py.so
[5.021s] -- Up-to-date: /ros2_ws/install/std_msgs/share/ament_index/resource_index/rust_packages/std_msgs
[5.023s] -- Up-to-date: /ros2_ws/install/std_msgs/share/std_msgs/rust
[5.023s] -- Up-to-date: /ros2_ws/install/std_msgs/share/std_msgs/rust/src
[5.024s] -- Up-to-date: /ros2_ws/install/std_msgs/share/std_msgs/rust/src/msg
[5.026s] -- Up-to-date: /ros2_ws/install/std_msgs/share/std_msgs/rust/src/msg/rmw.rs
[5.027s] -- Up-to-date: /ros2_ws/install/std_msgs/share/std_msgs/rust/src/msg.rs
[5.028s] -- Up-to-date: /ros2_ws/install/std_msgs/share/std_msgs/rust/src/lib.rs
[5.029s] -- Up-to-date: /ros2_ws/install/std_msgs/share/std_msgs/rust/Cargo.toml
[5.032s] -- Up-to-date: /ros2_ws/install/std_msgs/share/std_msgs/rust/build.rs
[5.034s] -- Up-to-date: /ros2_ws/install/std_msgs/share/std_msgs/msg/Bool.idl
[5.035s] -- Up-to-date: /ros2_ws/install/std_msgs/share/std_msgs/msg/Byte.idl
[5.035s] -- Up-to-date: /ros2_ws/install/std_msgs/share/std_msgs/msg/ByteMultiArray.idl
[5.035s] -- Up-to-date: /ros2_ws/install/std_msgs/share/std_msgs/msg/Char.idl
[5.036s] -- Up-to-date: /ros2_ws/install/std_msgs/share/std_msgs/msg/ColorRGBA.idl
[5.036s] -- Up-to-date: /ros2_ws/install/std_msgs/share/std_msgs/msg/Empty.idl
[5.037s] -- Up-to-date: /ros2_ws/install/std_msgs/share/std_msgs/msg/Float32.idl
[5.037s] -- Up-to-date: /ros2_ws/install/std_msgs/share/std_msgs/msg/Float32MultiArray.idl
[5.037s] -- Up-to-date: /ros2_ws/install/std_msgs/share/std_msgs/msg/Float64.idl
[5.038s] -- Up-to-date: /ros2_ws/install/std_msgs/share/std_msgs/msg/Float64MultiArray.idl
[5.038s] -- Up-to-date: /ros2_ws/install/std_msgs/share/std_msgs/msg/Header.idl
[5.039s] -- Up-to-date: /ros2_ws/install/std_msgs/share/std_msgs/msg/Int16.idl
[5.040s] -- Up-to-date: /ros2_ws/install/std_msgs/share/std_msgs/msg/Int16MultiArray.idl
[5.041s] -- Up-to-date: /ros2_ws/install/std_msgs/share/std_msgs/msg/Int32.idl
[5.042s] -- Up-to-date: /ros2_ws/install/std_msgs/share/std_msgs/msg/Int32MultiArray.idl
[5.045s] -- Up-to-date: /ros2_ws/install/std_msgs/share/std_msgs/msg/Int64.idl
[5.045s] -- Up-to-date: /ros2_ws/install/std_msgs/share/std_msgs/msg/Int64MultiArray.idl
[5.046s] -- Up-to-date: /ros2_ws/install/std_msgs/share/std_msgs/msg/Int8.idl
[5.046s] -- Up-to-date: /ros2_ws/install/std_msgs/share/std_msgs/msg/Int8MultiArray.idl
[5.046s] -- Up-to-date: /ros2_ws/install/std_msgs/share/std_msgs/msg/MultiArrayDimension.idl
[5.047s] -- Up-to-date: /ros2_ws/install/std_msgs/share/std_msgs/msg/MultiArrayLayout.idl
[5.048s] -- Up-to-date: /ros2_ws/install/std_msgs/share/std_msgs/msg/String.idl
[5.048s] -- Up-to-date: /ros2_ws/install/std_msgs/share/std_msgs/msg/UInt16.idl
[5.049s] -- Up-to-date: /ros2_ws/install/std_msgs/share/std_msgs/msg/UInt16MultiArray.idl
[5.049s] -- Up-to-date: /ros2_ws/install/std_msgs/share/std_msgs/msg/UInt32.idl
[5.050s] -- Up-to-date: /ros2_ws/install/std_msgs/share/std_msgs/msg/UInt32MultiArray.idl
[5.051s] -- Up-to-date: /ros2_ws/install/std_msgs/share/std_msgs/msg/UInt64.idl
[5.052s] -- Up-to-date: /ros2_ws/install/std_msgs/share/std_msgs/msg/UInt64MultiArray.idl
[5.052s] -- Up-to-date: /ros2_ws/install/std_msgs/share/std_msgs/msg/UInt8.idl
[5.053s] -- Up-to-date: /ros2_ws/install/std_msgs/share/std_msgs/msg/UInt8MultiArray.idl
[5.054s] -- Up-to-date: /ros2_ws/install/std_msgs/share/std_msgs/msg/Bool.msg
[5.054s] -- Up-to-date: /ros2_ws/install/std_msgs/share/std_msgs/msg/Byte.msg
[5.058s] -- Up-to-date: /ros2_ws/install/std_msgs/share/std_msgs/msg/ByteMultiArray.msg
[5.059s] -- Up-to-date: /ros2_ws/install/std_msgs/share/std_msgs/msg/Char.msg
[5.060s] -- Up-to-date: /ros2_ws/install/std_msgs/share/std_msgs/msg/ColorRGBA.msg
[5.060s] -- Up-to-date: /ros2_ws/install/std_msgs/share/std_msgs/msg/Empty.msg
[5.062s] -- Up-to-date: /ros2_ws/install/std_msgs/share/std_msgs/msg/Float32.msg
[5.063s] -- Up-to-date: /ros2_ws/install/std_msgs/share/std_msgs/msg/Float32MultiArray.msg
[5.064s] -- Up-to-date: /ros2_ws/install/std_msgs/share/std_msgs/msg/Float64.msg
[5.064s] -- Up-to-date: /ros2_ws/install/std_msgs/share/std_msgs/msg/Float64MultiArray.msg
[5.078s] -- Up-to-date: /ros2_ws/install/std_msgs/share/std_msgs/msg/Header.msg
[5.079s] -- Up-to-date: /ros2_ws/install/std_msgs/share/std_msgs/msg/Int16.msg
[5.079s] -- Up-to-date: /ros2_ws/install/std_msgs/share/std_msgs/msg/Int16MultiArray.msg
[5.080s] -- Up-to-date: /ros2_ws/install/std_msgs/share/std_msgs/msg/Int32.msg
[5.080s] -- Up-to-date: /ros2_ws/install/std_msgs/share/std_msgs/msg/Int32MultiArray.msg
[5.080s] -- Up-to-date: /ros2_ws/install/std_msgs/share/std_msgs/msg/Int64.msg
[5.081s] -- Up-to-date: /ros2_ws/install/std_msgs/share/std_msgs/msg/Int64MultiArray.msg
[5.081s] -- Up-to-date: /ros2_ws/install/std_msgs/share/std_msgs/msg/Int8.msg
[5.081s] -- Up-to-date: /ros2_ws/install/std_msgs/share/std_msgs/msg/Int8MultiArray.msg
[5.082s] -- Up-to-date: /ros2_ws/install/std_msgs/share/std_msgs/msg/MultiArrayDimension.msg
[5.082s] -- Up-to-date: /ros2_ws/install/std_msgs/share/std_msgs/msg/MultiArrayLayout.msg
[5.083s] -- Up-to-date: /ros2_ws/install/std_msgs/share/std_msgs/msg/String.msg
[5.083s] -- Up-to-date: /ros2_ws/install/std_msgs/share/std_msgs/msg/UInt16.msg
[5.084s] -- Up-to-date: /ros2_ws/install/std_msgs/share/std_msgs/msg/UInt16MultiArray.msg
[5.084s] -- Up-to-date: /ros2_ws/install/std_msgs/share/std_msgs/msg/UInt32.msg
[5.085s] -- Up-to-date: /ros2_ws/install/std_msgs/share/std_msgs/msg/UInt32MultiArray.msg
[5.086s] -- Up-to-date: /ros2_ws/install/std_msgs/share/std_msgs/msg/UInt64.msg
[5.086s] -- Up-to-date: /ros2_ws/install/std_msgs/share/std_msgs/msg/UInt64MultiArray.msg
[5.087s] -- Up-to-date: /ros2_ws/install/std_msgs/share/std_msgs/msg/UInt8.msg
[5.087s] -- Up-to-date: /ros2_ws/install/std_msgs/share/std_msgs/msg/UInt8MultiArray.msg
[5.089s] -- Up-to-date: /ros2_ws/install/std_msgs/share/ament_index/resource_index/package_run_dependencies/std_msgs
[5.090s] -- Up-to-date: /ros2_ws/install/std_msgs/share/ament_index/resource_index/parent_prefix_path/std_msgs
[5.091s] -- Up-to-date: /ros2_ws/install/std_msgs/share/std_msgs/environment/ament_prefix_path.sh
[5.093s] -- Up-to-date: /ros2_ws/install/std_msgs/share/std_msgs/environment/ament_prefix_path.dsv
[5.093s] -- Up-to-date: /ros2_ws/install/std_msgs/share/std_msgs/environment/path.sh
[5.093s] -- Up-to-date: /ros2_ws/install/std_msgs/share/std_msgs/environment/path.dsv
[5.094s] -- Up-to-date: /ros2_ws/install/std_msgs/share/std_msgs/local_setup.bash
[5.094s] -- Up-to-date: /ros2_ws/install/std_msgs/share/std_msgs/local_setup.sh
[5.094s] -- Up-to-date: /ros2_ws/install/std_msgs/share/std_msgs/local_setup.zsh
[5.095s] -- Up-to-date: /ros2_ws/install/std_msgs/share/std_msgs/local_setup.dsv
[5.095s] -- Installing: /ros2_ws/install/std_msgs/share/std_msgs/package.dsv
[5.096s] -- Up-to-date: /ros2_ws/install/std_msgs/share/ament_index/resource_index/packages/std_msgs
[5.097s] -- Up-to-date: /ros2_ws/install/std_msgs/share/std_msgs/cmake/export_std_msgs__rosidl_generator_cExport.cmake
[5.097s] -- Up-to-date: /ros2_ws/install/std_msgs/share/std_msgs/cmake/export_std_msgs__rosidl_generator_cExport-noconfig.cmake
[5.098s] -- Up-to-date: /ros2_ws/install/std_msgs/share/std_msgs/cmake/export_std_msgs__rosidl_typesupport_fastrtps_cExport.cmake
[5.098s] -- Up-to-date: /ros2_ws/install/std_msgs/share/std_msgs/cmake/export_std_msgs__rosidl_typesupport_fastrtps_cExport-noconfig.cmake
[5.099s] -- Up-to-date: /ros2_ws/install/std_msgs/share/std_msgs/cmake/export_std_msgs__rosidl_generator_cppExport.cmake
[5.099s] -- Up-to-date: /ros2_ws/install/std_msgs/share/std_msgs/cmake/export_std_msgs__rosidl_typesupport_fastrtps_cppExport.cmake
[5.099s] -- Up-to-date: /ros2_ws/install/std_msgs/share/std_msgs/cmake/export_std_msgs__rosidl_typesupport_fastrtps_cppExport-noconfig.cmake
[5.100s] -- Up-to-date: /ros2_ws/install/std_msgs/share/std_msgs/cmake/std_msgs__rosidl_typesupport_introspection_cExport.cmake
[5.100s] -- Up-to-date: /ros2_ws/install/std_msgs/share/std_msgs/cmake/std_msgs__rosidl_typesupport_introspection_cExport-noconfig.cmake
[5.101s] -- Up-to-date: /ros2_ws/install/std_msgs/share/std_msgs/cmake/std_msgs__rosidl_typesupport_cExport.cmake
[5.101s] -- Up-to-date: /ros2_ws/install/std_msgs/share/std_msgs/cmake/std_msgs__rosidl_typesupport_cExport-noconfig.cmake
[5.101s] -- Up-to-date: /ros2_ws/install/std_msgs/share/std_msgs/cmake/std_msgs__rosidl_typesupport_introspection_cppExport.cmake
[5.102s] -- Up-to-date: /ros2_ws/install/std_msgs/share/std_msgs/cmake/std_msgs__rosidl_typesupport_introspection_cppExport-noconfig.cmake
[5.102s] -- Up-to-date: /ros2_ws/install/std_msgs/share/std_msgs/cmake/std_msgs__rosidl_typesupport_cppExport.cmake
[5.103s] -- Up-to-date: /ros2_ws/install/std_msgs/share/std_msgs/cmake/std_msgs__rosidl_typesupport_cppExport-noconfig.cmake
[5.103s] -- Up-to-date: /ros2_ws/install/std_msgs/share/std_msgs/cmake/export_std_msgs__rosidl_generator_pyExport.cmake
[5.103s] -- Up-to-date: /ros2_ws/install/std_msgs/share/std_msgs/cmake/export_std_msgs__rosidl_generator_pyExport-noconfig.cmake
[5.104s] -- Up-to-date: /ros2_ws/install/std_msgs/share/std_msgs/cmake/rosidl_cmake-extras.cmake
[5.104s] -- Up-to-date: /ros2_ws/install/std_msgs/share/std_msgs/cmake/ament_cmake_export_dependencies-extras.cmake
[5.104s] -- Up-to-date: /ros2_ws/install/std_msgs/share/std_msgs/cmake/ament_cmake_export_include_directories-extras.cmake
[5.105s] -- Up-to-date: /ros2_ws/install/std_msgs/share/std_msgs/cmake/ament_cmake_export_libraries-extras.cmake
[5.105s] -- Up-to-date: /ros2_ws/install/std_msgs/share/std_msgs/cmake/ament_cmake_export_targets-extras.cmake
[5.106s] -- Up-to-date: /ros2_ws/install/std_msgs/share/std_msgs/cmake/rosidl_cmake_export_typesupport_targets-extras.cmake
[5.106s] -- Up-to-date: /ros2_ws/install/std_msgs/share/std_msgs/cmake/rosidl_cmake_export_typesupport_libraries-extras.cmake
[5.106s] -- Up-to-date: /ros2_ws/install/std_msgs/share/std_msgs/cmake/std_msgsConfig.cmake
[5.107s] -- Up-to-date: /ros2_ws/install/std_msgs/share/std_msgs/cmake/std_msgsConfig-version.cmake
[5.107s] -- Up-to-date: /ros2_ws/install/std_msgs/share/std_msgs/package.xml
[5.136s] Invoked command in '/ros2_ws/build/std_msgs' returned '0': CMAKE_PREFIX_PATH=/opt/ros/humble /usr/bin/cmake --install /ros2_ws/build/std_msgs
