[0.083s] Invoking command in '/ros2_ws/build/rosbridge_msgs': CMAKE_PREFIX_PATH=/opt/ros/humble /usr/bin/cmake --build /ros2_ws/build/rosbridge_msgs -- -j4 -l4
[0.640s] [35m[1mConsolidate compiler generated dependencies of target rosbridge_msgs__rosidl_generator_c[0m
[0.719s] [  2%] Built target rosbridge_msgs__cpp
[0.788s] [ 12%] Built target rosbridge_msgs__rosidl_generator_c
[0.796s] [ 15%] Built target rosbridge_msgs__rs
[0.836s] [ 15%] Built target ament_cmake_python_copy_rosbridge_msgs
[0.837s] [35m[1mConsolidate compiler generated dependencies of target rosbridge_msgs__rosidl_typesupport_fastrtps_cpp[0m
[0.904s] [35m[1mConsolidate compiler generated dependencies of target rosbridge_msgs__rosidl_typesupport_introspection_cpp[0m
[0.943s] [35m[1mConsolidate compiler generated dependencies of target rosbridge_msgs__rosidl_typesupport_cpp[0m
[0.946s] [ 25%] Built target rosbridge_msgs__rosidl_typesupport_fastrtps_cpp
[1.001s] [35m[1mConsolidate compiler generated dependencies of target rosbridge_msgs__rosidl_typesupport_c[0m
[1.004s] [ 35%] Built target rosbridge_msgs__rosidl_typesupport_introspection_cpp
[1.140s] [ 45%] Built target rosbridge_msgs__rosidl_typesupport_cpp
[1.155s] [ 55%] Built target rosbridge_msgs__rosidl_typesupport_c
[1.180s] [35m[1mConsolidate compiler generated dependencies of target rosbridge_msgs__rosidl_typesupport_fastrtps_c[0m
[1.342s] [35m[1mConsolidate compiler generated dependencies of target rosbridge_msgs__rosidl_typesupport_introspection_c[0m
[1.380s] [ 65%] Built target rosbridge_msgs__rosidl_typesupport_fastrtps_c
[1.515s] [ 75%] Built target rosbridge_msgs__rosidl_typesupport_introspection_c
[1.740s] [ 75%] Built target rosbridge_msgs
[1.978s] [ 77%] Built target rosbridge_msgs__py
[2.205s] [35m[1mConsolidate compiler generated dependencies of target rosbridge_msgs__rosidl_generator_py[0m
[2.399s] [ 85%] Built target rosbridge_msgs__rosidl_generator_py
[2.569s] [35m[1mConsolidate compiler generated dependencies of target rosbridge_msgs__rosidl_typesupport_introspection_c__pyext[0m
[2.577s] [35m[1mConsolidate compiler generated dependencies of target rosbridge_msgs__rosidl_typesupport_fastrtps_c__pyext[0m
[2.578s] [35m[1mConsolidate compiler generated dependencies of target rosbridge_msgs__rosidl_typesupport_c__pyext[0m
[2.591s] running egg_info
[2.594s] writing rosbridge_msgs.egg-info/PKG-INFO
[2.595s] writing dependency_links to rosbridge_msgs.egg-info/dependency_links.txt
[2.596s] writing top-level names to rosbridge_msgs.egg-info/top_level.txt
[2.607s] reading manifest file 'rosbridge_msgs.egg-info/SOURCES.txt'
[2.611s] writing manifest file 'rosbridge_msgs.egg-info/SOURCES.txt'
[2.654s] [ 90%] Built target rosbridge_msgs__rosidl_typesupport_fastrtps_c__pyext
[2.712s] [ 95%] Built target rosbridge_msgs__rosidl_typesupport_introspection_c__pyext
[2.713s] [100%] Built target rosbridge_msgs__rosidl_typesupport_c__pyext
[2.776s] [100%] Built target ament_cmake_python_build_rosbridge_msgs_egg
[3.753s] Invoked command in '/ros2_ws/build/rosbridge_msgs' returned '0': CMAKE_PREFIX_PATH=/opt/ros/humble /usr/bin/cmake --build /ros2_ws/build/rosbridge_msgs -- -j4 -l4
[3.754s] Invoking command in '/ros2_ws/build/rosbridge_msgs': CMAKE_PREFIX_PATH=/opt/ros/humble /usr/bin/cmake --install /ros2_ws/build/rosbridge_msgs
[3.757s] -- Install configuration: ""
[3.760s] -- Up-to-date: /ros2_ws/install/rosbridge_msgs/share/ament_index/resource_index/rosidl_interfaces/rosbridge_msgs
[3.762s] -- Up-to-date: /ros2_ws/install/rosbridge_msgs/include/rosbridge_msgs/rosbridge_msgs
[3.762s] -- Up-to-date: /ros2_ws/install/rosbridge_msgs/include/rosbridge_msgs/rosbridge_msgs/msg
[3.762s] -- Up-to-date: /ros2_ws/install/rosbridge_msgs/include/rosbridge_msgs/rosbridge_msgs/msg/connected_clients.h
[3.763s] -- Up-to-date: /ros2_ws/install/rosbridge_msgs/include/rosbridge_msgs/rosbridge_msgs/msg/connected_client.h
[3.763s] -- Up-to-date: /ros2_ws/install/rosbridge_msgs/include/rosbridge_msgs/rosbridge_msgs/msg/detail
[3.764s] -- Up-to-date: /ros2_ws/install/rosbridge_msgs/include/rosbridge_msgs/rosbridge_msgs/msg/detail/connected_clients__functions.c
[3.764s] -- Up-to-date: /ros2_ws/install/rosbridge_msgs/include/rosbridge_msgs/rosbridge_msgs/msg/detail/connected_clients__type_support.h
[3.765s] -- Up-to-date: /ros2_ws/install/rosbridge_msgs/include/rosbridge_msgs/rosbridge_msgs/msg/detail/connected_clients__struct.h
[3.765s] -- Up-to-date: /ros2_ws/install/rosbridge_msgs/include/rosbridge_msgs/rosbridge_msgs/msg/detail/connected_client__type_support.h
[3.765s] -- Up-to-date: /ros2_ws/install/rosbridge_msgs/include/rosbridge_msgs/rosbridge_msgs/msg/detail/connected_client__functions.h
[3.766s] -- Up-to-date: /ros2_ws/install/rosbridge_msgs/include/rosbridge_msgs/rosbridge_msgs/msg/detail/connected_client__struct.h
[3.766s] -- Up-to-date: /ros2_ws/install/rosbridge_msgs/include/rosbridge_msgs/rosbridge_msgs/msg/detail/connected_clients__functions.h
[3.767s] -- Up-to-date: /ros2_ws/install/rosbridge_msgs/include/rosbridge_msgs/rosbridge_msgs/msg/detail/connected_client__functions.c
[3.767s] -- Up-to-date: /ros2_ws/install/rosbridge_msgs/include/rosbridge_msgs/rosbridge_msgs/msg/rosidl_generator_c__visibility_control.h
[3.768s] -- Up-to-date: /ros2_ws/install/rosbridge_msgs/share/rosbridge_msgs/environment/library_path.sh
[3.768s] -- Up-to-date: /ros2_ws/install/rosbridge_msgs/share/rosbridge_msgs/environment/library_path.dsv
[3.769s] -- Up-to-date: /ros2_ws/install/rosbridge_msgs/lib/librosbridge_msgs__rosidl_generator_c.so
[3.770s] -- Up-to-date: /ros2_ws/install/rosbridge_msgs/include/rosbridge_msgs/rosbridge_msgs
[3.770s] -- Up-to-date: /ros2_ws/install/rosbridge_msgs/include/rosbridge_msgs/rosbridge_msgs/msg
[3.771s] -- Up-to-date: /ros2_ws/install/rosbridge_msgs/include/rosbridge_msgs/rosbridge_msgs/msg/rosidl_typesupport_fastrtps_c__visibility_control.h
[3.771s] -- Up-to-date: /ros2_ws/install/rosbridge_msgs/include/rosbridge_msgs/rosbridge_msgs/msg/detail
[3.772s] -- Up-to-date: /ros2_ws/install/rosbridge_msgs/include/rosbridge_msgs/rosbridge_msgs/msg/detail/connected_client__rosidl_typesupport_fastrtps_c.h
[3.772s] -- Up-to-date: /ros2_ws/install/rosbridge_msgs/include/rosbridge_msgs/rosbridge_msgs/msg/detail/connected_clients__rosidl_typesupport_fastrtps_c.h
[3.773s] -- Up-to-date: /ros2_ws/install/rosbridge_msgs/lib/librosbridge_msgs__rosidl_typesupport_fastrtps_c.so
[3.774s] -- Up-to-date: /ros2_ws/install/rosbridge_msgs/include/rosbridge_msgs/rosbridge_msgs
[3.775s] -- Up-to-date: /ros2_ws/install/rosbridge_msgs/include/rosbridge_msgs/rosbridge_msgs/msg
[3.777s] -- Up-to-date: /ros2_ws/install/rosbridge_msgs/include/rosbridge_msgs/rosbridge_msgs/msg/connected_client.hpp
[3.778s] -- Up-to-date: /ros2_ws/install/rosbridge_msgs/include/rosbridge_msgs/rosbridge_msgs/msg/rosidl_generator_cpp__visibility_control.hpp
[3.778s] -- Up-to-date: /ros2_ws/install/rosbridge_msgs/include/rosbridge_msgs/rosbridge_msgs/msg/detail
[3.779s] -- Up-to-date: /ros2_ws/install/rosbridge_msgs/include/rosbridge_msgs/rosbridge_msgs/msg/detail/connected_clients__traits.hpp
[3.780s] -- Up-to-date: /ros2_ws/install/rosbridge_msgs/include/rosbridge_msgs/rosbridge_msgs/msg/detail/connected_client__type_support.hpp
[3.781s] -- Up-to-date: /ros2_ws/install/rosbridge_msgs/include/rosbridge_msgs/rosbridge_msgs/msg/detail/connected_client__builder.hpp
[3.785s] -- Up-to-date: /ros2_ws/install/rosbridge_msgs/include/rosbridge_msgs/rosbridge_msgs/msg/detail/connected_clients__struct.hpp
[3.785s] -- Up-to-date: /ros2_ws/install/rosbridge_msgs/include/rosbridge_msgs/rosbridge_msgs/msg/detail/connected_clients__type_support.hpp
[3.786s] -- Up-to-date: /ros2_ws/install/rosbridge_msgs/include/rosbridge_msgs/rosbridge_msgs/msg/detail/connected_client__struct.hpp
[3.788s] -- Up-to-date: /ros2_ws/install/rosbridge_msgs/include/rosbridge_msgs/rosbridge_msgs/msg/detail/connected_clients__builder.hpp
[3.788s] -- Up-to-date: /ros2_ws/install/rosbridge_msgs/include/rosbridge_msgs/rosbridge_msgs/msg/detail/connected_client__traits.hpp
[3.804s] -- Up-to-date: /ros2_ws/install/rosbridge_msgs/include/rosbridge_msgs/rosbridge_msgs/msg/connected_clients.hpp
[3.806s] -- Up-to-date: /ros2_ws/install/rosbridge_msgs/include/rosbridge_msgs/rosbridge_msgs
[3.807s] -- Up-to-date: /ros2_ws/install/rosbridge_msgs/include/rosbridge_msgs/rosbridge_msgs/msg
[3.808s] -- Up-to-date: /ros2_ws/install/rosbridge_msgs/include/rosbridge_msgs/rosbridge_msgs/msg/rosidl_typesupport_fastrtps_cpp__visibility_control.h
[3.810s] -- Up-to-date: /ros2_ws/install/rosbridge_msgs/include/rosbridge_msgs/rosbridge_msgs/msg/detail
[3.811s] -- Up-to-date: /ros2_ws/install/rosbridge_msgs/include/rosbridge_msgs/rosbridge_msgs/msg/detail/connected_client__rosidl_typesupport_fastrtps_cpp.hpp
[3.811s] -- Up-to-date: /ros2_ws/install/rosbridge_msgs/include/rosbridge_msgs/rosbridge_msgs/msg/detail/connected_clients__rosidl_typesupport_fastrtps_cpp.hpp
[3.812s] -- Up-to-date: /ros2_ws/install/rosbridge_msgs/include/rosbridge_msgs/rosbridge_msgs/msg/detail/dds_fastrtps
[3.818s] -- Up-to-date: /ros2_ws/install/rosbridge_msgs/lib/librosbridge_msgs__rosidl_typesupport_fastrtps_cpp.so
[3.819s] -- Up-to-date: /ros2_ws/install/rosbridge_msgs/include/rosbridge_msgs/rosbridge_msgs
[3.820s] -- Up-to-date: /ros2_ws/install/rosbridge_msgs/include/rosbridge_msgs/rosbridge_msgs/msg
[3.821s] -- Up-to-date: /ros2_ws/install/rosbridge_msgs/include/rosbridge_msgs/rosbridge_msgs/msg/detail
[3.822s] -- Up-to-date: /ros2_ws/install/rosbridge_msgs/include/rosbridge_msgs/rosbridge_msgs/msg/detail/connected_client__rosidl_typesupport_introspection_c.h
[3.822s] -- Up-to-date: /ros2_ws/install/rosbridge_msgs/include/rosbridge_msgs/rosbridge_msgs/msg/detail/connected_clients__rosidl_typesupport_introspection_c.h
[3.826s] -- Up-to-date: /ros2_ws/install/rosbridge_msgs/include/rosbridge_msgs/rosbridge_msgs/msg/detail/connected_client__type_support.c
[3.827s] -- Up-to-date: /ros2_ws/install/rosbridge_msgs/include/rosbridge_msgs/rosbridge_msgs/msg/detail/connected_clients__type_support.c
[3.829s] -- Up-to-date: /ros2_ws/install/rosbridge_msgs/include/rosbridge_msgs/rosbridge_msgs/msg/rosidl_typesupport_introspection_c__visibility_control.h
[3.829s] -- Up-to-date: /ros2_ws/install/rosbridge_msgs/lib/librosbridge_msgs__rosidl_typesupport_introspection_c.so
[3.830s] -- Up-to-date: /ros2_ws/install/rosbridge_msgs/lib/librosbridge_msgs__rosidl_typesupport_c.so
[3.832s] -- Up-to-date: /ros2_ws/install/rosbridge_msgs/include/rosbridge_msgs/rosbridge_msgs
[3.833s] -- Up-to-date: /ros2_ws/install/rosbridge_msgs/include/rosbridge_msgs/rosbridge_msgs/msg
[3.833s] -- Up-to-date: /ros2_ws/install/rosbridge_msgs/include/rosbridge_msgs/rosbridge_msgs/msg/detail
[3.834s] -- Up-to-date: /ros2_ws/install/rosbridge_msgs/include/rosbridge_msgs/rosbridge_msgs/msg/detail/connected_client__type_support.cpp
[3.834s] -- Up-to-date: /ros2_ws/install/rosbridge_msgs/include/rosbridge_msgs/rosbridge_msgs/msg/detail/connected_clients__rosidl_typesupport_introspection_cpp.hpp
[3.835s] -- Up-to-date: /ros2_ws/install/rosbridge_msgs/include/rosbridge_msgs/rosbridge_msgs/msg/detail/connected_clients__type_support.cpp
[3.835s] -- Up-to-date: /ros2_ws/install/rosbridge_msgs/include/rosbridge_msgs/rosbridge_msgs/msg/detail/connected_client__rosidl_typesupport_introspection_cpp.hpp
[3.839s] -- Up-to-date: /ros2_ws/install/rosbridge_msgs/lib/librosbridge_msgs__rosidl_typesupport_introspection_cpp.so
[3.842s] -- Up-to-date: /ros2_ws/install/rosbridge_msgs/lib/librosbridge_msgs__rosidl_typesupport_cpp.so
[3.843s] -- Up-to-date: /ros2_ws/install/rosbridge_msgs/share/rosbridge_msgs/environment/pythonpath.sh
[3.844s] -- Up-to-date: /ros2_ws/install/rosbridge_msgs/share/rosbridge_msgs/environment/pythonpath.dsv
[3.845s] -- Up-to-date: /ros2_ws/install/rosbridge_msgs/local/lib/python3.10/dist-packages/rosbridge_msgs-1.3.1-py3.10.egg-info
[3.847s] -- Installing: /ros2_ws/install/rosbridge_msgs/local/lib/python3.10/dist-packages/rosbridge_msgs-1.3.1-py3.10.egg-info/SOURCES.txt
[3.849s] -- Installing: /ros2_ws/install/rosbridge_msgs/local/lib/python3.10/dist-packages/rosbridge_msgs-1.3.1-py3.10.egg-info/dependency_links.txt
[3.849s] -- Installing: /ros2_ws/install/rosbridge_msgs/local/lib/python3.10/dist-packages/rosbridge_msgs-1.3.1-py3.10.egg-info/top_level.txt
[3.851s] -- Installing: /ros2_ws/install/rosbridge_msgs/local/lib/python3.10/dist-packages/rosbridge_msgs-1.3.1-py3.10.egg-info/PKG-INFO
[3.853s] -- Up-to-date: /ros2_ws/install/rosbridge_msgs/local/lib/python3.10/dist-packages/rosbridge_msgs
[3.854s] -- Up-to-date: /ros2_ws/install/rosbridge_msgs/local/lib/python3.10/dist-packages/rosbridge_msgs/rosbridge_msgs_s__rosidl_typesupport_fastrtps_c.cpython-310-aarch64-linux-gnu.so
[3.856s] -- Up-to-date: /ros2_ws/install/rosbridge_msgs/local/lib/python3.10/dist-packages/rosbridge_msgs/__init__.py
[3.857s] -- Up-to-date: /ros2_ws/install/rosbridge_msgs/local/lib/python3.10/dist-packages/rosbridge_msgs/librosbridge_msgs__rosidl_generator_py.so
[3.857s] -- Up-to-date: /ros2_ws/install/rosbridge_msgs/local/lib/python3.10/dist-packages/rosbridge_msgs/rosbridge_msgs_s__rosidl_typesupport_introspection_c.cpython-310-aarch64-linux-gnu.so
[3.857s] -- Up-to-date: /ros2_ws/install/rosbridge_msgs/local/lib/python3.10/dist-packages/rosbridge_msgs/_rosbridge_msgs_s.ep.rosidl_typesupport_c.c
[3.858s] -- Up-to-date: /ros2_ws/install/rosbridge_msgs/local/lib/python3.10/dist-packages/rosbridge_msgs/msg
[3.869s] -- Up-to-date: /ros2_ws/install/rosbridge_msgs/local/lib/python3.10/dist-packages/rosbridge_msgs/msg/_connected_clients_s.c
[3.869s] -- Up-to-date: /ros2_ws/install/rosbridge_msgs/local/lib/python3.10/dist-packages/rosbridge_msgs/msg/__init__.py
[3.871s] -- Up-to-date: /ros2_ws/install/rosbridge_msgs/local/lib/python3.10/dist-packages/rosbridge_msgs/msg/_connected_client.py
[3.871s] -- Up-to-date: /ros2_ws/install/rosbridge_msgs/local/lib/python3.10/dist-packages/rosbridge_msgs/msg/_connected_clients.py
[3.872s] -- Up-to-date: /ros2_ws/install/rosbridge_msgs/local/lib/python3.10/dist-packages/rosbridge_msgs/msg/_connected_client_s.c
[3.872s] -- Up-to-date: /ros2_ws/install/rosbridge_msgs/local/lib/python3.10/dist-packages/rosbridge_msgs/_rosbridge_msgs_s.ep.rosidl_typesupport_fastrtps_c.c
[3.873s] -- Up-to-date: /ros2_ws/install/rosbridge_msgs/local/lib/python3.10/dist-packages/rosbridge_msgs/rosbridge_msgs_s__rosidl_typesupport_c.cpython-310-aarch64-linux-gnu.so
[3.873s] -- Up-to-date: /ros2_ws/install/rosbridge_msgs/local/lib/python3.10/dist-packages/rosbridge_msgs/_rosbridge_msgs_s.ep.rosidl_typesupport_introspection_c.c
[3.977s] Listing '/ros2_ws/install/rosbridge_msgs/local/lib/python3.10/dist-packages/rosbridge_msgs'...
[3.978s] Listing '/ros2_ws/install/rosbridge_msgs/local/lib/python3.10/dist-packages/rosbridge_msgs/msg'...
[3.978s] -- Up-to-date: /ros2_ws/install/rosbridge_msgs/local/lib/python3.10/dist-packages/rosbridge_msgs/rosbridge_msgs_s__rosidl_typesupport_fastrtps_c.cpython-310-aarch64-linux-gnu.so
[3.978s] -- Up-to-date: /ros2_ws/install/rosbridge_msgs/local/lib/python3.10/dist-packages/rosbridge_msgs/rosbridge_msgs_s__rosidl_typesupport_introspection_c.cpython-310-aarch64-linux-gnu.so
[3.978s] -- Up-to-date: /ros2_ws/install/rosbridge_msgs/local/lib/python3.10/dist-packages/rosbridge_msgs/rosbridge_msgs_s__rosidl_typesupport_c.cpython-310-aarch64-linux-gnu.so
[3.979s] -- Up-to-date: /ros2_ws/install/rosbridge_msgs/lib/librosbridge_msgs__rosidl_generator_py.so
[3.979s] -- Up-to-date: /ros2_ws/install/rosbridge_msgs/share/ament_index/resource_index/rust_packages/rosbridge_msgs
[3.979s] -- Up-to-date: /ros2_ws/install/rosbridge_msgs/share/rosbridge_msgs/rust
[3.980s] -- Up-to-date: /ros2_ws/install/rosbridge_msgs/share/rosbridge_msgs/rust/src
[3.980s] -- Up-to-date: /ros2_ws/install/rosbridge_msgs/share/rosbridge_msgs/rust/src/msg
[3.980s] -- Up-to-date: /ros2_ws/install/rosbridge_msgs/share/rosbridge_msgs/rust/src/msg/rmw.rs
[3.981s] -- Up-to-date: /ros2_ws/install/rosbridge_msgs/share/rosbridge_msgs/rust/src/msg.rs
[3.981s] -- Up-to-date: /ros2_ws/install/rosbridge_msgs/share/rosbridge_msgs/rust/src/lib.rs
[3.981s] -- Up-to-date: /ros2_ws/install/rosbridge_msgs/share/rosbridge_msgs/rust/Cargo.toml
[3.982s] -- Up-to-date: /ros2_ws/install/rosbridge_msgs/share/rosbridge_msgs/rust/build.rs
[3.982s] -- Up-to-date: /ros2_ws/install/rosbridge_msgs/share/rosbridge_msgs/msg/ConnectedClient.idl
[3.984s] -- Up-to-date: /ros2_ws/install/rosbridge_msgs/share/rosbridge_msgs/msg/ConnectedClients.idl
[3.985s] -- Up-to-date: /ros2_ws/install/rosbridge_msgs/share/rosbridge_msgs/msg/ConnectedClient.msg
[3.985s] -- Up-to-date: /ros2_ws/install/rosbridge_msgs/share/rosbridge_msgs/msg/ConnectedClients.msg
[3.986s] -- Up-to-date: /ros2_ws/install/rosbridge_msgs/share/ament_index/resource_index/package_run_dependencies/rosbridge_msgs
[3.986s] -- Up-to-date: /ros2_ws/install/rosbridge_msgs/share/ament_index/resource_index/parent_prefix_path/rosbridge_msgs
[3.986s] -- Up-to-date: /ros2_ws/install/rosbridge_msgs/share/rosbridge_msgs/environment/ament_prefix_path.sh
[3.987s] -- Up-to-date: /ros2_ws/install/rosbridge_msgs/share/rosbridge_msgs/environment/ament_prefix_path.dsv
[3.987s] -- Up-to-date: /ros2_ws/install/rosbridge_msgs/share/rosbridge_msgs/environment/path.sh
[3.988s] -- Up-to-date: /ros2_ws/install/rosbridge_msgs/share/rosbridge_msgs/environment/path.dsv
[3.988s] -- Up-to-date: /ros2_ws/install/rosbridge_msgs/share/rosbridge_msgs/local_setup.bash
[3.988s] -- Up-to-date: /ros2_ws/install/rosbridge_msgs/share/rosbridge_msgs/local_setup.sh
[3.989s] -- Up-to-date: /ros2_ws/install/rosbridge_msgs/share/rosbridge_msgs/local_setup.zsh
[3.989s] -- Up-to-date: /ros2_ws/install/rosbridge_msgs/share/rosbridge_msgs/local_setup.dsv
[3.989s] -- Installing: /ros2_ws/install/rosbridge_msgs/share/rosbridge_msgs/package.dsv
[3.990s] -- Up-to-date: /ros2_ws/install/rosbridge_msgs/share/ament_index/resource_index/packages/rosbridge_msgs
[3.990s] -- Up-to-date: /ros2_ws/install/rosbridge_msgs/share/rosbridge_msgs/cmake/export_rosbridge_msgs__rosidl_generator_cExport.cmake
[3.991s] -- Up-to-date: /ros2_ws/install/rosbridge_msgs/share/rosbridge_msgs/cmake/export_rosbridge_msgs__rosidl_generator_cExport-noconfig.cmake
[3.991s] -- Up-to-date: /ros2_ws/install/rosbridge_msgs/share/rosbridge_msgs/cmake/export_rosbridge_msgs__rosidl_typesupport_fastrtps_cExport.cmake
[3.992s] -- Up-to-date: /ros2_ws/install/rosbridge_msgs/share/rosbridge_msgs/cmake/export_rosbridge_msgs__rosidl_typesupport_fastrtps_cExport-noconfig.cmake
[3.992s] -- Up-to-date: /ros2_ws/install/rosbridge_msgs/share/rosbridge_msgs/cmake/export_rosbridge_msgs__rosidl_generator_cppExport.cmake
[3.992s] -- Up-to-date: /ros2_ws/install/rosbridge_msgs/share/rosbridge_msgs/cmake/export_rosbridge_msgs__rosidl_typesupport_fastrtps_cppExport.cmake
[3.993s] -- Up-to-date: /ros2_ws/install/rosbridge_msgs/share/rosbridge_msgs/cmake/export_rosbridge_msgs__rosidl_typesupport_fastrtps_cppExport-noconfig.cmake
[3.993s] -- Up-to-date: /ros2_ws/install/rosbridge_msgs/share/rosbridge_msgs/cmake/rosbridge_msgs__rosidl_typesupport_introspection_cExport.cmake
[3.994s] -- Up-to-date: /ros2_ws/install/rosbridge_msgs/share/rosbridge_msgs/cmake/rosbridge_msgs__rosidl_typesupport_introspection_cExport-noconfig.cmake
[3.994s] -- Up-to-date: /ros2_ws/install/rosbridge_msgs/share/rosbridge_msgs/cmake/rosbridge_msgs__rosidl_typesupport_cExport.cmake
[3.994s] -- Up-to-date: /ros2_ws/install/rosbridge_msgs/share/rosbridge_msgs/cmake/rosbridge_msgs__rosidl_typesupport_cExport-noconfig.cmake
[3.995s] -- Up-to-date: /ros2_ws/install/rosbridge_msgs/share/rosbridge_msgs/cmake/rosbridge_msgs__rosidl_typesupport_introspection_cppExport.cmake
[3.995s] -- Up-to-date: /ros2_ws/install/rosbridge_msgs/share/rosbridge_msgs/cmake/rosbridge_msgs__rosidl_typesupport_introspection_cppExport-noconfig.cmake
[3.996s] -- Up-to-date: /ros2_ws/install/rosbridge_msgs/share/rosbridge_msgs/cmake/rosbridge_msgs__rosidl_typesupport_cppExport.cmake
[3.996s] -- Up-to-date: /ros2_ws/install/rosbridge_msgs/share/rosbridge_msgs/cmake/rosbridge_msgs__rosidl_typesupport_cppExport-noconfig.cmake
[3.997s] -- Up-to-date: /ros2_ws/install/rosbridge_msgs/share/rosbridge_msgs/cmake/export_rosbridge_msgs__rosidl_generator_pyExport.cmake
[3.997s] -- Up-to-date: /ros2_ws/install/rosbridge_msgs/share/rosbridge_msgs/cmake/export_rosbridge_msgs__rosidl_generator_pyExport-noconfig.cmake
[3.997s] -- Up-to-date: /ros2_ws/install/rosbridge_msgs/share/rosbridge_msgs/cmake/rosidl_cmake-extras.cmake
[3.998s] -- Up-to-date: /ros2_ws/install/rosbridge_msgs/share/rosbridge_msgs/cmake/ament_cmake_export_dependencies-extras.cmake
[3.998s] -- Up-to-date: /ros2_ws/install/rosbridge_msgs/share/rosbridge_msgs/cmake/ament_cmake_export_include_directories-extras.cmake
[3.999s] -- Up-to-date: /ros2_ws/install/rosbridge_msgs/share/rosbridge_msgs/cmake/ament_cmake_export_libraries-extras.cmake
[3.999s] -- Up-to-date: /ros2_ws/install/rosbridge_msgs/share/rosbridge_msgs/cmake/ament_cmake_export_targets-extras.cmake
[3.999s] -- Up-to-date: /ros2_ws/install/rosbridge_msgs/share/rosbridge_msgs/cmake/rosidl_cmake_export_typesupport_targets-extras.cmake
[4.000s] -- Up-to-date: /ros2_ws/install/rosbridge_msgs/share/rosbridge_msgs/cmake/rosidl_cmake_export_typesupport_libraries-extras.cmake
[4.000s] -- Up-to-date: /ros2_ws/install/rosbridge_msgs/share/rosbridge_msgs/cmake/rosbridge_msgsConfig.cmake
[4.000s] -- Up-to-date: /ros2_ws/install/rosbridge_msgs/share/rosbridge_msgs/cmake/rosbridge_msgsConfig-version.cmake
[4.001s] -- Up-to-date: /ros2_ws/install/rosbridge_msgs/share/rosbridge_msgs/package.xml
[4.008s] Invoked command in '/ros2_ws/build/rosbridge_msgs' returned '0': CMAKE_PREFIX_PATH=/opt/ros/humble /usr/bin/cmake --install /ros2_ws/build/rosbridge_msgs
