-- The C compiler identification is GNU 7.5.0
-- The CXX compiler identification is GNU 7.5.0
-- Detecting C compiler ABI info
-- Detecting C compiler ABI info - done
-- Check for working C compiler: /usr/bin/cc - skipped
-- Detecting C compile features
-- Detecting C compile features - done
-- Detecting CXX compiler ABI info
-- Detecting CXX compiler ABI info - done
-- Check for working CXX compiler: /usr/bin/c++ - skipped
-- Detecting CXX compile features
-- Detecting CXX compile features - done
-- Found ament_cmake_ros: 0.9.2 (/opt/ros/foxy/install/share/ament_cmake_ros/cmake)
-- Found PythonInterp: /usr/bin/python3 (found suitable version "3.6.9", minimum required is "3") 
-- Using PYTHON_EXECUTABLE: /usr/bin/python3
-- Override CMake install command with custom implementation using symlinks instead of copying resources
-- Configuring done (9.9s)
-- Generating done (0.0s)
-- Build files have been written to: /ros2_ws/build/rosbridge_library
-- Install configuration: ""
-- Execute custom install script
-- Symlinking: /ros2_ws/install/rosbridge_library/share/rosbridge_library/environment/pythonpath.sh
-- Symlinking: /ros2_ws/install/rosbridge_library/share/rosbridge_library/environment/pythonpath.dsv
-- Symlinking: /ros2_ws/install/rosbridge_library/lib/python3.6/site-packages/rosbridge_library/__init__.py
-- Symlinking: /ros2_ws/install/rosbridge_library/lib/python3.6/site-packages/rosbridge_library/capabilities/__init__.py
-- Symlinking: /ros2_ws/install/rosbridge_library/lib/python3.6/site-packages/rosbridge_library/capabilities/advertise.py
-- Symlinking: /ros2_ws/install/rosbridge_library/lib/python3.6/site-packages/rosbridge_library/capabilities/advertise_service.py
-- Symlinking: /ros2_ws/install/rosbridge_library/lib/python3.6/site-packages/rosbridge_library/capabilities/call_service.py
-- Symlinking: /ros2_ws/install/rosbridge_library/lib/python3.6/site-packages/rosbridge_library/capabilities/defragmentation.py
-- Symlinking: /ros2_ws/install/rosbridge_library/lib/python3.6/site-packages/rosbridge_library/capabilities/fragmentation.py
-- Symlinking: /ros2_ws/install/rosbridge_library/lib/python3.6/site-packages/rosbridge_library/capabilities/publish.py
-- Symlinking: /ros2_ws/install/rosbridge_library/lib/python3.6/site-packages/rosbridge_library/capabilities/service_response.py
-- Symlinking: /ros2_ws/install/rosbridge_library/lib/python3.6/site-packages/rosbridge_library/capabilities/subscribe.py
-- Symlinking: /ros2_ws/install/rosbridge_library/lib/python3.6/site-packages/rosbridge_library/capabilities/unadvertise_service.py
-- Symlinking: /ros2_ws/install/rosbridge_library/lib/python3.6/site-packages/rosbridge_library/capability.py
-- Symlinking: /ros2_ws/install/rosbridge_library/lib/python3.6/site-packages/rosbridge_library/internal/__init__.py
-- Symlinking: /ros2_ws/install/rosbridge_library/lib/python3.6/site-packages/rosbridge_library/internal/cbor_conversion.py
-- Symlinking: /ros2_ws/install/rosbridge_library/lib/python3.6/site-packages/rosbridge_library/internal/exceptions.py
-- Symlinking: /ros2_ws/install/rosbridge_library/lib/python3.6/site-packages/rosbridge_library/internal/message_conversion.py
-- Symlinking: /ros2_ws/install/rosbridge_library/lib/python3.6/site-packages/rosbridge_library/internal/outgoing_message.py
-- Symlinking: /ros2_ws/install/rosbridge_library/lib/python3.6/site-packages/rosbridge_library/internal/pngcompression.py
-- Symlinking: /ros2_ws/install/rosbridge_library/lib/python3.6/site-packages/rosbridge_library/internal/publishers.py
-- Symlinking: /ros2_ws/install/rosbridge_library/lib/python3.6/site-packages/rosbridge_library/internal/ros_loader.py
-- Symlinking: /ros2_ws/install/rosbridge_library/lib/python3.6/site-packages/rosbridge_library/internal/services.py
-- Symlinking: /ros2_ws/install/rosbridge_library/lib/python3.6/site-packages/rosbridge_library/internal/subscribers.py
-- Symlinking: /ros2_ws/install/rosbridge_library/lib/python3.6/site-packages/rosbridge_library/internal/subscription_modifiers.py
-- Symlinking: /ros2_ws/install/rosbridge_library/lib/python3.6/site-packages/rosbridge_library/internal/topics.py
-- Symlinking: /ros2_ws/install/rosbridge_library/lib/python3.6/site-packages/rosbridge_library/protocol.py
-- Symlinking: /ros2_ws/install/rosbridge_library/lib/python3.6/site-packages/rosbridge_library/rosbridge_protocol.py
-- Symlinking: /ros2_ws/install/rosbridge_library/lib/python3.6/site-packages/rosbridge_library/util/__init__.py
-- Symlinking: /ros2_ws/install/rosbridge_library/lib/python3.6/site-packages/rosbridge_library/util/cbor.py
-- Symlinking: /ros2_ws/install/rosbridge_library/share/ament_index/resource_index/package_run_dependencies/rosbridge_library
-- Symlinking: /ros2_ws/install/rosbridge_library/share/ament_index/resource_index/parent_prefix_path/rosbridge_library
-- Symlinking: /ros2_ws/install/rosbridge_library/share/rosbridge_library/environment/ament_prefix_path.sh
-- Symlinking: /ros2_ws/install/rosbridge_library/share/rosbridge_library/environment/ament_prefix_path.dsv
-- Symlinking: /ros2_ws/install/rosbridge_library/share/rosbridge_library/environment/path.sh
-- Symlinking: /ros2_ws/install/rosbridge_library/share/rosbridge_library/environment/path.dsv
-- Symlinking: /ros2_ws/install/rosbridge_library/share/rosbridge_library/local_setup.bash
-- Symlinking: /ros2_ws/install/rosbridge_library/share/rosbridge_library/local_setup.sh
-- Symlinking: /ros2_ws/install/rosbridge_library/share/rosbridge_library/local_setup.zsh
-- Symlinking: /ros2_ws/install/rosbridge_library/share/rosbridge_library/local_setup.dsv
-- Symlinking: /ros2_ws/install/rosbridge_library/share/rosbridge_library/package.dsv
-- Symlinking: /ros2_ws/install/rosbridge_library/share/ament_index/resource_index/packages/rosbridge_library
-- Symlinking: /ros2_ws/install/rosbridge_library/share/rosbridge_library/cmake/rosbridge_libraryConfig.cmake
-- Symlinking: /ros2_ws/install/rosbridge_library/share/rosbridge_library/cmake/rosbridge_libraryConfig-version.cmake
-- Symlinking: /ros2_ws/install/rosbridge_library/share/rosbridge_library/package.xml
Listing '/ros2_ws/install/rosbridge_library/lib/python3.6/site-packages/rosbridge_library'...
Compiling '/ros2_ws/install/rosbridge_library/lib/python3.6/site-packages/rosbridge_library/__init__.py'...
Listing '/ros2_ws/install/rosbridge_library/lib/python3.6/site-packages/rosbridge_library/capabilities'...
Compiling '/ros2_ws/install/rosbridge_library/lib/python3.6/site-packages/rosbridge_library/capabilities/__init__.py'...
Compiling '/ros2_ws/install/rosbridge_library/lib/python3.6/site-packages/rosbridge_library/capabilities/advertise.py'...
Compiling '/ros2_ws/install/rosbridge_library/lib/python3.6/site-packages/rosbridge_library/capabilities/advertise_service.py'...
Compiling '/ros2_ws/install/rosbridge_library/lib/python3.6/site-packages/rosbridge_library/capabilities/call_service.py'...
Compiling '/ros2_ws/install/rosbridge_library/lib/python3.6/site-packages/rosbridge_library/capabilities/defragmentation.py'...
Compiling '/ros2_ws/install/rosbridge_library/lib/python3.6/site-packages/rosbridge_library/capabilities/fragmentation.py'...
Compiling '/ros2_ws/install/rosbridge_library/lib/python3.6/site-packages/rosbridge_library/capabilities/publish.py'...
Compiling '/ros2_ws/install/rosbridge_library/lib/python3.6/site-packages/rosbridge_library/capabilities/service_response.py'...
Compiling '/ros2_ws/install/rosbridge_library/lib/python3.6/site-packages/rosbridge_library/capabilities/subscribe.py'...
Compiling '/ros2_ws/install/rosbridge_library/lib/python3.6/site-packages/rosbridge_library/capabilities/unadvertise_service.py'...
Compiling '/ros2_ws/install/rosbridge_library/lib/python3.6/site-packages/rosbridge_library/capability.py'...
Listing '/ros2_ws/install/rosbridge_library/lib/python3.6/site-packages/rosbridge_library/internal'...
Compiling '/ros2_ws/install/rosbridge_library/lib/python3.6/site-packages/rosbridge_library/internal/__init__.py'...
Compiling '/ros2_ws/install/rosbridge_library/lib/python3.6/site-packages/rosbridge_library/internal/cbor_conversion.py'...
Compiling '/ros2_ws/install/rosbridge_library/lib/python3.6/site-packages/rosbridge_library/internal/exceptions.py'...
Compiling '/ros2_ws/install/rosbridge_library/lib/python3.6/site-packages/rosbridge_library/internal/message_conversion.py'...
Compiling '/ros2_ws/install/rosbridge_library/lib/python3.6/site-packages/rosbridge_library/internal/outgoing_message.py'...
Compiling '/ros2_ws/install/rosbridge_library/lib/python3.6/site-packages/rosbridge_library/internal/pngcompression.py'...
Compiling '/ros2_ws/install/rosbridge_library/lib/python3.6/site-packages/rosbridge_library/internal/publishers.py'...
Compiling '/ros2_ws/install/rosbridge_library/lib/python3.6/site-packages/rosbridge_library/internal/ros_loader.py'...
Compiling '/ros2_ws/install/rosbridge_library/lib/python3.6/site-packages/rosbridge_library/internal/services.py'...
Compiling '/ros2_ws/install/rosbridge_library/lib/python3.6/site-packages/rosbridge_library/internal/subscribers.py'...
Compiling '/ros2_ws/install/rosbridge_library/lib/python3.6/site-packages/rosbridge_library/internal/subscription_modifiers.py'...
Compiling '/ros2_ws/install/rosbridge_library/lib/python3.6/site-packages/rosbridge_library/internal/topics.py'...
Compiling '/ros2_ws/install/rosbridge_library/lib/python3.6/site-packages/rosbridge_library/protocol.py'...
Compiling '/ros2_ws/install/rosbridge_library/lib/python3.6/site-packages/rosbridge_library/rosbridge_protocol.py'...
Listing '/ros2_ws/install/rosbridge_library/lib/python3.6/site-packages/rosbridge_library/util'...
Compiling '/ros2_ws/install/rosbridge_library/lib/python3.6/site-packages/rosbridge_library/util/__init__.py'...
Compiling '/ros2_ws/install/rosbridge_library/lib/python3.6/site-packages/rosbridge_library/util/cbor.py'...
