[0.093s] Invoking command in '/ros2_ws/build/rosbridge_library': AMENT_PREFIX_PATH=/ros2_ws/install/rosbridge_test_msgs:${AMENT_PREFIX_PATH} CMAKE_PREFIX_PATH=/ros2_ws/install/rosbridge_test_msgs:${CMAKE_PREFIX_PATH} LD_LIBRARY_PATH=/ros2_ws/install/rosbridge_test_msgs/lib:/ros2_ws/src/install/rplidar_ros/lib:/ros2_ws/my_ros2_project/install/rosbridge_test_msgs/lib:/ros2_ws/my_ros2_project/install/rosbridge_msgs/lib:/ros2_ws/my_ros2_project/install/rosapi_msgs/lib:/opt/ros/foxy/install/opt/yaml_cpp_vendor/lib:/opt/ros/foxy/install/opt/rviz_ogre_vendor/lib:/opt/ros/foxy/install/lib:/usr/local/cuda-10.2/targets/aarch64-linux/lib PYTHONPATH=/ros2_ws/install/rosbridge_test_msgs/lib/python3.6/site-packages:${PYTHONPATH} /usr/local/bin/cmake /ros2_ws/src/rosbridge_library -DAMENT_CMAKE_SYMLINK_INSTALL=1 -DCMAKE_INSTALL_PREFIX=/ros2_ws/install/rosbridge_library
[0.402s] -- The C compiler identification is GNU 7.5.0
[0.604s] -- The CXX compiler identification is GNU 7.5.0
[0.667s] -- Detecting C compiler ABI info
[0.885s] -- Detecting C compiler ABI info - done
[0.936s] -- Check for working C compiler: /usr/bin/cc - skipped
[0.937s] -- Detecting C compile features
[0.939s] -- Detecting C compile features - done
[0.980s] -- Detecting CXX compiler ABI info
[1.239s] -- Detecting CXX compiler ABI info - done
[1.290s] -- Check for working CXX compiler: /usr/bin/c++ - skipped
[1.292s] -- Detecting CXX compile features
[1.294s] -- Detecting CXX compile features - done
[1.310s] -- Found ament_cmake_ros: 0.9.2 (/opt/ros/foxy/install/share/ament_cmake_ros/cmake)
[1.376s] [33mCMake Warning (dev) at /opt/ros/foxy/install/share/ament_cmake_core/cmake/core/python.cmake:22 (find_package):
[1.376s]   Policy CMP0148 is not set: The FindPythonInterp and FindPythonLibs modules
[1.377s]   are removed.  Run "cmake --help-policy CMP0148" for policy details.  Use
[1.377s]   the cmake_policy command to set the policy and suppress this warning.
[1.378s] 
[1.378s] Call Stack (most recent call first):
[1.379s]   /opt/ros/foxy/install/share/ament_cmake_core/cmake/core/all.cmake:53 (include)
[1.379s]   /opt/ros/foxy/install/share/ament_cmake_core/cmake/ament_cmake_core-extras.cmake:17 (include)
[1.380s]   /opt/ros/foxy/install/share/ament_cmake_core/cmake/ament_cmake_coreConfig.cmake:41 (include)
[1.380s]   /opt/ros/foxy/install/share/ament_cmake_test/cmake/ament_cmake_test-extras.cmake:39 (find_package)
[1.381s]   /opt/ros/foxy/install/share/ament_cmake_test/cmake/ament_cmake_testConfig.cmake:41 (include)
[1.381s]   /opt/ros/foxy/install/share/ament_cmake_pytest/cmake/ament_cmake_pytest-extras.cmake:17 (find_package)
[1.382s]   /opt/ros/foxy/install/share/ament_cmake_pytest/cmake/ament_cmake_pytestConfig.cmake:41 (include)
[1.382s]   /opt/ros/foxy/install/share/ament_cmake_ros/cmake/ament_cmake_ros-extras.cmake:19 (find_package)
[1.382s]   /opt/ros/foxy/install/share/ament_cmake_ros/cmake/ament_cmake_rosConfig.cmake:41 (include)
[1.383s]   CMakeLists.txt:4 (find_package)
[1.383s] This warning is for project developers.  Use -Wno-dev to suppress it.
[1.384s] [0m
[1.488s] -- Found PythonInterp: /usr/bin/python3 (found suitable version "3.6.9", minimum required is "3") 
[1.489s] -- Using PYTHON_EXECUTABLE: /usr/bin/python3
[2.575s] -- Override CMake install command with custom implementation using symlinks instead of copying resources
[10.126s] -- Configuring done (9.9s)
[10.140s] -- Generating done (0.0s)
[10.145s] -- Build files have been written to: /ros2_ws/build/rosbridge_library
[10.194s] Invoked command in '/ros2_ws/build/rosbridge_library' returned '0': AMENT_PREFIX_PATH=/ros2_ws/install/rosbridge_test_msgs:${AMENT_PREFIX_PATH} CMAKE_PREFIX_PATH=/ros2_ws/install/rosbridge_test_msgs:${CMAKE_PREFIX_PATH} LD_LIBRARY_PATH=/ros2_ws/install/rosbridge_test_msgs/lib:/ros2_ws/src/install/rplidar_ros/lib:/ros2_ws/my_ros2_project/install/rosbridge_test_msgs/lib:/ros2_ws/my_ros2_project/install/rosbridge_msgs/lib:/ros2_ws/my_ros2_project/install/rosapi_msgs/lib:/opt/ros/foxy/install/opt/yaml_cpp_vendor/lib:/opt/ros/foxy/install/opt/rviz_ogre_vendor/lib:/opt/ros/foxy/install/lib:/usr/local/cuda-10.2/targets/aarch64-linux/lib PYTHONPATH=/ros2_ws/install/rosbridge_test_msgs/lib/python3.6/site-packages:${PYTHONPATH} /usr/local/bin/cmake /ros2_ws/src/rosbridge_library -DAMENT_CMAKE_SYMLINK_INSTALL=1 -DCMAKE_INSTALL_PREFIX=/ros2_ws/install/rosbridge_library
[10.198s] Invoking command in '/ros2_ws/build/rosbridge_library': AMENT_PREFIX_PATH=/ros2_ws/install/rosbridge_test_msgs:${AMENT_PREFIX_PATH} CMAKE_PREFIX_PATH=/ros2_ws/install/rosbridge_test_msgs:${CMAKE_PREFIX_PATH} LD_LIBRARY_PATH=/ros2_ws/install/rosbridge_test_msgs/lib:/ros2_ws/src/install/rplidar_ros/lib:/ros2_ws/my_ros2_project/install/rosbridge_test_msgs/lib:/ros2_ws/my_ros2_project/install/rosbridge_msgs/lib:/ros2_ws/my_ros2_project/install/rosapi_msgs/lib:/opt/ros/foxy/install/opt/yaml_cpp_vendor/lib:/opt/ros/foxy/install/opt/rviz_ogre_vendor/lib:/opt/ros/foxy/install/lib:/usr/local/cuda-10.2/targets/aarch64-linux/lib PYTHONPATH=/ros2_ws/install/rosbridge_test_msgs/lib/python3.6/site-packages:${PYTHONPATH} /usr/local/bin/cmake --build /ros2_ws/build/rosbridge_library -- -j4 -l4
[10.408s] Invoked command in '/ros2_ws/build/rosbridge_library' returned '0': AMENT_PREFIX_PATH=/ros2_ws/install/rosbridge_test_msgs:${AMENT_PREFIX_PATH} CMAKE_PREFIX_PATH=/ros2_ws/install/rosbridge_test_msgs:${CMAKE_PREFIX_PATH} LD_LIBRARY_PATH=/ros2_ws/install/rosbridge_test_msgs/lib:/ros2_ws/src/install/rplidar_ros/lib:/ros2_ws/my_ros2_project/install/rosbridge_test_msgs/lib:/ros2_ws/my_ros2_project/install/rosbridge_msgs/lib:/ros2_ws/my_ros2_project/install/rosapi_msgs/lib:/opt/ros/foxy/install/opt/yaml_cpp_vendor/lib:/opt/ros/foxy/install/opt/rviz_ogre_vendor/lib:/opt/ros/foxy/install/lib:/usr/local/cuda-10.2/targets/aarch64-linux/lib PYTHONPATH=/ros2_ws/install/rosbridge_test_msgs/lib/python3.6/site-packages:${PYTHONPATH} /usr/local/bin/cmake --build /ros2_ws/build/rosbridge_library -- -j4 -l4
[10.621s] Invoking command in '/ros2_ws/build/rosbridge_library': AMENT_PREFIX_PATH=/ros2_ws/install/rosbridge_test_msgs:${AMENT_PREFIX_PATH} CMAKE_PREFIX_PATH=/ros2_ws/install/rosbridge_test_msgs:${CMAKE_PREFIX_PATH} LD_LIBRARY_PATH=/ros2_ws/install/rosbridge_test_msgs/lib:/ros2_ws/src/install/rplidar_ros/lib:/ros2_ws/my_ros2_project/install/rosbridge_test_msgs/lib:/ros2_ws/my_ros2_project/install/rosbridge_msgs/lib:/ros2_ws/my_ros2_project/install/rosapi_msgs/lib:/opt/ros/foxy/install/opt/yaml_cpp_vendor/lib:/opt/ros/foxy/install/opt/rviz_ogre_vendor/lib:/opt/ros/foxy/install/lib:/usr/local/cuda-10.2/targets/aarch64-linux/lib PYTHONPATH=/ros2_ws/install/rosbridge_test_msgs/lib/python3.6/site-packages:${PYTHONPATH} /usr/local/bin/cmake --install /ros2_ws/build/rosbridge_library
[10.774s] -- Install configuration: ""
[10.775s] -- Execute custom install script
[10.777s] -- Symlinking: /ros2_ws/install/rosbridge_library/share/rosbridge_library/environment/pythonpath.sh
[10.787s] -- Symlinking: /ros2_ws/install/rosbridge_library/share/rosbridge_library/environment/pythonpath.dsv
[10.801s] -- Symlinking: /ros2_ws/install/rosbridge_library/lib/python3.6/site-packages/rosbridge_library/__init__.py
[10.811s] -- Symlinking: /ros2_ws/install/rosbridge_library/lib/python3.6/site-packages/rosbridge_library/capabilities/__init__.py
[10.820s] -- Symlinking: /ros2_ws/install/rosbridge_library/lib/python3.6/site-packages/rosbridge_library/capabilities/advertise.py
[10.829s] -- Symlinking: /ros2_ws/install/rosbridge_library/lib/python3.6/site-packages/rosbridge_library/capabilities/advertise_service.py
[10.840s] -- Symlinking: /ros2_ws/install/rosbridge_library/lib/python3.6/site-packages/rosbridge_library/capabilities/call_service.py
[10.849s] -- Symlinking: /ros2_ws/install/rosbridge_library/lib/python3.6/site-packages/rosbridge_library/capabilities/defragmentation.py
[10.858s] -- Symlinking: /ros2_ws/install/rosbridge_library/lib/python3.6/site-packages/rosbridge_library/capabilities/fragmentation.py
[10.868s] -- Symlinking: /ros2_ws/install/rosbridge_library/lib/python3.6/site-packages/rosbridge_library/capabilities/publish.py
[10.877s] -- Symlinking: /ros2_ws/install/rosbridge_library/lib/python3.6/site-packages/rosbridge_library/capabilities/service_response.py
[10.886s] -- Symlinking: /ros2_ws/install/rosbridge_library/lib/python3.6/site-packages/rosbridge_library/capabilities/subscribe.py
[10.895s] -- Symlinking: /ros2_ws/install/rosbridge_library/lib/python3.6/site-packages/rosbridge_library/capabilities/unadvertise_service.py
[10.904s] -- Symlinking: /ros2_ws/install/rosbridge_library/lib/python3.6/site-packages/rosbridge_library/capability.py
[10.913s] -- Symlinking: /ros2_ws/install/rosbridge_library/lib/python3.6/site-packages/rosbridge_library/internal/__init__.py
[10.923s] -- Symlinking: /ros2_ws/install/rosbridge_library/lib/python3.6/site-packages/rosbridge_library/internal/cbor_conversion.py
[10.932s] -- Symlinking: /ros2_ws/install/rosbridge_library/lib/python3.6/site-packages/rosbridge_library/internal/exceptions.py
[10.941s] -- Symlinking: /ros2_ws/install/rosbridge_library/lib/python3.6/site-packages/rosbridge_library/internal/message_conversion.py
[10.950s] -- Symlinking: /ros2_ws/install/rosbridge_library/lib/python3.6/site-packages/rosbridge_library/internal/outgoing_message.py
[10.959s] -- Symlinking: /ros2_ws/install/rosbridge_library/lib/python3.6/site-packages/rosbridge_library/internal/pngcompression.py
[10.969s] -- Symlinking: /ros2_ws/install/rosbridge_library/lib/python3.6/site-packages/rosbridge_library/internal/publishers.py
[10.978s] -- Symlinking: /ros2_ws/install/rosbridge_library/lib/python3.6/site-packages/rosbridge_library/internal/ros_loader.py
[10.987s] -- Symlinking: /ros2_ws/install/rosbridge_library/lib/python3.6/site-packages/rosbridge_library/internal/services.py
[10.996s] -- Symlinking: /ros2_ws/install/rosbridge_library/lib/python3.6/site-packages/rosbridge_library/internal/subscribers.py
[11.005s] -- Symlinking: /ros2_ws/install/rosbridge_library/lib/python3.6/site-packages/rosbridge_library/internal/subscription_modifiers.py
[11.014s] -- Symlinking: /ros2_ws/install/rosbridge_library/lib/python3.6/site-packages/rosbridge_library/internal/topics.py
[11.023s] -- Symlinking: /ros2_ws/install/rosbridge_library/lib/python3.6/site-packages/rosbridge_library/protocol.py
[11.032s] -- Symlinking: /ros2_ws/install/rosbridge_library/lib/python3.6/site-packages/rosbridge_library/rosbridge_protocol.py
[11.042s] -- Symlinking: /ros2_ws/install/rosbridge_library/lib/python3.6/site-packages/rosbridge_library/util/__init__.py
[11.051s] -- Symlinking: /ros2_ws/install/rosbridge_library/lib/python3.6/site-packages/rosbridge_library/util/cbor.py
[11.061s] -- Symlinking: /ros2_ws/install/rosbridge_library/share/ament_index/resource_index/package_run_dependencies/rosbridge_library
[11.071s] -- Symlinking: /ros2_ws/install/rosbridge_library/share/ament_index/resource_index/parent_prefix_path/rosbridge_library
[11.093s] -- Symlinking: /ros2_ws/install/rosbridge_library/share/rosbridge_library/environment/ament_prefix_path.sh
[11.101s] -- Symlinking: /ros2_ws/install/rosbridge_library/share/rosbridge_library/environment/ament_prefix_path.dsv
[11.110s] -- Symlinking: /ros2_ws/install/rosbridge_library/share/rosbridge_library/environment/path.sh
[11.119s] -- Symlinking: /ros2_ws/install/rosbridge_library/share/rosbridge_library/environment/path.dsv
[11.129s] -- Symlinking: /ros2_ws/install/rosbridge_library/share/rosbridge_library/local_setup.bash
[11.138s] -- Symlinking: /ros2_ws/install/rosbridge_library/share/rosbridge_library/local_setup.sh
[11.148s] -- Symlinking: /ros2_ws/install/rosbridge_library/share/rosbridge_library/local_setup.zsh
[11.157s] -- Symlinking: /ros2_ws/install/rosbridge_library/share/rosbridge_library/local_setup.dsv
[11.167s] -- Symlinking: /ros2_ws/install/rosbridge_library/share/rosbridge_library/package.dsv
[11.177s] -- Symlinking: /ros2_ws/install/rosbridge_library/share/ament_index/resource_index/packages/rosbridge_library
[11.188s] -- Symlinking: /ros2_ws/install/rosbridge_library/share/rosbridge_library/cmake/rosbridge_libraryConfig.cmake
[11.197s] -- Symlinking: /ros2_ws/install/rosbridge_library/share/rosbridge_library/cmake/rosbridge_libraryConfig-version.cmake
[11.206s] -- Symlinking: /ros2_ws/install/rosbridge_library/share/rosbridge_library/package.xml
[11.457s] Listing '/ros2_ws/install/rosbridge_library/lib/python3.6/site-packages/rosbridge_library'...
[11.458s] Compiling '/ros2_ws/install/rosbridge_library/lib/python3.6/site-packages/rosbridge_library/__init__.py'...
[11.459s] Listing '/ros2_ws/install/rosbridge_library/lib/python3.6/site-packages/rosbridge_library/capabilities'...
[11.459s] Compiling '/ros2_ws/install/rosbridge_library/lib/python3.6/site-packages/rosbridge_library/capabilities/__init__.py'...
[11.460s] Compiling '/ros2_ws/install/rosbridge_library/lib/python3.6/site-packages/rosbridge_library/capabilities/advertise.py'...
[11.461s] Compiling '/ros2_ws/install/rosbridge_library/lib/python3.6/site-packages/rosbridge_library/capabilities/advertise_service.py'...
[11.461s] Compiling '/ros2_ws/install/rosbridge_library/lib/python3.6/site-packages/rosbridge_library/capabilities/call_service.py'...
[11.462s] Compiling '/ros2_ws/install/rosbridge_library/lib/python3.6/site-packages/rosbridge_library/capabilities/defragmentation.py'...
[11.463s] Compiling '/ros2_ws/install/rosbridge_library/lib/python3.6/site-packages/rosbridge_library/capabilities/fragmentation.py'...
[11.463s] Compiling '/ros2_ws/install/rosbridge_library/lib/python3.6/site-packages/rosbridge_library/capabilities/publish.py'...
[11.464s] Compiling '/ros2_ws/install/rosbridge_library/lib/python3.6/site-packages/rosbridge_library/capabilities/service_response.py'...
[11.465s] Compiling '/ros2_ws/install/rosbridge_library/lib/python3.6/site-packages/rosbridge_library/capabilities/subscribe.py'...
[11.465s] Compiling '/ros2_ws/install/rosbridge_library/lib/python3.6/site-packages/rosbridge_library/capabilities/unadvertise_service.py'...
[11.466s] Compiling '/ros2_ws/install/rosbridge_library/lib/python3.6/site-packages/rosbridge_library/capability.py'...
[11.467s] Listing '/ros2_ws/install/rosbridge_library/lib/python3.6/site-packages/rosbridge_library/internal'...
[11.468s] Compiling '/ros2_ws/install/rosbridge_library/lib/python3.6/site-packages/rosbridge_library/internal/__init__.py'...
[11.469s] Compiling '/ros2_ws/install/rosbridge_library/lib/python3.6/site-packages/rosbridge_library/internal/cbor_conversion.py'...
[11.469s] Compiling '/ros2_ws/install/rosbridge_library/lib/python3.6/site-packages/rosbridge_library/internal/exceptions.py'...
[11.470s] Compiling '/ros2_ws/install/rosbridge_library/lib/python3.6/site-packages/rosbridge_library/internal/message_conversion.py'...
[11.470s] Compiling '/ros2_ws/install/rosbridge_library/lib/python3.6/site-packages/rosbridge_library/internal/outgoing_message.py'...
[11.471s] Compiling '/ros2_ws/install/rosbridge_library/lib/python3.6/site-packages/rosbridge_library/internal/pngcompression.py'...
[11.471s] Compiling '/ros2_ws/install/rosbridge_library/lib/python3.6/site-packages/rosbridge_library/internal/publishers.py'...
[11.472s] Compiling '/ros2_ws/install/rosbridge_library/lib/python3.6/site-packages/rosbridge_library/internal/ros_loader.py'...
[11.473s] Compiling '/ros2_ws/install/rosbridge_library/lib/python3.6/site-packages/rosbridge_library/internal/services.py'...
[11.473s] Compiling '/ros2_ws/install/rosbridge_library/lib/python3.6/site-packages/rosbridge_library/internal/subscribers.py'...
[11.474s] Compiling '/ros2_ws/install/rosbridge_library/lib/python3.6/site-packages/rosbridge_library/internal/subscription_modifiers.py'...
[11.474s] Compiling '/ros2_ws/install/rosbridge_library/lib/python3.6/site-packages/rosbridge_library/internal/topics.py'...
[11.475s] Compiling '/ros2_ws/install/rosbridge_library/lib/python3.6/site-packages/rosbridge_library/protocol.py'...
[11.476s] Compiling '/ros2_ws/install/rosbridge_library/lib/python3.6/site-packages/rosbridge_library/rosbridge_protocol.py'...
[11.476s] Listing '/ros2_ws/install/rosbridge_library/lib/python3.6/site-packages/rosbridge_library/util'...
[11.477s] Compiling '/ros2_ws/install/rosbridge_library/lib/python3.6/site-packages/rosbridge_library/util/__init__.py'...
[11.478s] Compiling '/ros2_ws/install/rosbridge_library/lib/python3.6/site-packages/rosbridge_library/util/cbor.py'...
[11.513s] Invoked command in '/ros2_ws/build/rosbridge_library' returned '0': AMENT_PREFIX_PATH=/ros2_ws/install/rosbridge_test_msgs:${AMENT_PREFIX_PATH} CMAKE_PREFIX_PATH=/ros2_ws/install/rosbridge_test_msgs:${CMAKE_PREFIX_PATH} LD_LIBRARY_PATH=/ros2_ws/install/rosbridge_test_msgs/lib:/ros2_ws/src/install/rplidar_ros/lib:/ros2_ws/my_ros2_project/install/rosbridge_test_msgs/lib:/ros2_ws/my_ros2_project/install/rosbridge_msgs/lib:/ros2_ws/my_ros2_project/install/rosapi_msgs/lib:/opt/ros/foxy/install/opt/yaml_cpp_vendor/lib:/opt/ros/foxy/install/opt/rviz_ogre_vendor/lib:/opt/ros/foxy/install/lib:/usr/local/cuda-10.2/targets/aarch64-linux/lib PYTHONPATH=/ros2_ws/install/rosbridge_test_msgs/lib/python3.6/site-packages:${PYTHONPATH} /usr/local/bin/cmake --install /ros2_ws/build/rosbridge_library
