[0.122s] Invoking command in '/ros2_ws/build/shape_msgs': AMENT_PREFIX_PATH=/ros2_ws/install/geometry_msgs:/ros2_ws/install/std_msgs:${AMENT_PREFIX_PATH} CMAKE_PREFIX_PATH=/ros2_ws/install/geometry_msgs:/ros2_ws/install/std_msgs:/opt/ros/humble LD_LIBRARY_PATH=/ros2_ws/install/geometry_msgs/lib:/ros2_ws/install/std_msgs/lib:${LD_LIBRARY_PATH} PYTHONPATH=/ros2_ws/install/geometry_msgs/local/lib/python3.10/dist-packages:/ros2_ws/install/std_msgs/local/lib/python3.10/dist-packages:${PYTHONPATH} /usr/bin/cmake --build /ros2_ws/build/shape_msgs -- -j4 -l4
[0.385s] [35m[1mConsolidate compiler generated dependencies of target shape_msgs__rosidl_generator_c[0m
[0.473s] [  1%] Built target shape_msgs__cpp
[0.499s] [ 12%] Built target shape_msgs__rosidl_generator_c
[0.530s] [ 14%] Built target shape_msgs__rs
[0.622s] [35m[1mConsolidate compiler generated dependencies of target shape_msgs__rosidl_typesupport_cpp[0m
[0.697s] [35m[1mConsolidate compiler generated dependencies of target shape_msgs__rosidl_typesupport_fastrtps_cpp[0m
[0.720s] [35m[1mConsolidate compiler generated dependencies of target shape_msgs__rosidl_typesupport_introspection_cpp[0m
[0.720s] [ 14%] Built target ament_cmake_python_copy_shape_msgs
[0.885s] [ 25%] Built target shape_msgs__rosidl_typesupport_cpp
[0.886s] [35m[1mConsolidate compiler generated dependencies of target shape_msgs__rosidl_typesupport_fastrtps_c[0m
[0.897s] [ 35%] Built target shape_msgs__rosidl_typesupport_fastrtps_cpp
[0.919s] [ 46%] Built target shape_msgs__rosidl_typesupport_introspection_cpp
[1.041s] [ 57%] Built target shape_msgs__rosidl_typesupport_fastrtps_c
[1.068s] [35m[1mConsolidate compiler generated dependencies of target shape_msgs__rosidl_typesupport_introspection_c[0m
[1.108s] [35m[1mConsolidate compiler generated dependencies of target shape_msgs__rosidl_typesupport_c[0m
[1.224s] [ 67%] Built target shape_msgs__rosidl_typesupport_introspection_c
[1.307s] [ 78%] Built target shape_msgs__rosidl_typesupport_c
[1.583s] [ 78%] Built target shape_msgs
[1.859s] [ 80%] Built target shape_msgs__py
[2.018s] [35m[1mConsolidate compiler generated dependencies of target shape_msgs__rosidl_generator_py[0m
[2.183s] [ 89%] Built target shape_msgs__rosidl_generator_py
[2.354s] [35m[1mConsolidate compiler generated dependencies of target shape_msgs__rosidl_typesupport_introspection_c__pyext[0m
[2.427s] running egg_info
[2.431s] writing shape_msgs.egg-info/PKG-INFO
[2.432s] writing dependency_links to shape_msgs.egg-info/dependency_links.txt
[2.434s] writing top-level names to shape_msgs.egg-info/top_level.txt
[2.449s] reading manifest file 'shape_msgs.egg-info/SOURCES.txt'
[2.454s] writing manifest file 'shape_msgs.egg-info/SOURCES.txt'
[2.460s] [35m[1mConsolidate compiler generated dependencies of target shape_msgs__rosidl_typesupport_fastrtps_c__pyext[0m
[2.475s] [35m[1mConsolidate compiler generated dependencies of target shape_msgs__rosidl_typesupport_c__pyext[0m
[2.594s] [ 92%] Built target shape_msgs__rosidl_typesupport_introspection_c__pyext
[2.645s] [ 92%] Built target ament_cmake_python_build_shape_msgs_egg
[2.649s] [ 96%] Built target shape_msgs__rosidl_typesupport_fastrtps_c__pyext
[2.673s] [100%] Built target shape_msgs__rosidl_typesupport_c__pyext
[2.758s] Invoked command in '/ros2_ws/build/shape_msgs' returned '0': AMENT_PREFIX_PATH=/ros2_ws/install/geometry_msgs:/ros2_ws/install/std_msgs:${AMENT_PREFIX_PATH} CMAKE_PREFIX_PATH=/ros2_ws/install/geometry_msgs:/ros2_ws/install/std_msgs:/opt/ros/humble LD_LIBRARY_PATH=/ros2_ws/install/geometry_msgs/lib:/ros2_ws/install/std_msgs/lib:${LD_LIBRARY_PATH} PYTHONPATH=/ros2_ws/install/geometry_msgs/local/lib/python3.10/dist-packages:/ros2_ws/install/std_msgs/local/lib/python3.10/dist-packages:${PYTHONPATH} /usr/bin/cmake --build /ros2_ws/build/shape_msgs -- -j4 -l4
[2.776s] Invoking command in '/ros2_ws/build/shape_msgs': AMENT_PREFIX_PATH=/ros2_ws/install/geometry_msgs:/ros2_ws/install/std_msgs:${AMENT_PREFIX_PATH} CMAKE_PREFIX_PATH=/ros2_ws/install/geometry_msgs:/ros2_ws/install/std_msgs:/opt/ros/humble LD_LIBRARY_PATH=/ros2_ws/install/geometry_msgs/lib:/ros2_ws/install/std_msgs/lib:${LD_LIBRARY_PATH} PYTHONPATH=/ros2_ws/install/geometry_msgs/local/lib/python3.10/dist-packages:/ros2_ws/install/std_msgs/local/lib/python3.10/dist-packages:${PYTHONPATH} /usr/bin/cmake --install /ros2_ws/build/shape_msgs
[2.807s] -- Install configuration: ""
[2.810s] -- Up-to-date: /ros2_ws/install/shape_msgs/share/ament_index/resource_index/rosidl_interfaces/shape_msgs
[2.810s] -- Up-to-date: /ros2_ws/install/shape_msgs/include/shape_msgs/shape_msgs
[2.811s] -- Up-to-date: /ros2_ws/install/shape_msgs/include/shape_msgs/shape_msgs/msg
[2.812s] -- Up-to-date: /ros2_ws/install/shape_msgs/include/shape_msgs/shape_msgs/msg/plane.h
[2.812s] -- Up-to-date: /ros2_ws/install/shape_msgs/include/shape_msgs/shape_msgs/msg/mesh.h
[2.813s] -- Up-to-date: /ros2_ws/install/shape_msgs/include/shape_msgs/shape_msgs/msg/mesh_triangle.h
[2.813s] -- Up-to-date: /ros2_ws/install/shape_msgs/include/shape_msgs/shape_msgs/msg/detail
[2.814s] -- Up-to-date: /ros2_ws/install/shape_msgs/include/shape_msgs/shape_msgs/msg/detail/plane__type_support.h
[2.814s] -- Up-to-date: /ros2_ws/install/shape_msgs/include/shape_msgs/shape_msgs/msg/detail/mesh_triangle__type_support.h
[2.814s] -- Up-to-date: /ros2_ws/install/shape_msgs/include/shape_msgs/shape_msgs/msg/detail/solid_primitive__type_support.h
[2.815s] -- Up-to-date: /ros2_ws/install/shape_msgs/include/shape_msgs/shape_msgs/msg/detail/mesh__functions.c
[2.816s] -- Up-to-date: /ros2_ws/install/shape_msgs/include/shape_msgs/shape_msgs/msg/detail/plane__functions.h
[2.816s] -- Up-to-date: /ros2_ws/install/shape_msgs/include/shape_msgs/shape_msgs/msg/detail/plane__functions.c
[2.817s] -- Up-to-date: /ros2_ws/install/shape_msgs/include/shape_msgs/shape_msgs/msg/detail/solid_primitive__struct.h
[2.817s] -- Up-to-date: /ros2_ws/install/shape_msgs/include/shape_msgs/shape_msgs/msg/detail/mesh__functions.h
[2.818s] -- Up-to-date: /ros2_ws/install/shape_msgs/include/shape_msgs/shape_msgs/msg/detail/mesh_triangle__functions.h
[2.818s] -- Up-to-date: /ros2_ws/install/shape_msgs/include/shape_msgs/shape_msgs/msg/detail/mesh_triangle__functions.c
[2.819s] -- Up-to-date: /ros2_ws/install/shape_msgs/include/shape_msgs/shape_msgs/msg/detail/solid_primitive__functions.c
[2.819s] -- Up-to-date: /ros2_ws/install/shape_msgs/include/shape_msgs/shape_msgs/msg/detail/mesh__struct.h
[2.820s] -- Up-to-date: /ros2_ws/install/shape_msgs/include/shape_msgs/shape_msgs/msg/detail/solid_primitive__functions.h
[2.821s] -- Up-to-date: /ros2_ws/install/shape_msgs/include/shape_msgs/shape_msgs/msg/detail/mesh_triangle__struct.h
[2.821s] -- Up-to-date: /ros2_ws/install/shape_msgs/include/shape_msgs/shape_msgs/msg/detail/mesh__type_support.h
[2.822s] -- Up-to-date: /ros2_ws/install/shape_msgs/include/shape_msgs/shape_msgs/msg/detail/plane__struct.h
[2.822s] -- Up-to-date: /ros2_ws/install/shape_msgs/include/shape_msgs/shape_msgs/msg/solid_primitive.h
[2.828s] -- Up-to-date: /ros2_ws/install/shape_msgs/include/shape_msgs/shape_msgs/msg/rosidl_generator_c__visibility_control.h
[2.828s] -- Up-to-date: /ros2_ws/install/shape_msgs/share/shape_msgs/environment/library_path.sh
[2.829s] -- Up-to-date: /ros2_ws/install/shape_msgs/share/shape_msgs/environment/library_path.dsv
[2.829s] -- Up-to-date: /ros2_ws/install/shape_msgs/lib/libshape_msgs__rosidl_generator_c.so
[2.829s] -- Up-to-date: /ros2_ws/install/shape_msgs/include/shape_msgs/shape_msgs
[2.830s] -- Up-to-date: /ros2_ws/install/shape_msgs/include/shape_msgs/shape_msgs/msg
[2.830s] -- Up-to-date: /ros2_ws/install/shape_msgs/include/shape_msgs/shape_msgs/msg/rosidl_typesupport_fastrtps_c__visibility_control.h
[2.831s] -- Up-to-date: /ros2_ws/install/shape_msgs/include/shape_msgs/shape_msgs/msg/detail
[2.836s] -- Up-to-date: /ros2_ws/install/shape_msgs/include/shape_msgs/shape_msgs/msg/detail/mesh_triangle__rosidl_typesupport_fastrtps_c.h
[2.837s] -- Up-to-date: /ros2_ws/install/shape_msgs/include/shape_msgs/shape_msgs/msg/detail/plane__rosidl_typesupport_fastrtps_c.h
[2.838s] -- Up-to-date: /ros2_ws/install/shape_msgs/include/shape_msgs/shape_msgs/msg/detail/mesh__rosidl_typesupport_fastrtps_c.h
[2.838s] -- Up-to-date: /ros2_ws/install/shape_msgs/include/shape_msgs/shape_msgs/msg/detail/solid_primitive__rosidl_typesupport_fastrtps_c.h
[2.839s] -- Up-to-date: /ros2_ws/install/shape_msgs/lib/libshape_msgs__rosidl_typesupport_fastrtps_c.so
[2.840s] -- Up-to-date: /ros2_ws/install/shape_msgs/include/shape_msgs/shape_msgs
[2.840s] -- Up-to-date: /ros2_ws/install/shape_msgs/include/shape_msgs/shape_msgs/msg
[2.841s] -- Up-to-date: /ros2_ws/install/shape_msgs/include/shape_msgs/shape_msgs/msg/mesh.hpp
[2.842s] -- Up-to-date: /ros2_ws/install/shape_msgs/include/shape_msgs/shape_msgs/msg/mesh_triangle.hpp
[2.842s] -- Up-to-date: /ros2_ws/install/shape_msgs/include/shape_msgs/shape_msgs/msg/plane.hpp
[2.847s] -- Up-to-date: /ros2_ws/install/shape_msgs/include/shape_msgs/shape_msgs/msg/rosidl_generator_cpp__visibility_control.hpp
[2.855s] -- Up-to-date: /ros2_ws/install/shape_msgs/include/shape_msgs/shape_msgs/msg/detail
[2.856s] -- Up-to-date: /ros2_ws/install/shape_msgs/include/shape_msgs/shape_msgs/msg/detail/mesh__struct.hpp
[2.858s] -- Up-to-date: /ros2_ws/install/shape_msgs/include/shape_msgs/shape_msgs/msg/detail/solid_primitive__traits.hpp
[2.861s] -- Up-to-date: /ros2_ws/install/shape_msgs/include/shape_msgs/shape_msgs/msg/detail/mesh__builder.hpp
[2.862s] -- Up-to-date: /ros2_ws/install/shape_msgs/include/shape_msgs/shape_msgs/msg/detail/solid_primitive__struct.hpp
[2.862s] -- Up-to-date: /ros2_ws/install/shape_msgs/include/shape_msgs/shape_msgs/msg/detail/mesh_triangle__builder.hpp
[2.862s] -- Up-to-date: /ros2_ws/install/shape_msgs/include/shape_msgs/shape_msgs/msg/detail/plane__type_support.hpp
[2.863s] -- Up-to-date: /ros2_ws/install/shape_msgs/include/shape_msgs/shape_msgs/msg/detail/plane__traits.hpp
[2.863s] -- Up-to-date: /ros2_ws/install/shape_msgs/include/shape_msgs/shape_msgs/msg/detail/plane__builder.hpp
[2.864s] -- Up-to-date: /ros2_ws/install/shape_msgs/include/shape_msgs/shape_msgs/msg/detail/mesh_triangle__type_support.hpp
[2.864s] -- Up-to-date: /ros2_ws/install/shape_msgs/include/shape_msgs/shape_msgs/msg/detail/mesh_triangle__traits.hpp
[2.864s] -- Up-to-date: /ros2_ws/install/shape_msgs/include/shape_msgs/shape_msgs/msg/detail/mesh_triangle__struct.hpp
[2.865s] -- Up-to-date: /ros2_ws/install/shape_msgs/include/shape_msgs/shape_msgs/msg/detail/mesh__type_support.hpp
[2.866s] -- Up-to-date: /ros2_ws/install/shape_msgs/include/shape_msgs/shape_msgs/msg/detail/solid_primitive__type_support.hpp
[2.872s] -- Up-to-date: /ros2_ws/install/shape_msgs/include/shape_msgs/shape_msgs/msg/detail/plane__struct.hpp
[2.882s] -- Up-to-date: /ros2_ws/install/shape_msgs/include/shape_msgs/shape_msgs/msg/detail/solid_primitive__builder.hpp
[2.883s] -- Up-to-date: /ros2_ws/install/shape_msgs/include/shape_msgs/shape_msgs/msg/detail/mesh__traits.hpp
[2.883s] -- Up-to-date: /ros2_ws/install/shape_msgs/include/shape_msgs/shape_msgs/msg/solid_primitive.hpp
[2.884s] -- Up-to-date: /ros2_ws/install/shape_msgs/include/shape_msgs/shape_msgs
[2.884s] -- Up-to-date: /ros2_ws/install/shape_msgs/include/shape_msgs/shape_msgs/msg
[2.885s] -- Up-to-date: /ros2_ws/install/shape_msgs/include/shape_msgs/shape_msgs/msg/rosidl_typesupport_fastrtps_cpp__visibility_control.h
[2.885s] -- Up-to-date: /ros2_ws/install/shape_msgs/include/shape_msgs/shape_msgs/msg/detail
[2.886s] -- Up-to-date: /ros2_ws/install/shape_msgs/include/shape_msgs/shape_msgs/msg/detail/mesh_triangle__rosidl_typesupport_fastrtps_cpp.hpp
[2.886s] -- Up-to-date: /ros2_ws/install/shape_msgs/include/shape_msgs/shape_msgs/msg/detail/plane__rosidl_typesupport_fastrtps_cpp.hpp
[2.887s] -- Up-to-date: /ros2_ws/install/shape_msgs/include/shape_msgs/shape_msgs/msg/detail/solid_primitive__rosidl_typesupport_fastrtps_cpp.hpp
[2.887s] -- Up-to-date: /ros2_ws/install/shape_msgs/include/shape_msgs/shape_msgs/msg/detail/mesh__rosidl_typesupport_fastrtps_cpp.hpp
[2.888s] -- Up-to-date: /ros2_ws/install/shape_msgs/include/shape_msgs/shape_msgs/msg/detail/dds_fastrtps
[2.888s] -- Up-to-date: /ros2_ws/install/shape_msgs/lib/libshape_msgs__rosidl_typesupport_fastrtps_cpp.so
[2.889s] -- Up-to-date: /ros2_ws/install/shape_msgs/include/shape_msgs/shape_msgs
[2.889s] -- Up-to-date: /ros2_ws/install/shape_msgs/include/shape_msgs/shape_msgs/msg
[2.890s] -- Up-to-date: /ros2_ws/install/shape_msgs/include/shape_msgs/shape_msgs/msg/detail
[2.891s] -- Up-to-date: /ros2_ws/install/shape_msgs/include/shape_msgs/shape_msgs/msg/detail/mesh_triangle__rosidl_typesupport_introspection_c.h
[2.893s] -- Up-to-date: /ros2_ws/install/shape_msgs/include/shape_msgs/shape_msgs/msg/detail/solid_primitive__type_support.c
[2.895s] -- Up-to-date: /ros2_ws/install/shape_msgs/include/shape_msgs/shape_msgs/msg/detail/plane__type_support.c
[2.896s] -- Up-to-date: /ros2_ws/install/shape_msgs/include/shape_msgs/shape_msgs/msg/detail/mesh__rosidl_typesupport_introspection_c.h
[2.897s] -- Up-to-date: /ros2_ws/install/shape_msgs/include/shape_msgs/shape_msgs/msg/detail/plane__rosidl_typesupport_introspection_c.h
[2.897s] -- Up-to-date: /ros2_ws/install/shape_msgs/include/shape_msgs/shape_msgs/msg/detail/solid_primitive__rosidl_typesupport_introspection_c.h
[2.898s] -- Up-to-date: /ros2_ws/install/shape_msgs/include/shape_msgs/shape_msgs/msg/detail/mesh__type_support.c
[2.898s] -- Up-to-date: /ros2_ws/install/shape_msgs/include/shape_msgs/shape_msgs/msg/detail/mesh_triangle__type_support.c
[2.899s] -- Up-to-date: /ros2_ws/install/shape_msgs/include/shape_msgs/shape_msgs/msg/rosidl_typesupport_introspection_c__visibility_control.h
[2.899s] -- Up-to-date: /ros2_ws/install/shape_msgs/lib/libshape_msgs__rosidl_typesupport_introspection_c.so
[2.900s] -- Up-to-date: /ros2_ws/install/shape_msgs/lib/libshape_msgs__rosidl_typesupport_c.so
[2.900s] -- Up-to-date: /ros2_ws/install/shape_msgs/include/shape_msgs/shape_msgs
[2.901s] -- Up-to-date: /ros2_ws/install/shape_msgs/include/shape_msgs/shape_msgs/msg
[2.902s] -- Up-to-date: /ros2_ws/install/shape_msgs/include/shape_msgs/shape_msgs/msg/detail
[2.902s] -- Up-to-date: /ros2_ws/install/shape_msgs/include/shape_msgs/shape_msgs/msg/detail/mesh_triangle__type_support.cpp
[2.904s] -- Up-to-date: /ros2_ws/install/shape_msgs/include/shape_msgs/shape_msgs/msg/detail/mesh_triangle__rosidl_typesupport_introspection_cpp.hpp
[2.907s] -- Up-to-date: /ros2_ws/install/shape_msgs/include/shape_msgs/shape_msgs/msg/detail/solid_primitive__rosidl_typesupport_introspection_cpp.hpp
[2.908s] -- Up-to-date: /ros2_ws/install/shape_msgs/include/shape_msgs/shape_msgs/msg/detail/solid_primitive__type_support.cpp
[2.908s] -- Up-to-date: /ros2_ws/install/shape_msgs/include/shape_msgs/shape_msgs/msg/detail/plane__type_support.cpp
[2.909s] -- Up-to-date: /ros2_ws/install/shape_msgs/include/shape_msgs/shape_msgs/msg/detail/mesh__rosidl_typesupport_introspection_cpp.hpp
[2.909s] -- Up-to-date: /ros2_ws/install/shape_msgs/include/shape_msgs/shape_msgs/msg/detail/mesh__type_support.cpp
[2.909s] -- Up-to-date: /ros2_ws/install/shape_msgs/include/shape_msgs/shape_msgs/msg/detail/plane__rosidl_typesupport_introspection_cpp.hpp
[2.910s] -- Up-to-date: /ros2_ws/install/shape_msgs/lib/libshape_msgs__rosidl_typesupport_introspection_cpp.so
[2.910s] -- Up-to-date: /ros2_ws/install/shape_msgs/lib/libshape_msgs__rosidl_typesupport_cpp.so
[2.911s] -- Up-to-date: /ros2_ws/install/shape_msgs/share/shape_msgs/environment/pythonpath.sh
[2.911s] -- Up-to-date: /ros2_ws/install/shape_msgs/share/shape_msgs/environment/pythonpath.dsv
[2.911s] -- Up-to-date: /ros2_ws/install/shape_msgs/local/lib/python3.10/dist-packages/shape_msgs-2.0.5-py3.10.egg-info
[2.912s] -- Installing: /ros2_ws/install/shape_msgs/local/lib/python3.10/dist-packages/shape_msgs-2.0.5-py3.10.egg-info/SOURCES.txt
[2.913s] -- Installing: /ros2_ws/install/shape_msgs/local/lib/python3.10/dist-packages/shape_msgs-2.0.5-py3.10.egg-info/dependency_links.txt
[2.914s] -- Installing: /ros2_ws/install/shape_msgs/local/lib/python3.10/dist-packages/shape_msgs-2.0.5-py3.10.egg-info/top_level.txt
[2.914s] -- Installing: /ros2_ws/install/shape_msgs/local/lib/python3.10/dist-packages/shape_msgs-2.0.5-py3.10.egg-info/PKG-INFO
[2.914s] -- Up-to-date: /ros2_ws/install/shape_msgs/local/lib/python3.10/dist-packages/shape_msgs
[2.915s] -- Up-to-date: /ros2_ws/install/shape_msgs/local/lib/python3.10/dist-packages/shape_msgs/libshape_msgs__rosidl_generator_py.so
[2.915s] -- Up-to-date: /ros2_ws/install/shape_msgs/local/lib/python3.10/dist-packages/shape_msgs/shape_msgs_s__rosidl_typesupport_c.cpython-310-aarch64-linux-gnu.so
[2.916s] -- Up-to-date: /ros2_ws/install/shape_msgs/local/lib/python3.10/dist-packages/shape_msgs/__init__.py
[2.916s] -- Up-to-date: /ros2_ws/install/shape_msgs/local/lib/python3.10/dist-packages/shape_msgs/shape_msgs_s__rosidl_typesupport_introspection_c.cpython-310-aarch64-linux-gnu.so
[2.917s] -- Up-to-date: /ros2_ws/install/shape_msgs/local/lib/python3.10/dist-packages/shape_msgs/_shape_msgs_s.ep.rosidl_typesupport_introspection_c.c
[2.917s] -- Up-to-date: /ros2_ws/install/shape_msgs/local/lib/python3.10/dist-packages/shape_msgs/_shape_msgs_s.ep.rosidl_typesupport_fastrtps_c.c
[2.918s] -- Up-to-date: /ros2_ws/install/shape_msgs/local/lib/python3.10/dist-packages/shape_msgs/shape_msgs_s__rosidl_typesupport_fastrtps_c.cpython-310-aarch64-linux-gnu.so
[2.921s] -- Up-to-date: /ros2_ws/install/shape_msgs/local/lib/python3.10/dist-packages/shape_msgs/msg
[2.922s] -- Up-to-date: /ros2_ws/install/shape_msgs/local/lib/python3.10/dist-packages/shape_msgs/msg/_plane_s.c
[2.922s] -- Up-to-date: /ros2_ws/install/shape_msgs/local/lib/python3.10/dist-packages/shape_msgs/msg/__init__.py
[2.922s] -- Up-to-date: /ros2_ws/install/shape_msgs/local/lib/python3.10/dist-packages/shape_msgs/msg/_plane.py
[2.923s] -- Up-to-date: /ros2_ws/install/shape_msgs/local/lib/python3.10/dist-packages/shape_msgs/msg/_mesh_triangle.py
[2.923s] -- Up-to-date: /ros2_ws/install/shape_msgs/local/lib/python3.10/dist-packages/shape_msgs/msg/_solid_primitive_s.c
[2.924s] -- Up-to-date: /ros2_ws/install/shape_msgs/local/lib/python3.10/dist-packages/shape_msgs/msg/_solid_primitive.py
[2.924s] -- Up-to-date: /ros2_ws/install/shape_msgs/local/lib/python3.10/dist-packages/shape_msgs/msg/_mesh_triangle_s.c
[2.925s] -- Up-to-date: /ros2_ws/install/shape_msgs/local/lib/python3.10/dist-packages/shape_msgs/msg/_mesh_s.c
[2.925s] -- Up-to-date: /ros2_ws/install/shape_msgs/local/lib/python3.10/dist-packages/shape_msgs/msg/_mesh.py
[2.925s] -- Up-to-date: /ros2_ws/install/shape_msgs/local/lib/python3.10/dist-packages/shape_msgs/_shape_msgs_s.ep.rosidl_typesupport_c.c
[3.146s] Listing '/ros2_ws/install/shape_msgs/local/lib/python3.10/dist-packages/shape_msgs'...
[3.147s] Listing '/ros2_ws/install/shape_msgs/local/lib/python3.10/dist-packages/shape_msgs/msg'...
[3.165s] -- Up-to-date: /ros2_ws/install/shape_msgs/local/lib/python3.10/dist-packages/shape_msgs/shape_msgs_s__rosidl_typesupport_fastrtps_c.cpython-310-aarch64-linux-gnu.so
[3.166s] -- Up-to-date: /ros2_ws/install/shape_msgs/local/lib/python3.10/dist-packages/shape_msgs/shape_msgs_s__rosidl_typesupport_introspection_c.cpython-310-aarch64-linux-gnu.so
[3.166s] -- Up-to-date: /ros2_ws/install/shape_msgs/local/lib/python3.10/dist-packages/shape_msgs/shape_msgs_s__rosidl_typesupport_c.cpython-310-aarch64-linux-gnu.so
[3.167s] -- Up-to-date: /ros2_ws/install/shape_msgs/lib/libshape_msgs__rosidl_generator_py.so
[3.167s] -- Up-to-date: /ros2_ws/install/shape_msgs/share/ament_index/resource_index/rust_packages/shape_msgs
[3.168s] -- Up-to-date: /ros2_ws/install/shape_msgs/share/shape_msgs/rust
[3.168s] -- Up-to-date: /ros2_ws/install/shape_msgs/share/shape_msgs/rust/src
[3.169s] -- Up-to-date: /ros2_ws/install/shape_msgs/share/shape_msgs/rust/src/msg
[3.169s] -- Up-to-date: /ros2_ws/install/shape_msgs/share/shape_msgs/rust/src/msg/rmw.rs
[3.170s] -- Up-to-date: /ros2_ws/install/shape_msgs/share/shape_msgs/rust/src/msg.rs
[3.170s] -- Up-to-date: /ros2_ws/install/shape_msgs/share/shape_msgs/rust/src/lib.rs
[3.171s] -- Up-to-date: /ros2_ws/install/shape_msgs/share/shape_msgs/rust/Cargo.toml
[3.172s] -- Up-to-date: /ros2_ws/install/shape_msgs/share/shape_msgs/rust/build.rs
[3.172s] -- Up-to-date: /ros2_ws/install/shape_msgs/share/shape_msgs/msg/Mesh.idl
[3.173s] -- Up-to-date: /ros2_ws/install/shape_msgs/share/shape_msgs/msg/MeshTriangle.idl
[3.173s] -- Up-to-date: /ros2_ws/install/shape_msgs/share/shape_msgs/msg/Plane.idl
[3.173s] -- Up-to-date: /ros2_ws/install/shape_msgs/share/shape_msgs/msg/SolidPrimitive.idl
[3.174s] -- Up-to-date: /ros2_ws/install/shape_msgs/share/shape_msgs/msg/Mesh.msg
[3.174s] -- Up-to-date: /ros2_ws/install/shape_msgs/share/shape_msgs/msg/MeshTriangle.msg
[3.175s] -- Up-to-date: /ros2_ws/install/shape_msgs/share/shape_msgs/msg/Plane.msg
[3.175s] -- Up-to-date: /ros2_ws/install/shape_msgs/share/shape_msgs/msg/SolidPrimitive.msg
[3.175s] -- Up-to-date: /ros2_ws/install/shape_msgs/share/ament_index/resource_index/package_run_dependencies/shape_msgs
[3.176s] -- Up-to-date: /ros2_ws/install/shape_msgs/share/ament_index/resource_index/parent_prefix_path/shape_msgs
[3.176s] -- Up-to-date: /ros2_ws/install/shape_msgs/share/shape_msgs/environment/ament_prefix_path.sh
[3.177s] -- Up-to-date: /ros2_ws/install/shape_msgs/share/shape_msgs/environment/ament_prefix_path.dsv
[3.177s] -- Up-to-date: /ros2_ws/install/shape_msgs/share/shape_msgs/environment/path.sh
[3.177s] -- Up-to-date: /ros2_ws/install/shape_msgs/share/shape_msgs/environment/path.dsv
[3.178s] -- Up-to-date: /ros2_ws/install/shape_msgs/share/shape_msgs/local_setup.bash
[3.179s] -- Up-to-date: /ros2_ws/install/shape_msgs/share/shape_msgs/local_setup.sh
[3.179s] -- Up-to-date: /ros2_ws/install/shape_msgs/share/shape_msgs/local_setup.zsh
[3.180s] -- Up-to-date: /ros2_ws/install/shape_msgs/share/shape_msgs/local_setup.dsv
[3.180s] -- Installing: /ros2_ws/install/shape_msgs/share/shape_msgs/package.dsv
[3.180s] -- Up-to-date: /ros2_ws/install/shape_msgs/share/ament_index/resource_index/packages/shape_msgs
[3.181s] -- Up-to-date: /ros2_ws/install/shape_msgs/share/shape_msgs/cmake/export_shape_msgs__rosidl_generator_cExport.cmake
[3.181s] -- Up-to-date: /ros2_ws/install/shape_msgs/share/shape_msgs/cmake/export_shape_msgs__rosidl_generator_cExport-noconfig.cmake
[3.181s] -- Up-to-date: /ros2_ws/install/shape_msgs/share/shape_msgs/cmake/export_shape_msgs__rosidl_typesupport_fastrtps_cExport.cmake
[3.182s] -- Up-to-date: /ros2_ws/install/shape_msgs/share/shape_msgs/cmake/export_shape_msgs__rosidl_typesupport_fastrtps_cExport-noconfig.cmake
[3.182s] -- Up-to-date: /ros2_ws/install/shape_msgs/share/shape_msgs/cmake/export_shape_msgs__rosidl_generator_cppExport.cmake
[3.183s] -- Up-to-date: /ros2_ws/install/shape_msgs/share/shape_msgs/cmake/export_shape_msgs__rosidl_typesupport_fastrtps_cppExport.cmake
[3.183s] -- Up-to-date: /ros2_ws/install/shape_msgs/share/shape_msgs/cmake/export_shape_msgs__rosidl_typesupport_fastrtps_cppExport-noconfig.cmake
[3.183s] -- Up-to-date: /ros2_ws/install/shape_msgs/share/shape_msgs/cmake/shape_msgs__rosidl_typesupport_introspection_cExport.cmake
[3.184s] -- Up-to-date: /ros2_ws/install/shape_msgs/share/shape_msgs/cmake/shape_msgs__rosidl_typesupport_introspection_cExport-noconfig.cmake
[3.184s] -- Up-to-date: /ros2_ws/install/shape_msgs/share/shape_msgs/cmake/shape_msgs__rosidl_typesupport_cExport.cmake
[3.184s] -- Up-to-date: /ros2_ws/install/shape_msgs/share/shape_msgs/cmake/shape_msgs__rosidl_typesupport_cExport-noconfig.cmake
[3.185s] -- Up-to-date: /ros2_ws/install/shape_msgs/share/shape_msgs/cmake/shape_msgs__rosidl_typesupport_introspection_cppExport.cmake
[3.185s] -- Up-to-date: /ros2_ws/install/shape_msgs/share/shape_msgs/cmake/shape_msgs__rosidl_typesupport_introspection_cppExport-noconfig.cmake
[3.186s] -- Up-to-date: /ros2_ws/install/shape_msgs/share/shape_msgs/cmake/shape_msgs__rosidl_typesupport_cppExport.cmake
[3.186s] -- Up-to-date: /ros2_ws/install/shape_msgs/share/shape_msgs/cmake/shape_msgs__rosidl_typesupport_cppExport-noconfig.cmake
[3.186s] -- Up-to-date: /ros2_ws/install/shape_msgs/share/shape_msgs/cmake/export_shape_msgs__rosidl_generator_pyExport.cmake
[3.187s] -- Up-to-date: /ros2_ws/install/shape_msgs/share/shape_msgs/cmake/export_shape_msgs__rosidl_generator_pyExport-noconfig.cmake
[3.187s] -- Up-to-date: /ros2_ws/install/shape_msgs/share/shape_msgs/cmake/rosidl_cmake-extras.cmake
[3.187s] -- Up-to-date: /ros2_ws/install/shape_msgs/share/shape_msgs/cmake/ament_cmake_export_dependencies-extras.cmake
[3.188s] -- Up-to-date: /ros2_ws/install/shape_msgs/share/shape_msgs/cmake/ament_cmake_export_include_directories-extras.cmake
[3.188s] -- Up-to-date: /ros2_ws/install/shape_msgs/share/shape_msgs/cmake/ament_cmake_export_libraries-extras.cmake
[3.189s] -- Up-to-date: /ros2_ws/install/shape_msgs/share/shape_msgs/cmake/ament_cmake_export_targets-extras.cmake
[3.189s] -- Up-to-date: /ros2_ws/install/shape_msgs/share/shape_msgs/cmake/rosidl_cmake_export_typesupport_targets-extras.cmake
[3.189s] -- Up-to-date: /ros2_ws/install/shape_msgs/share/shape_msgs/cmake/rosidl_cmake_export_typesupport_libraries-extras.cmake
[3.190s] -- Up-to-date: /ros2_ws/install/shape_msgs/share/shape_msgs/cmake/shape_msgsConfig.cmake
[3.190s] -- Up-to-date: /ros2_ws/install/shape_msgs/share/shape_msgs/cmake/shape_msgsConfig-version.cmake
[3.190s] -- Up-to-date: /ros2_ws/install/shape_msgs/share/shape_msgs/package.xml
[3.202s] Invoked command in '/ros2_ws/build/shape_msgs' returned '0': AMENT_PREFIX_PATH=/ros2_ws/install/geometry_msgs:/ros2_ws/install/std_msgs:${AMENT_PREFIX_PATH} CMAKE_PREFIX_PATH=/ros2_ws/install/geometry_msgs:/ros2_ws/install/std_msgs:/opt/ros/humble LD_LIBRARY_PATH=/ros2_ws/install/geometry_msgs/lib:/ros2_ws/install/std_msgs/lib:${LD_LIBRARY_PATH} PYTHONPATH=/ros2_ws/install/geometry_msgs/local/lib/python3.10/dist-packages:/ros2_ws/install/std_msgs/local/lib/python3.10/dist-packages:${PYTHONPATH} /usr/bin/cmake --install /ros2_ws/build/shape_msgs
