[35m[1mConsolidate compiler generated dependencies of target vision_msgs__rosidl_generator_c[0m
[  1%] Built target vision_msgs__rs
[35m[1mConsolidate compiler generated dependencies of target gtest_main[0m
[  2%] Built target vision_msgs__cpp
[ 13%] Built target vision_msgs__rosidl_generator_c
[35m[1mConsolidate compiler generated dependencies of target gtest[0m
[ 14%] Built target gtest_main
[ 14%] Built target ament_cmake_python_copy_vision_msgs
[35m[1mConsolidate compiler generated dependencies of target vision_msgs__rosidl_typesupport_fastrtps_c[0m
[35m[1mConsolidate compiler generated dependencies of target vision_msgs__rosidl_typesupport_introspection_c[0m
[ 15%] Built target gtest
[35m[1mConsolidate compiler generated dependencies of target vision_msgs__rosidl_typesupport_fastrtps_cpp[0m
[ 27%] Built target vision_msgs__rosidl_typesupport_introspection_c
[ 38%] Built target vision_msgs__rosidl_typesupport_fastrtps_c
[35m[1mConsolidate compiler generated dependencies of target vision_msgs__rosidl_typesupport_c[0m
[35m[1mConsolidate compiler generated dependencies of target vision_msgs__rosidl_typesupport_introspection_cpp[0m
[35m[1mConsolidate compiler generated dependencies of target vision_msgs__rosidl_typesupport_cpp[0m
[ 49%] Built target vision_msgs__rosidl_typesupport_c
[ 60%] Built target vision_msgs__rosidl_typesupport_fastrtps_cpp
[ 71%] Built target vision_msgs__rosidl_typesupport_introspection_cpp
[ 83%] Built target vision_msgs__rosidl_typesupport_cpp
[ 83%] Built target vision_msgs
[35m[1mConsolidate compiler generated dependencies of target vision_msgs_test[0m
[ 85%] Built target vision_msgs_test
[ 86%] Built target vision_msgs__py
[35m[1mConsolidate compiler generated dependencies of target vision_msgs__rosidl_generator_py[0m
[ 97%] Built target vision_msgs__rosidl_generator_py
[35m[1mConsolidate compiler generated dependencies of target vision_msgs__rosidl_typesupport_c__pyext[0m
[35m[1mConsolidate compiler generated dependencies of target vision_msgs__rosidl_typesupport_introspection_c__pyext[0m
[35m[1mConsolidate compiler generated dependencies of target vision_msgs__rosidl_typesupport_fastrtps_c__pyext[0m
[ 98%] Built target vision_msgs__rosidl_typesupport_c__pyext
[ 99%] Built target vision_msgs__rosidl_typesupport_introspection_c__pyext
[100%] Built target vision_msgs__rosidl_typesupport_fastrtps_c__pyext
running egg_info
writing vision_msgs.egg-info/PKG-INFO
writing dependency_links to vision_msgs.egg-info/dependency_links.txt
writing top-level names to vision_msgs.egg-info/top_level.txt
reading manifest file 'vision_msgs.egg-info/SOURCES.txt'
writing manifest file 'vision_msgs.egg-info/SOURCES.txt'
[100%] Built target ament_cmake_python_build_vision_msgs_egg
-- Install configuration: ""
-- Installing: /ros2_ws/install/vision_msgs/share/ament_index/resource_index/rosidl_interfaces/vision_msgs
-- Installing: /ros2_ws/install/vision_msgs/include/vision_msgs/vision_msgs
-- Installing: /ros2_ws/install/vision_msgs/include/vision_msgs/vision_msgs/msg
-- Installing: /ros2_ws/install/vision_msgs/include/vision_msgs/vision_msgs/msg/bounding_box2_d_array.h
-- Installing: /ros2_ws/install/vision_msgs/include/vision_msgs/vision_msgs/msg/object_hypothesis_with_pose.h
-- Installing: /ros2_ws/install/vision_msgs/include/vision_msgs/vision_msgs/msg/classification3_d.h
-- Installing: /ros2_ws/install/vision_msgs/include/vision_msgs/vision_msgs/msg/bounding_box3_d.h
-- Installing: /ros2_ws/install/vision_msgs/include/vision_msgs/vision_msgs/msg/detection2_d_array.h
-- Installing: /ros2_ws/install/vision_msgs/include/vision_msgs/vision_msgs/msg/object_hypothesis.h
-- Installing: /ros2_ws/install/vision_msgs/include/vision_msgs/vision_msgs/msg/detection3_d.h
-- Installing: /ros2_ws/install/vision_msgs/include/vision_msgs/vision_msgs/msg/detection2_d.h
-- Installing: /ros2_ws/install/vision_msgs/include/vision_msgs/vision_msgs/msg/vision_info.h
-- Installing: /ros2_ws/install/vision_msgs/include/vision_msgs/vision_msgs/msg/bounding_box2_d.h
-- Installing: /ros2_ws/install/vision_msgs/include/vision_msgs/vision_msgs/msg/classification2_d.h
-- Installing: /ros2_ws/install/vision_msgs/include/vision_msgs/vision_msgs/msg/detection3_d_array.h
-- Installing: /ros2_ws/install/vision_msgs/include/vision_msgs/vision_msgs/msg/detail
-- Installing: /ros2_ws/install/vision_msgs/include/vision_msgs/vision_msgs/msg/detail/bounding_box2_d_array__type_support.h
-- Installing: /ros2_ws/install/vision_msgs/include/vision_msgs/vision_msgs/msg/detail/classification3_d__functions.h
-- Installing: /ros2_ws/install/vision_msgs/include/vision_msgs/vision_msgs/msg/detail/detection3_d__functions.h
-- Installing: /ros2_ws/install/vision_msgs/include/vision_msgs/vision_msgs/msg/detail/classification2_d__type_support.h
-- Installing: /ros2_ws/install/vision_msgs/include/vision_msgs/vision_msgs/msg/detail/detection2_d_array__functions.c
-- Installing: /ros2_ws/install/vision_msgs/include/vision_msgs/vision_msgs/msg/detail/bounding_box3_d__type_support.h
-- Installing: /ros2_ws/install/vision_msgs/include/vision_msgs/vision_msgs/msg/detail/vision_info__functions.h
-- Installing: /ros2_ws/install/vision_msgs/include/vision_msgs/vision_msgs/msg/detail/bounding_box2_d__functions.c
-- Installing: /ros2_ws/install/vision_msgs/include/vision_msgs/vision_msgs/msg/detail/bounding_box2_d__struct.h
-- Installing: /ros2_ws/install/vision_msgs/include/vision_msgs/vision_msgs/msg/detail/bounding_box2_d_array__functions.c
-- Installing: /ros2_ws/install/vision_msgs/include/vision_msgs/vision_msgs/msg/detail/detection3_d__struct.h
-- Installing: /ros2_ws/install/vision_msgs/include/vision_msgs/vision_msgs/msg/detail/detection2_d__functions.c
-- Installing: /ros2_ws/install/vision_msgs/include/vision_msgs/vision_msgs/msg/detail/object_hypothesis_with_pose__functions.h
-- Installing: /ros2_ws/install/vision_msgs/include/vision_msgs/vision_msgs/msg/detail/bounding_box2_d_array__struct.h
-- Installing: /ros2_ws/install/vision_msgs/include/vision_msgs/vision_msgs/msg/detail/classification3_d__functions.c
-- Installing: /ros2_ws/install/vision_msgs/include/vision_msgs/vision_msgs/msg/detail/object_hypothesis_with_pose__type_support.h
-- Installing: /ros2_ws/install/vision_msgs/include/vision_msgs/vision_msgs/msg/detail/object_hypothesis__functions.c
-- Installing: /ros2_ws/install/vision_msgs/include/vision_msgs/vision_msgs/msg/detail/classification3_d__type_support.h
-- Installing: /ros2_ws/install/vision_msgs/include/vision_msgs/vision_msgs/msg/detail/object_hypothesis_with_pose__functions.c
-- Installing: /ros2_ws/install/vision_msgs/include/vision_msgs/vision_msgs/msg/detail/bounding_box3_d__struct.h
-- Installing: /ros2_ws/install/vision_msgs/include/vision_msgs/vision_msgs/msg/detail/object_hypothesis__functions.h
-- Installing: /ros2_ws/install/vision_msgs/include/vision_msgs/vision_msgs/msg/detail/object_hypothesis_with_pose__struct.h
-- Installing: /ros2_ws/install/vision_msgs/include/vision_msgs/vision_msgs/msg/detail/detection2_d__struct.h
-- Installing: /ros2_ws/install/vision_msgs/include/vision_msgs/vision_msgs/msg/detail/vision_info__functions.c
-- Installing: /ros2_ws/install/vision_msgs/include/vision_msgs/vision_msgs/msg/detail/bounding_box3_d__functions.h
-- Installing: /ros2_ws/install/vision_msgs/include/vision_msgs/vision_msgs/msg/detail/bounding_box3_d_array__functions.h
-- Installing: /ros2_ws/install/vision_msgs/include/vision_msgs/vision_msgs/msg/detail/object_hypothesis__type_support.h
-- Installing: /ros2_ws/install/vision_msgs/include/vision_msgs/vision_msgs/msg/detail/bounding_box2_d__functions.h
-- Installing: /ros2_ws/install/vision_msgs/include/vision_msgs/vision_msgs/msg/detail/bounding_box3_d__functions.c
-- Installing: /ros2_ws/install/vision_msgs/include/vision_msgs/vision_msgs/msg/detail/bounding_box2_d_array__functions.h
-- Installing: /ros2_ws/install/vision_msgs/include/vision_msgs/vision_msgs/msg/detail/object_hypothesis__struct.h
-- Installing: /ros2_ws/install/vision_msgs/include/vision_msgs/vision_msgs/msg/detail/classification3_d__struct.h
-- Installing: /ros2_ws/install/vision_msgs/include/vision_msgs/vision_msgs/msg/detail/detection3_d_array__type_support.h
-- Installing: /ros2_ws/install/vision_msgs/include/vision_msgs/vision_msgs/msg/detail/detection2_d_array__struct.h
-- Installing: /ros2_ws/install/vision_msgs/include/vision_msgs/vision_msgs/msg/detail/detection3_d__functions.c
-- Installing: /ros2_ws/install/vision_msgs/include/vision_msgs/vision_msgs/msg/detail/detection3_d_array__struct.h
-- Installing: /ros2_ws/install/vision_msgs/include/vision_msgs/vision_msgs/msg/detail/detection3_d_array__functions.c
-- Installing: /ros2_ws/install/vision_msgs/include/vision_msgs/vision_msgs/msg/detail/detection3_d__type_support.h
-- Installing: /ros2_ws/install/vision_msgs/include/vision_msgs/vision_msgs/msg/detail/detection3_d_array__functions.h
-- Installing: /ros2_ws/install/vision_msgs/include/vision_msgs/vision_msgs/msg/detail/classification2_d__functions.h
-- Installing: /ros2_ws/install/vision_msgs/include/vision_msgs/vision_msgs/msg/detail/detection2_d_array__type_support.h
-- Installing: /ros2_ws/install/vision_msgs/include/vision_msgs/vision_msgs/msg/detail/bounding_box3_d_array__functions.c
-- Installing: /ros2_ws/install/vision_msgs/include/vision_msgs/vision_msgs/msg/detail/detection2_d_array__functions.h
-- Installing: /ros2_ws/install/vision_msgs/include/vision_msgs/vision_msgs/msg/detail/detection2_d__type_support.h
-- Installing: /ros2_ws/install/vision_msgs/include/vision_msgs/vision_msgs/msg/detail/vision_info__struct.h
-- Installing: /ros2_ws/install/vision_msgs/include/vision_msgs/vision_msgs/msg/detail/vision_info__type_support.h
-- Installing: /ros2_ws/install/vision_msgs/include/vision_msgs/vision_msgs/msg/detail/bounding_box2_d__type_support.h
-- Installing: /ros2_ws/install/vision_msgs/include/vision_msgs/vision_msgs/msg/detail/bounding_box3_d_array__type_support.h
-- Installing: /ros2_ws/install/vision_msgs/include/vision_msgs/vision_msgs/msg/detail/classification2_d__struct.h
-- Installing: /ros2_ws/install/vision_msgs/include/vision_msgs/vision_msgs/msg/detail/classification2_d__functions.c
-- Installing: /ros2_ws/install/vision_msgs/include/vision_msgs/vision_msgs/msg/detail/detection2_d__functions.h
-- Installing: /ros2_ws/install/vision_msgs/include/vision_msgs/vision_msgs/msg/detail/bounding_box3_d_array__struct.h
-- Installing: /ros2_ws/install/vision_msgs/include/vision_msgs/vision_msgs/msg/bounding_box3_d_array.h
-- Installing: /ros2_ws/install/vision_msgs/include/vision_msgs/vision_msgs/msg/rosidl_generator_c__visibility_control.h
-- Installing: /ros2_ws/install/vision_msgs/share/vision_msgs/environment/library_path.sh
-- Installing: /ros2_ws/install/vision_msgs/share/vision_msgs/environment/library_path.dsv
-- Installing: /ros2_ws/install/vision_msgs/lib/libvision_msgs__rosidl_generator_c.so
-- Set runtime path of "/ros2_ws/install/vision_msgs/lib/libvision_msgs__rosidl_generator_c.so" to ""
-- Up-to-date: /ros2_ws/install/vision_msgs/include/vision_msgs/vision_msgs
-- Up-to-date: /ros2_ws/install/vision_msgs/include/vision_msgs/vision_msgs/msg
-- Installing: /ros2_ws/install/vision_msgs/include/vision_msgs/vision_msgs/msg/rosidl_typesupport_fastrtps_c__visibility_control.h
-- Up-to-date: /ros2_ws/install/vision_msgs/include/vision_msgs/vision_msgs/msg/detail
-- Installing: /ros2_ws/install/vision_msgs/include/vision_msgs/vision_msgs/msg/detail/detection2_d__rosidl_typesupport_fastrtps_c.h
-- Installing: /ros2_ws/install/vision_msgs/include/vision_msgs/vision_msgs/msg/detail/vision_info__rosidl_typesupport_fastrtps_c.h
-- Installing: /ros2_ws/install/vision_msgs/include/vision_msgs/vision_msgs/msg/detail/classification3_d__rosidl_typesupport_fastrtps_c.h
-- Installing: /ros2_ws/install/vision_msgs/include/vision_msgs/vision_msgs/msg/detail/object_hypothesis__rosidl_typesupport_fastrtps_c.h
-- Installing: /ros2_ws/install/vision_msgs/include/vision_msgs/vision_msgs/msg/detail/object_hypothesis_with_pose__rosidl_typesupport_fastrtps_c.h
-- Installing: /ros2_ws/install/vision_msgs/include/vision_msgs/vision_msgs/msg/detail/bounding_box2_d_array__rosidl_typesupport_fastrtps_c.h
-- Installing: /ros2_ws/install/vision_msgs/include/vision_msgs/vision_msgs/msg/detail/classification2_d__rosidl_typesupport_fastrtps_c.h
-- Installing: /ros2_ws/install/vision_msgs/include/vision_msgs/vision_msgs/msg/detail/bounding_box3_d_array__rosidl_typesupport_fastrtps_c.h
-- Installing: /ros2_ws/install/vision_msgs/include/vision_msgs/vision_msgs/msg/detail/bounding_box2_d__rosidl_typesupport_fastrtps_c.h
-- Installing: /ros2_ws/install/vision_msgs/include/vision_msgs/vision_msgs/msg/detail/bounding_box3_d__rosidl_typesupport_fastrtps_c.h
-- Installing: /ros2_ws/install/vision_msgs/include/vision_msgs/vision_msgs/msg/detail/detection2_d_array__rosidl_typesupport_fastrtps_c.h
-- Installing: /ros2_ws/install/vision_msgs/include/vision_msgs/vision_msgs/msg/detail/detection3_d_array__rosidl_typesupport_fastrtps_c.h
-- Installing: /ros2_ws/install/vision_msgs/include/vision_msgs/vision_msgs/msg/detail/detection3_d__rosidl_typesupport_fastrtps_c.h
-- Installing: /ros2_ws/install/vision_msgs/lib/libvision_msgs__rosidl_typesupport_fastrtps_c.so
-- Set runtime path of "/ros2_ws/install/vision_msgs/lib/libvision_msgs__rosidl_typesupport_fastrtps_c.so" to ""
-- Up-to-date: /ros2_ws/install/vision_msgs/include/vision_msgs/vision_msgs
-- Up-to-date: /ros2_ws/install/vision_msgs/include/vision_msgs/vision_msgs/msg
-- Installing: /ros2_ws/install/vision_msgs/include/vision_msgs/vision_msgs/msg/detection3_d.hpp
-- Installing: /ros2_ws/install/vision_msgs/include/vision_msgs/vision_msgs/msg/bounding_box3_d_array.hpp
-- Installing: /ros2_ws/install/vision_msgs/include/vision_msgs/vision_msgs/msg/object_hypothesis.hpp
-- Installing: /ros2_ws/install/vision_msgs/include/vision_msgs/vision_msgs/msg/bounding_box3_d.hpp
-- Installing: /ros2_ws/install/vision_msgs/include/vision_msgs/vision_msgs/msg/classification2_d.hpp
-- Installing: /ros2_ws/install/vision_msgs/include/vision_msgs/vision_msgs/msg/detection2_d_array.hpp
-- Installing: /ros2_ws/install/vision_msgs/include/vision_msgs/vision_msgs/msg/vision_info.hpp
-- Installing: /ros2_ws/install/vision_msgs/include/vision_msgs/vision_msgs/msg/bounding_box2_d_array.hpp
-- Installing: /ros2_ws/install/vision_msgs/include/vision_msgs/vision_msgs/msg/classification3_d.hpp
-- Installing: /ros2_ws/install/vision_msgs/include/vision_msgs/vision_msgs/msg/detection3_d_array.hpp
-- Installing: /ros2_ws/install/vision_msgs/include/vision_msgs/vision_msgs/msg/object_hypothesis_with_pose.hpp
-- Installing: /ros2_ws/install/vision_msgs/include/vision_msgs/vision_msgs/msg/rosidl_generator_cpp__visibility_control.hpp
-- Installing: /ros2_ws/install/vision_msgs/include/vision_msgs/vision_msgs/msg/bounding_box2_d.hpp
-- Installing: /ros2_ws/install/vision_msgs/include/vision_msgs/vision_msgs/msg/detection2_d.hpp
-- Up-to-date: /ros2_ws/install/vision_msgs/include/vision_msgs/vision_msgs/msg/detail
-- Installing: /ros2_ws/install/vision_msgs/include/vision_msgs/vision_msgs/msg/detail/detection2_d_array__struct.hpp
-- Installing: /ros2_ws/install/vision_msgs/include/vision_msgs/vision_msgs/msg/detail/vision_info__type_support.hpp
-- Installing: /ros2_ws/install/vision_msgs/include/vision_msgs/vision_msgs/msg/detail/vision_info__traits.hpp
-- Installing: /ros2_ws/install/vision_msgs/include/vision_msgs/vision_msgs/msg/detail/vision_info__struct.hpp
-- Installing: /ros2_ws/install/vision_msgs/include/vision_msgs/vision_msgs/msg/detail/detection2_d__struct.hpp
-- Installing: /ros2_ws/install/vision_msgs/include/vision_msgs/vision_msgs/msg/detail/object_hypothesis__traits.hpp
-- Installing: /ros2_ws/install/vision_msgs/include/vision_msgs/vision_msgs/msg/detail/object_hypothesis__type_support.hpp
-- Installing: /ros2_ws/install/vision_msgs/include/vision_msgs/vision_msgs/msg/detail/detection2_d__builder.hpp
-- Installing: /ros2_ws/install/vision_msgs/include/vision_msgs/vision_msgs/msg/detail/classification2_d__builder.hpp
-- Installing: /ros2_ws/install/vision_msgs/include/vision_msgs/vision_msgs/msg/detail/object_hypothesis__struct.hpp
-- Installing: /ros2_ws/install/vision_msgs/include/vision_msgs/vision_msgs/msg/detail/bounding_box2_d__struct.hpp
-- Installing: /ros2_ws/install/vision_msgs/include/vision_msgs/vision_msgs/msg/detail/bounding_box2_d_array__traits.hpp
-- Installing: /ros2_ws/install/vision_msgs/include/vision_msgs/vision_msgs/msg/detail/bounding_box2_d_array__type_support.hpp
-- Installing: /ros2_ws/install/vision_msgs/include/vision_msgs/vision_msgs/msg/detail/detection3_d__struct.hpp
-- Installing: /ros2_ws/install/vision_msgs/include/vision_msgs/vision_msgs/msg/detail/detection2_d__traits.hpp
-- Installing: /ros2_ws/install/vision_msgs/include/vision_msgs/vision_msgs/msg/detail/object_hypothesis_with_pose__struct.hpp
-- Installing: /ros2_ws/install/vision_msgs/include/vision_msgs/vision_msgs/msg/detail/bounding_box3_d__traits.hpp
-- Installing: /ros2_ws/install/vision_msgs/include/vision_msgs/vision_msgs/msg/detail/object_hypothesis__builder.hpp
-- Installing: /ros2_ws/install/vision_msgs/include/vision_msgs/vision_msgs/msg/detail/detection3_d__traits.hpp
-- Installing: /ros2_ws/install/vision_msgs/include/vision_msgs/vision_msgs/msg/detail/bounding_box2_d__builder.hpp
-- Installing: /ros2_ws/install/vision_msgs/include/vision_msgs/vision_msgs/msg/detail/bounding_box2_d_array__builder.hpp
-- Installing: /ros2_ws/install/vision_msgs/include/vision_msgs/vision_msgs/msg/detail/object_hypothesis_with_pose__type_support.hpp
-- Installing: /ros2_ws/install/vision_msgs/include/vision_msgs/vision_msgs/msg/detail/bounding_box3_d__builder.hpp
-- Installing: /ros2_ws/install/vision_msgs/include/vision_msgs/vision_msgs/msg/detail/detection2_d__type_support.hpp
-- Installing: /ros2_ws/install/vision_msgs/include/vision_msgs/vision_msgs/msg/detail/detection3_d_array__struct.hpp
-- Installing: /ros2_ws/install/vision_msgs/include/vision_msgs/vision_msgs/msg/detail/detection2_d_array__builder.hpp
-- Installing: /ros2_ws/install/vision_msgs/include/vision_msgs/vision_msgs/msg/detail/bounding_box3_d_array__type_support.hpp
-- Installing: /ros2_ws/install/vision_msgs/include/vision_msgs/vision_msgs/msg/detail/detection3_d_array__builder.hpp
-- Installing: /ros2_ws/install/vision_msgs/include/vision_msgs/vision_msgs/msg/detail/classification3_d__type_support.hpp
-- Installing: /ros2_ws/install/vision_msgs/include/vision_msgs/vision_msgs/msg/detail/classification3_d__struct.hpp
-- Installing: /ros2_ws/install/vision_msgs/include/vision_msgs/vision_msgs/msg/detail/detection2_d_array__type_support.hpp
-- Installing: /ros2_ws/install/vision_msgs/include/vision_msgs/vision_msgs/msg/detail/object_hypothesis_with_pose__traits.hpp
-- Installing: /ros2_ws/install/vision_msgs/include/vision_msgs/vision_msgs/msg/detail/bounding_box2_d_array__struct.hpp
-- Installing: /ros2_ws/install/vision_msgs/include/vision_msgs/vision_msgs/msg/detail/object_hypothesis_with_pose__builder.hpp
-- Installing: /ros2_ws/install/vision_msgs/include/vision_msgs/vision_msgs/msg/detail/classification2_d__traits.hpp
-- Installing: /ros2_ws/install/vision_msgs/include/vision_msgs/vision_msgs/msg/detail/classification2_d__type_support.hpp
-- Installing: /ros2_ws/install/vision_msgs/include/vision_msgs/vision_msgs/msg/detail/classification3_d__builder.hpp
-- Installing: /ros2_ws/install/vision_msgs/include/vision_msgs/vision_msgs/msg/detail/bounding_box3_d__struct.hpp
-- Installing: /ros2_ws/install/vision_msgs/include/vision_msgs/vision_msgs/msg/detail/bounding_box3_d_array__builder.hpp
-- Installing: /ros2_ws/install/vision_msgs/include/vision_msgs/vision_msgs/msg/detail/bounding_box2_d__traits.hpp
-- Installing: /ros2_ws/install/vision_msgs/include/vision_msgs/vision_msgs/msg/detail/classification2_d__struct.hpp
-- Installing: /ros2_ws/install/vision_msgs/include/vision_msgs/vision_msgs/msg/detail/detection2_d_array__traits.hpp
-- Installing: /ros2_ws/install/vision_msgs/include/vision_msgs/vision_msgs/msg/detail/detection3_d__type_support.hpp
-- Installing: /ros2_ws/install/vision_msgs/include/vision_msgs/vision_msgs/msg/detail/vision_info__builder.hpp
-- Installing: /ros2_ws/install/vision_msgs/include/vision_msgs/vision_msgs/msg/detail/bounding_box3_d_array__struct.hpp
-- Installing: /ros2_ws/install/vision_msgs/include/vision_msgs/vision_msgs/msg/detail/detection3_d_array__type_support.hpp
-- Installing: /ros2_ws/install/vision_msgs/include/vision_msgs/vision_msgs/msg/detail/detection3_d__builder.hpp
-- Installing: /ros2_ws/install/vision_msgs/include/vision_msgs/vision_msgs/msg/detail/classification3_d__traits.hpp
-- Installing: /ros2_ws/install/vision_msgs/include/vision_msgs/vision_msgs/msg/detail/detection3_d_array__traits.hpp
-- Installing: /ros2_ws/install/vision_msgs/include/vision_msgs/vision_msgs/msg/detail/bounding_box3_d__type_support.hpp
-- Installing: /ros2_ws/install/vision_msgs/include/vision_msgs/vision_msgs/msg/detail/bounding_box2_d__type_support.hpp
-- Installing: /ros2_ws/install/vision_msgs/include/vision_msgs/vision_msgs/msg/detail/bounding_box3_d_array__traits.hpp
-- Up-to-date: /ros2_ws/install/vision_msgs/include/vision_msgs/vision_msgs
-- Up-to-date: /ros2_ws/install/vision_msgs/include/vision_msgs/vision_msgs/msg
-- Installing: /ros2_ws/install/vision_msgs/include/vision_msgs/vision_msgs/msg/rosidl_typesupport_fastrtps_cpp__visibility_control.h
-- Up-to-date: /ros2_ws/install/vision_msgs/include/vision_msgs/vision_msgs/msg/detail
-- Installing: /ros2_ws/install/vision_msgs/include/vision_msgs/vision_msgs/msg/detail/bounding_box2_d_array__rosidl_typesupport_fastrtps_cpp.hpp
-- Installing: /ros2_ws/install/vision_msgs/include/vision_msgs/vision_msgs/msg/detail/bounding_box3_d__rosidl_typesupport_fastrtps_cpp.hpp
-- Installing: /ros2_ws/install/vision_msgs/include/vision_msgs/vision_msgs/msg/detail/detection2_d__rosidl_typesupport_fastrtps_cpp.hpp
-- Installing: /ros2_ws/install/vision_msgs/include/vision_msgs/vision_msgs/msg/detail/bounding_box2_d__rosidl_typesupport_fastrtps_cpp.hpp
-- Installing: /ros2_ws/install/vision_msgs/include/vision_msgs/vision_msgs/msg/detail/bounding_box3_d_array__rosidl_typesupport_fastrtps_cpp.hpp
-- Installing: /ros2_ws/install/vision_msgs/include/vision_msgs/vision_msgs/msg/detail/classification2_d__rosidl_typesupport_fastrtps_cpp.hpp
-- Installing: /ros2_ws/install/vision_msgs/include/vision_msgs/vision_msgs/msg/detail/object_hypothesis_with_pose__rosidl_typesupport_fastrtps_cpp.hpp
-- Installing: /ros2_ws/install/vision_msgs/include/vision_msgs/vision_msgs/msg/detail/object_hypothesis__rosidl_typesupport_fastrtps_cpp.hpp
-- Installing: /ros2_ws/install/vision_msgs/include/vision_msgs/vision_msgs/msg/detail/vision_info__rosidl_typesupport_fastrtps_cpp.hpp
-- Installing: /ros2_ws/install/vision_msgs/include/vision_msgs/vision_msgs/msg/detail/classification3_d__rosidl_typesupport_fastrtps_cpp.hpp
-- Installing: /ros2_ws/install/vision_msgs/include/vision_msgs/vision_msgs/msg/detail/detection3_d_array__rosidl_typesupport_fastrtps_cpp.hpp
-- Installing: /ros2_ws/install/vision_msgs/include/vision_msgs/vision_msgs/msg/detail/detection2_d_array__rosidl_typesupport_fastrtps_cpp.hpp
-- Installing: /ros2_ws/install/vision_msgs/include/vision_msgs/vision_msgs/msg/detail/detection3_d__rosidl_typesupport_fastrtps_cpp.hpp
-- Installing: /ros2_ws/install/vision_msgs/include/vision_msgs/vision_msgs/msg/detail/dds_fastrtps
-- Installing: /ros2_ws/install/vision_msgs/lib/libvision_msgs__rosidl_typesupport_fastrtps_cpp.so
-- Set runtime path of "/ros2_ws/install/vision_msgs/lib/libvision_msgs__rosidl_typesupport_fastrtps_cpp.so" to ""
-- Up-to-date: /ros2_ws/install/vision_msgs/include/vision_msgs/vision_msgs
-- Up-to-date: /ros2_ws/install/vision_msgs/include/vision_msgs/vision_msgs/msg
-- Up-to-date: /ros2_ws/install/vision_msgs/include/vision_msgs/vision_msgs/msg/detail
-- Installing: /ros2_ws/install/vision_msgs/include/vision_msgs/vision_msgs/msg/detail/detection2_d_array__rosidl_typesupport_introspection_c.h
-- Installing: /ros2_ws/install/vision_msgs/include/vision_msgs/vision_msgs/msg/detail/classification2_d__type_support.c
-- Installing: /ros2_ws/install/vision_msgs/include/vision_msgs/vision_msgs/msg/detail/bounding_box3_d_array__type_support.c
-- Installing: /ros2_ws/install/vision_msgs/include/vision_msgs/vision_msgs/msg/detail/classification3_d__type_support.c
-- Installing: /ros2_ws/install/vision_msgs/include/vision_msgs/vision_msgs/msg/detail/detection2_d_array__type_support.c
-- Installing: /ros2_ws/install/vision_msgs/include/vision_msgs/vision_msgs/msg/detail/bounding_box2_d__type_support.c
-- Installing: /ros2_ws/install/vision_msgs/include/vision_msgs/vision_msgs/msg/detail/object_hypothesis_with_pose__type_support.c
-- Installing: /ros2_ws/install/vision_msgs/include/vision_msgs/vision_msgs/msg/detail/detection2_d__rosidl_typesupport_introspection_c.h
-- Installing: /ros2_ws/install/vision_msgs/include/vision_msgs/vision_msgs/msg/detail/vision_info__rosidl_typesupport_introspection_c.h
-- Installing: /ros2_ws/install/vision_msgs/include/vision_msgs/vision_msgs/msg/detail/object_hypothesis__rosidl_typesupport_introspection_c.h
-- Installing: /ros2_ws/install/vision_msgs/include/vision_msgs/vision_msgs/msg/detail/classification2_d__rosidl_typesupport_introspection_c.h
-- Installing: /ros2_ws/install/vision_msgs/include/vision_msgs/vision_msgs/msg/detail/bounding_box3_d__type_support.c
-- Installing: /ros2_ws/install/vision_msgs/include/vision_msgs/vision_msgs/msg/detail/bounding_box2_d_array__rosidl_typesupport_introspection_c.h
-- Installing: /ros2_ws/install/vision_msgs/include/vision_msgs/vision_msgs/msg/detail/classification3_d__rosidl_typesupport_introspection_c.h
-- Installing: /ros2_ws/install/vision_msgs/include/vision_msgs/vision_msgs/msg/detail/detection3_d__type_support.c
-- Installing: /ros2_ws/install/vision_msgs/include/vision_msgs/vision_msgs/msg/detail/object_hypothesis__type_support.c
-- Installing: /ros2_ws/install/vision_msgs/include/vision_msgs/vision_msgs/msg/detail/vision_info__type_support.c
-- Installing: /ros2_ws/install/vision_msgs/include/vision_msgs/vision_msgs/msg/detail/detection3_d__rosidl_typesupport_introspection_c.h
-- Installing: /ros2_ws/install/vision_msgs/include/vision_msgs/vision_msgs/msg/detail/object_hypothesis_with_pose__rosidl_typesupport_introspection_c.h
-- Installing: /ros2_ws/install/vision_msgs/include/vision_msgs/vision_msgs/msg/detail/detection3_d_array__type_support.c
-- Installing: /ros2_ws/install/vision_msgs/include/vision_msgs/vision_msgs/msg/detail/bounding_box3_d__rosidl_typesupport_introspection_c.h
-- Installing: /ros2_ws/install/vision_msgs/include/vision_msgs/vision_msgs/msg/detail/bounding_box2_d_array__type_support.c
-- Installing: /ros2_ws/install/vision_msgs/include/vision_msgs/vision_msgs/msg/detail/bounding_box2_d__rosidl_typesupport_introspection_c.h
-- Installing: /ros2_ws/install/vision_msgs/include/vision_msgs/vision_msgs/msg/detail/detection2_d__type_support.c
-- Installing: /ros2_ws/install/vision_msgs/include/vision_msgs/vision_msgs/msg/detail/bounding_box3_d_array__rosidl_typesupport_introspection_c.h
-- Installing: /ros2_ws/install/vision_msgs/include/vision_msgs/vision_msgs/msg/detail/detection3_d_array__rosidl_typesupport_introspection_c.h
-- Installing: /ros2_ws/install/vision_msgs/include/vision_msgs/vision_msgs/msg/rosidl_typesupport_introspection_c__visibility_control.h
-- Installing: /ros2_ws/install/vision_msgs/lib/libvision_msgs__rosidl_typesupport_introspection_c.so
-- Set runtime path of "/ros2_ws/install/vision_msgs/lib/libvision_msgs__rosidl_typesupport_introspection_c.so" to ""
-- Installing: /ros2_ws/install/vision_msgs/lib/libvision_msgs__rosidl_typesupport_c.so
-- Set runtime path of "/ros2_ws/install/vision_msgs/lib/libvision_msgs__rosidl_typesupport_c.so" to ""
-- Up-to-date: /ros2_ws/install/vision_msgs/include/vision_msgs/vision_msgs
-- Up-to-date: /ros2_ws/install/vision_msgs/include/vision_msgs/vision_msgs/msg
-- Up-to-date: /ros2_ws/install/vision_msgs/include/vision_msgs/vision_msgs/msg/detail
-- Installing: /ros2_ws/install/vision_msgs/include/vision_msgs/vision_msgs/msg/detail/classification2_d__rosidl_typesupport_introspection_cpp.hpp
-- Installing: /ros2_ws/install/vision_msgs/include/vision_msgs/vision_msgs/msg/detail/bounding_box2_d_array__type_support.cpp
-- Installing: /ros2_ws/install/vision_msgs/include/vision_msgs/vision_msgs/msg/detail/bounding_box2_d__rosidl_typesupport_introspection_cpp.hpp
-- Installing: /ros2_ws/install/vision_msgs/include/vision_msgs/vision_msgs/msg/detail/detection2_d_array__type_support.cpp
-- Installing: /ros2_ws/install/vision_msgs/include/vision_msgs/vision_msgs/msg/detail/detection3_d_array__type_support.cpp
-- Installing: /ros2_ws/install/vision_msgs/include/vision_msgs/vision_msgs/msg/detail/detection3_d_array__rosidl_typesupport_introspection_cpp.hpp
-- Installing: /ros2_ws/install/vision_msgs/include/vision_msgs/vision_msgs/msg/detail/object_hypothesis_with_pose__type_support.cpp
-- Installing: /ros2_ws/install/vision_msgs/include/vision_msgs/vision_msgs/msg/detail/bounding_box3_d__rosidl_typesupport_introspection_cpp.hpp
-- Installing: /ros2_ws/install/vision_msgs/include/vision_msgs/vision_msgs/msg/detail/bounding_box2_d__type_support.cpp
-- Installing: /ros2_ws/install/vision_msgs/include/vision_msgs/vision_msgs/msg/detail/detection2_d__rosidl_typesupport_introspection_cpp.hpp
-- Installing: /ros2_ws/install/vision_msgs/include/vision_msgs/vision_msgs/msg/detail/detection2_d_array__rosidl_typesupport_introspection_cpp.hpp
-- Installing: /ros2_ws/install/vision_msgs/include/vision_msgs/vision_msgs/msg/detail/classification3_d__rosidl_typesupport_introspection_cpp.hpp
-- Installing: /ros2_ws/install/vision_msgs/include/vision_msgs/vision_msgs/msg/detail/classification3_d__type_support.cpp
-- Installing: /ros2_ws/install/vision_msgs/include/vision_msgs/vision_msgs/msg/detail/bounding_box3_d__type_support.cpp
-- Installing: /ros2_ws/install/vision_msgs/include/vision_msgs/vision_msgs/msg/detail/vision_info__type_support.cpp
-- Installing: /ros2_ws/install/vision_msgs/include/vision_msgs/vision_msgs/msg/detail/bounding_box2_d_array__rosidl_typesupport_introspection_cpp.hpp
-- Installing: /ros2_ws/install/vision_msgs/include/vision_msgs/vision_msgs/msg/detail/vision_info__rosidl_typesupport_introspection_cpp.hpp
-- Installing: /ros2_ws/install/vision_msgs/include/vision_msgs/vision_msgs/msg/detail/detection3_d__type_support.cpp
-- Installing: /ros2_ws/install/vision_msgs/include/vision_msgs/vision_msgs/msg/detail/object_hypothesis_with_pose__rosidl_typesupport_introspection_cpp.hpp
-- Installing: /ros2_ws/install/vision_msgs/include/vision_msgs/vision_msgs/msg/detail/object_hypothesis__type_support.cpp
-- Installing: /ros2_ws/install/vision_msgs/include/vision_msgs/vision_msgs/msg/detail/detection2_d__type_support.cpp
-- Installing: /ros2_ws/install/vision_msgs/include/vision_msgs/vision_msgs/msg/detail/object_hypothesis__rosidl_typesupport_introspection_cpp.hpp
-- Installing: /ros2_ws/install/vision_msgs/include/vision_msgs/vision_msgs/msg/detail/bounding_box3_d_array__type_support.cpp
-- Installing: /ros2_ws/install/vision_msgs/include/vision_msgs/vision_msgs/msg/detail/classification2_d__type_support.cpp
-- Installing: /ros2_ws/install/vision_msgs/include/vision_msgs/vision_msgs/msg/detail/detection3_d__rosidl_typesupport_introspection_cpp.hpp
-- Installing: /ros2_ws/install/vision_msgs/include/vision_msgs/vision_msgs/msg/detail/bounding_box3_d_array__rosidl_typesupport_introspection_cpp.hpp
-- Installing: /ros2_ws/install/vision_msgs/lib/libvision_msgs__rosidl_typesupport_introspection_cpp.so
-- Set runtime path of "/ros2_ws/install/vision_msgs/lib/libvision_msgs__rosidl_typesupport_introspection_cpp.so" to ""
-- Installing: /ros2_ws/install/vision_msgs/lib/libvision_msgs__rosidl_typesupport_cpp.so
-- Set runtime path of "/ros2_ws/install/vision_msgs/lib/libvision_msgs__rosidl_typesupport_cpp.so" to ""
-- Installing: /ros2_ws/install/vision_msgs/share/vision_msgs/environment/pythonpath.sh
-- Installing: /ros2_ws/install/vision_msgs/share/vision_msgs/environment/pythonpath.dsv
-- Installing: /ros2_ws/install/vision_msgs/local/lib/python3.10/dist-packages/vision_msgs-2.0.0-py3.10.egg-info
-- Installing: /ros2_ws/install/vision_msgs/local/lib/python3.10/dist-packages/vision_msgs-2.0.0-py3.10.egg-info/SOURCES.txt
-- Installing: /ros2_ws/install/vision_msgs/local/lib/python3.10/dist-packages/vision_msgs-2.0.0-py3.10.egg-info/dependency_links.txt
-- Installing: /ros2_ws/install/vision_msgs/local/lib/python3.10/dist-packages/vision_msgs-2.0.0-py3.10.egg-info/top_level.txt
-- Installing: /ros2_ws/install/vision_msgs/local/lib/python3.10/dist-packages/vision_msgs-2.0.0-py3.10.egg-info/PKG-INFO
-- Installing: /ros2_ws/install/vision_msgs/local/lib/python3.10/dist-packages/vision_msgs
-- Installing: /ros2_ws/install/vision_msgs/local/lib/python3.10/dist-packages/vision_msgs/vision_msgs_s__rosidl_typesupport_c.cpython-310-aarch64-linux-gnu.so
-- Installing: /ros2_ws/install/vision_msgs/local/lib/python3.10/dist-packages/vision_msgs/vision_msgs_s__rosidl_typesupport_introspection_c.cpython-310-aarch64-linux-gnu.so
-- Installing: /ros2_ws/install/vision_msgs/local/lib/python3.10/dist-packages/vision_msgs/__init__.py
-- Installing: /ros2_ws/install/vision_msgs/local/lib/python3.10/dist-packages/vision_msgs/libvision_msgs__rosidl_generator_py.so
-- Installing: /ros2_ws/install/vision_msgs/local/lib/python3.10/dist-packages/vision_msgs/_vision_msgs_s.ep.rosidl_typesupport_c.c
-- Installing: /ros2_ws/install/vision_msgs/local/lib/python3.10/dist-packages/vision_msgs/_vision_msgs_s.ep.rosidl_typesupport_fastrtps_c.c
-- Installing: /ros2_ws/install/vision_msgs/local/lib/python3.10/dist-packages/vision_msgs/_vision_msgs_s.ep.rosidl_typesupport_introspection_c.c
-- Installing: /ros2_ws/install/vision_msgs/local/lib/python3.10/dist-packages/vision_msgs/msg
-- Installing: /ros2_ws/install/vision_msgs/local/lib/python3.10/dist-packages/vision_msgs/msg/_classification3_d_s.c
-- Installing: /ros2_ws/install/vision_msgs/local/lib/python3.10/dist-packages/vision_msgs/msg/_detection3_d_array.py
-- Installing: /ros2_ws/install/vision_msgs/local/lib/python3.10/dist-packages/vision_msgs/msg/_bounding_box3_d_array_s.c
-- Installing: /ros2_ws/install/vision_msgs/local/lib/python3.10/dist-packages/vision_msgs/msg/_bounding_box2_d_array.py
-- Installing: /ros2_ws/install/vision_msgs/local/lib/python3.10/dist-packages/vision_msgs/msg/_detection3_d.py
-- Installing: /ros2_ws/install/vision_msgs/local/lib/python3.10/dist-packages/vision_msgs/msg/__init__.py
-- Installing: /ros2_ws/install/vision_msgs/local/lib/python3.10/dist-packages/vision_msgs/msg/_bounding_box3_d_array.py
-- Installing: /ros2_ws/install/vision_msgs/local/lib/python3.10/dist-packages/vision_msgs/msg/_detection2_d_s.c
-- Installing: /ros2_ws/install/vision_msgs/local/lib/python3.10/dist-packages/vision_msgs/msg/_detection3_d_s.c
-- Installing: /ros2_ws/install/vision_msgs/local/lib/python3.10/dist-packages/vision_msgs/msg/_bounding_box2_d_s.c
-- Installing: /ros2_ws/install/vision_msgs/local/lib/python3.10/dist-packages/vision_msgs/msg/_object_hypothesis.py
-- Installing: /ros2_ws/install/vision_msgs/local/lib/python3.10/dist-packages/vision_msgs/msg/_bounding_box3_d.py
-- Installing: /ros2_ws/install/vision_msgs/local/lib/python3.10/dist-packages/vision_msgs/msg/_classification2_d_s.c
-- Installing: /ros2_ws/install/vision_msgs/local/lib/python3.10/dist-packages/vision_msgs/msg/_detection2_d_array.py
-- Installing: /ros2_ws/install/vision_msgs/local/lib/python3.10/dist-packages/vision_msgs/msg/_classification3_d.py
-- Installing: /ros2_ws/install/vision_msgs/local/lib/python3.10/dist-packages/vision_msgs/msg/_bounding_box2_d_array_s.c
-- Installing: /ros2_ws/install/vision_msgs/local/lib/python3.10/dist-packages/vision_msgs/msg/_vision_info.py
-- Installing: /ros2_ws/install/vision_msgs/local/lib/python3.10/dist-packages/vision_msgs/msg/_classification2_d.py
-- Installing: /ros2_ws/install/vision_msgs/local/lib/python3.10/dist-packages/vision_msgs/msg/_detection2_d_array_s.c
-- Installing: /ros2_ws/install/vision_msgs/local/lib/python3.10/dist-packages/vision_msgs/msg/_object_hypothesis_s.c
-- Installing: /ros2_ws/install/vision_msgs/local/lib/python3.10/dist-packages/vision_msgs/msg/_bounding_box3_d_s.c
-- Installing: /ros2_ws/install/vision_msgs/local/lib/python3.10/dist-packages/vision_msgs/msg/_bounding_box2_d.py
-- Installing: /ros2_ws/install/vision_msgs/local/lib/python3.10/dist-packages/vision_msgs/msg/_vision_info_s.c
-- Installing: /ros2_ws/install/vision_msgs/local/lib/python3.10/dist-packages/vision_msgs/msg/_detection3_d_array_s.c
-- Installing: /ros2_ws/install/vision_msgs/local/lib/python3.10/dist-packages/vision_msgs/msg/_detection2_d.py
-- Installing: /ros2_ws/install/vision_msgs/local/lib/python3.10/dist-packages/vision_msgs/msg/_object_hypothesis_with_pose_s.c
-- Installing: /ros2_ws/install/vision_msgs/local/lib/python3.10/dist-packages/vision_msgs/msg/_object_hypothesis_with_pose.py
-- Installing: /ros2_ws/install/vision_msgs/local/lib/python3.10/dist-packages/vision_msgs/vision_msgs_s__rosidl_typesupport_fastrtps_c.cpython-310-aarch64-linux-gnu.so
Listing '/ros2_ws/install/vision_msgs/local/lib/python3.10/dist-packages/vision_msgs'...
Compiling '/ros2_ws/install/vision_msgs/local/lib/python3.10/dist-packages/vision_msgs/__init__.py'...
Listing '/ros2_ws/install/vision_msgs/local/lib/python3.10/dist-packages/vision_msgs/msg'...
Compiling '/ros2_ws/install/vision_msgs/local/lib/python3.10/dist-packages/vision_msgs/msg/__init__.py'...
Compiling '/ros2_ws/install/vision_msgs/local/lib/python3.10/dist-packages/vision_msgs/msg/_bounding_box2_d.py'...
Compiling '/ros2_ws/install/vision_msgs/local/lib/python3.10/dist-packages/vision_msgs/msg/_bounding_box2_d_array.py'...
Compiling '/ros2_ws/install/vision_msgs/local/lib/python3.10/dist-packages/vision_msgs/msg/_bounding_box3_d.py'...
Compiling '/ros2_ws/install/vision_msgs/local/lib/python3.10/dist-packages/vision_msgs/msg/_bounding_box3_d_array.py'...
Compiling '/ros2_ws/install/vision_msgs/local/lib/python3.10/dist-packages/vision_msgs/msg/_classification2_d.py'...
Compiling '/ros2_ws/install/vision_msgs/local/lib/python3.10/dist-packages/vision_msgs/msg/_classification3_d.py'...
Compiling '/ros2_ws/install/vision_msgs/local/lib/python3.10/dist-packages/vision_msgs/msg/_detection2_d.py'...
Compiling '/ros2_ws/install/vision_msgs/local/lib/python3.10/dist-packages/vision_msgs/msg/_detection2_d_array.py'...
Compiling '/ros2_ws/install/vision_msgs/local/lib/python3.10/dist-packages/vision_msgs/msg/_detection3_d.py'...
Compiling '/ros2_ws/install/vision_msgs/local/lib/python3.10/dist-packages/vision_msgs/msg/_detection3_d_array.py'...
Compiling '/ros2_ws/install/vision_msgs/local/lib/python3.10/dist-packages/vision_msgs/msg/_object_hypothesis.py'...
Compiling '/ros2_ws/install/vision_msgs/local/lib/python3.10/dist-packages/vision_msgs/msg/_object_hypothesis_with_pose.py'...
Compiling '/ros2_ws/install/vision_msgs/local/lib/python3.10/dist-packages/vision_msgs/msg/_vision_info.py'...
-- Installing: /ros2_ws/install/vision_msgs/local/lib/python3.10/dist-packages/vision_msgs/vision_msgs_s__rosidl_typesupport_fastrtps_c.cpython-310-aarch64-linux-gnu.so
-- Set runtime path of "/ros2_ws/install/vision_msgs/local/lib/python3.10/dist-packages/vision_msgs/vision_msgs_s__rosidl_typesupport_fastrtps_c.cpython-310-aarch64-linux-gnu.so" to ""
-- Installing: /ros2_ws/install/vision_msgs/local/lib/python3.10/dist-packages/vision_msgs/vision_msgs_s__rosidl_typesupport_introspection_c.cpython-310-aarch64-linux-gnu.so
-- Set runtime path of "/ros2_ws/install/vision_msgs/local/lib/python3.10/dist-packages/vision_msgs/vision_msgs_s__rosidl_typesupport_introspection_c.cpython-310-aarch64-linux-gnu.so" to ""
-- Installing: /ros2_ws/install/vision_msgs/local/lib/python3.10/dist-packages/vision_msgs/vision_msgs_s__rosidl_typesupport_c.cpython-310-aarch64-linux-gnu.so
-- Set runtime path of "/ros2_ws/install/vision_msgs/local/lib/python3.10/dist-packages/vision_msgs/vision_msgs_s__rosidl_typesupport_c.cpython-310-aarch64-linux-gnu.so" to ""
-- Installing: /ros2_ws/install/vision_msgs/lib/libvision_msgs__rosidl_generator_py.so
-- Set runtime path of "/ros2_ws/install/vision_msgs/lib/libvision_msgs__rosidl_generator_py.so" to ""
-- Installing: /ros2_ws/install/vision_msgs/share/ament_index/resource_index/rust_packages/vision_msgs
-- Installing: /ros2_ws/install/vision_msgs/share/vision_msgs/rust
-- Installing: /ros2_ws/install/vision_msgs/share/vision_msgs/rust/src
-- Installing: /ros2_ws/install/vision_msgs/share/vision_msgs/rust/src/msg
-- Installing: /ros2_ws/install/vision_msgs/share/vision_msgs/rust/src/msg/rmw.rs
-- Installing: /ros2_ws/install/vision_msgs/share/vision_msgs/rust/src/msg.rs
-- Installing: /ros2_ws/install/vision_msgs/share/vision_msgs/rust/src/lib.rs
-- Installing: /ros2_ws/install/vision_msgs/share/vision_msgs/rust/Cargo.toml
-- Installing: /ros2_ws/install/vision_msgs/share/vision_msgs/rust/build.rs
-- Installing: /ros2_ws/install/vision_msgs/share/vision_msgs/msg/BoundingBox2D.idl
-- Installing: /ros2_ws/install/vision_msgs/share/vision_msgs/msg/BoundingBox2DArray.idl
-- Installing: /ros2_ws/install/vision_msgs/share/vision_msgs/msg/BoundingBox3D.idl
-- Installing: /ros2_ws/install/vision_msgs/share/vision_msgs/msg/BoundingBox3DArray.idl
-- Installing: /ros2_ws/install/vision_msgs/share/vision_msgs/msg/Classification2D.idl
-- Installing: /ros2_ws/install/vision_msgs/share/vision_msgs/msg/Classification3D.idl
-- Installing: /ros2_ws/install/vision_msgs/share/vision_msgs/msg/Detection2DArray.idl
-- Installing: /ros2_ws/install/vision_msgs/share/vision_msgs/msg/Detection2D.idl
-- Installing: /ros2_ws/install/vision_msgs/share/vision_msgs/msg/Detection3DArray.idl
-- Installing: /ros2_ws/install/vision_msgs/share/vision_msgs/msg/Detection3D.idl
-- Installing: /ros2_ws/install/vision_msgs/share/vision_msgs/msg/ObjectHypothesis.idl
-- Installing: /ros2_ws/install/vision_msgs/share/vision_msgs/msg/ObjectHypothesisWithPose.idl
-- Installing: /ros2_ws/install/vision_msgs/share/vision_msgs/msg/VisionInfo.idl
-- Installing: /ros2_ws/install/vision_msgs/share/vision_msgs/msg/BoundingBox2D.msg
-- Installing: /ros2_ws/install/vision_msgs/share/vision_msgs/msg/BoundingBox2DArray.msg
-- Installing: /ros2_ws/install/vision_msgs/share/vision_msgs/msg/BoundingBox3D.msg
-- Installing: /ros2_ws/install/vision_msgs/share/vision_msgs/msg/BoundingBox3DArray.msg
-- Installing: /ros2_ws/install/vision_msgs/share/vision_msgs/msg/Classification2D.msg
-- Installing: /ros2_ws/install/vision_msgs/share/vision_msgs/msg/Classification3D.msg
-- Installing: /ros2_ws/install/vision_msgs/share/vision_msgs/msg/Detection2DArray.msg
-- Installing: /ros2_ws/install/vision_msgs/share/vision_msgs/msg/Detection2D.msg
-- Installing: /ros2_ws/install/vision_msgs/share/vision_msgs/msg/Detection3DArray.msg
-- Installing: /ros2_ws/install/vision_msgs/share/vision_msgs/msg/Detection3D.msg
-- Installing: /ros2_ws/install/vision_msgs/share/vision_msgs/msg/ObjectHypothesis.msg
-- Installing: /ros2_ws/install/vision_msgs/share/vision_msgs/msg/ObjectHypothesisWithPose.msg
-- Installing: /ros2_ws/install/vision_msgs/share/vision_msgs/msg/VisionInfo.msg
-- Up-to-date: /ros2_ws/install/vision_msgs/include/vision_msgs
-- Installing: /ros2_ws/install/vision_msgs/include/vision_msgs/create_aabb.hpp
-- Installing: /ros2_ws/install/vision_msgs/share/ament_index/resource_index/package_run_dependencies/vision_msgs
-- Installing: /ros2_ws/install/vision_msgs/share/ament_index/resource_index/parent_prefix_path/vision_msgs
-- Installing: /ros2_ws/install/vision_msgs/share/vision_msgs/environment/ament_prefix_path.sh
-- Installing: /ros2_ws/install/vision_msgs/share/vision_msgs/environment/ament_prefix_path.dsv
-- Installing: /ros2_ws/install/vision_msgs/share/vision_msgs/environment/path.sh
-- Installing: /ros2_ws/install/vision_msgs/share/vision_msgs/environment/path.dsv
-- Installing: /ros2_ws/install/vision_msgs/share/vision_msgs/local_setup.bash
-- Installing: /ros2_ws/install/vision_msgs/share/vision_msgs/local_setup.sh
-- Installing: /ros2_ws/install/vision_msgs/share/vision_msgs/local_setup.zsh
-- Installing: /ros2_ws/install/vision_msgs/share/vision_msgs/local_setup.dsv
-- Installing: /ros2_ws/install/vision_msgs/share/vision_msgs/package.dsv
-- Installing: /ros2_ws/install/vision_msgs/share/ament_index/resource_index/packages/vision_msgs
-- Installing: /ros2_ws/install/vision_msgs/share/vision_msgs/cmake/export_vision_msgs__rosidl_generator_cExport.cmake
-- Installing: /ros2_ws/install/vision_msgs/share/vision_msgs/cmake/export_vision_msgs__rosidl_generator_cExport-noconfig.cmake
-- Installing: /ros2_ws/install/vision_msgs/share/vision_msgs/cmake/export_vision_msgs__rosidl_typesupport_fastrtps_cExport.cmake
-- Installing: /ros2_ws/install/vision_msgs/share/vision_msgs/cmake/export_vision_msgs__rosidl_typesupport_fastrtps_cExport-noconfig.cmake
-- Installing: /ros2_ws/install/vision_msgs/share/vision_msgs/cmake/export_vision_msgs__rosidl_generator_cppExport.cmake
-- Installing: /ros2_ws/install/vision_msgs/share/vision_msgs/cmake/export_vision_msgs__rosidl_typesupport_fastrtps_cppExport.cmake
-- Installing: /ros2_ws/install/vision_msgs/share/vision_msgs/cmake/export_vision_msgs__rosidl_typesupport_fastrtps_cppExport-noconfig.cmake
-- Installing: /ros2_ws/install/vision_msgs/share/vision_msgs/cmake/vision_msgs__rosidl_typesupport_introspection_cExport.cmake
-- Installing: /ros2_ws/install/vision_msgs/share/vision_msgs/cmake/vision_msgs__rosidl_typesupport_introspection_cExport-noconfig.cmake
-- Installing: /ros2_ws/install/vision_msgs/share/vision_msgs/cmake/vision_msgs__rosidl_typesupport_cExport.cmake
-- Installing: /ros2_ws/install/vision_msgs/share/vision_msgs/cmake/vision_msgs__rosidl_typesupport_cExport-noconfig.cmake
-- Installing: /ros2_ws/install/vision_msgs/share/vision_msgs/cmake/vision_msgs__rosidl_typesupport_introspection_cppExport.cmake
-- Installing: /ros2_ws/install/vision_msgs/share/vision_msgs/cmake/vision_msgs__rosidl_typesupport_introspection_cppExport-noconfig.cmake
-- Installing: /ros2_ws/install/vision_msgs/share/vision_msgs/cmake/vision_msgs__rosidl_typesupport_cppExport.cmake
-- Installing: /ros2_ws/install/vision_msgs/share/vision_msgs/cmake/vision_msgs__rosidl_typesupport_cppExport-noconfig.cmake
-- Installing: /ros2_ws/install/vision_msgs/share/vision_msgs/cmake/export_vision_msgs__rosidl_generator_pyExport.cmake
-- Installing: /ros2_ws/install/vision_msgs/share/vision_msgs/cmake/export_vision_msgs__rosidl_generator_pyExport-noconfig.cmake
-- Installing: /ros2_ws/install/vision_msgs/share/vision_msgs/cmake/rosidl_cmake-extras.cmake
-- Installing: /ros2_ws/install/vision_msgs/share/vision_msgs/cmake/ament_cmake_export_dependencies-extras.cmake
-- Installing: /ros2_ws/install/vision_msgs/share/vision_msgs/cmake/ament_cmake_export_include_directories-extras.cmake
-- Installing: /ros2_ws/install/vision_msgs/share/vision_msgs/cmake/ament_cmake_export_libraries-extras.cmake
-- Installing: /ros2_ws/install/vision_msgs/share/vision_msgs/cmake/ament_cmake_export_targets-extras.cmake
-- Installing: /ros2_ws/install/vision_msgs/share/vision_msgs/cmake/rosidl_cmake_export_typesupport_targets-extras.cmake
-- Installing: /ros2_ws/install/vision_msgs/share/vision_msgs/cmake/rosidl_cmake_export_typesupport_libraries-extras.cmake
-- Installing: /ros2_ws/install/vision_msgs/share/vision_msgs/cmake/vision_msgsConfig.cmake
-- Installing: /ros2_ws/install/vision_msgs/share/vision_msgs/cmake/vision_msgsConfig-version.cmake
-- Installing: /ros2_ws/install/vision_msgs/share/vision_msgs/package.xml
