[0.071s] Invoking command in '/ros2_ws/build/vision_msgs': AMENT_PREFIX_PATH=/ros2_ws/install/sensor_msgs:/ros2_ws/install/geometry_msgs:/ros2_ws/install/std_msgs:${AMENT_PREFIX_PATH} CMAKE_PREFIX_PATH=/ros2_ws/install/sensor_msgs:/ros2_ws/install/geometry_msgs:/ros2_ws/install/std_msgs:/opt/ros/humble LD_LIBRARY_PATH=/ros2_ws/install/sensor_msgs/lib:/ros2_ws/install/geometry_msgs/lib:/ros2_ws/install/std_msgs/lib:${LD_LIBRARY_PATH} PYTHONPATH=/ros2_ws/install/sensor_msgs/local/lib/python3.10/dist-packages:/ros2_ws/install/geometry_msgs/local/lib/python3.10/dist-packages:/ros2_ws/install/std_msgs/local/lib/python3.10/dist-packages:${PYTHONPATH} /usr/bin/cmake --build /ros2_ws/build/vision_msgs -- -j4 -l4
[0.554s] [35m[1mConsolidate compiler generated dependencies of target vision_msgs__rosidl_generator_c[0m
[0.561s] [  1%] Built target vision_msgs__rs
[0.702s] [35m[1mConsolidate compiler generated dependencies of target gtest_main[0m
[0.735s] [  2%] Built target vision_msgs__cpp
[0.768s] [ 13%] Built target vision_msgs__rosidl_generator_c
[0.882s] [35m[1mConsolidate compiler generated dependencies of target gtest[0m
[0.907s] [ 14%] Built target gtest_main
[0.924s] [ 14%] Built target ament_cmake_python_copy_vision_msgs
[1.049s] [35m[1mConsolidate compiler generated dependencies of target vision_msgs__rosidl_typesupport_fastrtps_c[0m
[1.161s] [35m[1mConsolidate compiler generated dependencies of target vision_msgs__rosidl_typesupport_introspection_c[0m
[1.176s] [ 15%] Built target gtest
[1.278s] [35m[1mConsolidate compiler generated dependencies of target vision_msgs__rosidl_typesupport_fastrtps_cpp[0m
[1.357s] [ 27%] Built target vision_msgs__rosidl_typesupport_introspection_c
[1.357s] [ 38%] Built target vision_msgs__rosidl_typesupport_fastrtps_c
[1.417s] [35m[1mConsolidate compiler generated dependencies of target vision_msgs__rosidl_typesupport_c[0m
[1.499s] [35m[1mConsolidate compiler generated dependencies of target vision_msgs__rosidl_typesupport_introspection_cpp[0m
[1.535s] [35m[1mConsolidate compiler generated dependencies of target vision_msgs__rosidl_typesupport_cpp[0m
[1.542s] [ 49%] Built target vision_msgs__rosidl_typesupport_c
[1.601s] [ 60%] Built target vision_msgs__rosidl_typesupport_fastrtps_cpp
[1.688s] [ 71%] Built target vision_msgs__rosidl_typesupport_introspection_cpp
[1.858s] [ 83%] Built target vision_msgs__rosidl_typesupport_cpp
[2.159s] [ 83%] Built target vision_msgs
[2.336s] [35m[1mConsolidate compiler generated dependencies of target vision_msgs_test[0m
[2.540s] [ 85%] Built target vision_msgs_test
[2.587s] [ 86%] Built target vision_msgs__py
[2.685s] [35m[1mConsolidate compiler generated dependencies of target vision_msgs__rosidl_generator_py[0m
[2.836s] [ 97%] Built target vision_msgs__rosidl_generator_py
[2.947s] [35m[1mConsolidate compiler generated dependencies of target vision_msgs__rosidl_typesupport_c__pyext[0m
[2.965s] [35m[1mConsolidate compiler generated dependencies of target vision_msgs__rosidl_typesupport_introspection_c__pyext[0m
[3.030s] [35m[1mConsolidate compiler generated dependencies of target vision_msgs__rosidl_typesupport_fastrtps_c__pyext[0m
[3.073s] [ 98%] Built target vision_msgs__rosidl_typesupport_c__pyext
[3.086s] [ 99%] Built target vision_msgs__rosidl_typesupport_introspection_c__pyext
[3.087s] [100%] Built target vision_msgs__rosidl_typesupport_fastrtps_c__pyext
[3.541s] running egg_info
[3.544s] writing vision_msgs.egg-info/PKG-INFO
[3.544s] writing dependency_links to vision_msgs.egg-info/dependency_links.txt
[3.545s] writing top-level names to vision_msgs.egg-info/top_level.txt
[3.555s] reading manifest file 'vision_msgs.egg-info/SOURCES.txt'
[3.559s] writing manifest file 'vision_msgs.egg-info/SOURCES.txt'
[3.680s] [100%] Built target ament_cmake_python_build_vision_msgs_egg
[4.414s] Invoked command in '/ros2_ws/build/vision_msgs' returned '0': AMENT_PREFIX_PATH=/ros2_ws/install/sensor_msgs:/ros2_ws/install/geometry_msgs:/ros2_ws/install/std_msgs:${AMENT_PREFIX_PATH} CMAKE_PREFIX_PATH=/ros2_ws/install/sensor_msgs:/ros2_ws/install/geometry_msgs:/ros2_ws/install/std_msgs:/opt/ros/humble LD_LIBRARY_PATH=/ros2_ws/install/sensor_msgs/lib:/ros2_ws/install/geometry_msgs/lib:/ros2_ws/install/std_msgs/lib:${LD_LIBRARY_PATH} PYTHONPATH=/ros2_ws/install/sensor_msgs/local/lib/python3.10/dist-packages:/ros2_ws/install/geometry_msgs/local/lib/python3.10/dist-packages:/ros2_ws/install/std_msgs/local/lib/python3.10/dist-packages:${PYTHONPATH} /usr/bin/cmake --build /ros2_ws/build/vision_msgs -- -j4 -l4
[4.421s] Invoking command in '/ros2_ws/build/vision_msgs': AMENT_PREFIX_PATH=/ros2_ws/install/sensor_msgs:/ros2_ws/install/geometry_msgs:/ros2_ws/install/std_msgs:${AMENT_PREFIX_PATH} CMAKE_PREFIX_PATH=/ros2_ws/install/sensor_msgs:/ros2_ws/install/geometry_msgs:/ros2_ws/install/std_msgs:/opt/ros/humble LD_LIBRARY_PATH=/ros2_ws/install/sensor_msgs/lib:/ros2_ws/install/geometry_msgs/lib:/ros2_ws/install/std_msgs/lib:${LD_LIBRARY_PATH} PYTHONPATH=/ros2_ws/install/sensor_msgs/local/lib/python3.10/dist-packages:/ros2_ws/install/geometry_msgs/local/lib/python3.10/dist-packages:/ros2_ws/install/std_msgs/local/lib/python3.10/dist-packages:${PYTHONPATH} /usr/bin/cmake --install /ros2_ws/build/vision_msgs
[4.458s] -- Install configuration: ""
[4.459s] -- Installing: /ros2_ws/install/vision_msgs/share/ament_index/resource_index/rosidl_interfaces/vision_msgs
[4.462s] -- Installing: /ros2_ws/install/vision_msgs/include/vision_msgs/vision_msgs
[4.463s] -- Installing: /ros2_ws/install/vision_msgs/include/vision_msgs/vision_msgs/msg
[4.463s] -- Installing: /ros2_ws/install/vision_msgs/include/vision_msgs/vision_msgs/msg/bounding_box2_d_array.h
[4.463s] -- Installing: /ros2_ws/install/vision_msgs/include/vision_msgs/vision_msgs/msg/object_hypothesis_with_pose.h
[4.464s] -- Installing: /ros2_ws/install/vision_msgs/include/vision_msgs/vision_msgs/msg/classification3_d.h
[4.465s] -- Installing: /ros2_ws/install/vision_msgs/include/vision_msgs/vision_msgs/msg/bounding_box3_d.h
[4.466s] -- Installing: /ros2_ws/install/vision_msgs/include/vision_msgs/vision_msgs/msg/detection2_d_array.h
[4.466s] -- Installing: /ros2_ws/install/vision_msgs/include/vision_msgs/vision_msgs/msg/object_hypothesis.h
[4.468s] -- Installing: /ros2_ws/install/vision_msgs/include/vision_msgs/vision_msgs/msg/detection3_d.h
[4.469s] -- Installing: /ros2_ws/install/vision_msgs/include/vision_msgs/vision_msgs/msg/detection2_d.h
[4.469s] -- Installing: /ros2_ws/install/vision_msgs/include/vision_msgs/vision_msgs/msg/vision_info.h
[4.471s] -- Installing: /ros2_ws/install/vision_msgs/include/vision_msgs/vision_msgs/msg/bounding_box2_d.h
[4.472s] -- Installing: /ros2_ws/install/vision_msgs/include/vision_msgs/vision_msgs/msg/classification2_d.h
[4.473s] -- Installing: /ros2_ws/install/vision_msgs/include/vision_msgs/vision_msgs/msg/detection3_d_array.h
[4.473s] -- Installing: /ros2_ws/install/vision_msgs/include/vision_msgs/vision_msgs/msg/detail
[4.474s] -- Installing: /ros2_ws/install/vision_msgs/include/vision_msgs/vision_msgs/msg/detail/bounding_box2_d_array__type_support.h
[4.477s] -- Installing: /ros2_ws/install/vision_msgs/include/vision_msgs/vision_msgs/msg/detail/classification3_d__functions.h
[4.477s] -- Installing: /ros2_ws/install/vision_msgs/include/vision_msgs/vision_msgs/msg/detail/detection3_d__functions.h
[4.478s] -- Installing: /ros2_ws/install/vision_msgs/include/vision_msgs/vision_msgs/msg/detail/classification2_d__type_support.h
[4.478s] -- Installing: /ros2_ws/install/vision_msgs/include/vision_msgs/vision_msgs/msg/detail/detection2_d_array__functions.c
[4.479s] -- Installing: /ros2_ws/install/vision_msgs/include/vision_msgs/vision_msgs/msg/detail/bounding_box3_d__type_support.h
[4.479s] -- Installing: /ros2_ws/install/vision_msgs/include/vision_msgs/vision_msgs/msg/detail/vision_info__functions.h
[4.480s] -- Installing: /ros2_ws/install/vision_msgs/include/vision_msgs/vision_msgs/msg/detail/bounding_box2_d__functions.c
[4.481s] -- Installing: /ros2_ws/install/vision_msgs/include/vision_msgs/vision_msgs/msg/detail/bounding_box2_d__struct.h
[4.481s] -- Installing: /ros2_ws/install/vision_msgs/include/vision_msgs/vision_msgs/msg/detail/bounding_box2_d_array__functions.c
[4.484s] -- Installing: /ros2_ws/install/vision_msgs/include/vision_msgs/vision_msgs/msg/detail/detection3_d__struct.h
[4.486s] -- Installing: /ros2_ws/install/vision_msgs/include/vision_msgs/vision_msgs/msg/detail/detection2_d__functions.c
[4.487s] -- Installing: /ros2_ws/install/vision_msgs/include/vision_msgs/vision_msgs/msg/detail/object_hypothesis_with_pose__functions.h
[4.487s] -- Installing: /ros2_ws/install/vision_msgs/include/vision_msgs/vision_msgs/msg/detail/bounding_box2_d_array__struct.h
[4.488s] -- Installing: /ros2_ws/install/vision_msgs/include/vision_msgs/vision_msgs/msg/detail/classification3_d__functions.c
[4.489s] -- Installing: /ros2_ws/install/vision_msgs/include/vision_msgs/vision_msgs/msg/detail/object_hypothesis_with_pose__type_support.h
[4.489s] -- Installing: /ros2_ws/install/vision_msgs/include/vision_msgs/vision_msgs/msg/detail/object_hypothesis__functions.c
[4.490s] -- Installing: /ros2_ws/install/vision_msgs/include/vision_msgs/vision_msgs/msg/detail/classification3_d__type_support.h
[4.491s] -- Installing: /ros2_ws/install/vision_msgs/include/vision_msgs/vision_msgs/msg/detail/object_hypothesis_with_pose__functions.c
[4.491s] -- Installing: /ros2_ws/install/vision_msgs/include/vision_msgs/vision_msgs/msg/detail/bounding_box3_d__struct.h
[4.492s] -- Installing: /ros2_ws/install/vision_msgs/include/vision_msgs/vision_msgs/msg/detail/object_hypothesis__functions.h
[4.493s] -- Installing: /ros2_ws/install/vision_msgs/include/vision_msgs/vision_msgs/msg/detail/object_hypothesis_with_pose__struct.h
[4.493s] -- Installing: /ros2_ws/install/vision_msgs/include/vision_msgs/vision_msgs/msg/detail/detection2_d__struct.h
[4.494s] -- Installing: /ros2_ws/install/vision_msgs/include/vision_msgs/vision_msgs/msg/detail/vision_info__functions.c
[4.494s] -- Installing: /ros2_ws/install/vision_msgs/include/vision_msgs/vision_msgs/msg/detail/bounding_box3_d__functions.h
[4.495s] -- Installing: /ros2_ws/install/vision_msgs/include/vision_msgs/vision_msgs/msg/detail/bounding_box3_d_array__functions.h
[4.495s] -- Installing: /ros2_ws/install/vision_msgs/include/vision_msgs/vision_msgs/msg/detail/object_hypothesis__type_support.h
[4.496s] -- Installing: /ros2_ws/install/vision_msgs/include/vision_msgs/vision_msgs/msg/detail/bounding_box2_d__functions.h
[4.496s] -- Installing: /ros2_ws/install/vision_msgs/include/vision_msgs/vision_msgs/msg/detail/bounding_box3_d__functions.c
[4.497s] -- Installing: /ros2_ws/install/vision_msgs/include/vision_msgs/vision_msgs/msg/detail/bounding_box2_d_array__functions.h
[4.498s] -- Installing: /ros2_ws/install/vision_msgs/include/vision_msgs/vision_msgs/msg/detail/object_hypothesis__struct.h
[4.499s] -- Installing: /ros2_ws/install/vision_msgs/include/vision_msgs/vision_msgs/msg/detail/classification3_d__struct.h
[4.500s] -- Installing: /ros2_ws/install/vision_msgs/include/vision_msgs/vision_msgs/msg/detail/detection3_d_array__type_support.h
[4.501s] -- Installing: /ros2_ws/install/vision_msgs/include/vision_msgs/vision_msgs/msg/detail/detection2_d_array__struct.h
[4.501s] -- Installing: /ros2_ws/install/vision_msgs/include/vision_msgs/vision_msgs/msg/detail/detection3_d__functions.c
[4.503s] -- Installing: /ros2_ws/install/vision_msgs/include/vision_msgs/vision_msgs/msg/detail/detection3_d_array__struct.h
[4.503s] -- Installing: /ros2_ws/install/vision_msgs/include/vision_msgs/vision_msgs/msg/detail/detection3_d_array__functions.c
[4.504s] -- Installing: /ros2_ws/install/vision_msgs/include/vision_msgs/vision_msgs/msg/detail/detection3_d__type_support.h
[4.505s] -- Installing: /ros2_ws/install/vision_msgs/include/vision_msgs/vision_msgs/msg/detail/detection3_d_array__functions.h
[4.509s] -- Installing: /ros2_ws/install/vision_msgs/include/vision_msgs/vision_msgs/msg/detail/classification2_d__functions.h
[4.510s] -- Installing: /ros2_ws/install/vision_msgs/include/vision_msgs/vision_msgs/msg/detail/detection2_d_array__type_support.h
[4.511s] -- Installing: /ros2_ws/install/vision_msgs/include/vision_msgs/vision_msgs/msg/detail/bounding_box3_d_array__functions.c
[4.513s] -- Installing: /ros2_ws/install/vision_msgs/include/vision_msgs/vision_msgs/msg/detail/detection2_d_array__functions.h
[4.514s] -- Installing: /ros2_ws/install/vision_msgs/include/vision_msgs/vision_msgs/msg/detail/detection2_d__type_support.h
[4.514s] -- Installing: /ros2_ws/install/vision_msgs/include/vision_msgs/vision_msgs/msg/detail/vision_info__struct.h
[4.515s] -- Installing: /ros2_ws/install/vision_msgs/include/vision_msgs/vision_msgs/msg/detail/vision_info__type_support.h
[4.515s] -- Installing: /ros2_ws/install/vision_msgs/include/vision_msgs/vision_msgs/msg/detail/bounding_box2_d__type_support.h
[4.517s] -- Installing: /ros2_ws/install/vision_msgs/include/vision_msgs/vision_msgs/msg/detail/bounding_box3_d_array__type_support.h
[4.519s] -- Installing: /ros2_ws/install/vision_msgs/include/vision_msgs/vision_msgs/msg/detail/classification2_d__struct.h
[4.525s] -- Installing: /ros2_ws/install/vision_msgs/include/vision_msgs/vision_msgs/msg/detail/classification2_d__functions.c
[4.525s] -- Installing: /ros2_ws/install/vision_msgs/include/vision_msgs/vision_msgs/msg/detail/detection2_d__functions.h
[4.526s] -- Installing: /ros2_ws/install/vision_msgs/include/vision_msgs/vision_msgs/msg/detail/bounding_box3_d_array__struct.h
[4.526s] -- Installing: /ros2_ws/install/vision_msgs/include/vision_msgs/vision_msgs/msg/bounding_box3_d_array.h
[4.526s] -- Installing: /ros2_ws/install/vision_msgs/include/vision_msgs/vision_msgs/msg/rosidl_generator_c__visibility_control.h
[4.528s] -- Installing: /ros2_ws/install/vision_msgs/share/vision_msgs/environment/library_path.sh
[4.529s] -- Installing: /ros2_ws/install/vision_msgs/share/vision_msgs/environment/library_path.dsv
[4.530s] -- Installing: /ros2_ws/install/vision_msgs/lib/libvision_msgs__rosidl_generator_c.so
[4.533s] -- Set runtime path of "/ros2_ws/install/vision_msgs/lib/libvision_msgs__rosidl_generator_c.so" to ""
[4.534s] -- Up-to-date: /ros2_ws/install/vision_msgs/include/vision_msgs/vision_msgs
[4.534s] -- Up-to-date: /ros2_ws/install/vision_msgs/include/vision_msgs/vision_msgs/msg
[4.535s] -- Installing: /ros2_ws/install/vision_msgs/include/vision_msgs/vision_msgs/msg/rosidl_typesupport_fastrtps_c__visibility_control.h
[4.535s] -- Up-to-date: /ros2_ws/install/vision_msgs/include/vision_msgs/vision_msgs/msg/detail
[4.538s] -- Installing: /ros2_ws/install/vision_msgs/include/vision_msgs/vision_msgs/msg/detail/detection2_d__rosidl_typesupport_fastrtps_c.h
[4.539s] -- Installing: /ros2_ws/install/vision_msgs/include/vision_msgs/vision_msgs/msg/detail/vision_info__rosidl_typesupport_fastrtps_c.h
[4.540s] -- Installing: /ros2_ws/install/vision_msgs/include/vision_msgs/vision_msgs/msg/detail/classification3_d__rosidl_typesupport_fastrtps_c.h
[4.543s] -- Installing: /ros2_ws/install/vision_msgs/include/vision_msgs/vision_msgs/msg/detail/object_hypothesis__rosidl_typesupport_fastrtps_c.h
[4.543s] -- Installing: /ros2_ws/install/vision_msgs/include/vision_msgs/vision_msgs/msg/detail/object_hypothesis_with_pose__rosidl_typesupport_fastrtps_c.h
[4.546s] -- Installing: /ros2_ws/install/vision_msgs/include/vision_msgs/vision_msgs/msg/detail/bounding_box2_d_array__rosidl_typesupport_fastrtps_c.h
[4.547s] -- Installing: /ros2_ws/install/vision_msgs/include/vision_msgs/vision_msgs/msg/detail/classification2_d__rosidl_typesupport_fastrtps_c.h
[4.547s] -- Installing: /ros2_ws/install/vision_msgs/include/vision_msgs/vision_msgs/msg/detail/bounding_box3_d_array__rosidl_typesupport_fastrtps_c.h
[4.548s] -- Installing: /ros2_ws/install/vision_msgs/include/vision_msgs/vision_msgs/msg/detail/bounding_box2_d__rosidl_typesupport_fastrtps_c.h
[4.549s] -- Installing: /ros2_ws/install/vision_msgs/include/vision_msgs/vision_msgs/msg/detail/bounding_box3_d__rosidl_typesupport_fastrtps_c.h
[4.550s] -- Installing: /ros2_ws/install/vision_msgs/include/vision_msgs/vision_msgs/msg/detail/detection2_d_array__rosidl_typesupport_fastrtps_c.h
[4.551s] -- Installing: /ros2_ws/install/vision_msgs/include/vision_msgs/vision_msgs/msg/detail/detection3_d_array__rosidl_typesupport_fastrtps_c.h
[4.552s] -- Installing: /ros2_ws/install/vision_msgs/include/vision_msgs/vision_msgs/msg/detail/detection3_d__rosidl_typesupport_fastrtps_c.h
[4.553s] -- Installing: /ros2_ws/install/vision_msgs/lib/libvision_msgs__rosidl_typesupport_fastrtps_c.so
[4.559s] -- Set runtime path of "/ros2_ws/install/vision_msgs/lib/libvision_msgs__rosidl_typesupport_fastrtps_c.so" to ""
[4.560s] -- Up-to-date: /ros2_ws/install/vision_msgs/include/vision_msgs/vision_msgs
[4.561s] -- Up-to-date: /ros2_ws/install/vision_msgs/include/vision_msgs/vision_msgs/msg
[4.561s] -- Installing: /ros2_ws/install/vision_msgs/include/vision_msgs/vision_msgs/msg/detection3_d.hpp
[4.562s] -- Installing: /ros2_ws/install/vision_msgs/include/vision_msgs/vision_msgs/msg/bounding_box3_d_array.hpp
[4.562s] -- Installing: /ros2_ws/install/vision_msgs/include/vision_msgs/vision_msgs/msg/object_hypothesis.hpp
[4.564s] -- Installing: /ros2_ws/install/vision_msgs/include/vision_msgs/vision_msgs/msg/bounding_box3_d.hpp
[4.565s] -- Installing: /ros2_ws/install/vision_msgs/include/vision_msgs/vision_msgs/msg/classification2_d.hpp
[4.566s] -- Installing: /ros2_ws/install/vision_msgs/include/vision_msgs/vision_msgs/msg/detection2_d_array.hpp
[4.569s] -- Installing: /ros2_ws/install/vision_msgs/include/vision_msgs/vision_msgs/msg/vision_info.hpp
[4.570s] -- Installing: /ros2_ws/install/vision_msgs/include/vision_msgs/vision_msgs/msg/bounding_box2_d_array.hpp
[4.571s] -- Installing: /ros2_ws/install/vision_msgs/include/vision_msgs/vision_msgs/msg/classification3_d.hpp
[4.573s] -- Installing: /ros2_ws/install/vision_msgs/include/vision_msgs/vision_msgs/msg/detection3_d_array.hpp
[4.574s] -- Installing: /ros2_ws/install/vision_msgs/include/vision_msgs/vision_msgs/msg/object_hypothesis_with_pose.hpp
[4.579s] -- Installing: /ros2_ws/install/vision_msgs/include/vision_msgs/vision_msgs/msg/rosidl_generator_cpp__visibility_control.hpp
[4.580s] -- Installing: /ros2_ws/install/vision_msgs/include/vision_msgs/vision_msgs/msg/bounding_box2_d.hpp
[4.581s] -- Installing: /ros2_ws/install/vision_msgs/include/vision_msgs/vision_msgs/msg/detection2_d.hpp
[4.582s] -- Up-to-date: /ros2_ws/install/vision_msgs/include/vision_msgs/vision_msgs/msg/detail
[4.585s] -- Installing: /ros2_ws/install/vision_msgs/include/vision_msgs/vision_msgs/msg/detail/detection2_d_array__struct.hpp
[4.586s] -- Installing: /ros2_ws/install/vision_msgs/include/vision_msgs/vision_msgs/msg/detail/vision_info__type_support.hpp
[4.587s] -- Installing: /ros2_ws/install/vision_msgs/include/vision_msgs/vision_msgs/msg/detail/vision_info__traits.hpp
[4.590s] -- Installing: /ros2_ws/install/vision_msgs/include/vision_msgs/vision_msgs/msg/detail/vision_info__struct.hpp
[4.590s] -- Installing: /ros2_ws/install/vision_msgs/include/vision_msgs/vision_msgs/msg/detail/detection2_d__struct.hpp
[4.590s] -- Installing: /ros2_ws/install/vision_msgs/include/vision_msgs/vision_msgs/msg/detail/object_hypothesis__traits.hpp
[4.591s] -- Installing: /ros2_ws/install/vision_msgs/include/vision_msgs/vision_msgs/msg/detail/object_hypothesis__type_support.hpp
[4.591s] -- Installing: /ros2_ws/install/vision_msgs/include/vision_msgs/vision_msgs/msg/detail/detection2_d__builder.hpp
[4.592s] -- Installing: /ros2_ws/install/vision_msgs/include/vision_msgs/vision_msgs/msg/detail/classification2_d__builder.hpp
[4.593s] -- Installing: /ros2_ws/install/vision_msgs/include/vision_msgs/vision_msgs/msg/detail/object_hypothesis__struct.hpp
[4.598s] -- Installing: /ros2_ws/install/vision_msgs/include/vision_msgs/vision_msgs/msg/detail/bounding_box2_d__struct.hpp
[4.599s] -- Installing: /ros2_ws/install/vision_msgs/include/vision_msgs/vision_msgs/msg/detail/bounding_box2_d_array__traits.hpp
[4.600s] -- Installing: /ros2_ws/install/vision_msgs/include/vision_msgs/vision_msgs/msg/detail/bounding_box2_d_array__type_support.hpp
[4.601s] -- Installing: /ros2_ws/install/vision_msgs/include/vision_msgs/vision_msgs/msg/detail/detection3_d__struct.hpp
[4.602s] -- Installing: /ros2_ws/install/vision_msgs/include/vision_msgs/vision_msgs/msg/detail/detection2_d__traits.hpp
[4.602s] -- Installing: /ros2_ws/install/vision_msgs/include/vision_msgs/vision_msgs/msg/detail/object_hypothesis_with_pose__struct.hpp
[4.606s] -- Installing: /ros2_ws/install/vision_msgs/include/vision_msgs/vision_msgs/msg/detail/bounding_box3_d__traits.hpp
[4.606s] -- Installing: /ros2_ws/install/vision_msgs/include/vision_msgs/vision_msgs/msg/detail/object_hypothesis__builder.hpp
[4.610s] -- Installing: /ros2_ws/install/vision_msgs/include/vision_msgs/vision_msgs/msg/detail/detection3_d__traits.hpp
[4.611s] -- Installing: /ros2_ws/install/vision_msgs/include/vision_msgs/vision_msgs/msg/detail/bounding_box2_d__builder.hpp
[4.612s] -- Installing: /ros2_ws/install/vision_msgs/include/vision_msgs/vision_msgs/msg/detail/bounding_box2_d_array__builder.hpp
[4.612s] -- Installing: /ros2_ws/install/vision_msgs/include/vision_msgs/vision_msgs/msg/detail/object_hypothesis_with_pose__type_support.hpp
[4.613s] -- Installing: /ros2_ws/install/vision_msgs/include/vision_msgs/vision_msgs/msg/detail/bounding_box3_d__builder.hpp
[4.613s] -- Installing: /ros2_ws/install/vision_msgs/include/vision_msgs/vision_msgs/msg/detail/detection2_d__type_support.hpp
[4.614s] -- Installing: /ros2_ws/install/vision_msgs/include/vision_msgs/vision_msgs/msg/detail/detection3_d_array__struct.hpp
[4.615s] -- Installing: /ros2_ws/install/vision_msgs/include/vision_msgs/vision_msgs/msg/detail/detection2_d_array__builder.hpp
[4.616s] -- Installing: /ros2_ws/install/vision_msgs/include/vision_msgs/vision_msgs/msg/detail/bounding_box3_d_array__type_support.hpp
[4.617s] -- Installing: /ros2_ws/install/vision_msgs/include/vision_msgs/vision_msgs/msg/detail/detection3_d_array__builder.hpp
[4.619s] -- Installing: /ros2_ws/install/vision_msgs/include/vision_msgs/vision_msgs/msg/detail/classification3_d__type_support.hpp
[4.621s] -- Installing: /ros2_ws/install/vision_msgs/include/vision_msgs/vision_msgs/msg/detail/classification3_d__struct.hpp
[4.623s] -- Installing: /ros2_ws/install/vision_msgs/include/vision_msgs/vision_msgs/msg/detail/detection2_d_array__type_support.hpp
[4.624s] -- Installing: /ros2_ws/install/vision_msgs/include/vision_msgs/vision_msgs/msg/detail/object_hypothesis_with_pose__traits.hpp
[4.626s] -- Installing: /ros2_ws/install/vision_msgs/include/vision_msgs/vision_msgs/msg/detail/bounding_box2_d_array__struct.hpp
[4.628s] -- Installing: /ros2_ws/install/vision_msgs/include/vision_msgs/vision_msgs/msg/detail/object_hypothesis_with_pose__builder.hpp
[4.629s] -- Installing: /ros2_ws/install/vision_msgs/include/vision_msgs/vision_msgs/msg/detail/classification2_d__traits.hpp
[4.630s] -- Installing: /ros2_ws/install/vision_msgs/include/vision_msgs/vision_msgs/msg/detail/classification2_d__type_support.hpp
[4.631s] -- Installing: /ros2_ws/install/vision_msgs/include/vision_msgs/vision_msgs/msg/detail/classification3_d__builder.hpp
[4.632s] -- Installing: /ros2_ws/install/vision_msgs/include/vision_msgs/vision_msgs/msg/detail/bounding_box3_d__struct.hpp
[4.632s] -- Installing: /ros2_ws/install/vision_msgs/include/vision_msgs/vision_msgs/msg/detail/bounding_box3_d_array__builder.hpp
[4.633s] -- Installing: /ros2_ws/install/vision_msgs/include/vision_msgs/vision_msgs/msg/detail/bounding_box2_d__traits.hpp
[4.634s] -- Installing: /ros2_ws/install/vision_msgs/include/vision_msgs/vision_msgs/msg/detail/classification2_d__struct.hpp
[4.637s] -- Installing: /ros2_ws/install/vision_msgs/include/vision_msgs/vision_msgs/msg/detail/detection2_d_array__traits.hpp
[4.638s] -- Installing: /ros2_ws/install/vision_msgs/include/vision_msgs/vision_msgs/msg/detail/detection3_d__type_support.hpp
[4.639s] -- Installing: /ros2_ws/install/vision_msgs/include/vision_msgs/vision_msgs/msg/detail/vision_info__builder.hpp
[4.641s] -- Installing: /ros2_ws/install/vision_msgs/include/vision_msgs/vision_msgs/msg/detail/bounding_box3_d_array__struct.hpp
[4.642s] -- Installing: /ros2_ws/install/vision_msgs/include/vision_msgs/vision_msgs/msg/detail/detection3_d_array__type_support.hpp
[4.647s] -- Installing: /ros2_ws/install/vision_msgs/include/vision_msgs/vision_msgs/msg/detail/detection3_d__builder.hpp
[4.648s] -- Installing: /ros2_ws/install/vision_msgs/include/vision_msgs/vision_msgs/msg/detail/classification3_d__traits.hpp
[4.651s] -- Installing: /ros2_ws/install/vision_msgs/include/vision_msgs/vision_msgs/msg/detail/detection3_d_array__traits.hpp
[4.652s] -- Installing: /ros2_ws/install/vision_msgs/include/vision_msgs/vision_msgs/msg/detail/bounding_box3_d__type_support.hpp
[4.653s] -- Installing: /ros2_ws/install/vision_msgs/include/vision_msgs/vision_msgs/msg/detail/bounding_box2_d__type_support.hpp
[4.653s] -- Installing: /ros2_ws/install/vision_msgs/include/vision_msgs/vision_msgs/msg/detail/bounding_box3_d_array__traits.hpp
[4.654s] -- Up-to-date: /ros2_ws/install/vision_msgs/include/vision_msgs/vision_msgs
[4.655s] -- Up-to-date: /ros2_ws/install/vision_msgs/include/vision_msgs/vision_msgs/msg
[4.655s] -- Installing: /ros2_ws/install/vision_msgs/include/vision_msgs/vision_msgs/msg/rosidl_typesupport_fastrtps_cpp__visibility_control.h
[4.656s] -- Up-to-date: /ros2_ws/install/vision_msgs/include/vision_msgs/vision_msgs/msg/detail
[4.657s] -- Installing: /ros2_ws/install/vision_msgs/include/vision_msgs/vision_msgs/msg/detail/bounding_box2_d_array__rosidl_typesupport_fastrtps_cpp.hpp
[4.657s] -- Installing: /ros2_ws/install/vision_msgs/include/vision_msgs/vision_msgs/msg/detail/bounding_box3_d__rosidl_typesupport_fastrtps_cpp.hpp
[4.658s] -- Installing: /ros2_ws/install/vision_msgs/include/vision_msgs/vision_msgs/msg/detail/detection2_d__rosidl_typesupport_fastrtps_cpp.hpp
[4.664s] -- Installing: /ros2_ws/install/vision_msgs/include/vision_msgs/vision_msgs/msg/detail/bounding_box2_d__rosidl_typesupport_fastrtps_cpp.hpp
[4.665s] -- Installing: /ros2_ws/install/vision_msgs/include/vision_msgs/vision_msgs/msg/detail/bounding_box3_d_array__rosidl_typesupport_fastrtps_cpp.hpp
[4.666s] -- Installing: /ros2_ws/install/vision_msgs/include/vision_msgs/vision_msgs/msg/detail/classification2_d__rosidl_typesupport_fastrtps_cpp.hpp
[4.666s] -- Installing: /ros2_ws/install/vision_msgs/include/vision_msgs/vision_msgs/msg/detail/object_hypothesis_with_pose__rosidl_typesupport_fastrtps_cpp.hpp
[4.667s] -- Installing: /ros2_ws/install/vision_msgs/include/vision_msgs/vision_msgs/msg/detail/object_hypothesis__rosidl_typesupport_fastrtps_cpp.hpp
[4.668s] -- Installing: /ros2_ws/install/vision_msgs/include/vision_msgs/vision_msgs/msg/detail/vision_info__rosidl_typesupport_fastrtps_cpp.hpp
[4.669s] -- Installing: /ros2_ws/install/vision_msgs/include/vision_msgs/vision_msgs/msg/detail/classification3_d__rosidl_typesupport_fastrtps_cpp.hpp
[4.670s] -- Installing: /ros2_ws/install/vision_msgs/include/vision_msgs/vision_msgs/msg/detail/detection3_d_array__rosidl_typesupport_fastrtps_cpp.hpp
[4.672s] -- Installing: /ros2_ws/install/vision_msgs/include/vision_msgs/vision_msgs/msg/detail/detection2_d_array__rosidl_typesupport_fastrtps_cpp.hpp
[4.673s] -- Installing: /ros2_ws/install/vision_msgs/include/vision_msgs/vision_msgs/msg/detail/detection3_d__rosidl_typesupport_fastrtps_cpp.hpp
[4.674s] -- Installing: /ros2_ws/install/vision_msgs/include/vision_msgs/vision_msgs/msg/detail/dds_fastrtps
[4.675s] -- Installing: /ros2_ws/install/vision_msgs/lib/libvision_msgs__rosidl_typesupport_fastrtps_cpp.so
[4.681s] -- Set runtime path of "/ros2_ws/install/vision_msgs/lib/libvision_msgs__rosidl_typesupport_fastrtps_cpp.so" to ""
[4.682s] -- Up-to-date: /ros2_ws/install/vision_msgs/include/vision_msgs/vision_msgs
[4.684s] -- Up-to-date: /ros2_ws/install/vision_msgs/include/vision_msgs/vision_msgs/msg
[4.684s] -- Up-to-date: /ros2_ws/install/vision_msgs/include/vision_msgs/vision_msgs/msg/detail
[4.685s] -- Installing: /ros2_ws/install/vision_msgs/include/vision_msgs/vision_msgs/msg/detail/detection2_d_array__rosidl_typesupport_introspection_c.h
[4.685s] -- Installing: /ros2_ws/install/vision_msgs/include/vision_msgs/vision_msgs/msg/detail/classification2_d__type_support.c
[4.685s] -- Installing: /ros2_ws/install/vision_msgs/include/vision_msgs/vision_msgs/msg/detail/bounding_box3_d_array__type_support.c
[4.688s] -- Installing: /ros2_ws/install/vision_msgs/include/vision_msgs/vision_msgs/msg/detail/classification3_d__type_support.c
[4.689s] -- Installing: /ros2_ws/install/vision_msgs/include/vision_msgs/vision_msgs/msg/detail/detection2_d_array__type_support.c
[4.691s] -- Installing: /ros2_ws/install/vision_msgs/include/vision_msgs/vision_msgs/msg/detail/bounding_box2_d__type_support.c
[4.692s] -- Installing: /ros2_ws/install/vision_msgs/include/vision_msgs/vision_msgs/msg/detail/object_hypothesis_with_pose__type_support.c
[4.694s] -- Installing: /ros2_ws/install/vision_msgs/include/vision_msgs/vision_msgs/msg/detail/detection2_d__rosidl_typesupport_introspection_c.h
[4.696s] -- Installing: /ros2_ws/install/vision_msgs/include/vision_msgs/vision_msgs/msg/detail/vision_info__rosidl_typesupport_introspection_c.h
[4.696s] -- Installing: /ros2_ws/install/vision_msgs/include/vision_msgs/vision_msgs/msg/detail/object_hypothesis__rosidl_typesupport_introspection_c.h
[4.699s] -- Installing: /ros2_ws/install/vision_msgs/include/vision_msgs/vision_msgs/msg/detail/classification2_d__rosidl_typesupport_introspection_c.h
[4.700s] -- Installing: /ros2_ws/install/vision_msgs/include/vision_msgs/vision_msgs/msg/detail/bounding_box3_d__type_support.c
[4.702s] -- Installing: /ros2_ws/install/vision_msgs/include/vision_msgs/vision_msgs/msg/detail/bounding_box2_d_array__rosidl_typesupport_introspection_c.h
[4.703s] -- Installing: /ros2_ws/install/vision_msgs/include/vision_msgs/vision_msgs/msg/detail/classification3_d__rosidl_typesupport_introspection_c.h
[4.706s] -- Installing: /ros2_ws/install/vision_msgs/include/vision_msgs/vision_msgs/msg/detail/detection3_d__type_support.c
[4.707s] -- Installing: /ros2_ws/install/vision_msgs/include/vision_msgs/vision_msgs/msg/detail/object_hypothesis__type_support.c
[4.709s] -- Installing: /ros2_ws/install/vision_msgs/include/vision_msgs/vision_msgs/msg/detail/vision_info__type_support.c
[4.713s] -- Installing: /ros2_ws/install/vision_msgs/include/vision_msgs/vision_msgs/msg/detail/detection3_d__rosidl_typesupport_introspection_c.h
[4.715s] -- Installing: /ros2_ws/install/vision_msgs/include/vision_msgs/vision_msgs/msg/detail/object_hypothesis_with_pose__rosidl_typesupport_introspection_c.h
[4.716s] -- Installing: /ros2_ws/install/vision_msgs/include/vision_msgs/vision_msgs/msg/detail/detection3_d_array__type_support.c
[4.718s] -- Installing: /ros2_ws/install/vision_msgs/include/vision_msgs/vision_msgs/msg/detail/bounding_box3_d__rosidl_typesupport_introspection_c.h
[4.729s] -- Installing: /ros2_ws/install/vision_msgs/include/vision_msgs/vision_msgs/msg/detail/bounding_box2_d_array__type_support.c
[4.732s] -- Installing: /ros2_ws/install/vision_msgs/include/vision_msgs/vision_msgs/msg/detail/bounding_box2_d__rosidl_typesupport_introspection_c.h
[4.735s] -- Installing: /ros2_ws/install/vision_msgs/include/vision_msgs/vision_msgs/msg/detail/detection2_d__type_support.c
[4.748s] -- Installing: /ros2_ws/install/vision_msgs/include/vision_msgs/vision_msgs/msg/detail/bounding_box3_d_array__rosidl_typesupport_introspection_c.h
[4.748s] -- Installing: /ros2_ws/install/vision_msgs/include/vision_msgs/vision_msgs/msg/detail/detection3_d_array__rosidl_typesupport_introspection_c.h
[4.750s] -- Installing: /ros2_ws/install/vision_msgs/include/vision_msgs/vision_msgs/msg/rosidl_typesupport_introspection_c__visibility_control.h
[4.776s] -- Installing: /ros2_ws/install/vision_msgs/lib/libvision_msgs__rosidl_typesupport_introspection_c.so
[4.794s] -- Set runtime path of "/ros2_ws/install/vision_msgs/lib/libvision_msgs__rosidl_typesupport_introspection_c.so" to ""
[4.794s] -- Installing: /ros2_ws/install/vision_msgs/lib/libvision_msgs__rosidl_typesupport_c.so
[4.804s] -- Set runtime path of "/ros2_ws/install/vision_msgs/lib/libvision_msgs__rosidl_typesupport_c.so" to ""
[4.804s] -- Up-to-date: /ros2_ws/install/vision_msgs/include/vision_msgs/vision_msgs
[4.805s] -- Up-to-date: /ros2_ws/install/vision_msgs/include/vision_msgs/vision_msgs/msg
[4.805s] -- Up-to-date: /ros2_ws/install/vision_msgs/include/vision_msgs/vision_msgs/msg/detail
[4.806s] -- Installing: /ros2_ws/install/vision_msgs/include/vision_msgs/vision_msgs/msg/detail/classification2_d__rosidl_typesupport_introspection_cpp.hpp
[4.806s] -- Installing: /ros2_ws/install/vision_msgs/include/vision_msgs/vision_msgs/msg/detail/bounding_box2_d_array__type_support.cpp
[4.817s] -- Installing: /ros2_ws/install/vision_msgs/include/vision_msgs/vision_msgs/msg/detail/bounding_box2_d__rosidl_typesupport_introspection_cpp.hpp
[4.818s] -- Installing: /ros2_ws/install/vision_msgs/include/vision_msgs/vision_msgs/msg/detail/detection2_d_array__type_support.cpp
[4.820s] -- Installing: /ros2_ws/install/vision_msgs/include/vision_msgs/vision_msgs/msg/detail/detection3_d_array__type_support.cpp
[4.894s] -- Installing: /ros2_ws/install/vision_msgs/include/vision_msgs/vision_msgs/msg/detail/detection3_d_array__rosidl_typesupport_introspection_cpp.hpp
[4.922s] -- Installing: /ros2_ws/install/vision_msgs/include/vision_msgs/vision_msgs/msg/detail/object_hypothesis_with_pose__type_support.cpp
[4.946s] -- Installing: /ros2_ws/install/vision_msgs/include/vision_msgs/vision_msgs/msg/detail/bounding_box3_d__rosidl_typesupport_introspection_cpp.hpp
[5.015s] -- Installing: /ros2_ws/install/vision_msgs/include/vision_msgs/vision_msgs/msg/detail/bounding_box2_d__type_support.cpp
[5.041s] -- Installing: /ros2_ws/install/vision_msgs/include/vision_msgs/vision_msgs/msg/detail/detection2_d__rosidl_typesupport_introspection_cpp.hpp
[5.043s] -- Installing: /ros2_ws/install/vision_msgs/include/vision_msgs/vision_msgs/msg/detail/detection2_d_array__rosidl_typesupport_introspection_cpp.hpp
[5.051s] -- Installing: /ros2_ws/install/vision_msgs/include/vision_msgs/vision_msgs/msg/detail/classification3_d__rosidl_typesupport_introspection_cpp.hpp
[5.052s] -- Installing: /ros2_ws/install/vision_msgs/include/vision_msgs/vision_msgs/msg/detail/classification3_d__type_support.cpp
[5.053s] -- Installing: /ros2_ws/install/vision_msgs/include/vision_msgs/vision_msgs/msg/detail/bounding_box3_d__type_support.cpp
[5.055s] -- Installing: /ros2_ws/install/vision_msgs/include/vision_msgs/vision_msgs/msg/detail/vision_info__type_support.cpp
[5.056s] -- Installing: /ros2_ws/install/vision_msgs/include/vision_msgs/vision_msgs/msg/detail/bounding_box2_d_array__rosidl_typesupport_introspection_cpp.hpp
[5.057s] -- Installing: /ros2_ws/install/vision_msgs/include/vision_msgs/vision_msgs/msg/detail/vision_info__rosidl_typesupport_introspection_cpp.hpp
[5.059s] -- Installing: /ros2_ws/install/vision_msgs/include/vision_msgs/vision_msgs/msg/detail/detection3_d__type_support.cpp
[5.061s] -- Installing: /ros2_ws/install/vision_msgs/include/vision_msgs/vision_msgs/msg/detail/object_hypothesis_with_pose__rosidl_typesupport_introspection_cpp.hpp
[5.062s] -- Installing: /ros2_ws/install/vision_msgs/include/vision_msgs/vision_msgs/msg/detail/object_hypothesis__type_support.cpp
[5.063s] -- Installing: /ros2_ws/install/vision_msgs/include/vision_msgs/vision_msgs/msg/detail/detection2_d__type_support.cpp
[5.064s] -- Installing: /ros2_ws/install/vision_msgs/include/vision_msgs/vision_msgs/msg/detail/object_hypothesis__rosidl_typesupport_introspection_cpp.hpp
[5.065s] -- Installing: /ros2_ws/install/vision_msgs/include/vision_msgs/vision_msgs/msg/detail/bounding_box3_d_array__type_support.cpp
[5.066s] -- Installing: /ros2_ws/install/vision_msgs/include/vision_msgs/vision_msgs/msg/detail/classification2_d__type_support.cpp
[5.068s] -- Installing: /ros2_ws/install/vision_msgs/include/vision_msgs/vision_msgs/msg/detail/detection3_d__rosidl_typesupport_introspection_cpp.hpp
[5.070s] -- Installing: /ros2_ws/install/vision_msgs/include/vision_msgs/vision_msgs/msg/detail/bounding_box3_d_array__rosidl_typesupport_introspection_cpp.hpp
[5.071s] -- Installing: /ros2_ws/install/vision_msgs/lib/libvision_msgs__rosidl_typesupport_introspection_cpp.so
[5.079s] -- Set runtime path of "/ros2_ws/install/vision_msgs/lib/libvision_msgs__rosidl_typesupport_introspection_cpp.so" to ""
[5.080s] -- Installing: /ros2_ws/install/vision_msgs/lib/libvision_msgs__rosidl_typesupport_cpp.so
[5.135s] -- Set runtime path of "/ros2_ws/install/vision_msgs/lib/libvision_msgs__rosidl_typesupport_cpp.so" to ""
[5.135s] -- Installing: /ros2_ws/install/vision_msgs/share/vision_msgs/environment/pythonpath.sh
[5.137s] -- Installing: /ros2_ws/install/vision_msgs/share/vision_msgs/environment/pythonpath.dsv
[5.148s] -- Installing: /ros2_ws/install/vision_msgs/local/lib/python3.10/dist-packages/vision_msgs-2.0.0-py3.10.egg-info
[5.148s] -- Installing: /ros2_ws/install/vision_msgs/local/lib/python3.10/dist-packages/vision_msgs-2.0.0-py3.10.egg-info/SOURCES.txt
[5.149s] -- Installing: /ros2_ws/install/vision_msgs/local/lib/python3.10/dist-packages/vision_msgs-2.0.0-py3.10.egg-info/dependency_links.txt
[5.149s] -- Installing: /ros2_ws/install/vision_msgs/local/lib/python3.10/dist-packages/vision_msgs-2.0.0-py3.10.egg-info/top_level.txt
[5.150s] -- Installing: /ros2_ws/install/vision_msgs/local/lib/python3.10/dist-packages/vision_msgs-2.0.0-py3.10.egg-info/PKG-INFO
[5.150s] -- Installing: /ros2_ws/install/vision_msgs/local/lib/python3.10/dist-packages/vision_msgs
[5.151s] -- Installing: /ros2_ws/install/vision_msgs/local/lib/python3.10/dist-packages/vision_msgs/vision_msgs_s__rosidl_typesupport_c.cpython-310-aarch64-linux-gnu.so
[5.151s] -- Installing: /ros2_ws/install/vision_msgs/local/lib/python3.10/dist-packages/vision_msgs/vision_msgs_s__rosidl_typesupport_introspection_c.cpython-310-aarch64-linux-gnu.so
[5.151s] -- Installing: /ros2_ws/install/vision_msgs/local/lib/python3.10/dist-packages/vision_msgs/__init__.py
[5.152s] -- Installing: /ros2_ws/install/vision_msgs/local/lib/python3.10/dist-packages/vision_msgs/libvision_msgs__rosidl_generator_py.so
[5.152s] -- Installing: /ros2_ws/install/vision_msgs/local/lib/python3.10/dist-packages/vision_msgs/_vision_msgs_s.ep.rosidl_typesupport_c.c
[5.153s] -- Installing: /ros2_ws/install/vision_msgs/local/lib/python3.10/dist-packages/vision_msgs/_vision_msgs_s.ep.rosidl_typesupport_fastrtps_c.c
[5.153s] -- Installing: /ros2_ws/install/vision_msgs/local/lib/python3.10/dist-packages/vision_msgs/_vision_msgs_s.ep.rosidl_typesupport_introspection_c.c
[5.154s] -- Installing: /ros2_ws/install/vision_msgs/local/lib/python3.10/dist-packages/vision_msgs/msg
[5.154s] -- Installing: /ros2_ws/install/vision_msgs/local/lib/python3.10/dist-packages/vision_msgs/msg/_classification3_d_s.c
[5.154s] -- Installing: /ros2_ws/install/vision_msgs/local/lib/python3.10/dist-packages/vision_msgs/msg/_detection3_d_array.py
[5.155s] -- Installing: /ros2_ws/install/vision_msgs/local/lib/python3.10/dist-packages/vision_msgs/msg/_bounding_box3_d_array_s.c
[5.156s] -- Installing: /ros2_ws/install/vision_msgs/local/lib/python3.10/dist-packages/vision_msgs/msg/_bounding_box2_d_array.py
[5.157s] -- Installing: /ros2_ws/install/vision_msgs/local/lib/python3.10/dist-packages/vision_msgs/msg/_detection3_d.py
[5.158s] -- Installing: /ros2_ws/install/vision_msgs/local/lib/python3.10/dist-packages/vision_msgs/msg/__init__.py
[5.159s] -- Installing: /ros2_ws/install/vision_msgs/local/lib/python3.10/dist-packages/vision_msgs/msg/_bounding_box3_d_array.py
[5.160s] -- Installing: /ros2_ws/install/vision_msgs/local/lib/python3.10/dist-packages/vision_msgs/msg/_detection2_d_s.c
[5.161s] -- Installing: /ros2_ws/install/vision_msgs/local/lib/python3.10/dist-packages/vision_msgs/msg/_detection3_d_s.c
[5.162s] -- Installing: /ros2_ws/install/vision_msgs/local/lib/python3.10/dist-packages/vision_msgs/msg/_bounding_box2_d_s.c
[5.163s] -- Installing: /ros2_ws/install/vision_msgs/local/lib/python3.10/dist-packages/vision_msgs/msg/_object_hypothesis.py
[5.164s] -- Installing: /ros2_ws/install/vision_msgs/local/lib/python3.10/dist-packages/vision_msgs/msg/_bounding_box3_d.py
[5.165s] -- Installing: /ros2_ws/install/vision_msgs/local/lib/python3.10/dist-packages/vision_msgs/msg/_classification2_d_s.c
[5.166s] -- Installing: /ros2_ws/install/vision_msgs/local/lib/python3.10/dist-packages/vision_msgs/msg/_detection2_d_array.py
[5.166s] -- Installing: /ros2_ws/install/vision_msgs/local/lib/python3.10/dist-packages/vision_msgs/msg/_classification3_d.py
[5.167s] -- Installing: /ros2_ws/install/vision_msgs/local/lib/python3.10/dist-packages/vision_msgs/msg/_bounding_box2_d_array_s.c
[5.167s] -- Installing: /ros2_ws/install/vision_msgs/local/lib/python3.10/dist-packages/vision_msgs/msg/_vision_info.py
[5.167s] -- Installing: /ros2_ws/install/vision_msgs/local/lib/python3.10/dist-packages/vision_msgs/msg/_classification2_d.py
[5.168s] -- Installing: /ros2_ws/install/vision_msgs/local/lib/python3.10/dist-packages/vision_msgs/msg/_detection2_d_array_s.c
[5.168s] -- Installing: /ros2_ws/install/vision_msgs/local/lib/python3.10/dist-packages/vision_msgs/msg/_object_hypothesis_s.c
[5.169s] -- Installing: /ros2_ws/install/vision_msgs/local/lib/python3.10/dist-packages/vision_msgs/msg/_bounding_box3_d_s.c
[5.169s] -- Installing: /ros2_ws/install/vision_msgs/local/lib/python3.10/dist-packages/vision_msgs/msg/_bounding_box2_d.py
[5.170s] -- Installing: /ros2_ws/install/vision_msgs/local/lib/python3.10/dist-packages/vision_msgs/msg/_vision_info_s.c
[5.170s] -- Installing: /ros2_ws/install/vision_msgs/local/lib/python3.10/dist-packages/vision_msgs/msg/_detection3_d_array_s.c
[5.171s] -- Installing: /ros2_ws/install/vision_msgs/local/lib/python3.10/dist-packages/vision_msgs/msg/_detection2_d.py
[5.171s] -- Installing: /ros2_ws/install/vision_msgs/local/lib/python3.10/dist-packages/vision_msgs/msg/_object_hypothesis_with_pose_s.c
[5.172s] -- Installing: /ros2_ws/install/vision_msgs/local/lib/python3.10/dist-packages/vision_msgs/msg/_object_hypothesis_with_pose.py
[5.172s] -- Installing: /ros2_ws/install/vision_msgs/local/lib/python3.10/dist-packages/vision_msgs/vision_msgs_s__rosidl_typesupport_fastrtps_c.cpython-310-aarch64-linux-gnu.so
[5.384s] Listing '/ros2_ws/install/vision_msgs/local/lib/python3.10/dist-packages/vision_msgs'...
[5.386s] Compiling '/ros2_ws/install/vision_msgs/local/lib/python3.10/dist-packages/vision_msgs/__init__.py'...
[5.386s] Listing '/ros2_ws/install/vision_msgs/local/lib/python3.10/dist-packages/vision_msgs/msg'...
[5.387s] Compiling '/ros2_ws/install/vision_msgs/local/lib/python3.10/dist-packages/vision_msgs/msg/__init__.py'...
[5.387s] Compiling '/ros2_ws/install/vision_msgs/local/lib/python3.10/dist-packages/vision_msgs/msg/_bounding_box2_d.py'...
[5.388s] Compiling '/ros2_ws/install/vision_msgs/local/lib/python3.10/dist-packages/vision_msgs/msg/_bounding_box2_d_array.py'...
[5.389s] Compiling '/ros2_ws/install/vision_msgs/local/lib/python3.10/dist-packages/vision_msgs/msg/_bounding_box3_d.py'...
[5.389s] Compiling '/ros2_ws/install/vision_msgs/local/lib/python3.10/dist-packages/vision_msgs/msg/_bounding_box3_d_array.py'...
[5.390s] Compiling '/ros2_ws/install/vision_msgs/local/lib/python3.10/dist-packages/vision_msgs/msg/_classification2_d.py'...
[5.390s] Compiling '/ros2_ws/install/vision_msgs/local/lib/python3.10/dist-packages/vision_msgs/msg/_classification3_d.py'...
[5.391s] Compiling '/ros2_ws/install/vision_msgs/local/lib/python3.10/dist-packages/vision_msgs/msg/_detection2_d.py'...
[5.391s] Compiling '/ros2_ws/install/vision_msgs/local/lib/python3.10/dist-packages/vision_msgs/msg/_detection2_d_array.py'...
[5.392s] Compiling '/ros2_ws/install/vision_msgs/local/lib/python3.10/dist-packages/vision_msgs/msg/_detection3_d.py'...
[5.392s] Compiling '/ros2_ws/install/vision_msgs/local/lib/python3.10/dist-packages/vision_msgs/msg/_detection3_d_array.py'...
[5.393s] Compiling '/ros2_ws/install/vision_msgs/local/lib/python3.10/dist-packages/vision_msgs/msg/_object_hypothesis.py'...
[5.393s] Compiling '/ros2_ws/install/vision_msgs/local/lib/python3.10/dist-packages/vision_msgs/msg/_object_hypothesis_with_pose.py'...
[5.394s] Compiling '/ros2_ws/install/vision_msgs/local/lib/python3.10/dist-packages/vision_msgs/msg/_vision_info.py'...
[5.415s] -- Installing: /ros2_ws/install/vision_msgs/local/lib/python3.10/dist-packages/vision_msgs/vision_msgs_s__rosidl_typesupport_fastrtps_c.cpython-310-aarch64-linux-gnu.so
[5.418s] -- Set runtime path of "/ros2_ws/install/vision_msgs/local/lib/python3.10/dist-packages/vision_msgs/vision_msgs_s__rosidl_typesupport_fastrtps_c.cpython-310-aarch64-linux-gnu.so" to ""
[5.423s] -- Installing: /ros2_ws/install/vision_msgs/local/lib/python3.10/dist-packages/vision_msgs/vision_msgs_s__rosidl_typesupport_introspection_c.cpython-310-aarch64-linux-gnu.so
[5.424s] -- Set runtime path of "/ros2_ws/install/vision_msgs/local/lib/python3.10/dist-packages/vision_msgs/vision_msgs_s__rosidl_typesupport_introspection_c.cpython-310-aarch64-linux-gnu.so" to ""
[5.424s] -- Installing: /ros2_ws/install/vision_msgs/local/lib/python3.10/dist-packages/vision_msgs/vision_msgs_s__rosidl_typesupport_c.cpython-310-aarch64-linux-gnu.so
[5.425s] -- Set runtime path of "/ros2_ws/install/vision_msgs/local/lib/python3.10/dist-packages/vision_msgs/vision_msgs_s__rosidl_typesupport_c.cpython-310-aarch64-linux-gnu.so" to ""
[5.425s] -- Installing: /ros2_ws/install/vision_msgs/lib/libvision_msgs__rosidl_generator_py.so
[5.426s] -- Set runtime path of "/ros2_ws/install/vision_msgs/lib/libvision_msgs__rosidl_generator_py.so" to ""
[5.427s] -- Installing: /ros2_ws/install/vision_msgs/share/ament_index/resource_index/rust_packages/vision_msgs
[5.428s] -- Installing: /ros2_ws/install/vision_msgs/share/vision_msgs/rust
[5.428s] -- Installing: /ros2_ws/install/vision_msgs/share/vision_msgs/rust/src
[5.429s] -- Installing: /ros2_ws/install/vision_msgs/share/vision_msgs/rust/src/msg
[5.429s] -- Installing: /ros2_ws/install/vision_msgs/share/vision_msgs/rust/src/msg/rmw.rs
[5.431s] -- Installing: /ros2_ws/install/vision_msgs/share/vision_msgs/rust/src/msg.rs
[5.456s] -- Installing: /ros2_ws/install/vision_msgs/share/vision_msgs/rust/src/lib.rs
[5.470s] -- Installing: /ros2_ws/install/vision_msgs/share/vision_msgs/rust/Cargo.toml
[5.494s] -- Installing: /ros2_ws/install/vision_msgs/share/vision_msgs/rust/build.rs
[5.519s] -- Installing: /ros2_ws/install/vision_msgs/share/vision_msgs/msg/BoundingBox2D.idl
[5.544s] -- Installing: /ros2_ws/install/vision_msgs/share/vision_msgs/msg/BoundingBox2DArray.idl
[5.569s] -- Installing: /ros2_ws/install/vision_msgs/share/vision_msgs/msg/BoundingBox3D.idl
[5.587s] -- Installing: /ros2_ws/install/vision_msgs/share/vision_msgs/msg/BoundingBox3DArray.idl
[5.588s] -- Installing: /ros2_ws/install/vision_msgs/share/vision_msgs/msg/Classification2D.idl
[5.595s] -- Installing: /ros2_ws/install/vision_msgs/share/vision_msgs/msg/Classification3D.idl
[5.596s] -- Installing: /ros2_ws/install/vision_msgs/share/vision_msgs/msg/Detection2DArray.idl
[5.598s] -- Installing: /ros2_ws/install/vision_msgs/share/vision_msgs/msg/Detection2D.idl
[5.599s] -- Installing: /ros2_ws/install/vision_msgs/share/vision_msgs/msg/Detection3DArray.idl
[5.601s] -- Installing: /ros2_ws/install/vision_msgs/share/vision_msgs/msg/Detection3D.idl
[5.603s] -- Installing: /ros2_ws/install/vision_msgs/share/vision_msgs/msg/ObjectHypothesis.idl
[5.604s] -- Installing: /ros2_ws/install/vision_msgs/share/vision_msgs/msg/ObjectHypothesisWithPose.idl
[5.606s] -- Installing: /ros2_ws/install/vision_msgs/share/vision_msgs/msg/VisionInfo.idl
[5.608s] -- Installing: /ros2_ws/install/vision_msgs/share/vision_msgs/msg/BoundingBox2D.msg
[5.609s] -- Installing: /ros2_ws/install/vision_msgs/share/vision_msgs/msg/BoundingBox2DArray.msg
[5.610s] -- Installing: /ros2_ws/install/vision_msgs/share/vision_msgs/msg/BoundingBox3D.msg
[5.611s] -- Installing: /ros2_ws/install/vision_msgs/share/vision_msgs/msg/BoundingBox3DArray.msg
[5.613s] -- Installing: /ros2_ws/install/vision_msgs/share/vision_msgs/msg/Classification2D.msg
[5.614s] -- Installing: /ros2_ws/install/vision_msgs/share/vision_msgs/msg/Classification3D.msg
[5.615s] -- Installing: /ros2_ws/install/vision_msgs/share/vision_msgs/msg/Detection2DArray.msg
[5.617s] -- Installing: /ros2_ws/install/vision_msgs/share/vision_msgs/msg/Detection2D.msg
[5.619s] -- Installing: /ros2_ws/install/vision_msgs/share/vision_msgs/msg/Detection3DArray.msg
[5.620s] -- Installing: /ros2_ws/install/vision_msgs/share/vision_msgs/msg/Detection3D.msg
[5.637s] -- Installing: /ros2_ws/install/vision_msgs/share/vision_msgs/msg/ObjectHypothesis.msg
[5.663s] -- Installing: /ros2_ws/install/vision_msgs/share/vision_msgs/msg/ObjectHypothesisWithPose.msg
[5.710s] -- Installing: /ros2_ws/install/vision_msgs/share/vision_msgs/msg/VisionInfo.msg
[5.714s] -- Up-to-date: /ros2_ws/install/vision_msgs/include/vision_msgs
[5.714s] -- Installing: /ros2_ws/install/vision_msgs/include/vision_msgs/create_aabb.hpp
[5.717s] -- Installing: /ros2_ws/install/vision_msgs/share/ament_index/resource_index/package_run_dependencies/vision_msgs
[5.719s] -- Installing: /ros2_ws/install/vision_msgs/share/ament_index/resource_index/parent_prefix_path/vision_msgs
[5.723s] -- Installing: /ros2_ws/install/vision_msgs/share/vision_msgs/environment/ament_prefix_path.sh
[5.724s] -- Installing: /ros2_ws/install/vision_msgs/share/vision_msgs/environment/ament_prefix_path.dsv
[5.728s] -- Installing: /ros2_ws/install/vision_msgs/share/vision_msgs/environment/path.sh
[5.730s] -- Installing: /ros2_ws/install/vision_msgs/share/vision_msgs/environment/path.dsv
[5.730s] -- Installing: /ros2_ws/install/vision_msgs/share/vision_msgs/local_setup.bash
[5.731s] -- Installing: /ros2_ws/install/vision_msgs/share/vision_msgs/local_setup.sh
[5.732s] -- Installing: /ros2_ws/install/vision_msgs/share/vision_msgs/local_setup.zsh
[5.734s] -- Installing: /ros2_ws/install/vision_msgs/share/vision_msgs/local_setup.dsv
[5.736s] -- Installing: /ros2_ws/install/vision_msgs/share/vision_msgs/package.dsv
[5.737s] -- Installing: /ros2_ws/install/vision_msgs/share/ament_index/resource_index/packages/vision_msgs
[5.742s] -- Installing: /ros2_ws/install/vision_msgs/share/vision_msgs/cmake/export_vision_msgs__rosidl_generator_cExport.cmake
[5.743s] -- Installing: /ros2_ws/install/vision_msgs/share/vision_msgs/cmake/export_vision_msgs__rosidl_generator_cExport-noconfig.cmake
[5.745s] -- Installing: /ros2_ws/install/vision_msgs/share/vision_msgs/cmake/export_vision_msgs__rosidl_typesupport_fastrtps_cExport.cmake
[5.746s] -- Installing: /ros2_ws/install/vision_msgs/share/vision_msgs/cmake/export_vision_msgs__rosidl_typesupport_fastrtps_cExport-noconfig.cmake
[5.748s] -- Installing: /ros2_ws/install/vision_msgs/share/vision_msgs/cmake/export_vision_msgs__rosidl_generator_cppExport.cmake
[5.749s] -- Installing: /ros2_ws/install/vision_msgs/share/vision_msgs/cmake/export_vision_msgs__rosidl_typesupport_fastrtps_cppExport.cmake
[5.750s] -- Installing: /ros2_ws/install/vision_msgs/share/vision_msgs/cmake/export_vision_msgs__rosidl_typesupport_fastrtps_cppExport-noconfig.cmake
[5.751s] -- Installing: /ros2_ws/install/vision_msgs/share/vision_msgs/cmake/vision_msgs__rosidl_typesupport_introspection_cExport.cmake
[5.753s] -- Installing: /ros2_ws/install/vision_msgs/share/vision_msgs/cmake/vision_msgs__rosidl_typesupport_introspection_cExport-noconfig.cmake
[5.754s] -- Installing: /ros2_ws/install/vision_msgs/share/vision_msgs/cmake/vision_msgs__rosidl_typesupport_cExport.cmake
[5.757s] -- Installing: /ros2_ws/install/vision_msgs/share/vision_msgs/cmake/vision_msgs__rosidl_typesupport_cExport-noconfig.cmake
[5.759s] -- Installing: /ros2_ws/install/vision_msgs/share/vision_msgs/cmake/vision_msgs__rosidl_typesupport_introspection_cppExport.cmake
[5.761s] -- Installing: /ros2_ws/install/vision_msgs/share/vision_msgs/cmake/vision_msgs__rosidl_typesupport_introspection_cppExport-noconfig.cmake
[5.764s] -- Installing: /ros2_ws/install/vision_msgs/share/vision_msgs/cmake/vision_msgs__rosidl_typesupport_cppExport.cmake
[5.765s] -- Installing: /ros2_ws/install/vision_msgs/share/vision_msgs/cmake/vision_msgs__rosidl_typesupport_cppExport-noconfig.cmake
[5.769s] -- Installing: /ros2_ws/install/vision_msgs/share/vision_msgs/cmake/export_vision_msgs__rosidl_generator_pyExport.cmake
[5.770s] -- Installing: /ros2_ws/install/vision_msgs/share/vision_msgs/cmake/export_vision_msgs__rosidl_generator_pyExport-noconfig.cmake
[5.771s] -- Installing: /ros2_ws/install/vision_msgs/share/vision_msgs/cmake/rosidl_cmake-extras.cmake
[5.775s] -- Installing: /ros2_ws/install/vision_msgs/share/vision_msgs/cmake/ament_cmake_export_dependencies-extras.cmake
[5.775s] -- Installing: /ros2_ws/install/vision_msgs/share/vision_msgs/cmake/ament_cmake_export_include_directories-extras.cmake
[5.778s] -- Installing: /ros2_ws/install/vision_msgs/share/vision_msgs/cmake/ament_cmake_export_libraries-extras.cmake
[5.780s] -- Installing: /ros2_ws/install/vision_msgs/share/vision_msgs/cmake/ament_cmake_export_targets-extras.cmake
[5.782s] -- Installing: /ros2_ws/install/vision_msgs/share/vision_msgs/cmake/rosidl_cmake_export_typesupport_targets-extras.cmake
[5.783s] -- Installing: /ros2_ws/install/vision_msgs/share/vision_msgs/cmake/rosidl_cmake_export_typesupport_libraries-extras.cmake
[5.785s] -- Installing: /ros2_ws/install/vision_msgs/share/vision_msgs/cmake/vision_msgsConfig.cmake
[5.789s] -- Installing: /ros2_ws/install/vision_msgs/share/vision_msgs/cmake/vision_msgsConfig-version.cmake
[5.789s] -- Installing: /ros2_ws/install/vision_msgs/share/vision_msgs/package.xml
[5.808s] Invoked command in '/ros2_ws/build/vision_msgs' returned '0': AMENT_PREFIX_PATH=/ros2_ws/install/sensor_msgs:/ros2_ws/install/geometry_msgs:/ros2_ws/install/std_msgs:${AMENT_PREFIX_PATH} CMAKE_PREFIX_PATH=/ros2_ws/install/sensor_msgs:/ros2_ws/install/geometry_msgs:/ros2_ws/install/std_msgs:/opt/ros/humble LD_LIBRARY_PATH=/ros2_ws/install/sensor_msgs/lib:/ros2_ws/install/geometry_msgs/lib:/ros2_ws/install/std_msgs/lib:${LD_LIBRARY_PATH} PYTHONPATH=/ros2_ws/install/sensor_msgs/local/lib/python3.10/dist-packages:/ros2_ws/install/geometry_msgs/local/lib/python3.10/dist-packages:/ros2_ws/install/std_msgs/local/lib/python3.10/dist-packages:${PYTHONPATH} /usr/bin/cmake --install /ros2_ws/build/vision_msgs
