[0.065s] Invoking command in '/ros2_ws/build/visualization_msgs': AMENT_PREFIX_PATH=/ros2_ws/install/geometry_msgs:/ros2_ws/install/std_msgs:${AMENT_PREFIX_PATH} CMAKE_PREFIX_PATH=/ros2_ws/install/geometry_msgs:/ros2_ws/install/std_msgs:/opt/ros/humble LD_LIBRARY_PATH=/ros2_ws/install/geometry_msgs/lib:/ros2_ws/install/std_msgs/lib:${LD_LIBRARY_PATH} PYTHONPATH=/ros2_ws/install/geometry_msgs/local/lib/python3.10/dist-packages:/ros2_ws/install/std_msgs/local/lib/python3.10/dist-packages:${PYTHONPATH} /usr/bin/cmake /ros2_ws/src/common_interfaces/visualization_msgs -DCMAKE_INSTALL_PREFIX=/ros2_ws/install/visualization_msgs
[0.287s] -- The C compiler identification is GNU 11.4.0
[0.510s] -- The CXX compiler identification is GNU 11.4.0
[0.556s] -- Detecting C compiler ABI info
[0.855s] -- Detecting C compiler ABI info - done
[0.894s] -- Check for working C compiler: /usr/bin/cc - skipped
[0.895s] -- Detecting C compile features
[0.896s] -- Detecting C compile features - done
[0.908s] -- Detecting CXX compiler ABI info
[1.246s] -- Detecting CXX compiler ABI info - done
[1.286s] -- Check for working CXX compiler: /usr/bin/c++ - skipped
[1.288s] -- Detecting CXX compile features
[1.291s] -- Detecting CXX compile features - done
[1.318s] -- Found ament_cmake: 1.3.14 (/opt/ros/humble/share/ament_cmake/cmake)
[1.961s] -- Found Python3: /usr/bin/python3 (found version "3.10.12") found components: Interpreter 
[2.473s] -- Found builtin_interfaces: 1.2.2 (/opt/ros/humble/share/builtin_interfaces/cmake)
[2.634s] -- Found rosidl_generator_c: 3.1.8 (/opt/ros/humble/share/rosidl_generator_c/cmake)
[2.670s] -- Found rosidl_adapter: 3.1.8 (/opt/ros/humble/share/rosidl_adapter/cmake)
[2.718s] -- Found rosidl_generator_cpp: 3.1.8 (/opt/ros/humble/share/rosidl_generator_cpp/cmake)
[2.777s] -- Using all available rosidl_typesupport_c: rosidl_typesupport_fastrtps_c;rosidl_typesupport_introspection_c
[2.864s] -- Using all available rosidl_typesupport_cpp: rosidl_typesupport_fastrtps_cpp;rosidl_typesupport_introspection_cpp
[2.932s] -- Found geometry_msgs: 2.0.5 (/ros2_ws/install/geometry_msgs/share/geometry_msgs/cmake)
[3.071s] -- Found rosidl_default_generators: 1.2.1 (/opt/ros/humble/share/rosidl_default_generators/cmake)
[4.999s] -- Found ament_cmake_cppcheck: 0.12.15 (/opt/ros/humble/share/ament_cmake_cppcheck/cmake)
[5.012s] -- Found ament_cmake_cpplint: 0.12.15 (/opt/ros/humble/share/ament_cmake_cpplint/cmake)
[5.024s] -- Found ament_cmake_uncrustify: 0.12.15 (/opt/ros/humble/share/ament_cmake_uncrustify/cmake)
[5.037s] -- Found ament_cmake_ros: 0.10.0 (/opt/ros/humble/share/ament_cmake_ros/cmake)
[6.964s] -- Using all available rosidl_typesupport_c: rosidl_typesupport_fastrtps_c;rosidl_typesupport_introspection_c
[7.712s] -- Using all available rosidl_typesupport_cpp: rosidl_typesupport_fastrtps_cpp;rosidl_typesupport_introspection_cpp
[7.778s] -- Found PythonInterp: /usr/bin/python3 (found suitable version "3.10.12", minimum required is "3.6") 
[7.787s] -- Found python_cmake_module: 0.10.0 (/opt/ros/humble/share/python_cmake_module/cmake)
[7.888s] -- Found PythonLibs: /usr/lib/aarch64-linux-gnu/libpython3.10.so (found suitable version "3.10.12", minimum required is "3.5") 
[7.888s] -- Using PYTHON_EXECUTABLE: /usr/bin/python3
[7.889s] -- Using PYTHON_INCLUDE_DIRS: /usr/include/python3.10
[7.889s] -- Using PYTHON_LIBRARIES: /usr/lib/aarch64-linux-gnu/libpython3.10.so
[8.023s] -- Found PythonExtra: .so  
[8.561s] -- Found ament_cmake_flake8: 0.12.15 (/opt/ros/humble/share/ament_cmake_flake8/cmake)
[8.582s] -- Found ament_cmake_pep257: 0.12.15 (/opt/ros/humble/share/ament_cmake_pep257/cmake)
[9.427s] -- Configuring done
[10.099s] -- Generating done
[10.260s] -- Build files have been written to: /ros2_ws/build/visualization_msgs
[10.355s] Invoked command in '/ros2_ws/build/visualization_msgs' returned '0': AMENT_PREFIX_PATH=/ros2_ws/install/geometry_msgs:/ros2_ws/install/std_msgs:${AMENT_PREFIX_PATH} CMAKE_PREFIX_PATH=/ros2_ws/install/geometry_msgs:/ros2_ws/install/std_msgs:/opt/ros/humble LD_LIBRARY_PATH=/ros2_ws/install/geometry_msgs/lib:/ros2_ws/install/std_msgs/lib:${LD_LIBRARY_PATH} PYTHONPATH=/ros2_ws/install/geometry_msgs/local/lib/python3.10/dist-packages:/ros2_ws/install/std_msgs/local/lib/python3.10/dist-packages:${PYTHONPATH} /usr/bin/cmake /ros2_ws/src/common_interfaces/visualization_msgs -DCMAKE_INSTALL_PREFIX=/ros2_ws/install/visualization_msgs
[10.357s] Invoking command in '/ros2_ws/build/visualization_msgs': AMENT_PREFIX_PATH=/ros2_ws/install/geometry_msgs:/ros2_ws/install/std_msgs:${AMENT_PREFIX_PATH} CMAKE_PREFIX_PATH=/ros2_ws/install/geometry_msgs:/ros2_ws/install/std_msgs:/opt/ros/humble LD_LIBRARY_PATH=/ros2_ws/install/geometry_msgs/lib:/ros2_ws/install/std_msgs/lib:${LD_LIBRARY_PATH} PYTHONPATH=/ros2_ws/install/geometry_msgs/local/lib/python3.10/dist-packages:/ros2_ws/install/std_msgs/local/lib/python3.10/dist-packages:${PYTHONPATH} /usr/bin/cmake --build /ros2_ws/build/visualization_msgs -- -j4 -l4
[10.796s] [  1%] [34m[1mGenerating C code for ROS interfaces[0m
[10.937s] [  2%] [34m[1mGenerating Rust code for ROS interfaces[0m
[26.361s] [  2%] Built target visualization_msgs__rs
[31.935s] [  3%] [32mBuilding C object CMakeFiles/visualization_msgs__rosidl_generator_c.dir/rosidl_generator_c/visualization_msgs/msg/detail/image_marker__functions.c.o[0m
[32.418s] [  4%] [32mBuilding C object CMakeFiles/visualization_msgs__rosidl_generator_c.dir/rosidl_generator_c/visualization_msgs/msg/detail/interactive_marker__functions.c.o[0m
[32.820s] [  5%] [32mBuilding C object CMakeFiles/visualization_msgs__rosidl_generator_c.dir/rosidl_generator_c/visualization_msgs/msg/detail/interactive_marker_control__functions.c.o[0m
[33.216s] [  6%] [32mBuilding C object CMakeFiles/visualization_msgs__rosidl_generator_c.dir/rosidl_generator_c/visualization_msgs/msg/detail/interactive_marker_feedback__functions.c.o[0m
[33.596s] [  7%] [32mBuilding C object CMakeFiles/visualization_msgs__rosidl_generator_c.dir/rosidl_generator_c/visualization_msgs/msg/detail/interactive_marker_init__functions.c.o[0m
[33.890s] [  8%] [32mBuilding C object CMakeFiles/visualization_msgs__rosidl_generator_c.dir/rosidl_generator_c/visualization_msgs/msg/detail/interactive_marker_pose__functions.c.o[0m
[34.350s] [  8%] [32mBuilding C object CMakeFiles/visualization_msgs__rosidl_generator_c.dir/rosidl_generator_c/visualization_msgs/msg/detail/interactive_marker_update__functions.c.o[0m
[34.812s] [  9%] [32mBuilding C object CMakeFiles/visualization_msgs__rosidl_generator_c.dir/rosidl_generator_c/visualization_msgs/msg/detail/marker__functions.c.o[0m
[35.159s] [ 10%] [32mBuilding C object CMakeFiles/visualization_msgs__rosidl_generator_c.dir/rosidl_generator_c/visualization_msgs/msg/detail/marker_array__functions.c.o[0m
[35.592s] [ 11%] [32mBuilding C object CMakeFiles/visualization_msgs__rosidl_generator_c.dir/rosidl_generator_c/visualization_msgs/msg/detail/menu_entry__functions.c.o[0m
[36.082s] [ 12%] [32mBuilding C object CMakeFiles/visualization_msgs__rosidl_generator_c.dir/rosidl_generator_c/visualization_msgs/srv/detail/get_interactive_markers__functions.c.o[0m
[36.401s] [ 13%] [32m[1mLinking C shared library libvisualization_msgs__rosidl_generator_c.so[0m
[36.733s] [ 13%] Built target visualization_msgs__rosidl_generator_c
[36.932s] [ 13%] Built target ament_cmake_python_copy_visualization_msgs
[37.028s] [ 14%] [34m[1mGenerating C introspection for ROS interfaces[0m
[47.441s] [ 14%] [32mBuilding C object CMakeFiles/visualization_msgs__rosidl_typesupport_introspection_c.dir/rosidl_typesupport_introspection_c/visualization_msgs/msg/detail/image_marker__type_support.c.o[0m
[47.637s] [ 15%] [32mBuilding C object CMakeFiles/visualization_msgs__rosidl_typesupport_introspection_c.dir/rosidl_typesupport_introspection_c/visualization_msgs/msg/detail/interactive_marker__type_support.c.o[0m
[47.822s] [ 16%] [32mBuilding C object CMakeFiles/visualization_msgs__rosidl_typesupport_introspection_c.dir/rosidl_typesupport_introspection_c/visualization_msgs/msg/detail/interactive_marker_control__type_support.c.o[0m
[47.990s] [ 17%] [32mBuilding C object CMakeFiles/visualization_msgs__rosidl_typesupport_introspection_c.dir/rosidl_typesupport_introspection_c/visualization_msgs/msg/detail/interactive_marker_feedback__type_support.c.o[0m
[48.144s] [ 18%] [32mBuilding C object CMakeFiles/visualization_msgs__rosidl_typesupport_introspection_c.dir/rosidl_typesupport_introspection_c/visualization_msgs/msg/detail/interactive_marker_init__type_support.c.o[0m
[48.307s] [ 19%] [32mBuilding C object CMakeFiles/visualization_msgs__rosidl_typesupport_introspection_c.dir/rosidl_typesupport_introspection_c/visualization_msgs/msg/detail/interactive_marker_pose__type_support.c.o[0m
[48.456s] [ 20%] [32mBuilding C object CMakeFiles/visualization_msgs__rosidl_typesupport_introspection_c.dir/rosidl_typesupport_introspection_c/visualization_msgs/msg/detail/interactive_marker_update__type_support.c.o[0m
[48.644s] [ 21%] [32mBuilding C object CMakeFiles/visualization_msgs__rosidl_typesupport_introspection_c.dir/rosidl_typesupport_introspection_c/visualization_msgs/msg/detail/marker__type_support.c.o[0m
[48.852s] [ 22%] [32mBuilding C object CMakeFiles/visualization_msgs__rosidl_typesupport_introspection_c.dir/rosidl_typesupport_introspection_c/visualization_msgs/msg/detail/marker_array__type_support.c.o[0m
[49.014s] [ 22%] [32mBuilding C object CMakeFiles/visualization_msgs__rosidl_typesupport_introspection_c.dir/rosidl_typesupport_introspection_c/visualization_msgs/msg/detail/menu_entry__type_support.c.o[0m
[49.158s] [ 23%] [32mBuilding C object CMakeFiles/visualization_msgs__rosidl_typesupport_introspection_c.dir/rosidl_typesupport_introspection_c/visualization_msgs/srv/detail/get_interactive_markers__type_support.c.o[0m
[49.340s] [ 24%] [32m[1mLinking C shared library libvisualization_msgs__rosidl_typesupport_introspection_c.so[0m
[49.507s] [ 24%] Built target visualization_msgs__rosidl_typesupport_introspection_c
[49.544s] [ 25%] [34m[1mGenerating C type support dispatch for ROS interfaces[0m
[59.047s] [ 25%] [32mBuilding CXX object CMakeFiles/visualization_msgs__rosidl_typesupport_c.dir/rosidl_typesupport_c/visualization_msgs/msg/image_marker__type_support.cpp.o[0m
[59.172s] [ 26%] [32mBuilding CXX object CMakeFiles/visualization_msgs__rosidl_typesupport_c.dir/rosidl_typesupport_c/visualization_msgs/msg/interactive_marker__type_support.cpp.o[0m
[59.305s] [ 27%] [32mBuilding CXX object CMakeFiles/visualization_msgs__rosidl_typesupport_c.dir/rosidl_typesupport_c/visualization_msgs/msg/interactive_marker_control__type_support.cpp.o[0m
[59.435s] [ 28%] [32mBuilding CXX object CMakeFiles/visualization_msgs__rosidl_typesupport_c.dir/rosidl_typesupport_c/visualization_msgs/msg/interactive_marker_feedback__type_support.cpp.o[0m
[59.572s] [ 29%] [32mBuilding CXX object CMakeFiles/visualization_msgs__rosidl_typesupport_c.dir/rosidl_typesupport_c/visualization_msgs/msg/interactive_marker_init__type_support.cpp.o[0m
[59.714s] [ 30%] [32mBuilding CXX object CMakeFiles/visualization_msgs__rosidl_typesupport_c.dir/rosidl_typesupport_c/visualization_msgs/msg/interactive_marker_pose__type_support.cpp.o[0m
[59.833s] [ 31%] [32mBuilding CXX object CMakeFiles/visualization_msgs__rosidl_typesupport_c.dir/rosidl_typesupport_c/visualization_msgs/msg/interactive_marker_update__type_support.cpp.o[0m
[59.969s] [ 32%] [32mBuilding CXX object CMakeFiles/visualization_msgs__rosidl_typesupport_c.dir/rosidl_typesupport_c/visualization_msgs/msg/marker__type_support.cpp.o[0m
[60.100s] [ 33%] [32mBuilding CXX object CMakeFiles/visualization_msgs__rosidl_typesupport_c.dir/rosidl_typesupport_c/visualization_msgs/msg/marker_array__type_support.cpp.o[0m
[60.234s] [ 33%] [32mBuilding CXX object CMakeFiles/visualization_msgs__rosidl_typesupport_c.dir/rosidl_typesupport_c/visualization_msgs/msg/menu_entry__type_support.cpp.o[0m
[60.353s] [ 34%] [32mBuilding CXX object CMakeFiles/visualization_msgs__rosidl_typesupport_c.dir/rosidl_typesupport_c/visualization_msgs/srv/get_interactive_markers__type_support.cpp.o[0m
[60.491s] [ 35%] [32m[1mLinking CXX shared library libvisualization_msgs__rosidl_typesupport_c.so[0m
[60.648s] [ 35%] Built target visualization_msgs__rosidl_typesupport_c
[61.818s] running egg_info
[61.822s] creating visualization_msgs.egg-info
[61.824s] writing visualization_msgs.egg-info/PKG-INFO
[61.826s] writing dependency_links to visualization_msgs.egg-info/dependency_links.txt
[61.828s] writing top-level names to visualization_msgs.egg-info/top_level.txt
[61.830s] writing manifest file 'visualization_msgs.egg-info/SOURCES.txt'
[61.840s] reading manifest file 'visualization_msgs.egg-info/SOURCES.txt'
[61.844s] writing manifest file 'visualization_msgs.egg-info/SOURCES.txt'
[61.997s] [ 35%] Built target ament_cmake_python_build_visualization_msgs_egg
[62.037s] [ 36%] [34m[1mGenerating C type support for eProsima Fast-RTPS[0m
[73.007s] [ 36%] [32mBuilding CXX object CMakeFiles/visualization_msgs__rosidl_typesupport_fastrtps_c.dir/rosidl_typesupport_fastrtps_c/visualization_msgs/msg/detail/image_marker__type_support_c.cpp.o[0m
[74.655s] [ 37%] [32mBuilding CXX object CMakeFiles/visualization_msgs__rosidl_typesupport_fastrtps_c.dir/rosidl_typesupport_fastrtps_c/visualization_msgs/msg/detail/interactive_marker_control__type_support_c.cpp.o[0m
[76.242s] [ 38%] [32mBuilding CXX object CMakeFiles/visualization_msgs__rosidl_typesupport_fastrtps_c.dir/rosidl_typesupport_fastrtps_c/visualization_msgs/msg/detail/interactive_marker_feedback__type_support_c.cpp.o[0m
[77.849s] [ 39%] [32mBuilding CXX object CMakeFiles/visualization_msgs__rosidl_typesupport_fastrtps_c.dir/rosidl_typesupport_fastrtps_c/visualization_msgs/msg/detail/interactive_marker_init__type_support_c.cpp.o[0m
[79.405s] [ 40%] [32mBuilding CXX object CMakeFiles/visualization_msgs__rosidl_typesupport_fastrtps_c.dir/rosidl_typesupport_fastrtps_c/visualization_msgs/msg/detail/interactive_marker_pose__type_support_c.cpp.o[0m
[80.989s] [ 41%] [32mBuilding CXX object CMakeFiles/visualization_msgs__rosidl_typesupport_fastrtps_c.dir/rosidl_typesupport_fastrtps_c/visualization_msgs/msg/detail/interactive_marker_update__type_support_c.cpp.o[0m
[82.631s] [ 42%] [32mBuilding CXX object CMakeFiles/visualization_msgs__rosidl_typesupport_fastrtps_c.dir/rosidl_typesupport_fastrtps_c/visualization_msgs/msg/detail/marker__type_support_c.cpp.o[0m
[84.234s] [ 43%] [32mBuilding CXX object CMakeFiles/visualization_msgs__rosidl_typesupport_fastrtps_c.dir/rosidl_typesupport_fastrtps_c/visualization_msgs/msg/detail/marker_array__type_support_c.cpp.o[0m
[85.691s] [ 43%] [32mBuilding CXX object CMakeFiles/visualization_msgs__rosidl_typesupport_fastrtps_c.dir/rosidl_typesupport_fastrtps_c/visualization_msgs/msg/detail/menu_entry__type_support_c.cpp.o[0m
[87.237s] [ 44%] [32mBuilding CXX object CMakeFiles/visualization_msgs__rosidl_typesupport_fastrtps_c.dir/rosidl_typesupport_fastrtps_c/visualization_msgs/srv/detail/get_interactive_markers__type_support_c.cpp.o[0m
[88.924s] [ 45%] [32mBuilding CXX object CMakeFiles/visualization_msgs__rosidl_typesupport_fastrtps_c.dir/rosidl_typesupport_fastrtps_c/visualization_msgs/msg/detail/interactive_marker__type_support_c.cpp.o[0m
[90.567s] [ 46%] [32m[1mLinking CXX shared library libvisualization_msgs__rosidl_typesupport_fastrtps_c.so[0m
[90.863s] [ 46%] Built target visualization_msgs__rosidl_typesupport_fastrtps_c
[90.934s] [ 46%] [34m[1mGenerating C++ code for ROS interfaces[0m
[103.194s] [ 46%] Built target visualization_msgs__cpp
[103.231s] [ 47%] [34m[1mGenerating C++ type support for eProsima Fast-RTPS[0m
[114.032s] [ 48%] [32mBuilding CXX object CMakeFiles/visualization_msgs__rosidl_typesupport_fastrtps_cpp.dir/rosidl_typesupport_fastrtps_cpp/visualization_msgs/msg/detail/dds_fastrtps/image_marker__type_support.cpp.o[0m
[116.340s] [ 49%] [32mBuilding CXX object CMakeFiles/visualization_msgs__rosidl_typesupport_fastrtps_cpp.dir/rosidl_typesupport_fastrtps_cpp/visualization_msgs/msg/detail/dds_fastrtps/interactive_marker__type_support.cpp.o[0m
[118.799s] [ 50%] [32mBuilding CXX object CMakeFiles/visualization_msgs__rosidl_typesupport_fastrtps_cpp.dir/rosidl_typesupport_fastrtps_cpp/visualization_msgs/msg/detail/dds_fastrtps/interactive_marker_control__type_support.cpp.o[0m
[121.049s] [ 50%] [32mBuilding CXX object CMakeFiles/visualization_msgs__rosidl_typesupport_fastrtps_cpp.dir/rosidl_typesupport_fastrtps_cpp/visualization_msgs/msg/detail/dds_fastrtps/interactive_marker_feedback__type_support.cpp.o[0m
[122.920s] [ 51%] [32mBuilding CXX object CMakeFiles/visualization_msgs__rosidl_typesupport_fastrtps_cpp.dir/rosidl_typesupport_fastrtps_cpp/visualization_msgs/msg/detail/dds_fastrtps/interactive_marker_init__type_support.cpp.o[0m
[125.225s] [ 52%] [32mBuilding CXX object CMakeFiles/visualization_msgs__rosidl_typesupport_fastrtps_cpp.dir/rosidl_typesupport_fastrtps_cpp/visualization_msgs/msg/detail/dds_fastrtps/interactive_marker_pose__type_support.cpp.o[0m
[127.013s] [ 53%] [32mBuilding CXX object CMakeFiles/visualization_msgs__rosidl_typesupport_fastrtps_cpp.dir/rosidl_typesupport_fastrtps_cpp/visualization_msgs/msg/detail/dds_fastrtps/interactive_marker_update__type_support.cpp.o[0m
[129.850s] [ 54%] [32mBuilding CXX object CMakeFiles/visualization_msgs__rosidl_typesupport_fastrtps_cpp.dir/rosidl_typesupport_fastrtps_cpp/visualization_msgs/msg/detail/dds_fastrtps/marker__type_support.cpp.o[0m
[132.126s] [ 55%] [32mBuilding CXX object CMakeFiles/visualization_msgs__rosidl_typesupport_fastrtps_cpp.dir/rosidl_typesupport_fastrtps_cpp/visualization_msgs/msg/detail/dds_fastrtps/marker_array__type_support.cpp.o[0m
[134.387s] [ 56%] [32mBuilding CXX object CMakeFiles/visualization_msgs__rosidl_typesupport_fastrtps_cpp.dir/rosidl_typesupport_fastrtps_cpp/visualization_msgs/msg/detail/dds_fastrtps/menu_entry__type_support.cpp.o[0m
[136.333s] [ 57%] [32mBuilding CXX object CMakeFiles/visualization_msgs__rosidl_typesupport_fastrtps_cpp.dir/rosidl_typesupport_fastrtps_cpp/visualization_msgs/srv/detail/dds_fastrtps/get_interactive_markers__type_support.cpp.o[0m
[138.865s] [ 58%] [32m[1mLinking CXX shared library libvisualization_msgs__rosidl_typesupport_fastrtps_cpp.so[0m
[139.279s] [ 58%] Built target visualization_msgs__rosidl_typesupport_fastrtps_cpp
[139.314s] [ 59%] [34m[1mGenerating C++ type support dispatch for ROS interfaces[0m
[148.495s] [ 60%] [32mBuilding CXX object CMakeFiles/visualization_msgs__rosidl_typesupport_cpp.dir/rosidl_typesupport_cpp/visualization_msgs/msg/image_marker__type_support.cpp.o[0m
[149.666s] [ 61%] [32mBuilding CXX object CMakeFiles/visualization_msgs__rosidl_typesupport_cpp.dir/rosidl_typesupport_cpp/visualization_msgs/msg/interactive_marker_control__type_support.cpp.o[0m
[150.947s] [ 61%] [32mBuilding CXX object CMakeFiles/visualization_msgs__rosidl_typesupport_cpp.dir/rosidl_typesupport_cpp/visualization_msgs/msg/interactive_marker_feedback__type_support.cpp.o[0m
[152.192s] [ 62%] [32mBuilding CXX object CMakeFiles/visualization_msgs__rosidl_typesupport_cpp.dir/rosidl_typesupport_cpp/visualization_msgs/msg/interactive_marker_init__type_support.cpp.o[0m
[153.421s] [ 63%] [32mBuilding CXX object CMakeFiles/visualization_msgs__rosidl_typesupport_cpp.dir/rosidl_typesupport_cpp/visualization_msgs/msg/interactive_marker_pose__type_support.cpp.o[0m
[154.675s] [ 64%] [32mBuilding CXX object CMakeFiles/visualization_msgs__rosidl_typesupport_cpp.dir/rosidl_typesupport_cpp/visualization_msgs/msg/interactive_marker_update__type_support.cpp.o[0m
[155.929s] [ 65%] [32mBuilding CXX object CMakeFiles/visualization_msgs__rosidl_typesupport_cpp.dir/rosidl_typesupport_cpp/visualization_msgs/msg/marker__type_support.cpp.o[0m
[157.194s] [ 66%] [32mBuilding CXX object CMakeFiles/visualization_msgs__rosidl_typesupport_cpp.dir/rosidl_typesupport_cpp/visualization_msgs/msg/marker_array__type_support.cpp.o[0m
[158.465s] [ 67%] [32mBuilding CXX object CMakeFiles/visualization_msgs__rosidl_typesupport_cpp.dir/rosidl_typesupport_cpp/visualization_msgs/msg/menu_entry__type_support.cpp.o[0m
[159.746s] [ 68%] [32mBuilding CXX object CMakeFiles/visualization_msgs__rosidl_typesupport_cpp.dir/rosidl_typesupport_cpp/visualization_msgs/srv/get_interactive_markers__type_support.cpp.o[0m
[161.075s] [ 69%] [32mBuilding CXX object CMakeFiles/visualization_msgs__rosidl_typesupport_cpp.dir/rosidl_typesupport_cpp/visualization_msgs/msg/interactive_marker__type_support.cpp.o[0m
[162.378s] [ 70%] [32m[1mLinking CXX shared library libvisualization_msgs__rosidl_typesupport_cpp.so[0m
[162.533s] [ 70%] Built target visualization_msgs__rosidl_typesupport_cpp
[162.570s] [ 71%] [34m[1mGenerating C++ introspection for ROS interfaces[0m
[172.472s] [ 72%] [32mBuilding CXX object CMakeFiles/visualization_msgs__rosidl_typesupport_introspection_cpp.dir/rosidl_typesupport_introspection_cpp/visualization_msgs/msg/detail/image_marker__type_support.cpp.o[0m
[174.593s] [ 72%] [32mBuilding CXX object CMakeFiles/visualization_msgs__rosidl_typesupport_introspection_cpp.dir/rosidl_typesupport_introspection_cpp/visualization_msgs/msg/detail/interactive_marker_feedback__type_support.cpp.o[0m
[176.338s] [ 73%] [32mBuilding CXX object CMakeFiles/visualization_msgs__rosidl_typesupport_introspection_cpp.dir/rosidl_typesupport_introspection_cpp/visualization_msgs/msg/detail/interactive_marker_init__type_support.cpp.o[0m
[179.323s] [ 74%] [32mBuilding CXX object CMakeFiles/visualization_msgs__rosidl_typesupport_introspection_cpp.dir/rosidl_typesupport_introspection_cpp/visualization_msgs/msg/detail/interactive_marker_pose__type_support.cpp.o[0m
[181.003s] [ 75%] [32mBuilding CXX object CMakeFiles/visualization_msgs__rosidl_typesupport_introspection_cpp.dir/rosidl_typesupport_introspection_cpp/visualization_msgs/msg/detail/interactive_marker_update__type_support.cpp.o[0m
[184.329s] [ 76%] [32mBuilding CXX object CMakeFiles/visualization_msgs__rosidl_typesupport_introspection_cpp.dir/rosidl_typesupport_introspection_cpp/visualization_msgs/msg/detail/marker__type_support.cpp.o[0m
[186.410s] [ 77%] [32mBuilding CXX object CMakeFiles/visualization_msgs__rosidl_typesupport_introspection_cpp.dir/rosidl_typesupport_introspection_cpp/visualization_msgs/msg/detail/marker_array__type_support.cpp.o[0m
[188.736s] [ 78%] [32mBuilding CXX object CMakeFiles/visualization_msgs__rosidl_typesupport_introspection_cpp.dir/rosidl_typesupport_introspection_cpp/visualization_msgs/msg/detail/menu_entry__type_support.cpp.o[0m
[190.353s] [ 79%] [32mBuilding CXX object CMakeFiles/visualization_msgs__rosidl_typesupport_introspection_cpp.dir/rosidl_typesupport_introspection_cpp/visualization_msgs/srv/detail/get_interactive_markers__type_support.cpp.o[0m
[193.384s] [ 80%] [32mBuilding CXX object CMakeFiles/visualization_msgs__rosidl_typesupport_introspection_cpp.dir/rosidl_typesupport_introspection_cpp/visualization_msgs/msg/detail/interactive_marker_control__type_support.cpp.o[0m
[195.643s] [ 81%] [32mBuilding CXX object CMakeFiles/visualization_msgs__rosidl_typesupport_introspection_cpp.dir/rosidl_typesupport_introspection_cpp/visualization_msgs/msg/detail/interactive_marker__type_support.cpp.o[0m
[198.346s] [ 82%] [32m[1mLinking CXX shared library libvisualization_msgs__rosidl_typesupport_introspection_cpp.so[0m
[198.803s] [ 82%] Built target visualization_msgs__rosidl_typesupport_introspection_cpp
[198.864s] [ 82%] Built target visualization_msgs
[198.928s] [ 83%] [34m[1mGenerating Python code for ROS interfaces[0m
[218.336s] [ 83%] Built target visualization_msgs__py
[218.399s] [ 85%] [32mBuilding C object CMakeFiles/visualization_msgs__rosidl_generator_py.dir/rosidl_generator_py/visualization_msgs/msg/_interactive_marker_s.c.o[0m
[218.400s] [ 85%] [32mBuilding C object CMakeFiles/visualization_msgs__rosidl_generator_py.dir/rosidl_generator_py/visualization_msgs/msg/_image_marker_s.c.o[0m
[218.914s] [ 85%] [32mBuilding C object CMakeFiles/visualization_msgs__rosidl_generator_py.dir/rosidl_generator_py/visualization_msgs/msg/_interactive_marker_feedback_s.c.o[0m
[218.934s] [ 86%] [32mBuilding C object CMakeFiles/visualization_msgs__rosidl_generator_py.dir/rosidl_generator_py/visualization_msgs/msg/_interactive_marker_init_s.c.o[0m
[219.406s] [ 87%] [32mBuilding C object CMakeFiles/visualization_msgs__rosidl_generator_py.dir/rosidl_generator_py/visualization_msgs/msg/_interactive_marker_pose_s.c.o[0m
[219.408s] [ 88%] [32mBuilding C object CMakeFiles/visualization_msgs__rosidl_generator_py.dir/rosidl_generator_py/visualization_msgs/msg/_interactive_marker_update_s.c.o[0m
[219.860s] [ 89%] [32mBuilding C object CMakeFiles/visualization_msgs__rosidl_generator_py.dir/rosidl_generator_py/visualization_msgs/msg/_marker_s.c.o[0m
[219.914s] [ 90%] [32mBuilding C object CMakeFiles/visualization_msgs__rosidl_generator_py.dir/rosidl_generator_py/visualization_msgs/msg/_marker_array_s.c.o[0m
[219.999s] [ 91%] [32mBuilding C object CMakeFiles/visualization_msgs__rosidl_generator_py.dir/rosidl_generator_py/visualization_msgs/msg/_interactive_marker_control_s.c.o[0m
[220.595s] [ 93%] [32mBuilding C object CMakeFiles/visualization_msgs__rosidl_generator_py.dir/rosidl_generator_py/visualization_msgs/srv/_get_interactive_markers_s.c.o[0m
[220.596s] [ 93%] [32mBuilding C object CMakeFiles/visualization_msgs__rosidl_generator_py.dir/rosidl_generator_py/visualization_msgs/msg/_menu_entry_s.c.o[0m
[221.088s] [ 94%] [32m[1mLinking C shared library rosidl_generator_py/visualization_msgs/libvisualization_msgs__rosidl_generator_py.so[0m
[221.251s] [ 94%] Built target visualization_msgs__rosidl_generator_py
[221.312s] [ 95%] [32mBuilding C object CMakeFiles/visualization_msgs__rosidl_typesupport_fastrtps_c__pyext.dir/rosidl_generator_py/visualization_msgs/_visualization_msgs_s.ep.rosidl_typesupport_fastrtps_c.c.o[0m
[221.901s] [ 96%] [32m[1mLinking C shared library rosidl_generator_py/visualization_msgs/visualization_msgs_s__rosidl_typesupport_fastrtps_c.cpython-310-aarch64-linux-gnu.so[0m
[222.056s] [ 96%] Built target visualization_msgs__rosidl_typesupport_fastrtps_c__pyext
[222.119s] [ 97%] [32mBuilding C object CMakeFiles/visualization_msgs__rosidl_typesupport_c__pyext.dir/rosidl_generator_py/visualization_msgs/_visualization_msgs_s.ep.rosidl_typesupport_c.c.o[0m
[222.708s] [ 98%] [32m[1mLinking C shared library rosidl_generator_py/visualization_msgs/visualization_msgs_s__rosidl_typesupport_c.cpython-310-aarch64-linux-gnu.so[0m
[222.859s] [ 98%] Built target visualization_msgs__rosidl_typesupport_c__pyext
[222.921s] [ 99%] [32mBuilding C object CMakeFiles/visualization_msgs__rosidl_typesupport_introspection_c__pyext.dir/rosidl_generator_py/visualization_msgs/_visualization_msgs_s.ep.rosidl_typesupport_introspection_c.c.o[0m
[223.501s] [100%] [32m[1mLinking C shared library rosidl_generator_py/visualization_msgs/visualization_msgs_s__rosidl_typesupport_introspection_c.cpython-310-aarch64-linux-gnu.so[0m
[223.649s] [100%] Built target visualization_msgs__rosidl_typesupport_introspection_c__pyext
[223.688s] Invoked command in '/ros2_ws/build/visualization_msgs' returned '0': AMENT_PREFIX_PATH=/ros2_ws/install/geometry_msgs:/ros2_ws/install/std_msgs:${AMENT_PREFIX_PATH} CMAKE_PREFIX_PATH=/ros2_ws/install/geometry_msgs:/ros2_ws/install/std_msgs:/opt/ros/humble LD_LIBRARY_PATH=/ros2_ws/install/geometry_msgs/lib:/ros2_ws/install/std_msgs/lib:${LD_LIBRARY_PATH} PYTHONPATH=/ros2_ws/install/geometry_msgs/local/lib/python3.10/dist-packages:/ros2_ws/install/std_msgs/local/lib/python3.10/dist-packages:${PYTHONPATH} /usr/bin/cmake --build /ros2_ws/build/visualization_msgs -- -j4 -l4
[223.693s] Invoking command in '/ros2_ws/build/visualization_msgs': AMENT_PREFIX_PATH=/ros2_ws/install/geometry_msgs:/ros2_ws/install/std_msgs:${AMENT_PREFIX_PATH} CMAKE_PREFIX_PATH=/ros2_ws/install/geometry_msgs:/ros2_ws/install/std_msgs:/opt/ros/humble LD_LIBRARY_PATH=/ros2_ws/install/geometry_msgs/lib:/ros2_ws/install/std_msgs/lib:${LD_LIBRARY_PATH} PYTHONPATH=/ros2_ws/install/geometry_msgs/local/lib/python3.10/dist-packages:/ros2_ws/install/std_msgs/local/lib/python3.10/dist-packages:${PYTHONPATH} /usr/bin/cmake --install /ros2_ws/build/visualization_msgs
[223.718s] -- Install configuration: ""
[223.719s] -- Installing: /ros2_ws/install/visualization_msgs/share/ament_index/resource_index/rosidl_interfaces/visualization_msgs
[223.719s] -- Installing: /ros2_ws/install/visualization_msgs/include/visualization_msgs/visualization_msgs
[223.720s] -- Installing: /ros2_ws/install/visualization_msgs/include/visualization_msgs/visualization_msgs/srv
[223.721s] -- Installing: /ros2_ws/install/visualization_msgs/include/visualization_msgs/visualization_msgs/srv/get_interactive_markers.h
[223.721s] -- Installing: /ros2_ws/install/visualization_msgs/include/visualization_msgs/visualization_msgs/srv/detail
[223.722s] -- Installing: /ros2_ws/install/visualization_msgs/include/visualization_msgs/visualization_msgs/srv/detail/get_interactive_markers__functions.h
[223.722s] -- Installing: /ros2_ws/install/visualization_msgs/include/visualization_msgs/visualization_msgs/srv/detail/get_interactive_markers__type_support.h
[223.723s] -- Installing: /ros2_ws/install/visualization_msgs/include/visualization_msgs/visualization_msgs/srv/detail/get_interactive_markers__functions.c
[223.723s] -- Installing: /ros2_ws/install/visualization_msgs/include/visualization_msgs/visualization_msgs/srv/detail/get_interactive_markers__struct.h
[223.724s] -- Installing: /ros2_ws/install/visualization_msgs/include/visualization_msgs/visualization_msgs/msg
[223.725s] -- Installing: /ros2_ws/install/visualization_msgs/include/visualization_msgs/visualization_msgs/msg/interactive_marker_update.h
[223.725s] -- Installing: /ros2_ws/install/visualization_msgs/include/visualization_msgs/visualization_msgs/msg/interactive_marker_pose.h
[223.726s] -- Installing: /ros2_ws/install/visualization_msgs/include/visualization_msgs/visualization_msgs/msg/interactive_marker_feedback.h
[223.726s] -- Installing: /ros2_ws/install/visualization_msgs/include/visualization_msgs/visualization_msgs/msg/marker.h
[223.726s] -- Installing: /ros2_ws/install/visualization_msgs/include/visualization_msgs/visualization_msgs/msg/interactive_marker_control.h
[223.727s] -- Installing: /ros2_ws/install/visualization_msgs/include/visualization_msgs/visualization_msgs/msg/interactive_marker.h
[223.727s] -- Installing: /ros2_ws/install/visualization_msgs/include/visualization_msgs/visualization_msgs/msg/marker_array.h
[223.728s] -- Installing: /ros2_ws/install/visualization_msgs/include/visualization_msgs/visualization_msgs/msg/interactive_marker_init.h
[223.728s] -- Installing: /ros2_ws/install/visualization_msgs/include/visualization_msgs/visualization_msgs/msg/image_marker.h
[223.729s] -- Installing: /ros2_ws/install/visualization_msgs/include/visualization_msgs/visualization_msgs/msg/detail
[223.729s] -- Installing: /ros2_ws/install/visualization_msgs/include/visualization_msgs/visualization_msgs/msg/detail/interactive_marker_init__struct.h
[223.730s] -- Installing: /ros2_ws/install/visualization_msgs/include/visualization_msgs/visualization_msgs/msg/detail/menu_entry__functions.h
[223.730s] -- Installing: /ros2_ws/install/visualization_msgs/include/visualization_msgs/visualization_msgs/msg/detail/marker__functions.h
[223.730s] -- Installing: /ros2_ws/install/visualization_msgs/include/visualization_msgs/visualization_msgs/msg/detail/interactive_marker_init__type_support.h
[223.731s] -- Installing: /ros2_ws/install/visualization_msgs/include/visualization_msgs/visualization_msgs/msg/detail/interactive_marker_feedback__functions.h
[223.731s] -- Installing: /ros2_ws/install/visualization_msgs/include/visualization_msgs/visualization_msgs/msg/detail/marker_array__functions.h
[223.732s] -- Installing: /ros2_ws/install/visualization_msgs/include/visualization_msgs/visualization_msgs/msg/detail/marker__struct.h
[223.732s] -- Installing: /ros2_ws/install/visualization_msgs/include/visualization_msgs/visualization_msgs/msg/detail/interactive_marker_control__struct.h
[223.733s] -- Installing: /ros2_ws/install/visualization_msgs/include/visualization_msgs/visualization_msgs/msg/detail/marker__functions.c
[223.733s] -- Installing: /ros2_ws/install/visualization_msgs/include/visualization_msgs/visualization_msgs/msg/detail/interactive_marker__functions.h
[223.734s] -- Installing: /ros2_ws/install/visualization_msgs/include/visualization_msgs/visualization_msgs/msg/detail/interactive_marker_update__type_support.h
[223.734s] -- Installing: /ros2_ws/install/visualization_msgs/include/visualization_msgs/visualization_msgs/msg/detail/marker__type_support.h
[223.734s] -- Installing: /ros2_ws/install/visualization_msgs/include/visualization_msgs/visualization_msgs/msg/detail/menu_entry__type_support.h
[223.735s] -- Installing: /ros2_ws/install/visualization_msgs/include/visualization_msgs/visualization_msgs/msg/detail/image_marker__struct.h
[223.735s] -- Installing: /ros2_ws/install/visualization_msgs/include/visualization_msgs/visualization_msgs/msg/detail/menu_entry__struct.h
[223.736s] -- Installing: /ros2_ws/install/visualization_msgs/include/visualization_msgs/visualization_msgs/msg/detail/interactive_marker_feedback__type_support.h
[223.736s] -- Installing: /ros2_ws/install/visualization_msgs/include/visualization_msgs/visualization_msgs/msg/detail/interactive_marker_init__functions.h
[223.737s] -- Installing: /ros2_ws/install/visualization_msgs/include/visualization_msgs/visualization_msgs/msg/detail/interactive_marker_pose__functions.h
[223.737s] -- Installing: /ros2_ws/install/visualization_msgs/include/visualization_msgs/visualization_msgs/msg/detail/interactive_marker__type_support.h
[223.738s] -- Installing: /ros2_ws/install/visualization_msgs/include/visualization_msgs/visualization_msgs/msg/detail/interactive_marker_update__struct.h
[223.738s] -- Installing: /ros2_ws/install/visualization_msgs/include/visualization_msgs/visualization_msgs/msg/detail/interactive_marker_pose__functions.c
[223.739s] -- Installing: /ros2_ws/install/visualization_msgs/include/visualization_msgs/visualization_msgs/msg/detail/interactive_marker_update__functions.h
[223.739s] -- Installing: /ros2_ws/install/visualization_msgs/include/visualization_msgs/visualization_msgs/msg/detail/image_marker__functions.c
[223.739s] -- Installing: /ros2_ws/install/visualization_msgs/include/visualization_msgs/visualization_msgs/msg/detail/interactive_marker_control__functions.h
[223.740s] -- Installing: /ros2_ws/install/visualization_msgs/include/visualization_msgs/visualization_msgs/msg/detail/interactive_marker_pose__struct.h
[223.740s] -- Installing: /ros2_ws/install/visualization_msgs/include/visualization_msgs/visualization_msgs/msg/detail/menu_entry__functions.c
[223.741s] -- Installing: /ros2_ws/install/visualization_msgs/include/visualization_msgs/visualization_msgs/msg/detail/marker_array__struct.h
[223.741s] -- Installing: /ros2_ws/install/visualization_msgs/include/visualization_msgs/visualization_msgs/msg/detail/interactive_marker_feedback__functions.c
[223.742s] -- Installing: /ros2_ws/install/visualization_msgs/include/visualization_msgs/visualization_msgs/msg/detail/interactive_marker_control__functions.c
[223.742s] -- Installing: /ros2_ws/install/visualization_msgs/include/visualization_msgs/visualization_msgs/msg/detail/interactive_marker_update__functions.c
[223.743s] -- Installing: /ros2_ws/install/visualization_msgs/include/visualization_msgs/visualization_msgs/msg/detail/interactive_marker_control__type_support.h
[223.743s] -- Installing: /ros2_ws/install/visualization_msgs/include/visualization_msgs/visualization_msgs/msg/detail/interactive_marker_feedback__struct.h
[223.744s] -- Installing: /ros2_ws/install/visualization_msgs/include/visualization_msgs/visualization_msgs/msg/detail/marker_array__type_support.h
[223.744s] -- Installing: /ros2_ws/install/visualization_msgs/include/visualization_msgs/visualization_msgs/msg/detail/image_marker__functions.h
[223.745s] -- Installing: /ros2_ws/install/visualization_msgs/include/visualization_msgs/visualization_msgs/msg/detail/interactive_marker_pose__type_support.h
[223.745s] -- Installing: /ros2_ws/install/visualization_msgs/include/visualization_msgs/visualization_msgs/msg/detail/interactive_marker__struct.h
[223.746s] -- Installing: /ros2_ws/install/visualization_msgs/include/visualization_msgs/visualization_msgs/msg/detail/marker_array__functions.c
[223.746s] -- Installing: /ros2_ws/install/visualization_msgs/include/visualization_msgs/visualization_msgs/msg/detail/image_marker__type_support.h
[223.746s] -- Installing: /ros2_ws/install/visualization_msgs/include/visualization_msgs/visualization_msgs/msg/detail/interactive_marker_init__functions.c
[223.747s] -- Installing: /ros2_ws/install/visualization_msgs/include/visualization_msgs/visualization_msgs/msg/detail/interactive_marker__functions.c
[223.747s] -- Installing: /ros2_ws/install/visualization_msgs/include/visualization_msgs/visualization_msgs/msg/rosidl_generator_c__visibility_control.h
[223.748s] -- Installing: /ros2_ws/install/visualization_msgs/include/visualization_msgs/visualization_msgs/msg/menu_entry.h
[223.749s] -- Installing: /ros2_ws/install/visualization_msgs/share/visualization_msgs/environment/library_path.sh
[223.749s] -- Installing: /ros2_ws/install/visualization_msgs/share/visualization_msgs/environment/library_path.dsv
[223.750s] -- Installing: /ros2_ws/install/visualization_msgs/lib/libvisualization_msgs__rosidl_generator_c.so
[223.752s] -- Set runtime path of "/ros2_ws/install/visualization_msgs/lib/libvisualization_msgs__rosidl_generator_c.so" to ""
[223.752s] -- Up-to-date: /ros2_ws/install/visualization_msgs/include/visualization_msgs/visualization_msgs
[223.753s] -- Up-to-date: /ros2_ws/install/visualization_msgs/include/visualization_msgs/visualization_msgs/srv
[223.754s] -- Up-to-date: /ros2_ws/install/visualization_msgs/include/visualization_msgs/visualization_msgs/srv/detail
[223.754s] -- Installing: /ros2_ws/install/visualization_msgs/include/visualization_msgs/visualization_msgs/srv/detail/get_interactive_markers__rosidl_typesupport_fastrtps_c.h
[223.754s] -- Up-to-date: /ros2_ws/install/visualization_msgs/include/visualization_msgs/visualization_msgs/msg
[223.755s] -- Installing: /ros2_ws/install/visualization_msgs/include/visualization_msgs/visualization_msgs/msg/rosidl_typesupport_fastrtps_c__visibility_control.h
[223.755s] -- Up-to-date: /ros2_ws/install/visualization_msgs/include/visualization_msgs/visualization_msgs/msg/detail
[223.756s] -- Installing: /ros2_ws/install/visualization_msgs/include/visualization_msgs/visualization_msgs/msg/detail/interactive_marker__rosidl_typesupport_fastrtps_c.h
[223.756s] -- Installing: /ros2_ws/install/visualization_msgs/include/visualization_msgs/visualization_msgs/msg/detail/interactive_marker_init__rosidl_typesupport_fastrtps_c.h
[223.757s] -- Installing: /ros2_ws/install/visualization_msgs/include/visualization_msgs/visualization_msgs/msg/detail/interactive_marker_control__rosidl_typesupport_fastrtps_c.h
[223.757s] -- Installing: /ros2_ws/install/visualization_msgs/include/visualization_msgs/visualization_msgs/msg/detail/interactive_marker_update__rosidl_typesupport_fastrtps_c.h
[223.757s] -- Installing: /ros2_ws/install/visualization_msgs/include/visualization_msgs/visualization_msgs/msg/detail/image_marker__rosidl_typesupport_fastrtps_c.h
[223.758s] -- Installing: /ros2_ws/install/visualization_msgs/include/visualization_msgs/visualization_msgs/msg/detail/interactive_marker_pose__rosidl_typesupport_fastrtps_c.h
[223.758s] -- Installing: /ros2_ws/install/visualization_msgs/include/visualization_msgs/visualization_msgs/msg/detail/interactive_marker_feedback__rosidl_typesupport_fastrtps_c.h
[223.759s] -- Installing: /ros2_ws/install/visualization_msgs/include/visualization_msgs/visualization_msgs/msg/detail/marker_array__rosidl_typesupport_fastrtps_c.h
[223.759s] -- Installing: /ros2_ws/install/visualization_msgs/include/visualization_msgs/visualization_msgs/msg/detail/menu_entry__rosidl_typesupport_fastrtps_c.h
[223.759s] -- Installing: /ros2_ws/install/visualization_msgs/include/visualization_msgs/visualization_msgs/msg/detail/marker__rosidl_typesupport_fastrtps_c.h
[223.760s] -- Installing: /ros2_ws/install/visualization_msgs/lib/libvisualization_msgs__rosidl_typesupport_fastrtps_c.so
[223.761s] -- Set runtime path of "/ros2_ws/install/visualization_msgs/lib/libvisualization_msgs__rosidl_typesupport_fastrtps_c.so" to ""
[223.762s] -- Up-to-date: /ros2_ws/install/visualization_msgs/include/visualization_msgs/visualization_msgs
[223.762s] -- Up-to-date: /ros2_ws/install/visualization_msgs/include/visualization_msgs/visualization_msgs/srv
[223.762s] -- Installing: /ros2_ws/install/visualization_msgs/include/visualization_msgs/visualization_msgs/srv/get_interactive_markers.hpp
[223.763s] -- Up-to-date: /ros2_ws/install/visualization_msgs/include/visualization_msgs/visualization_msgs/srv/detail
[223.763s] -- Installing: /ros2_ws/install/visualization_msgs/include/visualization_msgs/visualization_msgs/srv/detail/get_interactive_markers__builder.hpp
[223.764s] -- Installing: /ros2_ws/install/visualization_msgs/include/visualization_msgs/visualization_msgs/srv/detail/get_interactive_markers__traits.hpp
[223.764s] -- Installing: /ros2_ws/install/visualization_msgs/include/visualization_msgs/visualization_msgs/srv/detail/get_interactive_markers__struct.hpp
[223.765s] -- Installing: /ros2_ws/install/visualization_msgs/include/visualization_msgs/visualization_msgs/srv/detail/get_interactive_markers__type_support.hpp
[223.765s] -- Up-to-date: /ros2_ws/install/visualization_msgs/include/visualization_msgs/visualization_msgs/msg
[223.766s] -- Installing: /ros2_ws/install/visualization_msgs/include/visualization_msgs/visualization_msgs/msg/marker_array.hpp
[223.766s] -- Installing: /ros2_ws/install/visualization_msgs/include/visualization_msgs/visualization_msgs/msg/interactive_marker_init.hpp
[223.767s] -- Installing: /ros2_ws/install/visualization_msgs/include/visualization_msgs/visualization_msgs/msg/marker.hpp
[223.767s] -- Installing: /ros2_ws/install/visualization_msgs/include/visualization_msgs/visualization_msgs/msg/image_marker.hpp
[223.768s] -- Installing: /ros2_ws/install/visualization_msgs/include/visualization_msgs/visualization_msgs/msg/interactive_marker_control.hpp
[223.768s] -- Installing: /ros2_ws/install/visualization_msgs/include/visualization_msgs/visualization_msgs/msg/interactive_marker_feedback.hpp
[223.769s] -- Installing: /ros2_ws/install/visualization_msgs/include/visualization_msgs/visualization_msgs/msg/interactive_marker_pose.hpp
[223.769s] -- Installing: /ros2_ws/install/visualization_msgs/include/visualization_msgs/visualization_msgs/msg/rosidl_generator_cpp__visibility_control.hpp
[223.770s] -- Installing: /ros2_ws/install/visualization_msgs/include/visualization_msgs/visualization_msgs/msg/interactive_marker.hpp
[223.770s] -- Installing: /ros2_ws/install/visualization_msgs/include/visualization_msgs/visualization_msgs/msg/menu_entry.hpp
[223.771s] -- Up-to-date: /ros2_ws/install/visualization_msgs/include/visualization_msgs/visualization_msgs/msg/detail
[223.771s] -- Installing: /ros2_ws/install/visualization_msgs/include/visualization_msgs/visualization_msgs/msg/detail/interactive_marker_pose__traits.hpp
[223.772s] -- Installing: /ros2_ws/install/visualization_msgs/include/visualization_msgs/visualization_msgs/msg/detail/interactive_marker_feedback__builder.hpp
[223.772s] -- Installing: /ros2_ws/install/visualization_msgs/include/visualization_msgs/visualization_msgs/msg/detail/marker_array__builder.hpp
[223.773s] -- Installing: /ros2_ws/install/visualization_msgs/include/visualization_msgs/visualization_msgs/msg/detail/marker__traits.hpp
[223.773s] -- Installing: /ros2_ws/install/visualization_msgs/include/visualization_msgs/visualization_msgs/msg/detail/interactive_marker_pose__struct.hpp
[223.774s] -- Installing: /ros2_ws/install/visualization_msgs/include/visualization_msgs/visualization_msgs/msg/detail/interactive_marker_feedback__traits.hpp
[223.774s] -- Installing: /ros2_ws/install/visualization_msgs/include/visualization_msgs/visualization_msgs/msg/detail/image_marker__struct.hpp
[223.775s] -- Installing: /ros2_ws/install/visualization_msgs/include/visualization_msgs/visualization_msgs/msg/detail/interactive_marker_control__traits.hpp
[223.775s] -- Installing: /ros2_ws/install/visualization_msgs/include/visualization_msgs/visualization_msgs/msg/detail/interactive_marker_control__struct.hpp
[223.776s] -- Installing: /ros2_ws/install/visualization_msgs/include/visualization_msgs/visualization_msgs/msg/detail/interactive_marker_pose__type_support.hpp
[223.776s] -- Installing: /ros2_ws/install/visualization_msgs/include/visualization_msgs/visualization_msgs/msg/detail/image_marker__traits.hpp
[223.777s] -- Installing: /ros2_ws/install/visualization_msgs/include/visualization_msgs/visualization_msgs/msg/detail/marker__builder.hpp
[223.777s] -- Installing: /ros2_ws/install/visualization_msgs/include/visualization_msgs/visualization_msgs/msg/detail/interactive_marker_feedback__struct.hpp
[223.778s] -- Installing: /ros2_ws/install/visualization_msgs/include/visualization_msgs/visualization_msgs/msg/detail/interactive_marker_init__builder.hpp
[223.778s] -- Installing: /ros2_ws/install/visualization_msgs/include/visualization_msgs/visualization_msgs/msg/detail/interactive_marker_pose__builder.hpp
[223.779s] -- Installing: /ros2_ws/install/visualization_msgs/include/visualization_msgs/visualization_msgs/msg/detail/menu_entry__struct.hpp
[223.779s] -- Installing: /ros2_ws/install/visualization_msgs/include/visualization_msgs/visualization_msgs/msg/detail/image_marker__type_support.hpp
[223.779s] -- Installing: /ros2_ws/install/visualization_msgs/include/visualization_msgs/visualization_msgs/msg/detail/interactive_marker_feedback__type_support.hpp
[223.780s] -- Installing: /ros2_ws/install/visualization_msgs/include/visualization_msgs/visualization_msgs/msg/detail/interactive_marker_init__type_support.hpp
[223.780s] -- Installing: /ros2_ws/install/visualization_msgs/include/visualization_msgs/visualization_msgs/msg/detail/marker_array__struct.hpp
[223.781s] -- Installing: /ros2_ws/install/visualization_msgs/include/visualization_msgs/visualization_msgs/msg/detail/marker_array__type_support.hpp
[223.781s] -- Installing: /ros2_ws/install/visualization_msgs/include/visualization_msgs/visualization_msgs/msg/detail/marker_array__traits.hpp
[223.782s] -- Installing: /ros2_ws/install/visualization_msgs/include/visualization_msgs/visualization_msgs/msg/detail/interactive_marker_update__type_support.hpp
[223.782s] -- Installing: /ros2_ws/install/visualization_msgs/include/visualization_msgs/visualization_msgs/msg/detail/interactive_marker_update__builder.hpp
[223.783s] -- Installing: /ros2_ws/install/visualization_msgs/include/visualization_msgs/visualization_msgs/msg/detail/interactive_marker__struct.hpp
[223.783s] -- Installing: /ros2_ws/install/visualization_msgs/include/visualization_msgs/visualization_msgs/msg/detail/menu_entry__traits.hpp
[223.784s] -- Installing: /ros2_ws/install/visualization_msgs/include/visualization_msgs/visualization_msgs/msg/detail/interactive_marker_update__traits.hpp
[223.784s] -- Installing: /ros2_ws/install/visualization_msgs/include/visualization_msgs/visualization_msgs/msg/detail/interactive_marker_control__type_support.hpp
[223.785s] -- Installing: /ros2_ws/install/visualization_msgs/include/visualization_msgs/visualization_msgs/msg/detail/interactive_marker_init__struct.hpp
[223.785s] -- Installing: /ros2_ws/install/visualization_msgs/include/visualization_msgs/visualization_msgs/msg/detail/interactive_marker_control__builder.hpp
[223.786s] -- Installing: /ros2_ws/install/visualization_msgs/include/visualization_msgs/visualization_msgs/msg/detail/interactive_marker_update__struct.hpp
[223.786s] -- Installing: /ros2_ws/install/visualization_msgs/include/visualization_msgs/visualization_msgs/msg/detail/marker__struct.hpp
[223.787s] -- Installing: /ros2_ws/install/visualization_msgs/include/visualization_msgs/visualization_msgs/msg/detail/interactive_marker__builder.hpp
[223.787s] -- Installing: /ros2_ws/install/visualization_msgs/include/visualization_msgs/visualization_msgs/msg/detail/marker__type_support.hpp
[223.788s] -- Installing: /ros2_ws/install/visualization_msgs/include/visualization_msgs/visualization_msgs/msg/detail/menu_entry__builder.hpp
[223.788s] -- Installing: /ros2_ws/install/visualization_msgs/include/visualization_msgs/visualization_msgs/msg/detail/interactive_marker__traits.hpp
[223.789s] -- Installing: /ros2_ws/install/visualization_msgs/include/visualization_msgs/visualization_msgs/msg/detail/interactive_marker_init__traits.hpp
[223.791s] -- Installing: /ros2_ws/install/visualization_msgs/include/visualization_msgs/visualization_msgs/msg/detail/image_marker__builder.hpp
[223.792s] -- Installing: /ros2_ws/install/visualization_msgs/include/visualization_msgs/visualization_msgs/msg/detail/interactive_marker__type_support.hpp
[223.793s] -- Installing: /ros2_ws/install/visualization_msgs/include/visualization_msgs/visualization_msgs/msg/detail/menu_entry__type_support.hpp
[223.793s] -- Installing: /ros2_ws/install/visualization_msgs/include/visualization_msgs/visualization_msgs/msg/interactive_marker_update.hpp
[223.794s] -- Up-to-date: /ros2_ws/install/visualization_msgs/include/visualization_msgs/visualization_msgs
[223.794s] -- Up-to-date: /ros2_ws/install/visualization_msgs/include/visualization_msgs/visualization_msgs/srv
[223.795s] -- Up-to-date: /ros2_ws/install/visualization_msgs/include/visualization_msgs/visualization_msgs/srv/detail
[223.795s] -- Installing: /ros2_ws/install/visualization_msgs/include/visualization_msgs/visualization_msgs/srv/detail/get_interactive_markers__rosidl_typesupport_fastrtps_cpp.hpp
[223.795s] -- Installing: /ros2_ws/install/visualization_msgs/include/visualization_msgs/visualization_msgs/srv/detail/dds_fastrtps
[223.796s] -- Up-to-date: /ros2_ws/install/visualization_msgs/include/visualization_msgs/visualization_msgs/msg
[223.796s] -- Installing: /ros2_ws/install/visualization_msgs/include/visualization_msgs/visualization_msgs/msg/rosidl_typesupport_fastrtps_cpp__visibility_control.h
[223.797s] -- Up-to-date: /ros2_ws/install/visualization_msgs/include/visualization_msgs/visualization_msgs/msg/detail
[223.797s] -- Installing: /ros2_ws/install/visualization_msgs/include/visualization_msgs/visualization_msgs/msg/detail/interactive_marker_init__rosidl_typesupport_fastrtps_cpp.hpp
[223.798s] -- Installing: /ros2_ws/install/visualization_msgs/include/visualization_msgs/visualization_msgs/msg/detail/marker__rosidl_typesupport_fastrtps_cpp.hpp
[223.798s] -- Installing: /ros2_ws/install/visualization_msgs/include/visualization_msgs/visualization_msgs/msg/detail/interactive_marker_feedback__rosidl_typesupport_fastrtps_cpp.hpp
[223.799s] -- Installing: /ros2_ws/install/visualization_msgs/include/visualization_msgs/visualization_msgs/msg/detail/marker_array__rosidl_typesupport_fastrtps_cpp.hpp
[223.799s] -- Installing: /ros2_ws/install/visualization_msgs/include/visualization_msgs/visualization_msgs/msg/detail/menu_entry__rosidl_typesupport_fastrtps_cpp.hpp
[223.800s] -- Installing: /ros2_ws/install/visualization_msgs/include/visualization_msgs/visualization_msgs/msg/detail/interactive_marker_control__rosidl_typesupport_fastrtps_cpp.hpp
[223.800s] -- Installing: /ros2_ws/install/visualization_msgs/include/visualization_msgs/visualization_msgs/msg/detail/interactive_marker_update__rosidl_typesupport_fastrtps_cpp.hpp
[223.800s] -- Installing: /ros2_ws/install/visualization_msgs/include/visualization_msgs/visualization_msgs/msg/detail/interactive_marker_pose__rosidl_typesupport_fastrtps_cpp.hpp
[223.801s] -- Installing: /ros2_ws/install/visualization_msgs/include/visualization_msgs/visualization_msgs/msg/detail/interactive_marker__rosidl_typesupport_fastrtps_cpp.hpp
[223.801s] -- Installing: /ros2_ws/install/visualization_msgs/include/visualization_msgs/visualization_msgs/msg/detail/dds_fastrtps
[223.801s] -- Installing: /ros2_ws/install/visualization_msgs/include/visualization_msgs/visualization_msgs/msg/detail/image_marker__rosidl_typesupport_fastrtps_cpp.hpp
[223.802s] -- Installing: /ros2_ws/install/visualization_msgs/lib/libvisualization_msgs__rosidl_typesupport_fastrtps_cpp.so
[223.803s] -- Set runtime path of "/ros2_ws/install/visualization_msgs/lib/libvisualization_msgs__rosidl_typesupport_fastrtps_cpp.so" to ""
[223.803s] -- Up-to-date: /ros2_ws/install/visualization_msgs/include/visualization_msgs/visualization_msgs
[223.804s] -- Up-to-date: /ros2_ws/install/visualization_msgs/include/visualization_msgs/visualization_msgs/srv
[223.805s] -- Up-to-date: /ros2_ws/install/visualization_msgs/include/visualization_msgs/visualization_msgs/srv/detail
[223.805s] -- Installing: /ros2_ws/install/visualization_msgs/include/visualization_msgs/visualization_msgs/srv/detail/get_interactive_markers__type_support.c
[223.806s] -- Installing: /ros2_ws/install/visualization_msgs/include/visualization_msgs/visualization_msgs/srv/detail/get_interactive_markers__rosidl_typesupport_introspection_c.h
[223.806s] -- Up-to-date: /ros2_ws/install/visualization_msgs/include/visualization_msgs/visualization_msgs/msg
[223.807s] -- Up-to-date: /ros2_ws/install/visualization_msgs/include/visualization_msgs/visualization_msgs/msg/detail
[223.807s] -- Installing: /ros2_ws/install/visualization_msgs/include/visualization_msgs/visualization_msgs/msg/detail/interactive_marker_update__type_support.c
[223.808s] -- Installing: /ros2_ws/install/visualization_msgs/include/visualization_msgs/visualization_msgs/msg/detail/menu_entry__rosidl_typesupport_introspection_c.h
[223.809s] -- Installing: /ros2_ws/install/visualization_msgs/include/visualization_msgs/visualization_msgs/msg/detail/marker_array__type_support.c
[223.809s] -- Installing: /ros2_ws/install/visualization_msgs/include/visualization_msgs/visualization_msgs/msg/detail/marker_array__rosidl_typesupport_introspection_c.h
[223.810s] -- Installing: /ros2_ws/install/visualization_msgs/include/visualization_msgs/visualization_msgs/msg/detail/interactive_marker_control__rosidl_typesupport_introspection_c.h
[223.810s] -- Installing: /ros2_ws/install/visualization_msgs/include/visualization_msgs/visualization_msgs/msg/detail/interactive_marker_pose__type_support.c
[223.810s] -- Installing: /ros2_ws/install/visualization_msgs/include/visualization_msgs/visualization_msgs/msg/detail/interactive_marker_feedback__type_support.c
[223.811s] -- Installing: /ros2_ws/install/visualization_msgs/include/visualization_msgs/visualization_msgs/msg/detail/interactive_marker__type_support.c
[223.811s] -- Installing: /ros2_ws/install/visualization_msgs/include/visualization_msgs/visualization_msgs/msg/detail/image_marker__type_support.c
[223.812s] -- Installing: /ros2_ws/install/visualization_msgs/include/visualization_msgs/visualization_msgs/msg/detail/marker__type_support.c
[223.812s] -- Installing: /ros2_ws/install/visualization_msgs/include/visualization_msgs/visualization_msgs/msg/detail/interactive_marker_feedback__rosidl_typesupport_introspection_c.h
[223.812s] -- Installing: /ros2_ws/install/visualization_msgs/include/visualization_msgs/visualization_msgs/msg/detail/interactive_marker__rosidl_typesupport_introspection_c.h
[223.813s] -- Installing: /ros2_ws/install/visualization_msgs/include/visualization_msgs/visualization_msgs/msg/detail/interactive_marker_init__type_support.c
[223.813s] -- Installing: /ros2_ws/install/visualization_msgs/include/visualization_msgs/visualization_msgs/msg/detail/interactive_marker_update__rosidl_typesupport_introspection_c.h
[223.814s] -- Installing: /ros2_ws/install/visualization_msgs/include/visualization_msgs/visualization_msgs/msg/detail/image_marker__rosidl_typesupport_introspection_c.h
[223.814s] -- Installing: /ros2_ws/install/visualization_msgs/include/visualization_msgs/visualization_msgs/msg/detail/interactive_marker_pose__rosidl_typesupport_introspection_c.h
[223.815s] -- Installing: /ros2_ws/install/visualization_msgs/include/visualization_msgs/visualization_msgs/msg/detail/interactive_marker_init__rosidl_typesupport_introspection_c.h
[223.815s] -- Installing: /ros2_ws/install/visualization_msgs/include/visualization_msgs/visualization_msgs/msg/detail/interactive_marker_control__type_support.c
[223.816s] -- Installing: /ros2_ws/install/visualization_msgs/include/visualization_msgs/visualization_msgs/msg/detail/marker__rosidl_typesupport_introspection_c.h
[223.816s] -- Installing: /ros2_ws/install/visualization_msgs/include/visualization_msgs/visualization_msgs/msg/detail/menu_entry__type_support.c
[223.816s] -- Installing: /ros2_ws/install/visualization_msgs/include/visualization_msgs/visualization_msgs/msg/rosidl_typesupport_introspection_c__visibility_control.h
[223.817s] -- Installing: /ros2_ws/install/visualization_msgs/lib/libvisualization_msgs__rosidl_typesupport_introspection_c.so
[223.819s] -- Set runtime path of "/ros2_ws/install/visualization_msgs/lib/libvisualization_msgs__rosidl_typesupport_introspection_c.so" to ""
[223.819s] -- Installing: /ros2_ws/install/visualization_msgs/lib/libvisualization_msgs__rosidl_typesupport_c.so
[223.820s] -- Set runtime path of "/ros2_ws/install/visualization_msgs/lib/libvisualization_msgs__rosidl_typesupport_c.so" to ""
[223.821s] -- Up-to-date: /ros2_ws/install/visualization_msgs/include/visualization_msgs/visualization_msgs
[223.821s] -- Up-to-date: /ros2_ws/install/visualization_msgs/include/visualization_msgs/visualization_msgs/srv
[223.822s] -- Up-to-date: /ros2_ws/install/visualization_msgs/include/visualization_msgs/visualization_msgs/srv/detail
[223.822s] -- Installing: /ros2_ws/install/visualization_msgs/include/visualization_msgs/visualization_msgs/srv/detail/get_interactive_markers__rosidl_typesupport_introspection_cpp.hpp
[223.823s] -- Installing: /ros2_ws/install/visualization_msgs/include/visualization_msgs/visualization_msgs/srv/detail/get_interactive_markers__type_support.cpp
[223.823s] -- Up-to-date: /ros2_ws/install/visualization_msgs/include/visualization_msgs/visualization_msgs/msg
[223.823s] -- Up-to-date: /ros2_ws/install/visualization_msgs/include/visualization_msgs/visualization_msgs/msg/detail
[223.824s] -- Installing: /ros2_ws/install/visualization_msgs/include/visualization_msgs/visualization_msgs/msg/detail/interactive_marker_control__type_support.cpp
[223.824s] -- Installing: /ros2_ws/install/visualization_msgs/include/visualization_msgs/visualization_msgs/msg/detail/menu_entry__type_support.cpp
[223.825s] -- Installing: /ros2_ws/install/visualization_msgs/include/visualization_msgs/visualization_msgs/msg/detail/interactive_marker__rosidl_typesupport_introspection_cpp.hpp
[223.825s] -- Installing: /ros2_ws/install/visualization_msgs/include/visualization_msgs/visualization_msgs/msg/detail/interactive_marker_control__rosidl_typesupport_introspection_cpp.hpp
[223.826s] -- Installing: /ros2_ws/install/visualization_msgs/include/visualization_msgs/visualization_msgs/msg/detail/interactive_marker_init__rosidl_typesupport_introspection_cpp.hpp
[223.826s] -- Installing: /ros2_ws/install/visualization_msgs/include/visualization_msgs/visualization_msgs/msg/detail/menu_entry__rosidl_typesupport_introspection_cpp.hpp
[223.826s] -- Installing: /ros2_ws/install/visualization_msgs/include/visualization_msgs/visualization_msgs/msg/detail/marker__rosidl_typesupport_introspection_cpp.hpp
[223.827s] -- Installing: /ros2_ws/install/visualization_msgs/include/visualization_msgs/visualization_msgs/msg/detail/interactive_marker_pose__type_support.cpp
[223.827s] -- Installing: /ros2_ws/install/visualization_msgs/include/visualization_msgs/visualization_msgs/msg/detail/interactive_marker_pose__rosidl_typesupport_introspection_cpp.hpp
[223.828s] -- Installing: /ros2_ws/install/visualization_msgs/include/visualization_msgs/visualization_msgs/msg/detail/marker_array__type_support.cpp
[223.828s] -- Installing: /ros2_ws/install/visualization_msgs/include/visualization_msgs/visualization_msgs/msg/detail/interactive_marker_update__rosidl_typesupport_introspection_cpp.hpp
[223.829s] -- Installing: /ros2_ws/install/visualization_msgs/include/visualization_msgs/visualization_msgs/msg/detail/image_marker__type_support.cpp
[223.829s] -- Installing: /ros2_ws/install/visualization_msgs/include/visualization_msgs/visualization_msgs/msg/detail/interactive_marker_feedback__type_support.cpp
[223.829s] -- Installing: /ros2_ws/install/visualization_msgs/include/visualization_msgs/visualization_msgs/msg/detail/interactive_marker__type_support.cpp
[223.830s] -- Installing: /ros2_ws/install/visualization_msgs/include/visualization_msgs/visualization_msgs/msg/detail/image_marker__rosidl_typesupport_introspection_cpp.hpp
[223.831s] -- Installing: /ros2_ws/install/visualization_msgs/include/visualization_msgs/visualization_msgs/msg/detail/interactive_marker_update__type_support.cpp
[223.832s] -- Installing: /ros2_ws/install/visualization_msgs/include/visualization_msgs/visualization_msgs/msg/detail/interactive_marker_init__type_support.cpp
[223.832s] -- Installing: /ros2_ws/install/visualization_msgs/include/visualization_msgs/visualization_msgs/msg/detail/marker_array__rosidl_typesupport_introspection_cpp.hpp
[223.833s] -- Installing: /ros2_ws/install/visualization_msgs/include/visualization_msgs/visualization_msgs/msg/detail/interactive_marker_feedback__rosidl_typesupport_introspection_cpp.hpp
[223.833s] -- Installing: /ros2_ws/install/visualization_msgs/include/visualization_msgs/visualization_msgs/msg/detail/marker__type_support.cpp
[223.834s] -- Installing: /ros2_ws/install/visualization_msgs/lib/libvisualization_msgs__rosidl_typesupport_introspection_cpp.so
[223.837s] -- Set runtime path of "/ros2_ws/install/visualization_msgs/lib/libvisualization_msgs__rosidl_typesupport_introspection_cpp.so" to ""
[223.838s] -- Installing: /ros2_ws/install/visualization_msgs/lib/libvisualization_msgs__rosidl_typesupport_cpp.so
[223.839s] -- Set runtime path of "/ros2_ws/install/visualization_msgs/lib/libvisualization_msgs__rosidl_typesupport_cpp.so" to ""
[223.839s] -- Installing: /ros2_ws/install/visualization_msgs/share/visualization_msgs/environment/pythonpath.sh
[223.840s] -- Installing: /ros2_ws/install/visualization_msgs/share/visualization_msgs/environment/pythonpath.dsv
[223.840s] -- Installing: /ros2_ws/install/visualization_msgs/local/lib/python3.10/dist-packages/visualization_msgs-2.0.5-py3.10.egg-info
[223.841s] -- Installing: /ros2_ws/install/visualization_msgs/local/lib/python3.10/dist-packages/visualization_msgs-2.0.5-py3.10.egg-info/SOURCES.txt
[223.841s] -- Installing: /ros2_ws/install/visualization_msgs/local/lib/python3.10/dist-packages/visualization_msgs-2.0.5-py3.10.egg-info/dependency_links.txt
[223.842s] -- Installing: /ros2_ws/install/visualization_msgs/local/lib/python3.10/dist-packages/visualization_msgs-2.0.5-py3.10.egg-info/top_level.txt
[223.842s] -- Installing: /ros2_ws/install/visualization_msgs/local/lib/python3.10/dist-packages/visualization_msgs-2.0.5-py3.10.egg-info/PKG-INFO
[223.843s] -- Installing: /ros2_ws/install/visualization_msgs/local/lib/python3.10/dist-packages/visualization_msgs
[223.843s] -- Installing: /ros2_ws/install/visualization_msgs/local/lib/python3.10/dist-packages/visualization_msgs/srv
[223.844s] -- Installing: /ros2_ws/install/visualization_msgs/local/lib/python3.10/dist-packages/visualization_msgs/srv/__init__.py
[223.844s] -- Installing: /ros2_ws/install/visualization_msgs/local/lib/python3.10/dist-packages/visualization_msgs/srv/_get_interactive_markers.py
[223.845s] -- Installing: /ros2_ws/install/visualization_msgs/local/lib/python3.10/dist-packages/visualization_msgs/srv/_get_interactive_markers_s.c
[223.845s] -- Installing: /ros2_ws/install/visualization_msgs/local/lib/python3.10/dist-packages/visualization_msgs/__init__.py
[223.846s] -- Installing: /ros2_ws/install/visualization_msgs/local/lib/python3.10/dist-packages/visualization_msgs/_visualization_msgs_s.ep.rosidl_typesupport_c.c
[223.846s] -- Installing: /ros2_ws/install/visualization_msgs/local/lib/python3.10/dist-packages/visualization_msgs/_visualization_msgs_s.ep.rosidl_typesupport_introspection_c.c
[223.847s] -- Installing: /ros2_ws/install/visualization_msgs/local/lib/python3.10/dist-packages/visualization_msgs/visualization_msgs_s__rosidl_typesupport_fastrtps_c.cpython-310-aarch64-linux-gnu.so
[223.847s] -- Installing: /ros2_ws/install/visualization_msgs/local/lib/python3.10/dist-packages/visualization_msgs/visualization_msgs_s__rosidl_typesupport_introspection_c.cpython-310-aarch64-linux-gnu.so
[223.848s] -- Installing: /ros2_ws/install/visualization_msgs/local/lib/python3.10/dist-packages/visualization_msgs/msg
[223.849s] -- Installing: /ros2_ws/install/visualization_msgs/local/lib/python3.10/dist-packages/visualization_msgs/msg/_image_marker.py
[223.849s] -- Installing: /ros2_ws/install/visualization_msgs/local/lib/python3.10/dist-packages/visualization_msgs/msg/_interactive_marker_control_s.c
[223.849s] -- Installing: /ros2_ws/install/visualization_msgs/local/lib/python3.10/dist-packages/visualization_msgs/msg/_menu_entry.py
[223.850s] -- Installing: /ros2_ws/install/visualization_msgs/local/lib/python3.10/dist-packages/visualization_msgs/msg/__init__.py
[223.850s] -- Installing: /ros2_ws/install/visualization_msgs/local/lib/python3.10/dist-packages/visualization_msgs/msg/_marker_s.c
[223.851s] -- Installing: /ros2_ws/install/visualization_msgs/local/lib/python3.10/dist-packages/visualization_msgs/msg/_interactive_marker_s.c
[223.851s] -- Installing: /ros2_ws/install/visualization_msgs/local/lib/python3.10/dist-packages/visualization_msgs/msg/_interactive_marker_update_s.c
[223.852s] -- Installing: /ros2_ws/install/visualization_msgs/local/lib/python3.10/dist-packages/visualization_msgs/msg/_image_marker_s.c
[223.852s] -- Installing: /ros2_ws/install/visualization_msgs/local/lib/python3.10/dist-packages/visualization_msgs/msg/_interactive_marker_control.py
[223.853s] -- Installing: /ros2_ws/install/visualization_msgs/local/lib/python3.10/dist-packages/visualization_msgs/msg/_interactive_marker_init_s.c
[223.853s] -- Installing: /ros2_ws/install/visualization_msgs/local/lib/python3.10/dist-packages/visualization_msgs/msg/_interactive_marker_pose_s.c
[223.854s] -- Installing: /ros2_ws/install/visualization_msgs/local/lib/python3.10/dist-packages/visualization_msgs/msg/_menu_entry_s.c
[223.854s] -- Installing: /ros2_ws/install/visualization_msgs/local/lib/python3.10/dist-packages/visualization_msgs/msg/_marker.py
[223.855s] -- Installing: /ros2_ws/install/visualization_msgs/local/lib/python3.10/dist-packages/visualization_msgs/msg/_interactive_marker_pose.py
[223.855s] -- Installing: /ros2_ws/install/visualization_msgs/local/lib/python3.10/dist-packages/visualization_msgs/msg/_interactive_marker_init.py
[223.856s] -- Installing: /ros2_ws/install/visualization_msgs/local/lib/python3.10/dist-packages/visualization_msgs/msg/_marker_array_s.c
[223.856s] -- Installing: /ros2_ws/install/visualization_msgs/local/lib/python3.10/dist-packages/visualization_msgs/msg/_interactive_marker_feedback_s.c
[223.857s] -- Installing: /ros2_ws/install/visualization_msgs/local/lib/python3.10/dist-packages/visualization_msgs/msg/_interactive_marker.py
[223.857s] -- Installing: /ros2_ws/install/visualization_msgs/local/lib/python3.10/dist-packages/visualization_msgs/msg/_interactive_marker_update.py
[223.858s] -- Installing: /ros2_ws/install/visualization_msgs/local/lib/python3.10/dist-packages/visualization_msgs/msg/_interactive_marker_feedback.py
[223.858s] -- Installing: /ros2_ws/install/visualization_msgs/local/lib/python3.10/dist-packages/visualization_msgs/msg/_marker_array.py
[223.859s] -- Installing: /ros2_ws/install/visualization_msgs/local/lib/python3.10/dist-packages/visualization_msgs/libvisualization_msgs__rosidl_generator_py.so
[223.860s] -- Installing: /ros2_ws/install/visualization_msgs/local/lib/python3.10/dist-packages/visualization_msgs/_visualization_msgs_s.ep.rosidl_typesupport_fastrtps_c.c
[223.860s] -- Installing: /ros2_ws/install/visualization_msgs/local/lib/python3.10/dist-packages/visualization_msgs/visualization_msgs_s__rosidl_typesupport_c.cpython-310-aarch64-linux-gnu.so
[224.070s] Listing '/ros2_ws/install/visualization_msgs/local/lib/python3.10/dist-packages/visualization_msgs'...
[224.071s] Compiling '/ros2_ws/install/visualization_msgs/local/lib/python3.10/dist-packages/visualization_msgs/__init__.py'...
[224.072s] Listing '/ros2_ws/install/visualization_msgs/local/lib/python3.10/dist-packages/visualization_msgs/msg'...
[224.072s] Compiling '/ros2_ws/install/visualization_msgs/local/lib/python3.10/dist-packages/visualization_msgs/msg/__init__.py'...
[224.073s] Compiling '/ros2_ws/install/visualization_msgs/local/lib/python3.10/dist-packages/visualization_msgs/msg/_image_marker.py'...
[224.074s] Compiling '/ros2_ws/install/visualization_msgs/local/lib/python3.10/dist-packages/visualization_msgs/msg/_interactive_marker.py'...
[224.075s] Compiling '/ros2_ws/install/visualization_msgs/local/lib/python3.10/dist-packages/visualization_msgs/msg/_interactive_marker_control.py'...
[224.076s] Compiling '/ros2_ws/install/visualization_msgs/local/lib/python3.10/dist-packages/visualization_msgs/msg/_interactive_marker_feedback.py'...
[224.077s] Compiling '/ros2_ws/install/visualization_msgs/local/lib/python3.10/dist-packages/visualization_msgs/msg/_interactive_marker_init.py'...
[224.077s] Compiling '/ros2_ws/install/visualization_msgs/local/lib/python3.10/dist-packages/visualization_msgs/msg/_interactive_marker_pose.py'...
[224.078s] Compiling '/ros2_ws/install/visualization_msgs/local/lib/python3.10/dist-packages/visualization_msgs/msg/_interactive_marker_update.py'...
[224.079s] Compiling '/ros2_ws/install/visualization_msgs/local/lib/python3.10/dist-packages/visualization_msgs/msg/_marker.py'...
[224.080s] Compiling '/ros2_ws/install/visualization_msgs/local/lib/python3.10/dist-packages/visualization_msgs/msg/_marker_array.py'...
[224.081s] Compiling '/ros2_ws/install/visualization_msgs/local/lib/python3.10/dist-packages/visualization_msgs/msg/_menu_entry.py'...
[224.081s] Listing '/ros2_ws/install/visualization_msgs/local/lib/python3.10/dist-packages/visualization_msgs/srv'...
[224.082s] Compiling '/ros2_ws/install/visualization_msgs/local/lib/python3.10/dist-packages/visualization_msgs/srv/__init__.py'...
[224.083s] Compiling '/ros2_ws/install/visualization_msgs/local/lib/python3.10/dist-packages/visualization_msgs/srv/_get_interactive_markers.py'...
[224.098s] -- Installing: /ros2_ws/install/visualization_msgs/local/lib/python3.10/dist-packages/visualization_msgs/visualization_msgs_s__rosidl_typesupport_fastrtps_c.cpython-310-aarch64-linux-gnu.so
[224.100s] -- Set runtime path of "/ros2_ws/install/visualization_msgs/local/lib/python3.10/dist-packages/visualization_msgs/visualization_msgs_s__rosidl_typesupport_fastrtps_c.cpython-310-aarch64-linux-gnu.so" to ""
[224.101s] -- Installing: /ros2_ws/install/visualization_msgs/local/lib/python3.10/dist-packages/visualization_msgs/visualization_msgs_s__rosidl_typesupport_introspection_c.cpython-310-aarch64-linux-gnu.so
[224.102s] -- Set runtime path of "/ros2_ws/install/visualization_msgs/local/lib/python3.10/dist-packages/visualization_msgs/visualization_msgs_s__rosidl_typesupport_introspection_c.cpython-310-aarch64-linux-gnu.so" to ""
[224.103s] -- Installing: /ros2_ws/install/visualization_msgs/local/lib/python3.10/dist-packages/visualization_msgs/visualization_msgs_s__rosidl_typesupport_c.cpython-310-aarch64-linux-gnu.so
[224.105s] -- Set runtime path of "/ros2_ws/install/visualization_msgs/local/lib/python3.10/dist-packages/visualization_msgs/visualization_msgs_s__rosidl_typesupport_c.cpython-310-aarch64-linux-gnu.so" to ""
[224.105s] -- Installing: /ros2_ws/install/visualization_msgs/lib/libvisualization_msgs__rosidl_generator_py.so
[224.107s] -- Set runtime path of "/ros2_ws/install/visualization_msgs/lib/libvisualization_msgs__rosidl_generator_py.so" to ""
[224.107s] -- Installing: /ros2_ws/install/visualization_msgs/share/ament_index/resource_index/rust_packages/visualization_msgs
[224.108s] -- Installing: /ros2_ws/install/visualization_msgs/share/visualization_msgs/rust
[224.108s] -- Installing: /ros2_ws/install/visualization_msgs/share/visualization_msgs/rust/src
[224.111s] -- Installing: /ros2_ws/install/visualization_msgs/share/visualization_msgs/rust/src/srv
[224.112s] -- Installing: /ros2_ws/install/visualization_msgs/share/visualization_msgs/rust/src/srv/rmw.rs
[224.112s] -- Installing: /ros2_ws/install/visualization_msgs/share/visualization_msgs/rust/src/srv.rs
[224.113s] -- Installing: /ros2_ws/install/visualization_msgs/share/visualization_msgs/rust/src/msg
[224.113s] -- Installing: /ros2_ws/install/visualization_msgs/share/visualization_msgs/rust/src/msg/rmw.rs
[224.114s] -- Installing: /ros2_ws/install/visualization_msgs/share/visualization_msgs/rust/src/msg.rs
[224.114s] -- Installing: /ros2_ws/install/visualization_msgs/share/visualization_msgs/rust/src/lib.rs
[224.114s] -- Installing: /ros2_ws/install/visualization_msgs/share/visualization_msgs/rust/Cargo.toml
[224.115s] -- Installing: /ros2_ws/install/visualization_msgs/share/visualization_msgs/rust/build.rs
[224.115s] -- Installing: /ros2_ws/install/visualization_msgs/share/visualization_msgs/msg/ImageMarker.idl
[224.116s] -- Installing: /ros2_ws/install/visualization_msgs/share/visualization_msgs/msg/InteractiveMarker.idl
[224.116s] -- Installing: /ros2_ws/install/visualization_msgs/share/visualization_msgs/msg/InteractiveMarkerControl.idl
[224.117s] -- Installing: /ros2_ws/install/visualization_msgs/share/visualization_msgs/msg/InteractiveMarkerFeedback.idl
[224.118s] -- Installing: /ros2_ws/install/visualization_msgs/share/visualization_msgs/msg/InteractiveMarkerInit.idl
[224.118s] -- Installing: /ros2_ws/install/visualization_msgs/share/visualization_msgs/msg/InteractiveMarkerPose.idl
[224.119s] -- Installing: /ros2_ws/install/visualization_msgs/share/visualization_msgs/msg/InteractiveMarkerUpdate.idl
[224.119s] -- Installing: /ros2_ws/install/visualization_msgs/share/visualization_msgs/msg/Marker.idl
[224.120s] -- Installing: /ros2_ws/install/visualization_msgs/share/visualization_msgs/msg/MarkerArray.idl
[224.120s] -- Installing: /ros2_ws/install/visualization_msgs/share/visualization_msgs/msg/MenuEntry.idl
[224.121s] -- Installing: /ros2_ws/install/visualization_msgs/share/visualization_msgs/srv/GetInteractiveMarkers.idl
[224.122s] -- Installing: /ros2_ws/install/visualization_msgs/share/visualization_msgs/msg/ImageMarker.msg
[224.122s] -- Installing: /ros2_ws/install/visualization_msgs/share/visualization_msgs/msg/InteractiveMarker.msg
[224.123s] -- Installing: /ros2_ws/install/visualization_msgs/share/visualization_msgs/msg/InteractiveMarkerControl.msg
[224.123s] -- Installing: /ros2_ws/install/visualization_msgs/share/visualization_msgs/msg/InteractiveMarkerFeedback.msg
[224.124s] -- Installing: /ros2_ws/install/visualization_msgs/share/visualization_msgs/msg/InteractiveMarkerInit.msg
[224.125s] -- Installing: /ros2_ws/install/visualization_msgs/share/visualization_msgs/msg/InteractiveMarkerPose.msg
[224.125s] -- Installing: /ros2_ws/install/visualization_msgs/share/visualization_msgs/msg/InteractiveMarkerUpdate.msg
[224.126s] -- Installing: /ros2_ws/install/visualization_msgs/share/visualization_msgs/msg/Marker.msg
[224.126s] -- Installing: /ros2_ws/install/visualization_msgs/share/visualization_msgs/msg/MarkerArray.msg
[224.127s] -- Installing: /ros2_ws/install/visualization_msgs/share/visualization_msgs/msg/MenuEntry.msg
[224.127s] -- Installing: /ros2_ws/install/visualization_msgs/share/visualization_msgs/srv/GetInteractiveMarkers.srv
[224.128s] -- Installing: /ros2_ws/install/visualization_msgs/share/visualization_msgs/srv/GetInteractiveMarkers_Request.msg
[224.129s] -- Installing: /ros2_ws/install/visualization_msgs/share/visualization_msgs/srv/GetInteractiveMarkers_Response.msg
[224.130s] -- Installing: /ros2_ws/install/visualization_msgs/share/ament_index/resource_index/package_run_dependencies/visualization_msgs
[224.130s] -- Installing: /ros2_ws/install/visualization_msgs/share/ament_index/resource_index/parent_prefix_path/visualization_msgs
[224.131s] -- Installing: /ros2_ws/install/visualization_msgs/share/visualization_msgs/environment/ament_prefix_path.sh
[224.132s] -- Installing: /ros2_ws/install/visualization_msgs/share/visualization_msgs/environment/ament_prefix_path.dsv
[224.132s] -- Installing: /ros2_ws/install/visualization_msgs/share/visualization_msgs/environment/path.sh
[224.133s] -- Installing: /ros2_ws/install/visualization_msgs/share/visualization_msgs/environment/path.dsv
[224.133s] -- Installing: /ros2_ws/install/visualization_msgs/share/visualization_msgs/local_setup.bash
[224.134s] -- Installing: /ros2_ws/install/visualization_msgs/share/visualization_msgs/local_setup.sh
[224.134s] -- Installing: /ros2_ws/install/visualization_msgs/share/visualization_msgs/local_setup.zsh
[224.135s] -- Installing: /ros2_ws/install/visualization_msgs/share/visualization_msgs/local_setup.dsv
[224.135s] -- Installing: /ros2_ws/install/visualization_msgs/share/visualization_msgs/package.dsv
[224.136s] -- Installing: /ros2_ws/install/visualization_msgs/share/ament_index/resource_index/packages/visualization_msgs
[224.137s] -- Installing: /ros2_ws/install/visualization_msgs/share/visualization_msgs/cmake/export_visualization_msgs__rosidl_generator_cExport.cmake
[224.138s] -- Installing: /ros2_ws/install/visualization_msgs/share/visualization_msgs/cmake/export_visualization_msgs__rosidl_generator_cExport-noconfig.cmake
[224.138s] -- Installing: /ros2_ws/install/visualization_msgs/share/visualization_msgs/cmake/export_visualization_msgs__rosidl_typesupport_fastrtps_cExport.cmake
[224.139s] -- Installing: /ros2_ws/install/visualization_msgs/share/visualization_msgs/cmake/export_visualization_msgs__rosidl_typesupport_fastrtps_cExport-noconfig.cmake
[224.140s] -- Installing: /ros2_ws/install/visualization_msgs/share/visualization_msgs/cmake/export_visualization_msgs__rosidl_generator_cppExport.cmake
[224.140s] -- Installing: /ros2_ws/install/visualization_msgs/share/visualization_msgs/cmake/export_visualization_msgs__rosidl_typesupport_fastrtps_cppExport.cmake
[224.141s] -- Installing: /ros2_ws/install/visualization_msgs/share/visualization_msgs/cmake/export_visualization_msgs__rosidl_typesupport_fastrtps_cppExport-noconfig.cmake
[224.142s] -- Installing: /ros2_ws/install/visualization_msgs/share/visualization_msgs/cmake/visualization_msgs__rosidl_typesupport_introspection_cExport.cmake
[224.142s] -- Installing: /ros2_ws/install/visualization_msgs/share/visualization_msgs/cmake/visualization_msgs__rosidl_typesupport_introspection_cExport-noconfig.cmake
[224.143s] -- Installing: /ros2_ws/install/visualization_msgs/share/visualization_msgs/cmake/visualization_msgs__rosidl_typesupport_cExport.cmake
[224.144s] -- Installing: /ros2_ws/install/visualization_msgs/share/visualization_msgs/cmake/visualization_msgs__rosidl_typesupport_cExport-noconfig.cmake
[224.144s] -- Installing: /ros2_ws/install/visualization_msgs/share/visualization_msgs/cmake/visualization_msgs__rosidl_typesupport_introspection_cppExport.cmake
[224.145s] -- Installing: /ros2_ws/install/visualization_msgs/share/visualization_msgs/cmake/visualization_msgs__rosidl_typesupport_introspection_cppExport-noconfig.cmake
[224.146s] -- Installing: /ros2_ws/install/visualization_msgs/share/visualization_msgs/cmake/visualization_msgs__rosidl_typesupport_cppExport.cmake
[224.147s] -- Installing: /ros2_ws/install/visualization_msgs/share/visualization_msgs/cmake/visualization_msgs__rosidl_typesupport_cppExport-noconfig.cmake
[224.147s] -- Installing: /ros2_ws/install/visualization_msgs/share/visualization_msgs/cmake/export_visualization_msgs__rosidl_generator_pyExport.cmake
[224.148s] -- Installing: /ros2_ws/install/visualization_msgs/share/visualization_msgs/cmake/export_visualization_msgs__rosidl_generator_pyExport-noconfig.cmake
[224.149s] -- Installing: /ros2_ws/install/visualization_msgs/share/visualization_msgs/cmake/rosidl_cmake-extras.cmake
[224.149s] -- Installing: /ros2_ws/install/visualization_msgs/share/visualization_msgs/cmake/ament_cmake_export_dependencies-extras.cmake
[224.150s] -- Installing: /ros2_ws/install/visualization_msgs/share/visualization_msgs/cmake/ament_cmake_export_include_directories-extras.cmake
[224.151s] -- Installing: /ros2_ws/install/visualization_msgs/share/visualization_msgs/cmake/ament_cmake_export_libraries-extras.cmake
[224.151s] -- Installing: /ros2_ws/install/visualization_msgs/share/visualization_msgs/cmake/ament_cmake_export_targets-extras.cmake
[224.152s] -- Installing: /ros2_ws/install/visualization_msgs/share/visualization_msgs/cmake/rosidl_cmake_export_typesupport_targets-extras.cmake
[224.153s] -- Installing: /ros2_ws/install/visualization_msgs/share/visualization_msgs/cmake/rosidl_cmake_export_typesupport_libraries-extras.cmake
[224.153s] -- Installing: /ros2_ws/install/visualization_msgs/share/visualization_msgs/cmake/visualization_msgsConfig.cmake
[224.154s] -- Installing: /ros2_ws/install/visualization_msgs/share/visualization_msgs/cmake/visualization_msgsConfig-version.cmake
[224.154s] -- Installing: /ros2_ws/install/visualization_msgs/share/visualization_msgs/package.xml
[224.161s] Invoked command in '/ros2_ws/build/visualization_msgs' returned '0': AMENT_PREFIX_PATH=/ros2_ws/install/geometry_msgs:/ros2_ws/install/std_msgs:${AMENT_PREFIX_PATH} CMAKE_PREFIX_PATH=/ros2_ws/install/geometry_msgs:/ros2_ws/install/std_msgs:/opt/ros/humble LD_LIBRARY_PATH=/ros2_ws/install/geometry_msgs/lib:/ros2_ws/install/std_msgs/lib:${LD_LIBRARY_PATH} PYTHONPATH=/ros2_ws/install/geometry_msgs/local/lib/python3.10/dist-packages:/ros2_ws/install/std_msgs/local/lib/python3.10/dist-packages:${PYTHONPATH} /usr/bin/cmake --install /ros2_ws/build/visualization_msgs
