[0.000000] (-) TimerEvent: {}
[0.000699] (-) JobUnselected: {'identifier': 'actionlib_msgs'}
[0.000851] (-) JobUnselected: {'identifier': 'angles'}
[0.001031] (-) JobUnselected: {'identifier': 'common_interfaces'}
[0.001392] (-) JobUnselected: {'identifier': 'depthai-ros'}
[0.001561] (-) JobUnselected: {'identifier': 'depthai_bridge'}
[0.001658] (-) JobUnselected: {'identifier': 'depthai_descriptions'}
[0.001753] (-) JobUnselected: {'identifier': 'depthai_examples'}
[0.001849] (-) JobUnselected: {'identifier': 'depthai_filters'}
[0.001945] (-) JobUnselected: {'identifier': 'depthai_ros_driver'}
[0.002041] (-) JobUnselected: {'identifier': 'depthai_ros_msgs'}
[0.002135] (-) JobUnselected: {'identifier': 'diagnostic_msgs'}
[0.002231] (-) JobUnselected: {'identifier': 'geometry_msgs'}
[0.002331] (-) JobUnselected: {'identifier': 'nav_msgs'}
[0.002428] (-) JobUnselected: {'identifier': 'rosapi'}
[0.002525] (-) JobUnselected: {'identifier': 'rosapi_msgs'}
[0.002622] (-) JobUnselected: {'identifier': 'rosbridge_library'}
[0.002822] (-) JobUnselected: {'identifier': 'rosbridge_msgs'}
[0.002910] (-) JobUnselected: {'identifier': 'rosbridge_server'}
[0.002982] (-) JobUnselected: {'identifier': 'rosbridge_suite'}
[0.003052] (-) JobUnselected: {'identifier': 'rosbridge_test_msgs'}
[0.003121] (-) JobUnselected: {'identifier': 'sensor_msgs'}
[0.003194] (-) JobUnselected: {'identifier': 'sensor_msgs_py'}
[0.003269] (-) JobUnselected: {'identifier': 'shape_msgs'}
[0.003346] (-) JobUnselected: {'identifier': 'slam_toolbox'}
[0.003422] (-) JobUnselected: {'identifier': 'sllidar_ros2'}
[0.003501] (-) JobUnselected: {'identifier': 'std_msgs'}
[0.003580] (-) JobUnselected: {'identifier': 'std_srvs'}
[0.003660] (-) JobUnselected: {'identifier': 'stereo_msgs'}
[0.003741] (-) JobUnselected: {'identifier': 'trajectory_msgs'}
[0.003821] (-) JobUnselected: {'identifier': 'vision_msgs'}
[0.003901] (-) JobUnselected: {'identifier': 'vision_msgs_rviz_plugins'}
[0.003983] (-) JobUnselected: {'identifier': 'visualization_msgs'}
[0.004065] (-) EventReactorShutdown: {}
