[0.070s] Invoking command in '/ros2_ws/build/stereo_msgs': AMENT_PREFIX_PATH=/ros2_ws/install/sensor_msgs:/ros2_ws/install/geometry_msgs:/ros2_ws/install/std_msgs:${AMENT_PREFIX_PATH} CMAKE_PREFIX_PATH=/ros2_ws/install/sensor_msgs:/ros2_ws/install/geometry_msgs:/ros2_ws/install/std_msgs:/opt/ros/humble LD_LIBRARY_PATH=/ros2_ws/install/sensor_msgs/lib:/ros2_ws/install/geometry_msgs/lib:/ros2_ws/install/std_msgs/lib:${LD_LIBRARY_PATH} PYTHONPATH=/ros2_ws/install/sensor_msgs/local/lib/python3.10/dist-packages:/ros2_ws/install/geometry_msgs/local/lib/python3.10/dist-packages:/ros2_ws/install/std_msgs/local/lib/python3.10/dist-packages:${PYTHONPATH} /usr/bin/cmake /ros2_ws/src/common_interfaces/stereo_msgs -DCMAKE_INSTALL_PREFIX=/ros2_ws/install/stereo_msgs
[0.277s] -- The C compiler identification is GNU 11.4.0
[0.487s] -- The CXX compiler identification is GNU 11.4.0
[0.529s] -- Detecting C compiler ABI info
[0.775s] -- Detecting C compiler ABI info - done
[0.807s] -- Check for working C compiler: /usr/bin/cc - skipped
[0.808s] -- Detecting C compile features
[0.809s] -- Detecting C compile features - done
[0.820s] -- Detecting CXX compiler ABI info
[1.095s] -- Detecting CXX compiler ABI info - done
[1.130s] -- Check for working CXX compiler: /usr/bin/c++ - skipped
[1.131s] -- Detecting CXX compile features
[1.133s] -- Detecting CXX compile features - done
[1.150s] -- Found ament_cmake: 1.3.14 (/opt/ros/humble/share/ament_cmake/cmake)
[1.812s] -- Found Python3: /usr/bin/python3 (found version "3.10.12") found components: Interpreter 
[2.300s] -- Found rosidl_default_generators: 1.2.1 (/opt/ros/humble/share/rosidl_default_generators/cmake)
[2.318s] -- Using all available rosidl_typesupport_c: rosidl_typesupport_fastrtps_c;rosidl_typesupport_introspection_c
[2.359s] -- Found rosidl_adapter: 3.1.8 (/opt/ros/humble/share/rosidl_adapter/cmake)
[2.578s] -- Using all available rosidl_typesupport_cpp: rosidl_typesupport_fastrtps_cpp;rosidl_typesupport_introspection_cpp
[2.773s] -- Found sensor_msgs: 2.0.5 (/ros2_ws/install/sensor_msgs/share/sensor_msgs/cmake)
[4.593s] -- Found ament_cmake_cppcheck: 0.12.15 (/opt/ros/humble/share/ament_cmake_cppcheck/cmake)
[4.607s] -- Found ament_cmake_cpplint: 0.12.15 (/opt/ros/humble/share/ament_cmake_cpplint/cmake)
[4.621s] -- Found ament_cmake_uncrustify: 0.12.15 (/opt/ros/humble/share/ament_cmake_uncrustify/cmake)
[4.636s] -- Found ament_cmake_ros: 0.10.0 (/opt/ros/humble/share/ament_cmake_ros/cmake)
[5.971s] -- Using all available rosidl_typesupport_c: rosidl_typesupport_fastrtps_c;rosidl_typesupport_introspection_c
[7.639s] -- Using all available rosidl_typesupport_cpp: rosidl_typesupport_fastrtps_cpp;rosidl_typesupport_introspection_cpp
[7.726s] -- Found PythonInterp: /usr/bin/python3 (found suitable version "3.10.12", minimum required is "3.6") 
[7.738s] -- Found python_cmake_module: 0.10.0 (/opt/ros/humble/share/python_cmake_module/cmake)
[7.826s] -- Found PythonLibs: /usr/lib/aarch64-linux-gnu/libpython3.10.so (found suitable version "3.10.12", minimum required is "3.5") 
[7.827s] -- Using PYTHON_EXECUTABLE: /usr/bin/python3
[7.828s] -- Using PYTHON_INCLUDE_DIRS: /usr/include/python3.10
[7.828s] -- Using PYTHON_LIBRARIES: /usr/lib/aarch64-linux-gnu/libpython3.10.so
[7.900s] -- Found PythonExtra: .so  
[8.335s] -- Found ament_cmake_flake8: 0.12.15 (/opt/ros/humble/share/ament_cmake_flake8/cmake)
[8.349s] -- Found ament_cmake_pep257: 0.12.15 (/opt/ros/humble/share/ament_cmake_pep257/cmake)
[8.790s] -- Configuring done
[8.966s] -- Generating done
[9.019s] -- Build files have been written to: /ros2_ws/build/stereo_msgs
[9.070s] Invoked command in '/ros2_ws/build/stereo_msgs' returned '0': AMENT_PREFIX_PATH=/ros2_ws/install/sensor_msgs:/ros2_ws/install/geometry_msgs:/ros2_ws/install/std_msgs:${AMENT_PREFIX_PATH} CMAKE_PREFIX_PATH=/ros2_ws/install/sensor_msgs:/ros2_ws/install/geometry_msgs:/ros2_ws/install/std_msgs:/opt/ros/humble LD_LIBRARY_PATH=/ros2_ws/install/sensor_msgs/lib:/ros2_ws/install/geometry_msgs/lib:/ros2_ws/install/std_msgs/lib:${LD_LIBRARY_PATH} PYTHONPATH=/ros2_ws/install/sensor_msgs/local/lib/python3.10/dist-packages:/ros2_ws/install/geometry_msgs/local/lib/python3.10/dist-packages:/ros2_ws/install/std_msgs/local/lib/python3.10/dist-packages:${PYTHONPATH} /usr/bin/cmake /ros2_ws/src/common_interfaces/stereo_msgs -DCMAKE_INSTALL_PREFIX=/ros2_ws/install/stereo_msgs
[9.071s] Invoking command in '/ros2_ws/build/stereo_msgs': AMENT_PREFIX_PATH=/ros2_ws/install/sensor_msgs:/ros2_ws/install/geometry_msgs:/ros2_ws/install/std_msgs:${AMENT_PREFIX_PATH} CMAKE_PREFIX_PATH=/ros2_ws/install/sensor_msgs:/ros2_ws/install/geometry_msgs:/ros2_ws/install/std_msgs:/opt/ros/humble LD_LIBRARY_PATH=/ros2_ws/install/sensor_msgs/lib:/ros2_ws/install/geometry_msgs/lib:/ros2_ws/install/std_msgs/lib:${LD_LIBRARY_PATH} PYTHONPATH=/ros2_ws/install/sensor_msgs/local/lib/python3.10/dist-packages:/ros2_ws/install/geometry_msgs/local/lib/python3.10/dist-packages:/ros2_ws/install/std_msgs/local/lib/python3.10/dist-packages:${PYTHONPATH} /usr/bin/cmake --build /ros2_ws/build/stereo_msgs -- -j4 -l4
[9.288s] [  3%] [34m[1mGenerating C code for ROS interfaces[0m
[9.358s] [  6%] [34m[1mGenerating C++ code for ROS interfaces[0m
[9.361s] [  9%] [34m[1mGenerating Rust code for ROS interfaces[0m
[9.576s] [  9%] Built target ament_cmake_python_copy_stereo_msgs
[12.427s] running egg_info
[12.435s] creating stereo_msgs.egg-info
[12.443s] writing stereo_msgs.egg-info/PKG-INFO
[12.451s] writing dependency_links to stereo_msgs.egg-info/dependency_links.txt
[12.453s] writing top-level names to stereo_msgs.egg-info/top_level.txt
[12.454s] writing manifest file 'stereo_msgs.egg-info/SOURCES.txt'
[12.475s] reading manifest file 'stereo_msgs.egg-info/SOURCES.txt'
[12.478s] writing manifest file 'stereo_msgs.egg-info/SOURCES.txt'
[12.639s] [  9%] Built target stereo_msgs__rs
[12.799s] [  9%] Built target ament_cmake_python_build_stereo_msgs_egg
[12.923s] [  9%] Built target stereo_msgs__cpp
[13.001s] [ 12%] [34m[1mGenerating C++ type support for eProsima Fast-RTPS[0m
[13.101s] [ 15%] [34m[1mGenerating C++ type support dispatch for ROS interfaces[0m
[13.135s] [ 18%] [34m[1mGenerating C++ introspection for ROS interfaces[0m
[13.196s] [ 21%] [32mBuilding C object CMakeFiles/stereo_msgs__rosidl_generator_c.dir/rosidl_generator_c/stereo_msgs/msg/detail/disparity_image__functions.c.o[0m
[14.034s] [ 25%] [32m[1mLinking C shared library libstereo_msgs__rosidl_generator_c.so[0m
[14.607s] [ 25%] Built target stereo_msgs__rosidl_generator_c
[14.751s] [ 28%] [34m[1mGenerating C type support for eProsima Fast-RTPS[0m
[18.627s] [ 31%] [32mBuilding CXX object CMakeFiles/stereo_msgs__rosidl_typesupport_cpp.dir/rosidl_typesupport_cpp/stereo_msgs/msg/disparity_image__type_support.cpp.o[0m
[19.073s] [ 34%] [32mBuilding CXX object CMakeFiles/stereo_msgs__rosidl_typesupport_introspection_cpp.dir/rosidl_typesupport_introspection_cpp/stereo_msgs/msg/detail/disparity_image__type_support.cpp.o[0m
[19.106s] [ 37%] [32mBuilding CXX object CMakeFiles/stereo_msgs__rosidl_typesupport_fastrtps_cpp.dir/rosidl_typesupport_fastrtps_cpp/stereo_msgs/msg/detail/dds_fastrtps/disparity_image__type_support.cpp.o[0m
[20.705s] [ 40%] [32mBuilding CXX object CMakeFiles/stereo_msgs__rosidl_typesupport_fastrtps_c.dir/rosidl_typesupport_fastrtps_c/stereo_msgs/msg/detail/disparity_image__type_support_c.cpp.o[0m
[21.853s] [ 43%] [32m[1mLinking CXX shared library libstereo_msgs__rosidl_typesupport_cpp.so[0m
[22.359s] [ 43%] Built target stereo_msgs__rosidl_typesupport_cpp
[23.623s] [ 46%] [32m[1mLinking CXX shared library libstereo_msgs__rosidl_typesupport_introspection_cpp.so[0m
[23.735s] [ 50%] [32m[1mLinking CXX shared library libstereo_msgs__rosidl_typesupport_fastrtps_cpp.so[0m
[24.246s] [ 50%] Built target stereo_msgs__rosidl_typesupport_introspection_cpp
[24.334s] [ 50%] Built target stereo_msgs__rosidl_typesupport_fastrtps_cpp
[24.439s] [ 53%] [32m[1mLinking CXX shared library libstereo_msgs__rosidl_typesupport_fastrtps_c.so[0m
[24.838s] [ 53%] Built target stereo_msgs__rosidl_typesupport_fastrtps_c
[24.918s] [ 56%] [34m[1mGenerating C type support dispatch for ROS interfaces[0m
[27.465s] [ 59%] [32mBuilding CXX object CMakeFiles/stereo_msgs__rosidl_typesupport_c.dir/rosidl_typesupport_c/stereo_msgs/msg/disparity_image__type_support.cpp.o[0m
[27.763s] [ 62%] [32m[1mLinking CXX shared library libstereo_msgs__rosidl_typesupport_c.so[0m
[28.099s] [ 62%] Built target stereo_msgs__rosidl_typesupport_c
[28.165s] [ 65%] [34m[1mGenerating C introspection for ROS interfaces[0m
[30.320s] [ 68%] [32mBuilding C object CMakeFiles/stereo_msgs__rosidl_typesupport_introspection_c.dir/rosidl_typesupport_introspection_c/stereo_msgs/msg/detail/disparity_image__type_support.c.o[0m
[30.475s] [ 71%] [32m[1mLinking C shared library libstereo_msgs__rosidl_typesupport_introspection_c.so[0m
[30.621s] [ 71%] Built target stereo_msgs__rosidl_typesupport_introspection_c
[30.712s] [ 71%] Built target stereo_msgs
[30.810s] [ 75%] [34m[1mGenerating Python code for ROS interfaces[0m
[33.747s] [ 75%] Built target stereo_msgs__py
[33.825s] [ 78%] [32mBuilding C object CMakeFiles/stereo_msgs__rosidl_generator_py.dir/rosidl_generator_py/stereo_msgs/msg/_disparity_image_s.c.o[0m
[34.327s] [ 81%] [32m[1mLinking C shared library rosidl_generator_py/stereo_msgs/libstereo_msgs__rosidl_generator_py.so[0m
[34.497s] [ 81%] Built target stereo_msgs__rosidl_generator_py
[34.571s] [ 84%] [32mBuilding C object CMakeFiles/stereo_msgs__rosidl_typesupport_fastrtps_c__pyext.dir/rosidl_generator_py/stereo_msgs/_stereo_msgs_s.ep.rosidl_typesupport_fastrtps_c.c.o[0m
[35.067s] [ 87%] [32m[1mLinking C shared library rosidl_generator_py/stereo_msgs/stereo_msgs_s__rosidl_typesupport_fastrtps_c.cpython-310-aarch64-linux-gnu.so[0m
[35.261s] [ 87%] Built target stereo_msgs__rosidl_typesupport_fastrtps_c__pyext
[35.335s] [ 90%] [32mBuilding C object CMakeFiles/stereo_msgs__rosidl_typesupport_c__pyext.dir/rosidl_generator_py/stereo_msgs/_stereo_msgs_s.ep.rosidl_typesupport_c.c.o[0m
[35.813s] [ 93%] [32m[1mLinking C shared library rosidl_generator_py/stereo_msgs/stereo_msgs_s__rosidl_typesupport_c.cpython-310-aarch64-linux-gnu.so[0m
[36.001s] [ 93%] Built target stereo_msgs__rosidl_typesupport_c__pyext
[36.075s] [ 96%] [32mBuilding C object CMakeFiles/stereo_msgs__rosidl_typesupport_introspection_c__pyext.dir/rosidl_generator_py/stereo_msgs/_stereo_msgs_s.ep.rosidl_typesupport_introspection_c.c.o[0m
[36.561s] [100%] [32m[1mLinking C shared library rosidl_generator_py/stereo_msgs/stereo_msgs_s__rosidl_typesupport_introspection_c.cpython-310-aarch64-linux-gnu.so[0m
[36.757s] [100%] Built target stereo_msgs__rosidl_typesupport_introspection_c__pyext
