[0.193s] Invoking command in '/ros2_ws/build/trajectory_msgs': AMENT_PREFIX_PATH=/ros2_ws/install/geometry_msgs:/ros2_ws/install/std_msgs:${AMENT_PREFIX_PATH} CMAKE_PREFIX_PATH=/ros2_ws/install/geometry_msgs:/ros2_ws/install/std_msgs:/opt/ros/humble LD_LIBRARY_PATH=/ros2_ws/install/geometry_msgs/lib:/ros2_ws/install/std_msgs/lib:${LD_LIBRARY_PATH} PYTHONPATH=/ros2_ws/install/geometry_msgs/local/lib/python3.10/dist-packages:/ros2_ws/install/std_msgs/local/lib/python3.10/dist-packages:${PYTHONPATH} /usr/bin/cmake --build /ros2_ws/build/trajectory_msgs -- -j4 -l4
[0.459s] [35m[1mConsolidate compiler generated dependencies of target trajectory_msgs__rosidl_generator_c[0m
[0.510s] [  1%] Built target trajectory_msgs__cpp
[0.549s] [ 12%] Built target trajectory_msgs__rosidl_generator_c
[0.572s] [ 12%] Built target ament_cmake_python_copy_trajectory_msgs
[0.639s] [ 14%] Built target trajectory_msgs__rs
[0.724s] [35m[1mConsolidate compiler generated dependencies of target trajectory_msgs__rosidl_typesupport_fastrtps_cpp[0m
[0.745s] [35m[1mConsolidate compiler generated dependencies of target trajectory_msgs__rosidl_typesupport_cpp[0m
[0.749s] [35m[1mConsolidate compiler generated dependencies of target trajectory_msgs__rosidl_typesupport_introspection_cpp[0m
[0.888s] [ 25%] Built target trajectory_msgs__rosidl_typesupport_introspection_cpp
[0.918s] [ 35%] Built target trajectory_msgs__rosidl_typesupport_fastrtps_cpp
[0.950s] [ 46%] Built target trajectory_msgs__rosidl_typesupport_cpp
[1.039s] [35m[1mConsolidate compiler generated dependencies of target trajectory_msgs__rosidl_typesupport_fastrtps_c[0m
[1.103s] [35m[1mConsolidate compiler generated dependencies of target trajectory_msgs__rosidl_typesupport_introspection_c[0m
[1.118s] [35m[1mConsolidate compiler generated dependencies of target trajectory_msgs__rosidl_typesupport_c[0m
[1.350s] [ 57%] Built target trajectory_msgs__rosidl_typesupport_fastrtps_c
[1.382s] [ 67%] Built target trajectory_msgs__rosidl_typesupport_introspection_c
[1.414s] [ 78%] Built target trajectory_msgs__rosidl_typesupport_c
[1.711s] [ 78%] Built target trajectory_msgs
[1.865s] [ 80%] Built target trajectory_msgs__py
[2.005s] [35m[1mConsolidate compiler generated dependencies of target trajectory_msgs__rosidl_generator_py[0m
[2.174s] [ 89%] Built target trajectory_msgs__rosidl_generator_py
[2.325s] [35m[1mConsolidate compiler generated dependencies of target trajectory_msgs__rosidl_typesupport_introspection_c__pyext[0m
[2.390s] [35m[1mConsolidate compiler generated dependencies of target trajectory_msgs__rosidl_typesupport_fastrtps_c__pyext[0m
[2.454s] [35m[1mConsolidate compiler generated dependencies of target trajectory_msgs__rosidl_typesupport_c__pyext[0m
[2.520s] [ 92%] Built target trajectory_msgs__rosidl_typesupport_introspection_c__pyext
[2.609s] [ 96%] Built target trajectory_msgs__rosidl_typesupport_c__pyext
[2.679s] [100%] Built target trajectory_msgs__rosidl_typesupport_fastrtps_c__pyext
[2.739s] running egg_info
[2.742s] writing trajectory_msgs.egg-info/PKG-INFO
[2.744s] writing dependency_links to trajectory_msgs.egg-info/dependency_links.txt
[2.746s] writing top-level names to trajectory_msgs.egg-info/top_level.txt
[2.761s] reading manifest file 'trajectory_msgs.egg-info/SOURCES.txt'
[2.769s] writing manifest file 'trajectory_msgs.egg-info/SOURCES.txt'
[2.951s] [100%] Built target ament_cmake_python_build_trajectory_msgs_egg
[3.036s] Invoked command in '/ros2_ws/build/trajectory_msgs' returned '0': AMENT_PREFIX_PATH=/ros2_ws/install/geometry_msgs:/ros2_ws/install/std_msgs:${AMENT_PREFIX_PATH} CMAKE_PREFIX_PATH=/ros2_ws/install/geometry_msgs:/ros2_ws/install/std_msgs:/opt/ros/humble LD_LIBRARY_PATH=/ros2_ws/install/geometry_msgs/lib:/ros2_ws/install/std_msgs/lib:${LD_LIBRARY_PATH} PYTHONPATH=/ros2_ws/install/geometry_msgs/local/lib/python3.10/dist-packages:/ros2_ws/install/std_msgs/local/lib/python3.10/dist-packages:${PYTHONPATH} /usr/bin/cmake --build /ros2_ws/build/trajectory_msgs -- -j4 -l4
[3.038s] Invoking command in '/ros2_ws/build/trajectory_msgs': AMENT_PREFIX_PATH=/ros2_ws/install/geometry_msgs:/ros2_ws/install/std_msgs:${AMENT_PREFIX_PATH} CMAKE_PREFIX_PATH=/ros2_ws/install/geometry_msgs:/ros2_ws/install/std_msgs:/opt/ros/humble LD_LIBRARY_PATH=/ros2_ws/install/geometry_msgs/lib:/ros2_ws/install/std_msgs/lib:${LD_LIBRARY_PATH} PYTHONPATH=/ros2_ws/install/geometry_msgs/local/lib/python3.10/dist-packages:/ros2_ws/install/std_msgs/local/lib/python3.10/dist-packages:${PYTHONPATH} /usr/bin/cmake --install /ros2_ws/build/trajectory_msgs
[3.087s] -- Install configuration: ""
[3.091s] -- Up-to-date: /ros2_ws/install/trajectory_msgs/share/ament_index/resource_index/rosidl_interfaces/trajectory_msgs
[3.093s] -- Up-to-date: /ros2_ws/install/trajectory_msgs/include/trajectory_msgs/trajectory_msgs
[3.095s] -- Up-to-date: /ros2_ws/install/trajectory_msgs/include/trajectory_msgs/trajectory_msgs/msg
[3.096s] -- Up-to-date: /ros2_ws/install/trajectory_msgs/include/trajectory_msgs/trajectory_msgs/msg/multi_dof_joint_trajectory_point.h
[3.098s] -- Up-to-date: /ros2_ws/install/trajectory_msgs/include/trajectory_msgs/trajectory_msgs/msg/joint_trajectory_point.h
[3.100s] -- Up-to-date: /ros2_ws/install/trajectory_msgs/include/trajectory_msgs/trajectory_msgs/msg/multi_dof_joint_trajectory.h
[3.104s] -- Up-to-date: /ros2_ws/install/trajectory_msgs/include/trajectory_msgs/trajectory_msgs/msg/joint_trajectory.h
[3.105s] -- Up-to-date: /ros2_ws/install/trajectory_msgs/include/trajectory_msgs/trajectory_msgs/msg/detail
[3.108s] -- Up-to-date: /ros2_ws/install/trajectory_msgs/include/trajectory_msgs/trajectory_msgs/msg/detail/joint_trajectory_point__type_support.h
[3.109s] -- Up-to-date: /ros2_ws/install/trajectory_msgs/include/trajectory_msgs/trajectory_msgs/msg/detail/multi_dof_joint_trajectory_point__functions.h
[3.110s] -- Up-to-date: /ros2_ws/install/trajectory_msgs/include/trajectory_msgs/trajectory_msgs/msg/detail/multi_dof_joint_trajectory_point__functions.c
[3.110s] -- Up-to-date: /ros2_ws/install/trajectory_msgs/include/trajectory_msgs/trajectory_msgs/msg/detail/multi_dof_joint_trajectory_point__type_support.h
[3.110s] -- Up-to-date: /ros2_ws/install/trajectory_msgs/include/trajectory_msgs/trajectory_msgs/msg/detail/joint_trajectory__functions.c
[3.111s] -- Up-to-date: /ros2_ws/install/trajectory_msgs/include/trajectory_msgs/trajectory_msgs/msg/detail/joint_trajectory__struct.h
[3.112s] -- Up-to-date: /ros2_ws/install/trajectory_msgs/include/trajectory_msgs/trajectory_msgs/msg/detail/multi_dof_joint_trajectory__struct.h
[3.112s] -- Up-to-date: /ros2_ws/install/trajectory_msgs/include/trajectory_msgs/trajectory_msgs/msg/detail/joint_trajectory__type_support.h
[3.118s] -- Up-to-date: /ros2_ws/install/trajectory_msgs/include/trajectory_msgs/trajectory_msgs/msg/detail/multi_dof_joint_trajectory__type_support.h
[3.122s] -- Up-to-date: /ros2_ws/install/trajectory_msgs/include/trajectory_msgs/trajectory_msgs/msg/detail/joint_trajectory__functions.h
[3.122s] -- Up-to-date: /ros2_ws/install/trajectory_msgs/include/trajectory_msgs/trajectory_msgs/msg/detail/joint_trajectory_point__functions.c
[3.123s] -- Up-to-date: /ros2_ws/install/trajectory_msgs/include/trajectory_msgs/trajectory_msgs/msg/detail/multi_dof_joint_trajectory__functions.c
[3.123s] -- Up-to-date: /ros2_ws/install/trajectory_msgs/include/trajectory_msgs/trajectory_msgs/msg/detail/joint_trajectory_point__functions.h
[3.123s] -- Up-to-date: /ros2_ws/install/trajectory_msgs/include/trajectory_msgs/trajectory_msgs/msg/detail/multi_dof_joint_trajectory__functions.h
[3.124s] -- Up-to-date: /ros2_ws/install/trajectory_msgs/include/trajectory_msgs/trajectory_msgs/msg/detail/joint_trajectory_point__struct.h
[3.124s] -- Up-to-date: /ros2_ws/install/trajectory_msgs/include/trajectory_msgs/trajectory_msgs/msg/detail/multi_dof_joint_trajectory_point__struct.h
[3.124s] -- Up-to-date: /ros2_ws/install/trajectory_msgs/include/trajectory_msgs/trajectory_msgs/msg/rosidl_generator_c__visibility_control.h
[3.126s] -- Up-to-date: /ros2_ws/install/trajectory_msgs/share/trajectory_msgs/environment/library_path.sh
[3.126s] -- Up-to-date: /ros2_ws/install/trajectory_msgs/share/trajectory_msgs/environment/library_path.dsv
[3.149s] -- Up-to-date: /ros2_ws/install/trajectory_msgs/lib/libtrajectory_msgs__rosidl_generator_c.so
[3.156s] -- Up-to-date: /ros2_ws/install/trajectory_msgs/include/trajectory_msgs/trajectory_msgs
[3.156s] -- Up-to-date: /ros2_ws/install/trajectory_msgs/include/trajectory_msgs/trajectory_msgs/msg
[3.162s] -- Up-to-date: /ros2_ws/install/trajectory_msgs/include/trajectory_msgs/trajectory_msgs/msg/rosidl_typesupport_fastrtps_c__visibility_control.h
[3.162s] -- Up-to-date: /ros2_ws/install/trajectory_msgs/include/trajectory_msgs/trajectory_msgs/msg/detail
[3.162s] -- Up-to-date: /ros2_ws/install/trajectory_msgs/include/trajectory_msgs/trajectory_msgs/msg/detail/multi_dof_joint_trajectory_point__rosidl_typesupport_fastrtps_c.h
[3.163s] -- Up-to-date: /ros2_ws/install/trajectory_msgs/include/trajectory_msgs/trajectory_msgs/msg/detail/joint_trajectory_point__rosidl_typesupport_fastrtps_c.h
[3.164s] -- Up-to-date: /ros2_ws/install/trajectory_msgs/include/trajectory_msgs/trajectory_msgs/msg/detail/joint_trajectory__rosidl_typesupport_fastrtps_c.h
[3.164s] -- Up-to-date: /ros2_ws/install/trajectory_msgs/include/trajectory_msgs/trajectory_msgs/msg/detail/multi_dof_joint_trajectory__rosidl_typesupport_fastrtps_c.h
[3.167s] -- Up-to-date: /ros2_ws/install/trajectory_msgs/lib/libtrajectory_msgs__rosidl_typesupport_fastrtps_c.so
[3.168s] -- Up-to-date: /ros2_ws/install/trajectory_msgs/include/trajectory_msgs/trajectory_msgs
[3.169s] -- Up-to-date: /ros2_ws/install/trajectory_msgs/include/trajectory_msgs/trajectory_msgs/msg
[3.169s] -- Up-to-date: /ros2_ws/install/trajectory_msgs/include/trajectory_msgs/trajectory_msgs/msg/joint_trajectory.hpp
[3.170s] -- Up-to-date: /ros2_ws/install/trajectory_msgs/include/trajectory_msgs/trajectory_msgs/msg/joint_trajectory_point.hpp
[3.170s] -- Up-to-date: /ros2_ws/install/trajectory_msgs/include/trajectory_msgs/trajectory_msgs/msg/multi_dof_joint_trajectory.hpp
[3.171s] -- Up-to-date: /ros2_ws/install/trajectory_msgs/include/trajectory_msgs/trajectory_msgs/msg/multi_dof_joint_trajectory_point.hpp
[3.174s] -- Up-to-date: /ros2_ws/install/trajectory_msgs/include/trajectory_msgs/trajectory_msgs/msg/rosidl_generator_cpp__visibility_control.hpp
[3.174s] -- Up-to-date: /ros2_ws/install/trajectory_msgs/include/trajectory_msgs/trajectory_msgs/msg/detail
[3.185s] -- Up-to-date: /ros2_ws/install/trajectory_msgs/include/trajectory_msgs/trajectory_msgs/msg/detail/multi_dof_joint_trajectory_point__struct.hpp
[3.186s] -- Up-to-date: /ros2_ws/install/trajectory_msgs/include/trajectory_msgs/trajectory_msgs/msg/detail/multi_dof_joint_trajectory_point__builder.hpp
[3.188s] -- Up-to-date: /ros2_ws/install/trajectory_msgs/include/trajectory_msgs/trajectory_msgs/msg/detail/joint_trajectory_point__type_support.hpp
[3.189s] -- Up-to-date: /ros2_ws/install/trajectory_msgs/include/trajectory_msgs/trajectory_msgs/msg/detail/joint_trajectory_point__builder.hpp
[3.189s] -- Up-to-date: /ros2_ws/install/trajectory_msgs/include/trajectory_msgs/trajectory_msgs/msg/detail/joint_trajectory__traits.hpp
[3.198s] -- Up-to-date: /ros2_ws/install/trajectory_msgs/include/trajectory_msgs/trajectory_msgs/msg/detail/joint_trajectory_point__struct.hpp
[3.198s] -- Up-to-date: /ros2_ws/install/trajectory_msgs/include/trajectory_msgs/trajectory_msgs/msg/detail/joint_trajectory__type_support.hpp
[3.199s] -- Up-to-date: /ros2_ws/install/trajectory_msgs/include/trajectory_msgs/trajectory_msgs/msg/detail/multi_dof_joint_trajectory_point__traits.hpp
[3.199s] -- Up-to-date: /ros2_ws/install/trajectory_msgs/include/trajectory_msgs/trajectory_msgs/msg/detail/joint_trajectory__builder.hpp
[3.199s] -- Up-to-date: /ros2_ws/install/trajectory_msgs/include/trajectory_msgs/trajectory_msgs/msg/detail/joint_trajectory__struct.hpp
[3.203s] -- Up-to-date: /ros2_ws/install/trajectory_msgs/include/trajectory_msgs/trajectory_msgs/msg/detail/joint_trajectory_point__traits.hpp
[3.204s] -- Up-to-date: /ros2_ws/install/trajectory_msgs/include/trajectory_msgs/trajectory_msgs/msg/detail/multi_dof_joint_trajectory__builder.hpp
[3.204s] -- Up-to-date: /ros2_ws/install/trajectory_msgs/include/trajectory_msgs/trajectory_msgs/msg/detail/multi_dof_joint_trajectory__traits.hpp
[3.204s] -- Up-to-date: /ros2_ws/install/trajectory_msgs/include/trajectory_msgs/trajectory_msgs/msg/detail/multi_dof_joint_trajectory__struct.hpp
[3.206s] -- Up-to-date: /ros2_ws/install/trajectory_msgs/include/trajectory_msgs/trajectory_msgs/msg/detail/multi_dof_joint_trajectory__type_support.hpp
[3.206s] -- Up-to-date: /ros2_ws/install/trajectory_msgs/include/trajectory_msgs/trajectory_msgs/msg/detail/multi_dof_joint_trajectory_point__type_support.hpp
[3.207s] -- Up-to-date: /ros2_ws/install/trajectory_msgs/include/trajectory_msgs/trajectory_msgs
[3.214s] -- Up-to-date: /ros2_ws/install/trajectory_msgs/include/trajectory_msgs/trajectory_msgs/msg
[3.214s] -- Up-to-date: /ros2_ws/install/trajectory_msgs/include/trajectory_msgs/trajectory_msgs/msg/rosidl_typesupport_fastrtps_cpp__visibility_control.h
[3.215s] -- Up-to-date: /ros2_ws/install/trajectory_msgs/include/trajectory_msgs/trajectory_msgs/msg/detail
[3.215s] -- Up-to-date: /ros2_ws/install/trajectory_msgs/include/trajectory_msgs/trajectory_msgs/msg/detail/joint_trajectory_point__rosidl_typesupport_fastrtps_cpp.hpp
[3.216s] -- Up-to-date: /ros2_ws/install/trajectory_msgs/include/trajectory_msgs/trajectory_msgs/msg/detail/multi_dof_joint_trajectory__rosidl_typesupport_fastrtps_cpp.hpp
[3.216s] -- Up-to-date: /ros2_ws/install/trajectory_msgs/include/trajectory_msgs/trajectory_msgs/msg/detail/multi_dof_joint_trajectory_point__rosidl_typesupport_fastrtps_cpp.hpp
[3.217s] -- Up-to-date: /ros2_ws/install/trajectory_msgs/include/trajectory_msgs/trajectory_msgs/msg/detail/joint_trajectory__rosidl_typesupport_fastrtps_cpp.hpp
[3.217s] -- Up-to-date: /ros2_ws/install/trajectory_msgs/include/trajectory_msgs/trajectory_msgs/msg/detail/dds_fastrtps
[3.220s] -- Up-to-date: /ros2_ws/install/trajectory_msgs/lib/libtrajectory_msgs__rosidl_typesupport_fastrtps_cpp.so
[3.232s] -- Up-to-date: /ros2_ws/install/trajectory_msgs/include/trajectory_msgs/trajectory_msgs
[3.232s] -- Up-to-date: /ros2_ws/install/trajectory_msgs/include/trajectory_msgs/trajectory_msgs/msg
[3.233s] -- Up-to-date: /ros2_ws/install/trajectory_msgs/include/trajectory_msgs/trajectory_msgs/msg/detail
[3.233s] -- Up-to-date: /ros2_ws/install/trajectory_msgs/include/trajectory_msgs/trajectory_msgs/msg/detail/multi_dof_joint_trajectory__type_support.c
[3.234s] -- Up-to-date: /ros2_ws/install/trajectory_msgs/include/trajectory_msgs/trajectory_msgs/msg/detail/joint_trajectory_point__rosidl_typesupport_introspection_c.h
[3.235s] -- Up-to-date: /ros2_ws/install/trajectory_msgs/include/trajectory_msgs/trajectory_msgs/msg/detail/joint_trajectory__rosidl_typesupport_introspection_c.h
[3.235s] -- Up-to-date: /ros2_ws/install/trajectory_msgs/include/trajectory_msgs/trajectory_msgs/msg/detail/multi_dof_joint_trajectory_point__rosidl_typesupport_introspection_c.h
[3.236s] -- Up-to-date: /ros2_ws/install/trajectory_msgs/include/trajectory_msgs/trajectory_msgs/msg/detail/multi_dof_joint_trajectory__rosidl_typesupport_introspection_c.h
[3.237s] -- Up-to-date: /ros2_ws/install/trajectory_msgs/include/trajectory_msgs/trajectory_msgs/msg/detail/multi_dof_joint_trajectory_point__type_support.c
[3.239s] -- Up-to-date: /ros2_ws/install/trajectory_msgs/include/trajectory_msgs/trajectory_msgs/msg/detail/joint_trajectory_point__type_support.c
[3.239s] -- Up-to-date: /ros2_ws/install/trajectory_msgs/include/trajectory_msgs/trajectory_msgs/msg/detail/joint_trajectory__type_support.c
[3.240s] -- Up-to-date: /ros2_ws/install/trajectory_msgs/include/trajectory_msgs/trajectory_msgs/msg/rosidl_typesupport_introspection_c__visibility_control.h
[3.242s] -- Up-to-date: /ros2_ws/install/trajectory_msgs/lib/libtrajectory_msgs__rosidl_typesupport_introspection_c.so
[3.244s] -- Up-to-date: /ros2_ws/install/trajectory_msgs/lib/libtrajectory_msgs__rosidl_typesupport_c.so
[3.246s] -- Up-to-date: /ros2_ws/install/trajectory_msgs/include/trajectory_msgs/trajectory_msgs
[3.250s] -- Up-to-date: /ros2_ws/install/trajectory_msgs/include/trajectory_msgs/trajectory_msgs/msg
[3.251s] -- Up-to-date: /ros2_ws/install/trajectory_msgs/include/trajectory_msgs/trajectory_msgs/msg/detail
[3.252s] -- Up-to-date: /ros2_ws/install/trajectory_msgs/include/trajectory_msgs/trajectory_msgs/msg/detail/joint_trajectory__rosidl_typesupport_introspection_cpp.hpp
[3.253s] -- Up-to-date: /ros2_ws/install/trajectory_msgs/include/trajectory_msgs/trajectory_msgs/msg/detail/joint_trajectory_point__rosidl_typesupport_introspection_cpp.hpp
[3.253s] -- Up-to-date: /ros2_ws/install/trajectory_msgs/include/trajectory_msgs/trajectory_msgs/msg/detail/joint_trajectory_point__type_support.cpp
[3.254s] -- Up-to-date: /ros2_ws/install/trajectory_msgs/include/trajectory_msgs/trajectory_msgs/msg/detail/joint_trajectory__type_support.cpp
[3.254s] -- Up-to-date: /ros2_ws/install/trajectory_msgs/include/trajectory_msgs/trajectory_msgs/msg/detail/multi_dof_joint_trajectory_point__type_support.cpp
[3.255s] -- Up-to-date: /ros2_ws/install/trajectory_msgs/include/trajectory_msgs/trajectory_msgs/msg/detail/multi_dof_joint_trajectory_point__rosidl_typesupport_introspection_cpp.hpp
[3.256s] -- Up-to-date: /ros2_ws/install/trajectory_msgs/include/trajectory_msgs/trajectory_msgs/msg/detail/multi_dof_joint_trajectory__rosidl_typesupport_introspection_cpp.hpp
[3.256s] -- Up-to-date: /ros2_ws/install/trajectory_msgs/include/trajectory_msgs/trajectory_msgs/msg/detail/multi_dof_joint_trajectory__type_support.cpp
[3.262s] -- Up-to-date: /ros2_ws/install/trajectory_msgs/lib/libtrajectory_msgs__rosidl_typesupport_introspection_cpp.so
[3.262s] -- Up-to-date: /ros2_ws/install/trajectory_msgs/lib/libtrajectory_msgs__rosidl_typesupport_cpp.so
[3.263s] -- Up-to-date: /ros2_ws/install/trajectory_msgs/share/trajectory_msgs/environment/pythonpath.sh
[3.263s] -- Up-to-date: /ros2_ws/install/trajectory_msgs/share/trajectory_msgs/environment/pythonpath.dsv
[3.263s] -- Up-to-date: /ros2_ws/install/trajectory_msgs/local/lib/python3.10/dist-packages/trajectory_msgs-2.0.5-py3.10.egg-info
[3.264s] -- Installing: /ros2_ws/install/trajectory_msgs/local/lib/python3.10/dist-packages/trajectory_msgs-2.0.5-py3.10.egg-info/SOURCES.txt
[3.264s] -- Installing: /ros2_ws/install/trajectory_msgs/local/lib/python3.10/dist-packages/trajectory_msgs-2.0.5-py3.10.egg-info/dependency_links.txt
[3.265s] -- Installing: /ros2_ws/install/trajectory_msgs/local/lib/python3.10/dist-packages/trajectory_msgs-2.0.5-py3.10.egg-info/top_level.txt
[3.265s] -- Installing: /ros2_ws/install/trajectory_msgs/local/lib/python3.10/dist-packages/trajectory_msgs-2.0.5-py3.10.egg-info/PKG-INFO
[3.266s] -- Up-to-date: /ros2_ws/install/trajectory_msgs/local/lib/python3.10/dist-packages/trajectory_msgs
[3.266s] -- Up-to-date: /ros2_ws/install/trajectory_msgs/local/lib/python3.10/dist-packages/trajectory_msgs/_trajectory_msgs_s.ep.rosidl_typesupport_introspection_c.c
[3.267s] -- Up-to-date: /ros2_ws/install/trajectory_msgs/local/lib/python3.10/dist-packages/trajectory_msgs/libtrajectory_msgs__rosidl_generator_py.so
[3.267s] -- Up-to-date: /ros2_ws/install/trajectory_msgs/local/lib/python3.10/dist-packages/trajectory_msgs/__init__.py
[3.268s] -- Up-to-date: /ros2_ws/install/trajectory_msgs/local/lib/python3.10/dist-packages/trajectory_msgs/trajectory_msgs_s__rosidl_typesupport_introspection_c.cpython-310-aarch64-linux-gnu.so
[3.268s] -- Up-to-date: /ros2_ws/install/trajectory_msgs/local/lib/python3.10/dist-packages/trajectory_msgs/trajectory_msgs_s__rosidl_typesupport_c.cpython-310-aarch64-linux-gnu.so
[3.269s] -- Up-to-date: /ros2_ws/install/trajectory_msgs/local/lib/python3.10/dist-packages/trajectory_msgs/_trajectory_msgs_s.ep.rosidl_typesupport_fastrtps_c.c
[3.269s] -- Up-to-date: /ros2_ws/install/trajectory_msgs/local/lib/python3.10/dist-packages/trajectory_msgs/msg
[3.270s] -- Up-to-date: /ros2_ws/install/trajectory_msgs/local/lib/python3.10/dist-packages/trajectory_msgs/msg/_joint_trajectory_s.c
[3.270s] -- Up-to-date: /ros2_ws/install/trajectory_msgs/local/lib/python3.10/dist-packages/trajectory_msgs/msg/__init__.py
[3.271s] -- Up-to-date: /ros2_ws/install/trajectory_msgs/local/lib/python3.10/dist-packages/trajectory_msgs/msg/_multi_dof_joint_trajectory_point_s.c
[3.271s] -- Up-to-date: /ros2_ws/install/trajectory_msgs/local/lib/python3.10/dist-packages/trajectory_msgs/msg/_joint_trajectory_point_s.c
[3.272s] -- Up-to-date: /ros2_ws/install/trajectory_msgs/local/lib/python3.10/dist-packages/trajectory_msgs/msg/_multi_dof_joint_trajectory_s.c
[3.272s] -- Up-to-date: /ros2_ws/install/trajectory_msgs/local/lib/python3.10/dist-packages/trajectory_msgs/msg/_multi_dof_joint_trajectory_point.py
[3.273s] -- Up-to-date: /ros2_ws/install/trajectory_msgs/local/lib/python3.10/dist-packages/trajectory_msgs/msg/_joint_trajectory.py
[3.273s] -- Up-to-date: /ros2_ws/install/trajectory_msgs/local/lib/python3.10/dist-packages/trajectory_msgs/msg/_multi_dof_joint_trajectory.py
[3.273s] -- Up-to-date: /ros2_ws/install/trajectory_msgs/local/lib/python3.10/dist-packages/trajectory_msgs/msg/_joint_trajectory_point.py
[3.274s] -- Up-to-date: /ros2_ws/install/trajectory_msgs/local/lib/python3.10/dist-packages/trajectory_msgs/trajectory_msgs_s__rosidl_typesupport_fastrtps_c.cpython-310-aarch64-linux-gnu.so
[3.275s] -- Up-to-date: /ros2_ws/install/trajectory_msgs/local/lib/python3.10/dist-packages/trajectory_msgs/_trajectory_msgs_s.ep.rosidl_typesupport_c.c
[3.406s] Listing '/ros2_ws/install/trajectory_msgs/local/lib/python3.10/dist-packages/trajectory_msgs'...
[3.406s] Listing '/ros2_ws/install/trajectory_msgs/local/lib/python3.10/dist-packages/trajectory_msgs/msg'...
[3.436s] -- Up-to-date: /ros2_ws/install/trajectory_msgs/local/lib/python3.10/dist-packages/trajectory_msgs/trajectory_msgs_s__rosidl_typesupport_fastrtps_c.cpython-310-aarch64-linux-gnu.so
[3.438s] -- Up-to-date: /ros2_ws/install/trajectory_msgs/local/lib/python3.10/dist-packages/trajectory_msgs/trajectory_msgs_s__rosidl_typesupport_introspection_c.cpython-310-aarch64-linux-gnu.so
[3.440s] -- Up-to-date: /ros2_ws/install/trajectory_msgs/local/lib/python3.10/dist-packages/trajectory_msgs/trajectory_msgs_s__rosidl_typesupport_c.cpython-310-aarch64-linux-gnu.so
[3.443s] -- Up-to-date: /ros2_ws/install/trajectory_msgs/lib/libtrajectory_msgs__rosidl_generator_py.so
[3.444s] -- Up-to-date: /ros2_ws/install/trajectory_msgs/share/ament_index/resource_index/rust_packages/trajectory_msgs
[3.446s] -- Up-to-date: /ros2_ws/install/trajectory_msgs/share/trajectory_msgs/rust
[3.447s] -- Up-to-date: /ros2_ws/install/trajectory_msgs/share/trajectory_msgs/rust/src
[3.448s] -- Up-to-date: /ros2_ws/install/trajectory_msgs/share/trajectory_msgs/rust/src/msg
[3.451s] -- Up-to-date: /ros2_ws/install/trajectory_msgs/share/trajectory_msgs/rust/src/msg/rmw.rs
[3.451s] -- Up-to-date: /ros2_ws/install/trajectory_msgs/share/trajectory_msgs/rust/src/msg.rs
[3.452s] -- Up-to-date: /ros2_ws/install/trajectory_msgs/share/trajectory_msgs/rust/src/lib.rs
[3.453s] -- Up-to-date: /ros2_ws/install/trajectory_msgs/share/trajectory_msgs/rust/Cargo.toml
[3.454s] -- Up-to-date: /ros2_ws/install/trajectory_msgs/share/trajectory_msgs/rust/build.rs
[3.454s] -- Up-to-date: /ros2_ws/install/trajectory_msgs/share/trajectory_msgs/msg/JointTrajectory.idl
[3.455s] -- Up-to-date: /ros2_ws/install/trajectory_msgs/share/trajectory_msgs/msg/JointTrajectoryPoint.idl
[3.455s] -- Up-to-date: /ros2_ws/install/trajectory_msgs/share/trajectory_msgs/msg/MultiDOFJointTrajectory.idl
[3.456s] -- Up-to-date: /ros2_ws/install/trajectory_msgs/share/trajectory_msgs/msg/MultiDOFJointTrajectoryPoint.idl
[3.458s] -- Up-to-date: /ros2_ws/install/trajectory_msgs/share/trajectory_msgs/msg/JointTrajectory.msg
[3.459s] -- Up-to-date: /ros2_ws/install/trajectory_msgs/share/trajectory_msgs/msg/JointTrajectoryPoint.msg
[3.461s] -- Up-to-date: /ros2_ws/install/trajectory_msgs/share/trajectory_msgs/msg/MultiDOFJointTrajectory.msg
[3.462s] -- Up-to-date: /ros2_ws/install/trajectory_msgs/share/trajectory_msgs/msg/MultiDOFJointTrajectoryPoint.msg
[3.462s] -- Up-to-date: /ros2_ws/install/trajectory_msgs/share/ament_index/resource_index/package_run_dependencies/trajectory_msgs
[3.463s] -- Up-to-date: /ros2_ws/install/trajectory_msgs/share/ament_index/resource_index/parent_prefix_path/trajectory_msgs
[3.465s] -- Up-to-date: /ros2_ws/install/trajectory_msgs/share/trajectory_msgs/environment/ament_prefix_path.sh
[3.465s] -- Up-to-date: /ros2_ws/install/trajectory_msgs/share/trajectory_msgs/environment/ament_prefix_path.dsv
[3.466s] -- Up-to-date: /ros2_ws/install/trajectory_msgs/share/trajectory_msgs/environment/path.sh
[3.468s] -- Up-to-date: /ros2_ws/install/trajectory_msgs/share/trajectory_msgs/environment/path.dsv
[3.471s] -- Up-to-date: /ros2_ws/install/trajectory_msgs/share/trajectory_msgs/local_setup.bash
[3.474s] -- Up-to-date: /ros2_ws/install/trajectory_msgs/share/trajectory_msgs/local_setup.sh
[3.487s] -- Up-to-date: /ros2_ws/install/trajectory_msgs/share/trajectory_msgs/local_setup.zsh
[3.488s] -- Up-to-date: /ros2_ws/install/trajectory_msgs/share/trajectory_msgs/local_setup.dsv
[3.488s] -- Installing: /ros2_ws/install/trajectory_msgs/share/trajectory_msgs/package.dsv
[3.489s] -- Up-to-date: /ros2_ws/install/trajectory_msgs/share/ament_index/resource_index/packages/trajectory_msgs
[3.490s] -- Up-to-date: /ros2_ws/install/trajectory_msgs/share/trajectory_msgs/cmake/export_trajectory_msgs__rosidl_generator_cExport.cmake
[3.490s] -- Up-to-date: /ros2_ws/install/trajectory_msgs/share/trajectory_msgs/cmake/export_trajectory_msgs__rosidl_generator_cExport-noconfig.cmake
[3.491s] -- Up-to-date: /ros2_ws/install/trajectory_msgs/share/trajectory_msgs/cmake/export_trajectory_msgs__rosidl_typesupport_fastrtps_cExport.cmake
[3.491s] -- Up-to-date: /ros2_ws/install/trajectory_msgs/share/trajectory_msgs/cmake/export_trajectory_msgs__rosidl_typesupport_fastrtps_cExport-noconfig.cmake
[3.491s] -- Up-to-date: /ros2_ws/install/trajectory_msgs/share/trajectory_msgs/cmake/export_trajectory_msgs__rosidl_generator_cppExport.cmake
[3.494s] -- Up-to-date: /ros2_ws/install/trajectory_msgs/share/trajectory_msgs/cmake/export_trajectory_msgs__rosidl_typesupport_fastrtps_cppExport.cmake
[3.494s] -- Up-to-date: /ros2_ws/install/trajectory_msgs/share/trajectory_msgs/cmake/export_trajectory_msgs__rosidl_typesupport_fastrtps_cppExport-noconfig.cmake
[3.496s] -- Up-to-date: /ros2_ws/install/trajectory_msgs/share/trajectory_msgs/cmake/trajectory_msgs__rosidl_typesupport_introspection_cExport.cmake
[3.496s] -- Up-to-date: /ros2_ws/install/trajectory_msgs/share/trajectory_msgs/cmake/trajectory_msgs__rosidl_typesupport_introspection_cExport-noconfig.cmake
[3.497s] -- Up-to-date: /ros2_ws/install/trajectory_msgs/share/trajectory_msgs/cmake/trajectory_msgs__rosidl_typesupport_cExport.cmake
[3.498s] -- Up-to-date: /ros2_ws/install/trajectory_msgs/share/trajectory_msgs/cmake/trajectory_msgs__rosidl_typesupport_cExport-noconfig.cmake
[3.499s] -- Up-to-date: /ros2_ws/install/trajectory_msgs/share/trajectory_msgs/cmake/trajectory_msgs__rosidl_typesupport_introspection_cppExport.cmake
[3.499s] -- Up-to-date: /ros2_ws/install/trajectory_msgs/share/trajectory_msgs/cmake/trajectory_msgs__rosidl_typesupport_introspection_cppExport-noconfig.cmake
[3.500s] -- Up-to-date: /ros2_ws/install/trajectory_msgs/share/trajectory_msgs/cmake/trajectory_msgs__rosidl_typesupport_cppExport.cmake
[3.500s] -- Up-to-date: /ros2_ws/install/trajectory_msgs/share/trajectory_msgs/cmake/trajectory_msgs__rosidl_typesupport_cppExport-noconfig.cmake
[3.504s] -- Up-to-date: /ros2_ws/install/trajectory_msgs/share/trajectory_msgs/cmake/export_trajectory_msgs__rosidl_generator_pyExport.cmake
[3.505s] -- Up-to-date: /ros2_ws/install/trajectory_msgs/share/trajectory_msgs/cmake/export_trajectory_msgs__rosidl_generator_pyExport-noconfig.cmake
[3.505s] -- Up-to-date: /ros2_ws/install/trajectory_msgs/share/trajectory_msgs/cmake/rosidl_cmake-extras.cmake
[3.506s] -- Up-to-date: /ros2_ws/install/trajectory_msgs/share/trajectory_msgs/cmake/ament_cmake_export_dependencies-extras.cmake
[3.506s] -- Up-to-date: /ros2_ws/install/trajectory_msgs/share/trajectory_msgs/cmake/ament_cmake_export_include_directories-extras.cmake
[3.507s] -- Up-to-date: /ros2_ws/install/trajectory_msgs/share/trajectory_msgs/cmake/ament_cmake_export_libraries-extras.cmake
[3.508s] -- Up-to-date: /ros2_ws/install/trajectory_msgs/share/trajectory_msgs/cmake/ament_cmake_export_targets-extras.cmake
[3.508s] -- Up-to-date: /ros2_ws/install/trajectory_msgs/share/trajectory_msgs/cmake/rosidl_cmake_export_typesupport_targets-extras.cmake
[3.509s] -- Up-to-date: /ros2_ws/install/trajectory_msgs/share/trajectory_msgs/cmake/rosidl_cmake_export_typesupport_libraries-extras.cmake
[3.509s] -- Up-to-date: /ros2_ws/install/trajectory_msgs/share/trajectory_msgs/cmake/trajectory_msgsConfig.cmake
[3.510s] -- Up-to-date: /ros2_ws/install/trajectory_msgs/share/trajectory_msgs/cmake/trajectory_msgsConfig-version.cmake
[3.511s] -- Up-to-date: /ros2_ws/install/trajectory_msgs/share/trajectory_msgs/package.xml
[4.475s] Invoked command in '/ros2_ws/build/trajectory_msgs' returned '0': AMENT_PREFIX_PATH=/ros2_ws/install/geometry_msgs:/ros2_ws/install/std_msgs:${AMENT_PREFIX_PATH} CMAKE_PREFIX_PATH=/ros2_ws/install/geometry_msgs:/ros2_ws/install/std_msgs:/opt/ros/humble LD_LIBRARY_PATH=/ros2_ws/install/geometry_msgs/lib:/ros2_ws/install/std_msgs/lib:${LD_LIBRARY_PATH} PYTHONPATH=/ros2_ws/install/geometry_msgs/local/lib/python3.10/dist-packages:/ros2_ws/install/std_msgs/local/lib/python3.10/dist-packages:${PYTHONPATH} /usr/bin/cmake --install /ros2_ws/build/trajectory_msgs
