[0.153s] Invoking command in '/ros2_ws/build/rosapi_msgs': CMAKE_PREFIX_PATH=/opt/ros/humble /usr/bin/cmake --build /ros2_ws/build/rosapi_msgs -- -j4 -l4
[0.854s] [35m[1mConsolidate compiler generated dependencies of target rosapi_msgs__rosidl_generator_c[0m
[0.916s] [  1%] Built target rosapi_msgs__rs
[0.933s] [  1%] Built target rosapi_msgs__cpp
[1.055s] [ 13%] Built target rosapi_msgs__rosidl_generator_c
[1.129s] [ 13%] Built target ament_cmake_python_copy_rosapi_msgs
[1.133s] [35m[1mConsolidate compiler generated dependencies of target rosapi_msgs__rosidl_typesupport_fastrtps_cpp[0m
[1.205s] [35m[1mConsolidate compiler generated dependencies of target rosapi_msgs__rosidl_typesupport_introspection_cpp[0m
[1.322s] [35m[1mConsolidate compiler generated dependencies of target rosapi_msgs__rosidl_typesupport_cpp[0m
[1.371s] [35m[1mConsolidate compiler generated dependencies of target rosapi_msgs__rosidl_typesupport_fastrtps_c[0m
[1.562s] [ 37%] Built target rosapi_msgs__rosidl_typesupport_fastrtps_cpp
[1.571s] [ 25%] Built target rosapi_msgs__rosidl_typesupport_introspection_cpp
[1.640s] [ 49%] Built target rosapi_msgs__rosidl_typesupport_cpp
[1.735s] [35m[1mConsolidate compiler generated dependencies of target rosapi_msgs__rosidl_typesupport_introspection_c[0m
[1.781s] [35m[1mConsolidate compiler generated dependencies of target rosapi_msgs__rosidl_typesupport_c[0m
[1.800s] [ 61%] Built target rosapi_msgs__rosidl_typesupport_fastrtps_c
[1.999s] [ 73%] Built target rosapi_msgs__rosidl_typesupport_introspection_c
[2.003s] [ 85%] Built target rosapi_msgs__rosidl_typesupport_c
[2.258s] [ 85%] Built target rosapi_msgs
[2.599s] [ 85%] Built target rosapi_msgs__py
[2.798s] [35m[1mConsolidate compiler generated dependencies of target rosapi_msgs__rosidl_generator_py[0m
[3.076s] [ 97%] Built target rosapi_msgs__rosidl_generator_py
[3.318s] [35m[1mConsolidate compiler generated dependencies of target rosapi_msgs__rosidl_typesupport_introspection_c__pyext[0m
[3.324s] [35m[1mConsolidate compiler generated dependencies of target rosapi_msgs__rosidl_typesupport_c__pyext[0m
[3.348s] [35m[1mConsolidate compiler generated dependencies of target rosapi_msgs__rosidl_typesupport_fastrtps_c__pyext[0m
[3.499s] running egg_info
[3.502s] writing rosapi_msgs.egg-info/PKG-INFO
[3.503s] writing dependency_links to rosapi_msgs.egg-info/dependency_links.txt
[3.504s] writing top-level names to rosapi_msgs.egg-info/top_level.txt
[3.505s] [ 98%] Built target rosapi_msgs__rosidl_typesupport_fastrtps_c__pyext
[3.518s] reading manifest file 'rosapi_msgs.egg-info/SOURCES.txt'
[3.520s] [ 99%] Built target rosapi_msgs__rosidl_typesupport_introspection_c__pyext
[3.527s] writing manifest file 'rosapi_msgs.egg-info/SOURCES.txt'
[3.537s] [100%] Built target rosapi_msgs__rosidl_typesupport_c__pyext
[3.672s] [100%] Built target ament_cmake_python_build_rosapi_msgs_egg
[3.747s] Invoked command in '/ros2_ws/build/rosapi_msgs' returned '0': CMAKE_PREFIX_PATH=/opt/ros/humble /usr/bin/cmake --build /ros2_ws/build/rosapi_msgs -- -j4 -l4
[3.769s] Invoking command in '/ros2_ws/build/rosapi_msgs': CMAKE_PREFIX_PATH=/opt/ros/humble /usr/bin/cmake --install /ros2_ws/build/rosapi_msgs
[3.880s] -- Install configuration: ""
[3.881s] -- Up-to-date: /ros2_ws/install/rosapi_msgs/share/ament_index/resource_index/rosidl_interfaces/rosapi_msgs
[3.881s] -- Up-to-date: /ros2_ws/install/rosapi_msgs/include/rosapi_msgs/rosapi_msgs
[3.882s] -- Up-to-date: /ros2_ws/install/rosapi_msgs/include/rosapi_msgs/rosapi_msgs/srv
[3.883s] -- Up-to-date: /ros2_ws/install/rosapi_msgs/include/rosapi_msgs/rosapi_msgs/srv/set_param.h
[3.883s] -- Up-to-date: /ros2_ws/install/rosapi_msgs/include/rosapi_msgs/rosapi_msgs/srv/get_ros_version.h
[3.885s] -- Up-to-date: /ros2_ws/install/rosapi_msgs/include/rosapi_msgs/rosapi_msgs/srv/subscribers.h
[3.886s] -- Up-to-date: /ros2_ws/install/rosapi_msgs/include/rosapi_msgs/rosapi_msgs/srv/services_for_type.h
[3.888s] -- Up-to-date: /ros2_ws/install/rosapi_msgs/include/rosapi_msgs/rosapi_msgs/srv/topics.h
[3.889s] -- Up-to-date: /ros2_ws/install/rosapi_msgs/include/rosapi_msgs/rosapi_msgs/srv/get_param_names.h
[3.890s] -- Up-to-date: /ros2_ws/install/rosapi_msgs/include/rosapi_msgs/rosapi_msgs/srv/nodes.h
[3.890s] -- Up-to-date: /ros2_ws/install/rosapi_msgs/include/rosapi_msgs/rosapi_msgs/srv/publishers.h
[3.892s] -- Up-to-date: /ros2_ws/install/rosapi_msgs/include/rosapi_msgs/rosapi_msgs/srv/topics_and_raw_types.h
[3.892s] -- Up-to-date: /ros2_ws/install/rosapi_msgs/include/rosapi_msgs/rosapi_msgs/srv/get_param.h
[3.893s] -- Up-to-date: /ros2_ws/install/rosapi_msgs/include/rosapi_msgs/rosapi_msgs/srv/get_time.h
[3.894s] -- Up-to-date: /ros2_ws/install/rosapi_msgs/include/rosapi_msgs/rosapi_msgs/srv/service_response_details.h
[3.895s] -- Up-to-date: /ros2_ws/install/rosapi_msgs/include/rosapi_msgs/rosapi_msgs/srv/message_details.h
[3.896s] -- Up-to-date: /ros2_ws/install/rosapi_msgs/include/rosapi_msgs/rosapi_msgs/srv/service_node.h
[3.897s] -- Up-to-date: /ros2_ws/install/rosapi_msgs/include/rosapi_msgs/rosapi_msgs/srv/delete_param.h
[3.901s] -- Up-to-date: /ros2_ws/install/rosapi_msgs/include/rosapi_msgs/rosapi_msgs/srv/topics_for_type.h
[3.903s] -- Up-to-date: /ros2_ws/install/rosapi_msgs/include/rosapi_msgs/rosapi_msgs/srv/service_providers.h
[3.904s] -- Up-to-date: /ros2_ws/install/rosapi_msgs/include/rosapi_msgs/rosapi_msgs/srv/get_action_servers.h
[3.905s] -- Up-to-date: /ros2_ws/install/rosapi_msgs/include/rosapi_msgs/rosapi_msgs/srv/service_type.h
[3.907s] -- Up-to-date: /ros2_ws/install/rosapi_msgs/include/rosapi_msgs/rosapi_msgs/srv/topic_type.h
[3.910s] -- Up-to-date: /ros2_ws/install/rosapi_msgs/include/rosapi_msgs/rosapi_msgs/srv/detail
[3.911s] -- Up-to-date: /ros2_ws/install/rosapi_msgs/include/rosapi_msgs/rosapi_msgs/srv/detail/node_details__struct.h
[3.913s] -- Up-to-date: /ros2_ws/install/rosapi_msgs/include/rosapi_msgs/rosapi_msgs/srv/detail/get_action_servers__type_support.h
[3.914s] -- Up-to-date: /ros2_ws/install/rosapi_msgs/include/rosapi_msgs/rosapi_msgs/srv/detail/node_details__functions.h
[3.914s] -- Up-to-date: /ros2_ws/install/rosapi_msgs/include/rosapi_msgs/rosapi_msgs/srv/detail/message_details__struct.h
[3.916s] -- Up-to-date: /ros2_ws/install/rosapi_msgs/include/rosapi_msgs/rosapi_msgs/srv/detail/get_action_servers__functions.h
[3.918s] -- Up-to-date: /ros2_ws/install/rosapi_msgs/include/rosapi_msgs/rosapi_msgs/srv/detail/has_param__functions.c
[3.920s] -- Up-to-date: /ros2_ws/install/rosapi_msgs/include/rosapi_msgs/rosapi_msgs/srv/detail/subscribers__type_support.h
[3.921s] -- Up-to-date: /ros2_ws/install/rosapi_msgs/include/rosapi_msgs/rosapi_msgs/srv/detail/get_param_names__struct.h
[3.924s] -- Up-to-date: /ros2_ws/install/rosapi_msgs/include/rosapi_msgs/rosapi_msgs/srv/detail/nodes__functions.c
[3.926s] -- Up-to-date: /ros2_ws/install/rosapi_msgs/include/rosapi_msgs/rosapi_msgs/srv/detail/service_response_details__struct.h
[3.929s] -- Up-to-date: /ros2_ws/install/rosapi_msgs/include/rosapi_msgs/rosapi_msgs/srv/detail/service_response_details__type_support.h
[3.931s] -- Up-to-date: /ros2_ws/install/rosapi_msgs/include/rosapi_msgs/rosapi_msgs/srv/detail/services_for_type__functions.h
[3.932s] -- Up-to-date: /ros2_ws/install/rosapi_msgs/include/rosapi_msgs/rosapi_msgs/srv/detail/subscribers__functions.h
[3.933s] -- Up-to-date: /ros2_ws/install/rosapi_msgs/include/rosapi_msgs/rosapi_msgs/srv/detail/service_request_details__functions.h
[3.934s] -- Up-to-date: /ros2_ws/install/rosapi_msgs/include/rosapi_msgs/rosapi_msgs/srv/detail/service_response_details__functions.h
[3.935s] -- Up-to-date: /ros2_ws/install/rosapi_msgs/include/rosapi_msgs/rosapi_msgs/srv/detail/service_request_details__functions.c
[3.935s] -- Up-to-date: /ros2_ws/install/rosapi_msgs/include/rosapi_msgs/rosapi_msgs/srv/detail/service_request_details__type_support.h
[3.936s] -- Up-to-date: /ros2_ws/install/rosapi_msgs/include/rosapi_msgs/rosapi_msgs/srv/detail/has_param__struct.h
[3.936s] -- Up-to-date: /ros2_ws/install/rosapi_msgs/include/rosapi_msgs/rosapi_msgs/srv/detail/service_node__struct.h
[3.937s] -- Up-to-date: /ros2_ws/install/rosapi_msgs/include/rosapi_msgs/rosapi_msgs/srv/detail/topics_for_type__functions.h
[3.939s] -- Up-to-date: /ros2_ws/install/rosapi_msgs/include/rosapi_msgs/rosapi_msgs/srv/detail/get_time__functions.h
[3.940s] -- Up-to-date: /ros2_ws/install/rosapi_msgs/include/rosapi_msgs/rosapi_msgs/srv/detail/topics_for_type__functions.c
[3.943s] -- Up-to-date: /ros2_ws/install/rosapi_msgs/include/rosapi_msgs/rosapi_msgs/srv/detail/get_action_servers__functions.c
[3.951s] -- Up-to-date: /ros2_ws/install/rosapi_msgs/include/rosapi_msgs/rosapi_msgs/srv/detail/publishers__type_support.h
[3.954s] -- Up-to-date: /ros2_ws/install/rosapi_msgs/include/rosapi_msgs/rosapi_msgs/srv/detail/publishers__functions.c
[3.955s] -- Up-to-date: /ros2_ws/install/rosapi_msgs/include/rosapi_msgs/rosapi_msgs/srv/detail/delete_param__functions.c
[3.957s] -- Up-to-date: /ros2_ws/install/rosapi_msgs/include/rosapi_msgs/rosapi_msgs/srv/detail/topics__functions.c
[3.958s] -- Up-to-date: /ros2_ws/install/rosapi_msgs/include/rosapi_msgs/rosapi_msgs/srv/detail/has_param__functions.h
[3.959s] -- Up-to-date: /ros2_ws/install/rosapi_msgs/include/rosapi_msgs/rosapi_msgs/srv/detail/message_details__functions.h
[3.961s] -- Up-to-date: /ros2_ws/install/rosapi_msgs/include/rosapi_msgs/rosapi_msgs/srv/detail/topic_type__type_support.h
[3.963s] -- Up-to-date: /ros2_ws/install/rosapi_msgs/include/rosapi_msgs/rosapi_msgs/srv/detail/topics_and_raw_types__functions.c
[3.964s] -- Up-to-date: /ros2_ws/install/rosapi_msgs/include/rosapi_msgs/rosapi_msgs/srv/detail/delete_param__type_support.h
[3.965s] -- Up-to-date: /ros2_ws/install/rosapi_msgs/include/rosapi_msgs/rosapi_msgs/srv/detail/set_param__type_support.h
[3.967s] -- Up-to-date: /ros2_ws/install/rosapi_msgs/include/rosapi_msgs/rosapi_msgs/srv/detail/services_for_type__functions.c
[3.967s] -- Up-to-date: /ros2_ws/install/rosapi_msgs/include/rosapi_msgs/rosapi_msgs/srv/detail/delete_param__struct.h
[3.969s] -- Up-to-date: /ros2_ws/install/rosapi_msgs/include/rosapi_msgs/rosapi_msgs/srv/detail/get_ros_version__functions.h
[3.969s] -- Up-to-date: /ros2_ws/install/rosapi_msgs/include/rosapi_msgs/rosapi_msgs/srv/detail/services__functions.h
[3.970s] -- Up-to-date: /ros2_ws/install/rosapi_msgs/include/rosapi_msgs/rosapi_msgs/srv/detail/topic_type__struct.h
[3.971s] -- Up-to-date: /ros2_ws/install/rosapi_msgs/include/rosapi_msgs/rosapi_msgs/srv/detail/get_ros_version__type_support.h
[3.971s] -- Up-to-date: /ros2_ws/install/rosapi_msgs/include/rosapi_msgs/rosapi_msgs/srv/detail/topic_type__functions.h
[3.972s] -- Up-to-date: /ros2_ws/install/rosapi_msgs/include/rosapi_msgs/rosapi_msgs/srv/detail/topics_for_type__struct.h
[3.973s] -- Up-to-date: /ros2_ws/install/rosapi_msgs/include/rosapi_msgs/rosapi_msgs/srv/detail/service_providers__type_support.h
[3.973s] -- Up-to-date: /ros2_ws/install/rosapi_msgs/include/rosapi_msgs/rosapi_msgs/srv/detail/subscribers__struct.h
[3.974s] -- Up-to-date: /ros2_ws/install/rosapi_msgs/include/rosapi_msgs/rosapi_msgs/srv/detail/service_node__functions.h
[3.974s] -- Up-to-date: /ros2_ws/install/rosapi_msgs/include/rosapi_msgs/rosapi_msgs/srv/detail/set_param__struct.h
[3.987s] -- Up-to-date: /ros2_ws/install/rosapi_msgs/include/rosapi_msgs/rosapi_msgs/srv/detail/get_param__struct.h
[3.988s] -- Up-to-date: /ros2_ws/install/rosapi_msgs/include/rosapi_msgs/rosapi_msgs/srv/detail/set_param__functions.c
[3.989s] -- Up-to-date: /ros2_ws/install/rosapi_msgs/include/rosapi_msgs/rosapi_msgs/srv/detail/services__type_support.h
[3.989s] -- Up-to-date: /ros2_ws/install/rosapi_msgs/include/rosapi_msgs/rosapi_msgs/srv/detail/service_providers__functions.h
[3.990s] -- Up-to-date: /ros2_ws/install/rosapi_msgs/include/rosapi_msgs/rosapi_msgs/srv/detail/nodes__type_support.h
[3.991s] -- Up-to-date: /ros2_ws/install/rosapi_msgs/include/rosapi_msgs/rosapi_msgs/srv/detail/topic_type__functions.c
[3.991s] -- Up-to-date: /ros2_ws/install/rosapi_msgs/include/rosapi_msgs/rosapi_msgs/srv/detail/topics__struct.h
[3.992s] -- Up-to-date: /ros2_ws/install/rosapi_msgs/include/rosapi_msgs/rosapi_msgs/srv/detail/service_type__functions.h
[3.992s] -- Up-to-date: /ros2_ws/install/rosapi_msgs/include/rosapi_msgs/rosapi_msgs/srv/detail/get_param__type_support.h
[3.992s] -- Up-to-date: /ros2_ws/install/rosapi_msgs/include/rosapi_msgs/rosapi_msgs/srv/detail/message_details__type_support.h
[3.993s] -- Up-to-date: /ros2_ws/install/rosapi_msgs/include/rosapi_msgs/rosapi_msgs/srv/detail/has_param__type_support.h
[3.993s] -- Up-to-date: /ros2_ws/install/rosapi_msgs/include/rosapi_msgs/rosapi_msgs/srv/detail/services_for_type__struct.h
[3.994s] -- Up-to-date: /ros2_ws/install/rosapi_msgs/include/rosapi_msgs/rosapi_msgs/srv/detail/service_type__struct.h
[3.994s] -- Up-to-date: /ros2_ws/install/rosapi_msgs/include/rosapi_msgs/rosapi_msgs/srv/detail/topics_and_raw_types__type_support.h
[3.996s] -- Up-to-date: /ros2_ws/install/rosapi_msgs/include/rosapi_msgs/rosapi_msgs/srv/detail/message_details__functions.c
[3.996s] -- Up-to-date: /ros2_ws/install/rosapi_msgs/include/rosapi_msgs/rosapi_msgs/srv/detail/node_details__type_support.h
[3.997s] -- Up-to-date: /ros2_ws/install/rosapi_msgs/include/rosapi_msgs/rosapi_msgs/srv/detail/set_param__functions.h
[3.998s] -- Up-to-date: /ros2_ws/install/rosapi_msgs/include/rosapi_msgs/rosapi_msgs/srv/detail/get_time__struct.h
[3.998s] -- Up-to-date: /ros2_ws/install/rosapi_msgs/include/rosapi_msgs/rosapi_msgs/srv/detail/service_response_details__functions.c
[4.000s] -- Up-to-date: /ros2_ws/install/rosapi_msgs/include/rosapi_msgs/rosapi_msgs/srv/detail/topics__functions.h
[4.000s] -- Up-to-date: /ros2_ws/install/rosapi_msgs/include/rosapi_msgs/rosapi_msgs/srv/detail/services__functions.c
[4.001s] -- Up-to-date: /ros2_ws/install/rosapi_msgs/include/rosapi_msgs/rosapi_msgs/srv/detail/get_param_names__functions.h
[4.002s] -- Up-to-date: /ros2_ws/install/rosapi_msgs/include/rosapi_msgs/rosapi_msgs/srv/detail/nodes__functions.h
[4.003s] -- Up-to-date: /ros2_ws/install/rosapi_msgs/include/rosapi_msgs/rosapi_msgs/srv/detail/topics_and_raw_types__functions.h
[4.005s] -- Up-to-date: /ros2_ws/install/rosapi_msgs/include/rosapi_msgs/rosapi_msgs/srv/detail/get_time__type_support.h
[4.006s] -- Up-to-date: /ros2_ws/install/rosapi_msgs/include/rosapi_msgs/rosapi_msgs/srv/detail/services_for_type__type_support.h
[4.007s] -- Up-to-date: /ros2_ws/install/rosapi_msgs/include/rosapi_msgs/rosapi_msgs/srv/detail/get_param_names__functions.c
[4.008s] -- Up-to-date: /ros2_ws/install/rosapi_msgs/include/rosapi_msgs/rosapi_msgs/srv/detail/services__struct.h
[4.008s] -- Up-to-date: /ros2_ws/install/rosapi_msgs/include/rosapi_msgs/rosapi_msgs/srv/detail/service_request_details__struct.h
[4.008s] -- Up-to-date: /ros2_ws/install/rosapi_msgs/include/rosapi_msgs/rosapi_msgs/srv/detail/node_details__functions.c
[4.010s] -- Up-to-date: /ros2_ws/install/rosapi_msgs/include/rosapi_msgs/rosapi_msgs/srv/detail/get_time__functions.c
[4.010s] -- Up-to-date: /ros2_ws/install/rosapi_msgs/include/rosapi_msgs/rosapi_msgs/srv/detail/subscribers__functions.c
[4.011s] -- Up-to-date: /ros2_ws/install/rosapi_msgs/include/rosapi_msgs/rosapi_msgs/srv/detail/service_node__type_support.h
[4.012s] -- Up-to-date: /ros2_ws/install/rosapi_msgs/include/rosapi_msgs/rosapi_msgs/srv/detail/get_param_names__type_support.h
[4.013s] -- Up-to-date: /ros2_ws/install/rosapi_msgs/include/rosapi_msgs/rosapi_msgs/srv/detail/get_ros_version__struct.h
[4.014s] -- Up-to-date: /ros2_ws/install/rosapi_msgs/include/rosapi_msgs/rosapi_msgs/srv/detail/get_ros_version__functions.c
[4.015s] -- Up-to-date: /ros2_ws/install/rosapi_msgs/include/rosapi_msgs/rosapi_msgs/srv/detail/topics_for_type__type_support.h
[4.016s] -- Up-to-date: /ros2_ws/install/rosapi_msgs/include/rosapi_msgs/rosapi_msgs/srv/detail/publishers__struct.h
[4.016s] -- Up-to-date: /ros2_ws/install/rosapi_msgs/include/rosapi_msgs/rosapi_msgs/srv/detail/get_action_servers__struct.h
[4.018s] -- Up-to-date: /ros2_ws/install/rosapi_msgs/include/rosapi_msgs/rosapi_msgs/srv/detail/topics__type_support.h
[4.023s] -- Up-to-date: /ros2_ws/install/rosapi_msgs/include/rosapi_msgs/rosapi_msgs/srv/detail/nodes__struct.h
[4.023s] -- Up-to-date: /ros2_ws/install/rosapi_msgs/include/rosapi_msgs/rosapi_msgs/srv/detail/get_param__functions.c
[4.024s] -- Up-to-date: /ros2_ws/install/rosapi_msgs/include/rosapi_msgs/rosapi_msgs/srv/detail/topics_and_raw_types__struct.h
[4.024s] -- Up-to-date: /ros2_ws/install/rosapi_msgs/include/rosapi_msgs/rosapi_msgs/srv/detail/service_node__functions.c
[4.025s] -- Up-to-date: /ros2_ws/install/rosapi_msgs/include/rosapi_msgs/rosapi_msgs/srv/detail/service_providers__functions.c
[4.025s] -- Up-to-date: /ros2_ws/install/rosapi_msgs/include/rosapi_msgs/rosapi_msgs/srv/detail/publishers__functions.h
[4.025s] -- Up-to-date: /ros2_ws/install/rosapi_msgs/include/rosapi_msgs/rosapi_msgs/srv/detail/get_param__functions.h
[4.026s] -- Up-to-date: /ros2_ws/install/rosapi_msgs/include/rosapi_msgs/rosapi_msgs/srv/detail/service_type__functions.c
[4.026s] -- Up-to-date: /ros2_ws/install/rosapi_msgs/include/rosapi_msgs/rosapi_msgs/srv/detail/service_providers__struct.h
[4.027s] -- Up-to-date: /ros2_ws/install/rosapi_msgs/include/rosapi_msgs/rosapi_msgs/srv/detail/delete_param__functions.h
[4.027s] -- Up-to-date: /ros2_ws/install/rosapi_msgs/include/rosapi_msgs/rosapi_msgs/srv/detail/service_type__type_support.h
[4.027s] -- Up-to-date: /ros2_ws/install/rosapi_msgs/include/rosapi_msgs/rosapi_msgs/srv/service_request_details.h
[4.028s] -- Up-to-date: /ros2_ws/install/rosapi_msgs/include/rosapi_msgs/rosapi_msgs/srv/has_param.h
[4.029s] -- Up-to-date: /ros2_ws/install/rosapi_msgs/include/rosapi_msgs/rosapi_msgs/srv/services.h
[4.030s] -- Up-to-date: /ros2_ws/install/rosapi_msgs/include/rosapi_msgs/rosapi_msgs/srv/node_details.h
[4.031s] -- Up-to-date: /ros2_ws/install/rosapi_msgs/include/rosapi_msgs/rosapi_msgs/msg
[4.031s] -- Up-to-date: /ros2_ws/install/rosapi_msgs/include/rosapi_msgs/rosapi_msgs/msg/type_def.h
[4.034s] -- Up-to-date: /ros2_ws/install/rosapi_msgs/include/rosapi_msgs/rosapi_msgs/msg/detail
[4.035s] -- Up-to-date: /ros2_ws/install/rosapi_msgs/include/rosapi_msgs/rosapi_msgs/msg/detail/type_def__functions.c
[4.036s] -- Up-to-date: /ros2_ws/install/rosapi_msgs/include/rosapi_msgs/rosapi_msgs/msg/detail/type_def__struct.h
[4.039s] -- Up-to-date: /ros2_ws/install/rosapi_msgs/include/rosapi_msgs/rosapi_msgs/msg/detail/type_def__functions.h
[4.039s] -- Up-to-date: /ros2_ws/install/rosapi_msgs/include/rosapi_msgs/rosapi_msgs/msg/detail/type_def__type_support.h
[4.041s] -- Up-to-date: /ros2_ws/install/rosapi_msgs/include/rosapi_msgs/rosapi_msgs/msg/rosidl_generator_c__visibility_control.h
[4.044s] -- Up-to-date: /ros2_ws/install/rosapi_msgs/share/rosapi_msgs/environment/library_path.sh
[4.045s] -- Up-to-date: /ros2_ws/install/rosapi_msgs/share/rosapi_msgs/environment/library_path.dsv
[4.050s] -- Up-to-date: /ros2_ws/install/rosapi_msgs/lib/librosapi_msgs__rosidl_generator_c.so
[4.051s] -- Up-to-date: /ros2_ws/install/rosapi_msgs/include/rosapi_msgs/rosapi_msgs
[4.052s] -- Up-to-date: /ros2_ws/install/rosapi_msgs/include/rosapi_msgs/rosapi_msgs/srv
[4.054s] -- Up-to-date: /ros2_ws/install/rosapi_msgs/include/rosapi_msgs/rosapi_msgs/srv/detail
[4.054s] -- Up-to-date: /ros2_ws/install/rosapi_msgs/include/rosapi_msgs/rosapi_msgs/srv/detail/topics__rosidl_typesupport_fastrtps_c.h
[4.055s] -- Up-to-date: /ros2_ws/install/rosapi_msgs/include/rosapi_msgs/rosapi_msgs/srv/detail/delete_param__rosidl_typesupport_fastrtps_c.h
[4.056s] -- Up-to-date: /ros2_ws/install/rosapi_msgs/include/rosapi_msgs/rosapi_msgs/srv/detail/node_details__rosidl_typesupport_fastrtps_c.h
[4.057s] -- Up-to-date: /ros2_ws/install/rosapi_msgs/include/rosapi_msgs/rosapi_msgs/srv/detail/topic_type__rosidl_typesupport_fastrtps_c.h
[4.060s] -- Up-to-date: /ros2_ws/install/rosapi_msgs/include/rosapi_msgs/rosapi_msgs/srv/detail/nodes__rosidl_typesupport_fastrtps_c.h
[4.062s] -- Up-to-date: /ros2_ws/install/rosapi_msgs/include/rosapi_msgs/rosapi_msgs/srv/detail/service_request_details__rosidl_typesupport_fastrtps_c.h
[4.063s] -- Up-to-date: /ros2_ws/install/rosapi_msgs/include/rosapi_msgs/rosapi_msgs/srv/detail/service_node__rosidl_typesupport_fastrtps_c.h
[4.064s] -- Up-to-date: /ros2_ws/install/rosapi_msgs/include/rosapi_msgs/rosapi_msgs/srv/detail/publishers__rosidl_typesupport_fastrtps_c.h
[4.064s] -- Up-to-date: /ros2_ws/install/rosapi_msgs/include/rosapi_msgs/rosapi_msgs/srv/detail/subscribers__rosidl_typesupport_fastrtps_c.h
[4.065s] -- Up-to-date: /ros2_ws/install/rosapi_msgs/include/rosapi_msgs/rosapi_msgs/srv/detail/topics_for_type__rosidl_typesupport_fastrtps_c.h
[4.068s] -- Up-to-date: /ros2_ws/install/rosapi_msgs/include/rosapi_msgs/rosapi_msgs/srv/detail/get_param_names__rosidl_typesupport_fastrtps_c.h
[4.068s] -- Up-to-date: /ros2_ws/install/rosapi_msgs/include/rosapi_msgs/rosapi_msgs/srv/detail/services__rosidl_typesupport_fastrtps_c.h
[4.068s] -- Up-to-date: /ros2_ws/install/rosapi_msgs/include/rosapi_msgs/rosapi_msgs/srv/detail/topics_and_raw_types__rosidl_typesupport_fastrtps_c.h
[4.069s] -- Up-to-date: /ros2_ws/install/rosapi_msgs/include/rosapi_msgs/rosapi_msgs/srv/detail/service_response_details__rosidl_typesupport_fastrtps_c.h
[4.069s] -- Up-to-date: /ros2_ws/install/rosapi_msgs/include/rosapi_msgs/rosapi_msgs/srv/detail/set_param__rosidl_typesupport_fastrtps_c.h
[4.070s] -- Up-to-date: /ros2_ws/install/rosapi_msgs/include/rosapi_msgs/rosapi_msgs/srv/detail/services_for_type__rosidl_typesupport_fastrtps_c.h
[4.074s] -- Up-to-date: /ros2_ws/install/rosapi_msgs/include/rosapi_msgs/rosapi_msgs/srv/detail/get_param__rosidl_typesupport_fastrtps_c.h
[4.074s] -- Up-to-date: /ros2_ws/install/rosapi_msgs/include/rosapi_msgs/rosapi_msgs/srv/detail/get_ros_version__rosidl_typesupport_fastrtps_c.h
[4.075s] -- Up-to-date: /ros2_ws/install/rosapi_msgs/include/rosapi_msgs/rosapi_msgs/srv/detail/service_providers__rosidl_typesupport_fastrtps_c.h
[4.076s] -- Up-to-date: /ros2_ws/install/rosapi_msgs/include/rosapi_msgs/rosapi_msgs/srv/detail/get_time__rosidl_typesupport_fastrtps_c.h
[4.078s] -- Up-to-date: /ros2_ws/install/rosapi_msgs/include/rosapi_msgs/rosapi_msgs/srv/detail/get_action_servers__rosidl_typesupport_fastrtps_c.h
[4.083s] -- Up-to-date: /ros2_ws/install/rosapi_msgs/include/rosapi_msgs/rosapi_msgs/srv/detail/message_details__rosidl_typesupport_fastrtps_c.h
[4.083s] -- Up-to-date: /ros2_ws/install/rosapi_msgs/include/rosapi_msgs/rosapi_msgs/srv/detail/service_type__rosidl_typesupport_fastrtps_c.h
[4.084s] -- Up-to-date: /ros2_ws/install/rosapi_msgs/include/rosapi_msgs/rosapi_msgs/srv/detail/has_param__rosidl_typesupport_fastrtps_c.h
[4.084s] -- Up-to-date: /ros2_ws/install/rosapi_msgs/include/rosapi_msgs/rosapi_msgs/msg
[4.084s] -- Up-to-date: /ros2_ws/install/rosapi_msgs/include/rosapi_msgs/rosapi_msgs/msg/rosidl_typesupport_fastrtps_c__visibility_control.h
[4.085s] -- Up-to-date: /ros2_ws/install/rosapi_msgs/include/rosapi_msgs/rosapi_msgs/msg/detail
[4.085s] -- Up-to-date: /ros2_ws/install/rosapi_msgs/include/rosapi_msgs/rosapi_msgs/msg/detail/type_def__rosidl_typesupport_fastrtps_c.h
[4.097s] -- Up-to-date: /ros2_ws/install/rosapi_msgs/lib/librosapi_msgs__rosidl_typesupport_fastrtps_c.so
[4.099s] -- Up-to-date: /ros2_ws/install/rosapi_msgs/include/rosapi_msgs/rosapi_msgs
[4.099s] -- Up-to-date: /ros2_ws/install/rosapi_msgs/include/rosapi_msgs/rosapi_msgs/srv
[4.100s] -- Up-to-date: /ros2_ws/install/rosapi_msgs/include/rosapi_msgs/rosapi_msgs/srv/service_response_details.hpp
[4.100s] -- Up-to-date: /ros2_ws/install/rosapi_msgs/include/rosapi_msgs/rosapi_msgs/srv/services_for_type.hpp
[4.101s] -- Up-to-date: /ros2_ws/install/rosapi_msgs/include/rosapi_msgs/rosapi_msgs/srv/get_time.hpp
[4.101s] -- Up-to-date: /ros2_ws/install/rosapi_msgs/include/rosapi_msgs/rosapi_msgs/srv/get_ros_version.hpp
[4.102s] -- Up-to-date: /ros2_ws/install/rosapi_msgs/include/rosapi_msgs/rosapi_msgs/srv/get_action_servers.hpp
[4.103s] -- Up-to-date: /ros2_ws/install/rosapi_msgs/include/rosapi_msgs/rosapi_msgs/srv/services.hpp
[4.103s] -- Up-to-date: /ros2_ws/install/rosapi_msgs/include/rosapi_msgs/rosapi_msgs/srv/get_param_names.hpp
[4.103s] -- Up-to-date: /ros2_ws/install/rosapi_msgs/include/rosapi_msgs/rosapi_msgs/srv/service_type.hpp
[4.104s] -- Up-to-date: /ros2_ws/install/rosapi_msgs/include/rosapi_msgs/rosapi_msgs/srv/message_details.hpp
[4.104s] -- Up-to-date: /ros2_ws/install/rosapi_msgs/include/rosapi_msgs/rosapi_msgs/srv/topic_type.hpp
[4.120s] -- Up-to-date: /ros2_ws/install/rosapi_msgs/include/rosapi_msgs/rosapi_msgs/srv/get_param.hpp
[4.120s] -- Up-to-date: /ros2_ws/install/rosapi_msgs/include/rosapi_msgs/rosapi_msgs/srv/has_param.hpp
[4.120s] -- Up-to-date: /ros2_ws/install/rosapi_msgs/include/rosapi_msgs/rosapi_msgs/srv/topics_for_type.hpp
[4.121s] -- Up-to-date: /ros2_ws/install/rosapi_msgs/include/rosapi_msgs/rosapi_msgs/srv/subscribers.hpp
[4.121s] -- Up-to-date: /ros2_ws/install/rosapi_msgs/include/rosapi_msgs/rosapi_msgs/srv/topics_and_raw_types.hpp
[4.122s] -- Up-to-date: /ros2_ws/install/rosapi_msgs/include/rosapi_msgs/rosapi_msgs/srv/delete_param.hpp
[4.122s] -- Up-to-date: /ros2_ws/install/rosapi_msgs/include/rosapi_msgs/rosapi_msgs/srv/service_request_details.hpp
[4.123s] -- Up-to-date: /ros2_ws/install/rosapi_msgs/include/rosapi_msgs/rosapi_msgs/srv/set_param.hpp
[4.124s] -- Up-to-date: /ros2_ws/install/rosapi_msgs/include/rosapi_msgs/rosapi_msgs/srv/publishers.hpp
[4.126s] -- Up-to-date: /ros2_ws/install/rosapi_msgs/include/rosapi_msgs/rosapi_msgs/srv/node_details.hpp
[4.143s] -- Up-to-date: /ros2_ws/install/rosapi_msgs/include/rosapi_msgs/rosapi_msgs/srv/detail
[4.144s] -- Up-to-date: /ros2_ws/install/rosapi_msgs/include/rosapi_msgs/rosapi_msgs/srv/detail/service_type__struct.hpp
[4.145s] -- Up-to-date: /ros2_ws/install/rosapi_msgs/include/rosapi_msgs/rosapi_msgs/srv/detail/get_param__builder.hpp
[4.145s] -- Up-to-date: /ros2_ws/install/rosapi_msgs/include/rosapi_msgs/rosapi_msgs/srv/detail/get_param_names__struct.hpp
[4.148s] -- Up-to-date: /ros2_ws/install/rosapi_msgs/include/rosapi_msgs/rosapi_msgs/srv/detail/service_providers__struct.hpp
[4.151s] -- Up-to-date: /ros2_ws/install/rosapi_msgs/include/rosapi_msgs/rosapi_msgs/srv/detail/publishers__builder.hpp
[4.152s] -- Up-to-date: /ros2_ws/install/rosapi_msgs/include/rosapi_msgs/rosapi_msgs/srv/detail/service_response_details__struct.hpp
[4.153s] -- Up-to-date: /ros2_ws/install/rosapi_msgs/include/rosapi_msgs/rosapi_msgs/srv/detail/message_details__struct.hpp
[4.155s] -- Up-to-date: /ros2_ws/install/rosapi_msgs/include/rosapi_msgs/rosapi_msgs/srv/detail/has_param__type_support.hpp
[4.156s] -- Up-to-date: /ros2_ws/install/rosapi_msgs/include/rosapi_msgs/rosapi_msgs/srv/detail/services_for_type__traits.hpp
[4.157s] -- Up-to-date: /ros2_ws/install/rosapi_msgs/include/rosapi_msgs/rosapi_msgs/srv/detail/set_param__type_support.hpp
[4.158s] -- Up-to-date: /ros2_ws/install/rosapi_msgs/include/rosapi_msgs/rosapi_msgs/srv/detail/get_time__builder.hpp
[4.159s] -- Up-to-date: /ros2_ws/install/rosapi_msgs/include/rosapi_msgs/rosapi_msgs/srv/detail/topics__struct.hpp
[4.160s] -- Up-to-date: /ros2_ws/install/rosapi_msgs/include/rosapi_msgs/rosapi_msgs/srv/detail/node_details__builder.hpp
[4.163s] -- Up-to-date: /ros2_ws/install/rosapi_msgs/include/rosapi_msgs/rosapi_msgs/srv/detail/subscribers__struct.hpp
[4.164s] -- Up-to-date: /ros2_ws/install/rosapi_msgs/include/rosapi_msgs/rosapi_msgs/srv/detail/get_action_servers__struct.hpp
[4.170s] -- Up-to-date: /ros2_ws/install/rosapi_msgs/include/rosapi_msgs/rosapi_msgs/srv/detail/service_type__traits.hpp
[4.170s] -- Up-to-date: /ros2_ws/install/rosapi_msgs/include/rosapi_msgs/rosapi_msgs/srv/detail/get_ros_version__traits.hpp
[4.171s] -- Up-to-date: /ros2_ws/install/rosapi_msgs/include/rosapi_msgs/rosapi_msgs/srv/detail/service_providers__type_support.hpp
[4.172s] -- Up-to-date: /ros2_ws/install/rosapi_msgs/include/rosapi_msgs/rosapi_msgs/srv/detail/nodes__builder.hpp
[4.173s] -- Up-to-date: /ros2_ws/install/rosapi_msgs/include/rosapi_msgs/rosapi_msgs/srv/detail/get_param__struct.hpp
[4.174s] -- Up-to-date: /ros2_ws/install/rosapi_msgs/include/rosapi_msgs/rosapi_msgs/srv/detail/get_time__traits.hpp
[4.175s] -- Up-to-date: /ros2_ws/install/rosapi_msgs/include/rosapi_msgs/rosapi_msgs/srv/detail/message_details__builder.hpp
[4.177s] -- Up-to-date: /ros2_ws/install/rosapi_msgs/include/rosapi_msgs/rosapi_msgs/srv/detail/services_for_type__type_support.hpp
[4.178s] -- Up-to-date: /ros2_ws/install/rosapi_msgs/include/rosapi_msgs/rosapi_msgs/srv/detail/topics_for_type__type_support.hpp
[4.179s] -- Up-to-date: /ros2_ws/install/rosapi_msgs/include/rosapi_msgs/rosapi_msgs/srv/detail/topics_for_type__struct.hpp
[4.185s] -- Up-to-date: /ros2_ws/install/rosapi_msgs/include/rosapi_msgs/rosapi_msgs/srv/detail/get_param__traits.hpp
[4.186s] -- Up-to-date: /ros2_ws/install/rosapi_msgs/include/rosapi_msgs/rosapi_msgs/srv/detail/services__struct.hpp
[4.187s] -- Up-to-date: /ros2_ws/install/rosapi_msgs/include/rosapi_msgs/rosapi_msgs/srv/detail/service_request_details__type_support.hpp
[4.189s] -- Up-to-date: /ros2_ws/install/rosapi_msgs/include/rosapi_msgs/rosapi_msgs/srv/detail/subscribers__builder.hpp
[4.190s] -- Up-to-date: /ros2_ws/install/rosapi_msgs/include/rosapi_msgs/rosapi_msgs/srv/detail/get_param_names__traits.hpp
[4.191s] -- Up-to-date: /ros2_ws/install/rosapi_msgs/include/rosapi_msgs/rosapi_msgs/srv/detail/service_type__type_support.hpp
[4.191s] -- Up-to-date: /ros2_ws/install/rosapi_msgs/include/rosapi_msgs/rosapi_msgs/srv/detail/publishers__traits.hpp
[4.192s] -- Up-to-date: /ros2_ws/install/rosapi_msgs/include/rosapi_msgs/rosapi_msgs/srv/detail/topic_type__traits.hpp
[4.193s] -- Up-to-date: /ros2_ws/install/rosapi_msgs/include/rosapi_msgs/rosapi_msgs/srv/detail/topics_for_type__traits.hpp
[4.193s] -- Up-to-date: /ros2_ws/install/rosapi_msgs/include/rosapi_msgs/rosapi_msgs/srv/detail/node_details__type_support.hpp
[4.194s] -- Up-to-date: /ros2_ws/install/rosapi_msgs/include/rosapi_msgs/rosapi_msgs/srv/detail/get_param_names__builder.hpp
[4.195s] -- Up-to-date: /ros2_ws/install/rosapi_msgs/include/rosapi_msgs/rosapi_msgs/srv/detail/services_for_type__builder.hpp
[4.195s] -- Up-to-date: /ros2_ws/install/rosapi_msgs/include/rosapi_msgs/rosapi_msgs/srv/detail/service_request_details__struct.hpp
[4.196s] -- Up-to-date: /ros2_ws/install/rosapi_msgs/include/rosapi_msgs/rosapi_msgs/srv/detail/service_request_details__traits.hpp
[4.201s] -- Up-to-date: /ros2_ws/install/rosapi_msgs/include/rosapi_msgs/rosapi_msgs/srv/detail/topic_type__type_support.hpp
[4.201s] -- Up-to-date: /ros2_ws/install/rosapi_msgs/include/rosapi_msgs/rosapi_msgs/srv/detail/services__type_support.hpp
[4.202s] -- Up-to-date: /ros2_ws/install/rosapi_msgs/include/rosapi_msgs/rosapi_msgs/srv/detail/publishers__struct.hpp
[4.204s] -- Up-to-date: /ros2_ws/install/rosapi_msgs/include/rosapi_msgs/rosapi_msgs/srv/detail/service_node__type_support.hpp
[4.207s] -- Up-to-date: /ros2_ws/install/rosapi_msgs/include/rosapi_msgs/rosapi_msgs/srv/detail/topic_type__struct.hpp
[4.208s] -- Up-to-date: /ros2_ws/install/rosapi_msgs/include/rosapi_msgs/rosapi_msgs/srv/detail/service_response_details__type_support.hpp
[4.209s] -- Up-to-date: /ros2_ws/install/rosapi_msgs/include/rosapi_msgs/rosapi_msgs/srv/detail/subscribers__type_support.hpp
[4.210s] -- Up-to-date: /ros2_ws/install/rosapi_msgs/include/rosapi_msgs/rosapi_msgs/srv/detail/get_time__struct.hpp
[4.211s] -- Up-to-date: /ros2_ws/install/rosapi_msgs/include/rosapi_msgs/rosapi_msgs/srv/detail/topics__traits.hpp
[4.212s] -- Up-to-date: /ros2_ws/install/rosapi_msgs/include/rosapi_msgs/rosapi_msgs/srv/detail/service_providers__builder.hpp
[4.212s] -- Up-to-date: /ros2_ws/install/rosapi_msgs/include/rosapi_msgs/rosapi_msgs/srv/detail/service_response_details__builder.hpp
[4.213s] -- Up-to-date: /ros2_ws/install/rosapi_msgs/include/rosapi_msgs/rosapi_msgs/srv/detail/subscribers__traits.hpp
[4.214s] -- Up-to-date: /ros2_ws/install/rosapi_msgs/include/rosapi_msgs/rosapi_msgs/srv/detail/service_providers__traits.hpp
[4.220s] -- Up-to-date: /ros2_ws/install/rosapi_msgs/include/rosapi_msgs/rosapi_msgs/srv/detail/services__traits.hpp
[4.221s] -- Up-to-date: /ros2_ws/install/rosapi_msgs/include/rosapi_msgs/rosapi_msgs/srv/detail/topics__type_support.hpp
[4.221s] -- Up-to-date: /ros2_ws/install/rosapi_msgs/include/rosapi_msgs/rosapi_msgs/srv/detail/set_param__struct.hpp
[4.222s] -- Up-to-date: /ros2_ws/install/rosapi_msgs/include/rosapi_msgs/rosapi_msgs/srv/detail/message_details__type_support.hpp
[4.229s] -- Up-to-date: /ros2_ws/install/rosapi_msgs/include/rosapi_msgs/rosapi_msgs/srv/detail/delete_param__traits.hpp
[4.230s] -- Up-to-date: /ros2_ws/install/rosapi_msgs/include/rosapi_msgs/rosapi_msgs/srv/detail/get_ros_version__type_support.hpp
[4.230s] -- Up-to-date: /ros2_ws/install/rosapi_msgs/include/rosapi_msgs/rosapi_msgs/srv/detail/get_param__type_support.hpp
[4.231s] -- Up-to-date: /ros2_ws/install/rosapi_msgs/include/rosapi_msgs/rosapi_msgs/srv/detail/get_time__type_support.hpp
[4.232s] -- Up-to-date: /ros2_ws/install/rosapi_msgs/include/rosapi_msgs/rosapi_msgs/srv/detail/nodes__type_support.hpp
[4.233s] -- Up-to-date: /ros2_ws/install/rosapi_msgs/include/rosapi_msgs/rosapi_msgs/srv/detail/nodes__traits.hpp
[4.233s] -- Up-to-date: /ros2_ws/install/rosapi_msgs/include/rosapi_msgs/rosapi_msgs/srv/detail/nodes__struct.hpp
[4.237s] -- Up-to-date: /ros2_ws/install/rosapi_msgs/include/rosapi_msgs/rosapi_msgs/srv/detail/node_details__struct.hpp
[4.238s] -- Up-to-date: /ros2_ws/install/rosapi_msgs/include/rosapi_msgs/rosapi_msgs/srv/detail/topics__builder.hpp
[4.238s] -- Up-to-date: /ros2_ws/install/rosapi_msgs/include/rosapi_msgs/rosapi_msgs/srv/detail/get_ros_version__builder.hpp
[4.241s] -- Up-to-date: /ros2_ws/install/rosapi_msgs/include/rosapi_msgs/rosapi_msgs/srv/detail/delete_param__builder.hpp
[4.244s] -- Up-to-date: /ros2_ws/install/rosapi_msgs/include/rosapi_msgs/rosapi_msgs/srv/detail/delete_param__struct.hpp
[4.248s] -- Up-to-date: /ros2_ws/install/rosapi_msgs/include/rosapi_msgs/rosapi_msgs/srv/detail/topics_and_raw_types__builder.hpp
[4.250s] -- Up-to-date: /ros2_ws/install/rosapi_msgs/include/rosapi_msgs/rosapi_msgs/srv/detail/topics_and_raw_types__type_support.hpp
[4.255s] -- Up-to-date: /ros2_ws/install/rosapi_msgs/include/rosapi_msgs/rosapi_msgs/srv/detail/service_node__traits.hpp
[4.256s] -- Up-to-date: /ros2_ws/install/rosapi_msgs/include/rosapi_msgs/rosapi_msgs/srv/detail/topics_and_raw_types__struct.hpp
[4.257s] -- Up-to-date: /ros2_ws/install/rosapi_msgs/include/rosapi_msgs/rosapi_msgs/srv/detail/message_details__traits.hpp
[4.259s] -- Up-to-date: /ros2_ws/install/rosapi_msgs/include/rosapi_msgs/rosapi_msgs/srv/detail/set_param__traits.hpp
[4.260s] -- Up-to-date: /ros2_ws/install/rosapi_msgs/include/rosapi_msgs/rosapi_msgs/srv/detail/set_param__builder.hpp
[4.262s] -- Up-to-date: /ros2_ws/install/rosapi_msgs/include/rosapi_msgs/rosapi_msgs/srv/detail/topics_for_type__builder.hpp
[4.262s] -- Up-to-date: /ros2_ws/install/rosapi_msgs/include/rosapi_msgs/rosapi_msgs/srv/detail/service_node__builder.hpp
[4.263s] -- Up-to-date: /ros2_ws/install/rosapi_msgs/include/rosapi_msgs/rosapi_msgs/srv/detail/has_param__traits.hpp
[4.270s] -- Up-to-date: /ros2_ws/install/rosapi_msgs/include/rosapi_msgs/rosapi_msgs/srv/detail/get_action_servers__type_support.hpp
[4.271s] -- Up-to-date: /ros2_ws/install/rosapi_msgs/include/rosapi_msgs/rosapi_msgs/srv/detail/delete_param__type_support.hpp
[4.272s] -- Up-to-date: /ros2_ws/install/rosapi_msgs/include/rosapi_msgs/rosapi_msgs/srv/detail/get_param_names__type_support.hpp
[4.276s] -- Up-to-date: /ros2_ws/install/rosapi_msgs/include/rosapi_msgs/rosapi_msgs/srv/detail/service_node__struct.hpp
[4.276s] -- Up-to-date: /ros2_ws/install/rosapi_msgs/include/rosapi_msgs/rosapi_msgs/srv/detail/get_action_servers__builder.hpp
[4.277s] -- Up-to-date: /ros2_ws/install/rosapi_msgs/include/rosapi_msgs/rosapi_msgs/srv/detail/has_param__struct.hpp
[4.278s] -- Up-to-date: /ros2_ws/install/rosapi_msgs/include/rosapi_msgs/rosapi_msgs/srv/detail/services__builder.hpp
[4.279s] -- Up-to-date: /ros2_ws/install/rosapi_msgs/include/rosapi_msgs/rosapi_msgs/srv/detail/node_details__traits.hpp
[4.280s] -- Up-to-date: /ros2_ws/install/rosapi_msgs/include/rosapi_msgs/rosapi_msgs/srv/detail/publishers__type_support.hpp
[4.280s] -- Up-to-date: /ros2_ws/install/rosapi_msgs/include/rosapi_msgs/rosapi_msgs/srv/detail/service_response_details__traits.hpp
[4.282s] -- Up-to-date: /ros2_ws/install/rosapi_msgs/include/rosapi_msgs/rosapi_msgs/srv/detail/has_param__builder.hpp
[4.283s] -- Up-to-date: /ros2_ws/install/rosapi_msgs/include/rosapi_msgs/rosapi_msgs/srv/detail/service_type__builder.hpp
[4.284s] -- Up-to-date: /ros2_ws/install/rosapi_msgs/include/rosapi_msgs/rosapi_msgs/srv/detail/services_for_type__struct.hpp
[4.286s] -- Up-to-date: /ros2_ws/install/rosapi_msgs/include/rosapi_msgs/rosapi_msgs/srv/detail/get_action_servers__traits.hpp
[4.287s] -- Up-to-date: /ros2_ws/install/rosapi_msgs/include/rosapi_msgs/rosapi_msgs/srv/detail/get_ros_version__struct.hpp
[4.288s] -- Up-to-date: /ros2_ws/install/rosapi_msgs/include/rosapi_msgs/rosapi_msgs/srv/detail/topic_type__builder.hpp
[4.288s] -- Up-to-date: /ros2_ws/install/rosapi_msgs/include/rosapi_msgs/rosapi_msgs/srv/detail/topics_and_raw_types__traits.hpp
[4.291s] -- Up-to-date: /ros2_ws/install/rosapi_msgs/include/rosapi_msgs/rosapi_msgs/srv/detail/service_request_details__builder.hpp
[4.292s] -- Up-to-date: /ros2_ws/install/rosapi_msgs/include/rosapi_msgs/rosapi_msgs/srv/topics.hpp
[4.293s] -- Up-to-date: /ros2_ws/install/rosapi_msgs/include/rosapi_msgs/rosapi_msgs/srv/nodes.hpp
[4.293s] -- Up-to-date: /ros2_ws/install/rosapi_msgs/include/rosapi_msgs/rosapi_msgs/srv/service_providers.hpp
[4.294s] -- Up-to-date: /ros2_ws/install/rosapi_msgs/include/rosapi_msgs/rosapi_msgs/srv/service_node.hpp
[4.295s] -- Up-to-date: /ros2_ws/install/rosapi_msgs/include/rosapi_msgs/rosapi_msgs/msg
[4.296s] -- Up-to-date: /ros2_ws/install/rosapi_msgs/include/rosapi_msgs/rosapi_msgs/msg/rosidl_generator_cpp__visibility_control.hpp
[4.297s] -- Up-to-date: /ros2_ws/install/rosapi_msgs/include/rosapi_msgs/rosapi_msgs/msg/type_def.hpp
[4.297s] -- Up-to-date: /ros2_ws/install/rosapi_msgs/include/rosapi_msgs/rosapi_msgs/msg/detail
[4.299s] -- Up-to-date: /ros2_ws/install/rosapi_msgs/include/rosapi_msgs/rosapi_msgs/msg/detail/type_def__builder.hpp
[4.299s] -- Up-to-date: /ros2_ws/install/rosapi_msgs/include/rosapi_msgs/rosapi_msgs/msg/detail/type_def__struct.hpp
[4.300s] -- Up-to-date: /ros2_ws/install/rosapi_msgs/include/rosapi_msgs/rosapi_msgs/msg/detail/type_def__traits.hpp
[4.301s] -- Up-to-date: /ros2_ws/install/rosapi_msgs/include/rosapi_msgs/rosapi_msgs/msg/detail/type_def__type_support.hpp
[4.302s] -- Up-to-date: /ros2_ws/install/rosapi_msgs/include/rosapi_msgs/rosapi_msgs
[4.316s] -- Up-to-date: /ros2_ws/install/rosapi_msgs/include/rosapi_msgs/rosapi_msgs/srv
[4.317s] -- Up-to-date: /ros2_ws/install/rosapi_msgs/include/rosapi_msgs/rosapi_msgs/srv/detail
[4.319s] -- Up-to-date: /ros2_ws/install/rosapi_msgs/include/rosapi_msgs/rosapi_msgs/srv/detail/nodes__rosidl_typesupport_fastrtps_cpp.hpp
[4.321s] -- Up-to-date: /ros2_ws/install/rosapi_msgs/include/rosapi_msgs/rosapi_msgs/srv/detail/topic_type__rosidl_typesupport_fastrtps_cpp.hpp
[4.322s] -- Up-to-date: /ros2_ws/install/rosapi_msgs/include/rosapi_msgs/rosapi_msgs/srv/detail/service_providers__rosidl_typesupport_fastrtps_cpp.hpp
[4.323s] -- Up-to-date: /ros2_ws/install/rosapi_msgs/include/rosapi_msgs/rosapi_msgs/srv/detail/get_time__rosidl_typesupport_fastrtps_cpp.hpp
[4.323s] -- Up-to-date: /ros2_ws/install/rosapi_msgs/include/rosapi_msgs/rosapi_msgs/srv/detail/node_details__rosidl_typesupport_fastrtps_cpp.hpp
[4.325s] -- Up-to-date: /ros2_ws/install/rosapi_msgs/include/rosapi_msgs/rosapi_msgs/srv/detail/subscribers__rosidl_typesupport_fastrtps_cpp.hpp
[4.325s] -- Up-to-date: /ros2_ws/install/rosapi_msgs/include/rosapi_msgs/rosapi_msgs/srv/detail/services_for_type__rosidl_typesupport_fastrtps_cpp.hpp
[4.336s] -- Up-to-date: /ros2_ws/install/rosapi_msgs/include/rosapi_msgs/rosapi_msgs/srv/detail/delete_param__rosidl_typesupport_fastrtps_cpp.hpp
[4.337s] -- Up-to-date: /ros2_ws/install/rosapi_msgs/include/rosapi_msgs/rosapi_msgs/srv/detail/service_response_details__rosidl_typesupport_fastrtps_cpp.hpp
[4.338s] -- Up-to-date: /ros2_ws/install/rosapi_msgs/include/rosapi_msgs/rosapi_msgs/srv/detail/get_param_names__rosidl_typesupport_fastrtps_cpp.hpp
[4.338s] -- Up-to-date: /ros2_ws/install/rosapi_msgs/include/rosapi_msgs/rosapi_msgs/srv/detail/publishers__rosidl_typesupport_fastrtps_cpp.hpp
[4.340s] -- Up-to-date: /ros2_ws/install/rosapi_msgs/include/rosapi_msgs/rosapi_msgs/srv/detail/get_param__rosidl_typesupport_fastrtps_cpp.hpp
[4.340s] -- Up-to-date: /ros2_ws/install/rosapi_msgs/include/rosapi_msgs/rosapi_msgs/srv/detail/has_param__rosidl_typesupport_fastrtps_cpp.hpp
[4.341s] -- Up-to-date: /ros2_ws/install/rosapi_msgs/include/rosapi_msgs/rosapi_msgs/srv/detail/topics_for_type__rosidl_typesupport_fastrtps_cpp.hpp
[4.342s] -- Up-to-date: /ros2_ws/install/rosapi_msgs/include/rosapi_msgs/rosapi_msgs/srv/detail/service_type__rosidl_typesupport_fastrtps_cpp.hpp
[4.343s] -- Up-to-date: /ros2_ws/install/rosapi_msgs/include/rosapi_msgs/rosapi_msgs/srv/detail/services__rosidl_typesupport_fastrtps_cpp.hpp
[4.343s] -- Up-to-date: /ros2_ws/install/rosapi_msgs/include/rosapi_msgs/rosapi_msgs/srv/detail/topics_and_raw_types__rosidl_typesupport_fastrtps_cpp.hpp
[4.344s] -- Up-to-date: /ros2_ws/install/rosapi_msgs/include/rosapi_msgs/rosapi_msgs/srv/detail/service_request_details__rosidl_typesupport_fastrtps_cpp.hpp
[4.344s] -- Up-to-date: /ros2_ws/install/rosapi_msgs/include/rosapi_msgs/rosapi_msgs/srv/detail/set_param__rosidl_typesupport_fastrtps_cpp.hpp
[4.345s] -- Up-to-date: /ros2_ws/install/rosapi_msgs/include/rosapi_msgs/rosapi_msgs/srv/detail/service_node__rosidl_typesupport_fastrtps_cpp.hpp
[4.345s] -- Up-to-date: /ros2_ws/install/rosapi_msgs/include/rosapi_msgs/rosapi_msgs/srv/detail/topics__rosidl_typesupport_fastrtps_cpp.hpp
[4.345s] -- Up-to-date: /ros2_ws/install/rosapi_msgs/include/rosapi_msgs/rosapi_msgs/srv/detail/get_action_servers__rosidl_typesupport_fastrtps_cpp.hpp
[4.346s] -- Up-to-date: /ros2_ws/install/rosapi_msgs/include/rosapi_msgs/rosapi_msgs/srv/detail/get_ros_version__rosidl_typesupport_fastrtps_cpp.hpp
[4.349s] -- Up-to-date: /ros2_ws/install/rosapi_msgs/include/rosapi_msgs/rosapi_msgs/srv/detail/message_details__rosidl_typesupport_fastrtps_cpp.hpp
[4.350s] -- Up-to-date: /ros2_ws/install/rosapi_msgs/include/rosapi_msgs/rosapi_msgs/srv/detail/dds_fastrtps
[4.351s] -- Up-to-date: /ros2_ws/install/rosapi_msgs/include/rosapi_msgs/rosapi_msgs/msg
[4.352s] -- Up-to-date: /ros2_ws/install/rosapi_msgs/include/rosapi_msgs/rosapi_msgs/msg/rosidl_typesupport_fastrtps_cpp__visibility_control.h
[4.352s] -- Up-to-date: /ros2_ws/install/rosapi_msgs/include/rosapi_msgs/rosapi_msgs/msg/detail
[4.352s] -- Up-to-date: /ros2_ws/install/rosapi_msgs/include/rosapi_msgs/rosapi_msgs/msg/detail/type_def__rosidl_typesupport_fastrtps_cpp.hpp
[4.353s] -- Up-to-date: /ros2_ws/install/rosapi_msgs/include/rosapi_msgs/rosapi_msgs/msg/detail/dds_fastrtps
[4.357s] -- Up-to-date: /ros2_ws/install/rosapi_msgs/lib/librosapi_msgs__rosidl_typesupport_fastrtps_cpp.so
[4.360s] -- Up-to-date: /ros2_ws/install/rosapi_msgs/include/rosapi_msgs/rosapi_msgs
[4.360s] -- Up-to-date: /ros2_ws/install/rosapi_msgs/include/rosapi_msgs/rosapi_msgs/srv
[4.361s] -- Up-to-date: /ros2_ws/install/rosapi_msgs/include/rosapi_msgs/rosapi_msgs/srv/detail
[4.361s] -- Up-to-date: /ros2_ws/install/rosapi_msgs/include/rosapi_msgs/rosapi_msgs/srv/detail/topic_type__rosidl_typesupport_introspection_c.h
[4.362s] -- Up-to-date: /ros2_ws/install/rosapi_msgs/include/rosapi_msgs/rosapi_msgs/srv/detail/nodes__type_support.c
[4.362s] -- Up-to-date: /ros2_ws/install/rosapi_msgs/include/rosapi_msgs/rosapi_msgs/srv/detail/get_action_servers__rosidl_typesupport_introspection_c.h
[4.363s] -- Up-to-date: /ros2_ws/install/rosapi_msgs/include/rosapi_msgs/rosapi_msgs/srv/detail/topic_type__type_support.c
[4.364s] -- Up-to-date: /ros2_ws/install/rosapi_msgs/include/rosapi_msgs/rosapi_msgs/srv/detail/delete_param__type_support.c
[4.369s] -- Up-to-date: /ros2_ws/install/rosapi_msgs/include/rosapi_msgs/rosapi_msgs/srv/detail/service_providers__rosidl_typesupport_introspection_c.h
[4.370s] -- Up-to-date: /ros2_ws/install/rosapi_msgs/include/rosapi_msgs/rosapi_msgs/srv/detail/subscribers__rosidl_typesupport_introspection_c.h
[4.380s] -- Up-to-date: /ros2_ws/install/rosapi_msgs/include/rosapi_msgs/rosapi_msgs/srv/detail/get_param_names__rosidl_typesupport_introspection_c.h
[4.381s] -- Up-to-date: /ros2_ws/install/rosapi_msgs/include/rosapi_msgs/rosapi_msgs/srv/detail/get_ros_version__type_support.c
[4.382s] -- Up-to-date: /ros2_ws/install/rosapi_msgs/include/rosapi_msgs/rosapi_msgs/srv/detail/service_request_details__rosidl_typesupport_introspection_c.h
[4.384s] -- Up-to-date: /ros2_ws/install/rosapi_msgs/include/rosapi_msgs/rosapi_msgs/srv/detail/service_providers__type_support.c
[4.384s] -- Up-to-date: /ros2_ws/install/rosapi_msgs/include/rosapi_msgs/rosapi_msgs/srv/detail/service_type__rosidl_typesupport_introspection_c.h
[4.385s] -- Up-to-date: /ros2_ws/install/rosapi_msgs/include/rosapi_msgs/rosapi_msgs/srv/detail/topics_for_type__type_support.c
[4.387s] -- Up-to-date: /ros2_ws/install/rosapi_msgs/include/rosapi_msgs/rosapi_msgs/srv/detail/get_param_names__type_support.c
[4.388s] -- Up-to-date: /ros2_ws/install/rosapi_msgs/include/rosapi_msgs/rosapi_msgs/srv/detail/service_node__rosidl_typesupport_introspection_c.h
[4.397s] -- Up-to-date: /ros2_ws/install/rosapi_msgs/include/rosapi_msgs/rosapi_msgs/srv/detail/message_details__rosidl_typesupport_introspection_c.h
[4.399s] -- Up-to-date: /ros2_ws/install/rosapi_msgs/include/rosapi_msgs/rosapi_msgs/srv/detail/has_param__rosidl_typesupport_introspection_c.h
[4.400s] -- Up-to-date: /ros2_ws/install/rosapi_msgs/include/rosapi_msgs/rosapi_msgs/srv/detail/service_node__type_support.c
[4.407s] -- Up-to-date: /ros2_ws/install/rosapi_msgs/include/rosapi_msgs/rosapi_msgs/srv/detail/set_param__type_support.c
[4.408s] -- Up-to-date: /ros2_ws/install/rosapi_msgs/include/rosapi_msgs/rosapi_msgs/srv/detail/delete_param__rosidl_typesupport_introspection_c.h
[4.409s] -- Up-to-date: /ros2_ws/install/rosapi_msgs/include/rosapi_msgs/rosapi_msgs/srv/detail/node_details__rosidl_typesupport_introspection_c.h
[4.411s] -- Up-to-date: /ros2_ws/install/rosapi_msgs/include/rosapi_msgs/rosapi_msgs/srv/detail/node_details__type_support.c
[4.411s] -- Up-to-date: /ros2_ws/install/rosapi_msgs/include/rosapi_msgs/rosapi_msgs/srv/detail/service_type__type_support.c
[4.414s] -- Up-to-date: /ros2_ws/install/rosapi_msgs/include/rosapi_msgs/rosapi_msgs/srv/detail/service_response_details__rosidl_typesupport_introspection_c.h
[4.416s] -- Up-to-date: /ros2_ws/install/rosapi_msgs/include/rosapi_msgs/rosapi_msgs/srv/detail/topics_and_raw_types__rosidl_typesupport_introspection_c.h
[4.417s] -- Up-to-date: /ros2_ws/install/rosapi_msgs/include/rosapi_msgs/rosapi_msgs/srv/detail/topics__rosidl_typesupport_introspection_c.h
[4.418s] -- Up-to-date: /ros2_ws/install/rosapi_msgs/include/rosapi_msgs/rosapi_msgs/srv/detail/publishers__rosidl_typesupport_introspection_c.h
[4.418s] -- Up-to-date: /ros2_ws/install/rosapi_msgs/include/rosapi_msgs/rosapi_msgs/srv/detail/get_ros_version__rosidl_typesupport_introspection_c.h
[4.427s] -- Up-to-date: /ros2_ws/install/rosapi_msgs/include/rosapi_msgs/rosapi_msgs/srv/detail/get_time__type_support.c
[4.428s] -- Up-to-date: /ros2_ws/install/rosapi_msgs/include/rosapi_msgs/rosapi_msgs/srv/detail/service_response_details__type_support.c
[4.429s] -- Up-to-date: /ros2_ws/install/rosapi_msgs/include/rosapi_msgs/rosapi_msgs/srv/detail/services__type_support.c
[4.431s] -- Up-to-date: /ros2_ws/install/rosapi_msgs/include/rosapi_msgs/rosapi_msgs/srv/detail/subscribers__type_support.c
[4.433s] -- Up-to-date: /ros2_ws/install/rosapi_msgs/include/rosapi_msgs/rosapi_msgs/srv/detail/message_details__type_support.c
[4.433s] -- Up-to-date: /ros2_ws/install/rosapi_msgs/include/rosapi_msgs/rosapi_msgs/srv/detail/topics__type_support.c
[4.434s] -- Up-to-date: /ros2_ws/install/rosapi_msgs/include/rosapi_msgs/rosapi_msgs/srv/detail/services_for_type__type_support.c
[4.435s] -- Up-to-date: /ros2_ws/install/rosapi_msgs/include/rosapi_msgs/rosapi_msgs/srv/detail/get_time__rosidl_typesupport_introspection_c.h
[4.436s] -- Up-to-date: /ros2_ws/install/rosapi_msgs/include/rosapi_msgs/rosapi_msgs/srv/detail/service_request_details__type_support.c
[4.436s] -- Up-to-date: /ros2_ws/install/rosapi_msgs/include/rosapi_msgs/rosapi_msgs/srv/detail/has_param__type_support.c
[4.437s] -- Up-to-date: /ros2_ws/install/rosapi_msgs/include/rosapi_msgs/rosapi_msgs/srv/detail/nodes__rosidl_typesupport_introspection_c.h
[4.437s] -- Up-to-date: /ros2_ws/install/rosapi_msgs/include/rosapi_msgs/rosapi_msgs/srv/detail/get_action_servers__type_support.c
[4.438s] -- Up-to-date: /ros2_ws/install/rosapi_msgs/include/rosapi_msgs/rosapi_msgs/srv/detail/get_param__rosidl_typesupport_introspection_c.h
[4.439s] -- Up-to-date: /ros2_ws/install/rosapi_msgs/include/rosapi_msgs/rosapi_msgs/srv/detail/publishers__type_support.c
[4.442s] -- Up-to-date: /ros2_ws/install/rosapi_msgs/include/rosapi_msgs/rosapi_msgs/srv/detail/set_param__rosidl_typesupport_introspection_c.h
[4.444s] -- Up-to-date: /ros2_ws/install/rosapi_msgs/include/rosapi_msgs/rosapi_msgs/srv/detail/services_for_type__rosidl_typesupport_introspection_c.h
[4.444s] -- Up-to-date: /ros2_ws/install/rosapi_msgs/include/rosapi_msgs/rosapi_msgs/srv/detail/services__rosidl_typesupport_introspection_c.h
[4.445s] -- Up-to-date: /ros2_ws/install/rosapi_msgs/include/rosapi_msgs/rosapi_msgs/srv/detail/topics_and_raw_types__type_support.c
[4.445s] -- Up-to-date: /ros2_ws/install/rosapi_msgs/include/rosapi_msgs/rosapi_msgs/srv/detail/topics_for_type__rosidl_typesupport_introspection_c.h
[4.445s] -- Up-to-date: /ros2_ws/install/rosapi_msgs/include/rosapi_msgs/rosapi_msgs/srv/detail/get_param__type_support.c
[4.446s] -- Up-to-date: /ros2_ws/install/rosapi_msgs/include/rosapi_msgs/rosapi_msgs/msg
[4.447s] -- Up-to-date: /ros2_ws/install/rosapi_msgs/include/rosapi_msgs/rosapi_msgs/msg/detail
[4.449s] -- Up-to-date: /ros2_ws/install/rosapi_msgs/include/rosapi_msgs/rosapi_msgs/msg/detail/type_def__rosidl_typesupport_introspection_c.h
[4.450s] -- Up-to-date: /ros2_ws/install/rosapi_msgs/include/rosapi_msgs/rosapi_msgs/msg/detail/type_def__type_support.c
[4.452s] -- Up-to-date: /ros2_ws/install/rosapi_msgs/include/rosapi_msgs/rosapi_msgs/msg/rosidl_typesupport_introspection_c__visibility_control.h
[4.463s] -- Up-to-date: /ros2_ws/install/rosapi_msgs/lib/librosapi_msgs__rosidl_typesupport_introspection_c.so
[4.478s] -- Up-to-date: /ros2_ws/install/rosapi_msgs/lib/librosapi_msgs__rosidl_typesupport_c.so
[4.478s] -- Up-to-date: /ros2_ws/install/rosapi_msgs/include/rosapi_msgs/rosapi_msgs
[4.479s] -- Up-to-date: /ros2_ws/install/rosapi_msgs/include/rosapi_msgs/rosapi_msgs/srv
[4.479s] -- Up-to-date: /ros2_ws/install/rosapi_msgs/include/rosapi_msgs/rosapi_msgs/srv/detail
[4.480s] -- Up-to-date: /ros2_ws/install/rosapi_msgs/include/rosapi_msgs/rosapi_msgs/srv/detail/get_param_names__type_support.cpp
[4.480s] -- Up-to-date: /ros2_ws/install/rosapi_msgs/include/rosapi_msgs/rosapi_msgs/srv/detail/topics_and_raw_types__rosidl_typesupport_introspection_cpp.hpp
[4.483s] -- Up-to-date: /ros2_ws/install/rosapi_msgs/include/rosapi_msgs/rosapi_msgs/srv/detail/topics_for_type__type_support.cpp
[4.483s] -- Up-to-date: /ros2_ws/install/rosapi_msgs/include/rosapi_msgs/rosapi_msgs/srv/detail/service_node__type_support.cpp
[4.484s] -- Up-to-date: /ros2_ws/install/rosapi_msgs/include/rosapi_msgs/rosapi_msgs/srv/detail/topics__rosidl_typesupport_introspection_cpp.hpp
[4.492s] -- Up-to-date: /ros2_ws/install/rosapi_msgs/include/rosapi_msgs/rosapi_msgs/srv/detail/get_time__rosidl_typesupport_introspection_cpp.hpp
[4.494s] -- Up-to-date: /ros2_ws/install/rosapi_msgs/include/rosapi_msgs/rosapi_msgs/srv/detail/publishers__type_support.cpp
[4.494s] -- Up-to-date: /ros2_ws/install/rosapi_msgs/include/rosapi_msgs/rosapi_msgs/srv/detail/node_details__type_support.cpp
[4.496s] -- Up-to-date: /ros2_ws/install/rosapi_msgs/include/rosapi_msgs/rosapi_msgs/srv/detail/topics_for_type__rosidl_typesupport_introspection_cpp.hpp
[4.497s] -- Up-to-date: /ros2_ws/install/rosapi_msgs/include/rosapi_msgs/rosapi_msgs/srv/detail/get_param__rosidl_typesupport_introspection_cpp.hpp
[4.497s] -- Up-to-date: /ros2_ws/install/rosapi_msgs/include/rosapi_msgs/rosapi_msgs/srv/detail/service_response_details__rosidl_typesupport_introspection_cpp.hpp
[4.498s] -- Up-to-date: /ros2_ws/install/rosapi_msgs/include/rosapi_msgs/rosapi_msgs/srv/detail/delete_param__type_support.cpp
[4.499s] -- Up-to-date: /ros2_ws/install/rosapi_msgs/include/rosapi_msgs/rosapi_msgs/srv/detail/get_action_servers__type_support.cpp
[4.501s] -- Up-to-date: /ros2_ws/install/rosapi_msgs/include/rosapi_msgs/rosapi_msgs/srv/detail/service_type__type_support.cpp
[4.501s] -- Up-to-date: /ros2_ws/install/rosapi_msgs/include/rosapi_msgs/rosapi_msgs/srv/detail/has_param__type_support.cpp
[4.503s] -- Up-to-date: /ros2_ws/install/rosapi_msgs/include/rosapi_msgs/rosapi_msgs/srv/detail/subscribers__type_support.cpp
[4.504s] -- Up-to-date: /ros2_ws/install/rosapi_msgs/include/rosapi_msgs/rosapi_msgs/srv/detail/nodes__type_support.cpp
[4.506s] -- Up-to-date: /ros2_ws/install/rosapi_msgs/include/rosapi_msgs/rosapi_msgs/srv/detail/subscribers__rosidl_typesupport_introspection_cpp.hpp
[4.507s] -- Up-to-date: /ros2_ws/install/rosapi_msgs/include/rosapi_msgs/rosapi_msgs/srv/detail/node_details__rosidl_typesupport_introspection_cpp.hpp
[4.514s] -- Up-to-date: /ros2_ws/install/rosapi_msgs/include/rosapi_msgs/rosapi_msgs/srv/detail/get_ros_version__rosidl_typesupport_introspection_cpp.hpp
[4.515s] -- Up-to-date: /ros2_ws/install/rosapi_msgs/include/rosapi_msgs/rosapi_msgs/srv/detail/service_type__rosidl_typesupport_introspection_cpp.hpp
[4.516s] -- Up-to-date: /ros2_ws/install/rosapi_msgs/include/rosapi_msgs/rosapi_msgs/srv/detail/get_action_servers__rosidl_typesupport_introspection_cpp.hpp
[4.517s] -- Up-to-date: /ros2_ws/install/rosapi_msgs/include/rosapi_msgs/rosapi_msgs/srv/detail/set_param__type_support.cpp
[4.528s] -- Up-to-date: /ros2_ws/install/rosapi_msgs/include/rosapi_msgs/rosapi_msgs/srv/detail/topic_type__rosidl_typesupport_introspection_cpp.hpp
[4.530s] -- Up-to-date: /ros2_ws/install/rosapi_msgs/include/rosapi_msgs/rosapi_msgs/srv/detail/services_for_type__rosidl_typesupport_introspection_cpp.hpp
[4.531s] -- Up-to-date: /ros2_ws/install/rosapi_msgs/include/rosapi_msgs/rosapi_msgs/srv/detail/service_response_details__type_support.cpp
[4.532s] -- Up-to-date: /ros2_ws/install/rosapi_msgs/include/rosapi_msgs/rosapi_msgs/srv/detail/message_details__rosidl_typesupport_introspection_cpp.hpp
[4.533s] -- Up-to-date: /ros2_ws/install/rosapi_msgs/include/rosapi_msgs/rosapi_msgs/srv/detail/get_param_names__rosidl_typesupport_introspection_cpp.hpp
[4.538s] -- Up-to-date: /ros2_ws/install/rosapi_msgs/include/rosapi_msgs/rosapi_msgs/srv/detail/get_param__type_support.cpp
[4.541s] -- Up-to-date: /ros2_ws/install/rosapi_msgs/include/rosapi_msgs/rosapi_msgs/srv/detail/service_node__rosidl_typesupport_introspection_cpp.hpp
[4.541s] -- Up-to-date: /ros2_ws/install/rosapi_msgs/include/rosapi_msgs/rosapi_msgs/srv/detail/services__type_support.cpp
[4.542s] -- Up-to-date: /ros2_ws/install/rosapi_msgs/include/rosapi_msgs/rosapi_msgs/srv/detail/service_request_details__type_support.cpp
[4.546s] -- Up-to-date: /ros2_ws/install/rosapi_msgs/include/rosapi_msgs/rosapi_msgs/srv/detail/services__rosidl_typesupport_introspection_cpp.hpp
[4.550s] -- Up-to-date: /ros2_ws/install/rosapi_msgs/include/rosapi_msgs/rosapi_msgs/srv/detail/delete_param__rosidl_typesupport_introspection_cpp.hpp
[4.551s] -- Up-to-date: /ros2_ws/install/rosapi_msgs/include/rosapi_msgs/rosapi_msgs/srv/detail/get_time__type_support.cpp
[4.552s] -- Up-to-date: /ros2_ws/install/rosapi_msgs/include/rosapi_msgs/rosapi_msgs/srv/detail/set_param__rosidl_typesupport_introspection_cpp.hpp
[4.552s] -- Up-to-date: /ros2_ws/install/rosapi_msgs/include/rosapi_msgs/rosapi_msgs/srv/detail/has_param__rosidl_typesupport_introspection_cpp.hpp
[4.553s] -- Up-to-date: /ros2_ws/install/rosapi_msgs/include/rosapi_msgs/rosapi_msgs/srv/detail/service_providers__type_support.cpp
[4.554s] -- Up-to-date: /ros2_ws/install/rosapi_msgs/include/rosapi_msgs/rosapi_msgs/srv/detail/topics__type_support.cpp
[4.554s] -- Up-to-date: /ros2_ws/install/rosapi_msgs/include/rosapi_msgs/rosapi_msgs/srv/detail/service_request_details__rosidl_typesupport_introspection_cpp.hpp
[4.555s] -- Up-to-date: /ros2_ws/install/rosapi_msgs/include/rosapi_msgs/rosapi_msgs/srv/detail/topic_type__type_support.cpp
[4.555s] -- Up-to-date: /ros2_ws/install/rosapi_msgs/include/rosapi_msgs/rosapi_msgs/srv/detail/services_for_type__type_support.cpp
[4.556s] -- Up-to-date: /ros2_ws/install/rosapi_msgs/include/rosapi_msgs/rosapi_msgs/srv/detail/nodes__rosidl_typesupport_introspection_cpp.hpp
[4.556s] -- Up-to-date: /ros2_ws/install/rosapi_msgs/include/rosapi_msgs/rosapi_msgs/srv/detail/get_ros_version__type_support.cpp
[4.557s] -- Up-to-date: /ros2_ws/install/rosapi_msgs/include/rosapi_msgs/rosapi_msgs/srv/detail/publishers__rosidl_typesupport_introspection_cpp.hpp
[4.557s] -- Up-to-date: /ros2_ws/install/rosapi_msgs/include/rosapi_msgs/rosapi_msgs/srv/detail/topics_and_raw_types__type_support.cpp
[4.558s] -- Up-to-date: /ros2_ws/install/rosapi_msgs/include/rosapi_msgs/rosapi_msgs/srv/detail/message_details__type_support.cpp
[4.562s] -- Up-to-date: /ros2_ws/install/rosapi_msgs/include/rosapi_msgs/rosapi_msgs/srv/detail/service_providers__rosidl_typesupport_introspection_cpp.hpp
[4.563s] -- Up-to-date: /ros2_ws/install/rosapi_msgs/include/rosapi_msgs/rosapi_msgs/msg
[4.563s] -- Up-to-date: /ros2_ws/install/rosapi_msgs/include/rosapi_msgs/rosapi_msgs/msg/detail
[4.565s] -- Up-to-date: /ros2_ws/install/rosapi_msgs/include/rosapi_msgs/rosapi_msgs/msg/detail/type_def__type_support.cpp
[4.569s] -- Up-to-date: /ros2_ws/install/rosapi_msgs/include/rosapi_msgs/rosapi_msgs/msg/detail/type_def__rosidl_typesupport_introspection_cpp.hpp
[4.571s] -- Up-to-date: /ros2_ws/install/rosapi_msgs/lib/librosapi_msgs__rosidl_typesupport_introspection_cpp.so
[4.585s] -- Up-to-date: /ros2_ws/install/rosapi_msgs/lib/librosapi_msgs__rosidl_typesupport_cpp.so
[4.585s] -- Up-to-date: /ros2_ws/install/rosapi_msgs/share/rosapi_msgs/environment/pythonpath.sh
[4.586s] -- Up-to-date: /ros2_ws/install/rosapi_msgs/share/rosapi_msgs/environment/pythonpath.dsv
[4.593s] -- Up-to-date: /ros2_ws/install/rosapi_msgs/local/lib/python3.10/dist-packages/rosapi_msgs-1.3.1-py3.10.egg-info
[4.596s] -- Installing: /ros2_ws/install/rosapi_msgs/local/lib/python3.10/dist-packages/rosapi_msgs-1.3.1-py3.10.egg-info/SOURCES.txt
[4.604s] -- Installing: /ros2_ws/install/rosapi_msgs/local/lib/python3.10/dist-packages/rosapi_msgs-1.3.1-py3.10.egg-info/dependency_links.txt
[4.604s] -- Installing: /ros2_ws/install/rosapi_msgs/local/lib/python3.10/dist-packages/rosapi_msgs-1.3.1-py3.10.egg-info/top_level.txt
[4.605s] -- Installing: /ros2_ws/install/rosapi_msgs/local/lib/python3.10/dist-packages/rosapi_msgs-1.3.1-py3.10.egg-info/PKG-INFO
[4.615s] -- Up-to-date: /ros2_ws/install/rosapi_msgs/local/lib/python3.10/dist-packages/rosapi_msgs
[4.617s] -- Up-to-date: /ros2_ws/install/rosapi_msgs/local/lib/python3.10/dist-packages/rosapi_msgs/_rosapi_msgs_s.ep.rosidl_typesupport_c.c
[4.617s] -- Up-to-date: /ros2_ws/install/rosapi_msgs/local/lib/python3.10/dist-packages/rosapi_msgs/rosapi_msgs_s__rosidl_typesupport_introspection_c.cpython-310-aarch64-linux-gnu.so
[4.618s] -- Up-to-date: /ros2_ws/install/rosapi_msgs/local/lib/python3.10/dist-packages/rosapi_msgs/srv
[4.619s] -- Up-to-date: /ros2_ws/install/rosapi_msgs/local/lib/python3.10/dist-packages/rosapi_msgs/srv/_service_type_s.c
[4.622s] -- Up-to-date: /ros2_ws/install/rosapi_msgs/local/lib/python3.10/dist-packages/rosapi_msgs/srv/_service_response_details_s.c
[4.624s] -- Up-to-date: /ros2_ws/install/rosapi_msgs/local/lib/python3.10/dist-packages/rosapi_msgs/srv/_services.py
[4.627s] -- Up-to-date: /ros2_ws/install/rosapi_msgs/local/lib/python3.10/dist-packages/rosapi_msgs/srv/_publishers_s.c
[4.627s] -- Up-to-date: /ros2_ws/install/rosapi_msgs/local/lib/python3.10/dist-packages/rosapi_msgs/srv/_service_providers_s.c
[4.628s] -- Up-to-date: /ros2_ws/install/rosapi_msgs/local/lib/python3.10/dist-packages/rosapi_msgs/srv/_node_details_s.c
[4.629s] -- Up-to-date: /ros2_ws/install/rosapi_msgs/local/lib/python3.10/dist-packages/rosapi_msgs/srv/_message_details.py
[4.631s] -- Up-to-date: /ros2_ws/install/rosapi_msgs/local/lib/python3.10/dist-packages/rosapi_msgs/srv/_set_param.py
[4.631s] -- Up-to-date: /ros2_ws/install/rosapi_msgs/local/lib/python3.10/dist-packages/rosapi_msgs/srv/_topics_for_type.py
[4.634s] -- Up-to-date: /ros2_ws/install/rosapi_msgs/local/lib/python3.10/dist-packages/rosapi_msgs/srv/__init__.py
[4.641s] -- Up-to-date: /ros2_ws/install/rosapi_msgs/local/lib/python3.10/dist-packages/rosapi_msgs/srv/_get_param_names.py
[4.642s] -- Up-to-date: /ros2_ws/install/rosapi_msgs/local/lib/python3.10/dist-packages/rosapi_msgs/srv/_topic_type_s.c
[4.642s] -- Up-to-date: /ros2_ws/install/rosapi_msgs/local/lib/python3.10/dist-packages/rosapi_msgs/srv/_services_for_type_s.c
[4.643s] -- Up-to-date: /ros2_ws/install/rosapi_msgs/local/lib/python3.10/dist-packages/rosapi_msgs/srv/_service_request_details_s.c
[4.644s] -- Up-to-date: /ros2_ws/install/rosapi_msgs/local/lib/python3.10/dist-packages/rosapi_msgs/srv/_publishers.py
[4.647s] -- Up-to-date: /ros2_ws/install/rosapi_msgs/local/lib/python3.10/dist-packages/rosapi_msgs/srv/_has_param_s.c
[4.648s] -- Up-to-date: /ros2_ws/install/rosapi_msgs/local/lib/python3.10/dist-packages/rosapi_msgs/srv/_get_ros_version.py
[4.648s] -- Up-to-date: /ros2_ws/install/rosapi_msgs/local/lib/python3.10/dist-packages/rosapi_msgs/srv/_topics_for_type_s.c
[4.649s] -- Up-to-date: /ros2_ws/install/rosapi_msgs/local/lib/python3.10/dist-packages/rosapi_msgs/srv/_has_param.py
[4.649s] -- Up-to-date: /ros2_ws/install/rosapi_msgs/local/lib/python3.10/dist-packages/rosapi_msgs/srv/_get_param_names_s.c
[4.650s] -- Up-to-date: /ros2_ws/install/rosapi_msgs/local/lib/python3.10/dist-packages/rosapi_msgs/srv/_service_node.py
[4.651s] -- Up-to-date: /ros2_ws/install/rosapi_msgs/local/lib/python3.10/dist-packages/rosapi_msgs/srv/_get_param_s.c
[4.652s] -- Up-to-date: /ros2_ws/install/rosapi_msgs/local/lib/python3.10/dist-packages/rosapi_msgs/srv/_topics_and_raw_types.py
[4.653s] -- Up-to-date: /ros2_ws/install/rosapi_msgs/local/lib/python3.10/dist-packages/rosapi_msgs/srv/_topics_and_raw_types_s.c
[4.653s] -- Up-to-date: /ros2_ws/install/rosapi_msgs/local/lib/python3.10/dist-packages/rosapi_msgs/srv/_service_type.py
[4.653s] -- Up-to-date: /ros2_ws/install/rosapi_msgs/local/lib/python3.10/dist-packages/rosapi_msgs/srv/_topics_s.c
[4.654s] -- Up-to-date: /ros2_ws/install/rosapi_msgs/local/lib/python3.10/dist-packages/rosapi_msgs/srv/_get_action_servers_s.c
[4.655s] -- Up-to-date: /ros2_ws/install/rosapi_msgs/local/lib/python3.10/dist-packages/rosapi_msgs/srv/_subscribers_s.c
[4.655s] -- Up-to-date: /ros2_ws/install/rosapi_msgs/local/lib/python3.10/dist-packages/rosapi_msgs/srv/_delete_param.py
[4.656s] -- Up-to-date: /ros2_ws/install/rosapi_msgs/local/lib/python3.10/dist-packages/rosapi_msgs/srv/_service_request_details.py
[4.656s] -- Up-to-date: /ros2_ws/install/rosapi_msgs/local/lib/python3.10/dist-packages/rosapi_msgs/srv/_set_param_s.c
[4.658s] -- Up-to-date: /ros2_ws/install/rosapi_msgs/local/lib/python3.10/dist-packages/rosapi_msgs/srv/_service_node_s.c
[4.658s] -- Up-to-date: /ros2_ws/install/rosapi_msgs/local/lib/python3.10/dist-packages/rosapi_msgs/srv/_message_details_s.c
[4.659s] -- Up-to-date: /ros2_ws/install/rosapi_msgs/local/lib/python3.10/dist-packages/rosapi_msgs/srv/_services_s.c
[4.662s] -- Up-to-date: /ros2_ws/install/rosapi_msgs/local/lib/python3.10/dist-packages/rosapi_msgs/srv/_node_details.py
[4.663s] -- Up-to-date: /ros2_ws/install/rosapi_msgs/local/lib/python3.10/dist-packages/rosapi_msgs/srv/_service_response_details.py
[4.663s] -- Up-to-date: /ros2_ws/install/rosapi_msgs/local/lib/python3.10/dist-packages/rosapi_msgs/srv/_get_ros_version_s.c
[4.663s] -- Up-to-date: /ros2_ws/install/rosapi_msgs/local/lib/python3.10/dist-packages/rosapi_msgs/srv/_get_time_s.c
[4.664s] -- Up-to-date: /ros2_ws/install/rosapi_msgs/local/lib/python3.10/dist-packages/rosapi_msgs/srv/_get_action_servers.py
[4.665s] -- Up-to-date: /ros2_ws/install/rosapi_msgs/local/lib/python3.10/dist-packages/rosapi_msgs/srv/_get_param.py
[4.666s] -- Up-to-date: /ros2_ws/install/rosapi_msgs/local/lib/python3.10/dist-packages/rosapi_msgs/srv/_nodes_s.c
[4.667s] -- Up-to-date: /ros2_ws/install/rosapi_msgs/local/lib/python3.10/dist-packages/rosapi_msgs/srv/_topic_type.py
[4.667s] -- Up-to-date: /ros2_ws/install/rosapi_msgs/local/lib/python3.10/dist-packages/rosapi_msgs/srv/_delete_param_s.c
[4.668s] -- Up-to-date: /ros2_ws/install/rosapi_msgs/local/lib/python3.10/dist-packages/rosapi_msgs/srv/_get_time.py
[4.671s] -- Up-to-date: /ros2_ws/install/rosapi_msgs/local/lib/python3.10/dist-packages/rosapi_msgs/srv/_subscribers.py
[4.671s] -- Up-to-date: /ros2_ws/install/rosapi_msgs/local/lib/python3.10/dist-packages/rosapi_msgs/srv/_service_providers.py
[4.672s] -- Up-to-date: /ros2_ws/install/rosapi_msgs/local/lib/python3.10/dist-packages/rosapi_msgs/srv/_topics.py
[4.672s] -- Up-to-date: /ros2_ws/install/rosapi_msgs/local/lib/python3.10/dist-packages/rosapi_msgs/srv/_services_for_type.py
[4.673s] -- Up-to-date: /ros2_ws/install/rosapi_msgs/local/lib/python3.10/dist-packages/rosapi_msgs/srv/_nodes.py
[4.673s] -- Up-to-date: /ros2_ws/install/rosapi_msgs/local/lib/python3.10/dist-packages/rosapi_msgs/__init__.py
[4.674s] -- Up-to-date: /ros2_ws/install/rosapi_msgs/local/lib/python3.10/dist-packages/rosapi_msgs/_rosapi_msgs_s.ep.rosidl_typesupport_introspection_c.c
[4.674s] -- Up-to-date: /ros2_ws/install/rosapi_msgs/local/lib/python3.10/dist-packages/rosapi_msgs/msg
[4.677s] -- Up-to-date: /ros2_ws/install/rosapi_msgs/local/lib/python3.10/dist-packages/rosapi_msgs/msg/_type_def_s.c
[4.677s] -- Up-to-date: /ros2_ws/install/rosapi_msgs/local/lib/python3.10/dist-packages/rosapi_msgs/msg/__init__.py
[4.678s] -- Up-to-date: /ros2_ws/install/rosapi_msgs/local/lib/python3.10/dist-packages/rosapi_msgs/msg/_type_def.py
[4.678s] -- Up-to-date: /ros2_ws/install/rosapi_msgs/local/lib/python3.10/dist-packages/rosapi_msgs/rosapi_msgs_s__rosidl_typesupport_fastrtps_c.cpython-310-aarch64-linux-gnu.so
[4.679s] -- Up-to-date: /ros2_ws/install/rosapi_msgs/local/lib/python3.10/dist-packages/rosapi_msgs/librosapi_msgs__rosidl_generator_py.so
[4.679s] -- Up-to-date: /ros2_ws/install/rosapi_msgs/local/lib/python3.10/dist-packages/rosapi_msgs/rosapi_msgs_s__rosidl_typesupport_c.cpython-310-aarch64-linux-gnu.so
[4.679s] -- Up-to-date: /ros2_ws/install/rosapi_msgs/local/lib/python3.10/dist-packages/rosapi_msgs/_rosapi_msgs_s.ep.rosidl_typesupport_fastrtps_c.c
[4.826s] Listing '/ros2_ws/install/rosapi_msgs/local/lib/python3.10/dist-packages/rosapi_msgs'...
[4.826s] Listing '/ros2_ws/install/rosapi_msgs/local/lib/python3.10/dist-packages/rosapi_msgs/msg'...
[4.827s] Listing '/ros2_ws/install/rosapi_msgs/local/lib/python3.10/dist-packages/rosapi_msgs/srv'...
[4.828s] -- Up-to-date: /ros2_ws/install/rosapi_msgs/local/lib/python3.10/dist-packages/rosapi_msgs/rosapi_msgs_s__rosidl_typesupport_fastrtps_c.cpython-310-aarch64-linux-gnu.so
[4.830s] -- Up-to-date: /ros2_ws/install/rosapi_msgs/local/lib/python3.10/dist-packages/rosapi_msgs/rosapi_msgs_s__rosidl_typesupport_introspection_c.cpython-310-aarch64-linux-gnu.so
[4.831s] -- Up-to-date: /ros2_ws/install/rosapi_msgs/local/lib/python3.10/dist-packages/rosapi_msgs/rosapi_msgs_s__rosidl_typesupport_c.cpython-310-aarch64-linux-gnu.so
[4.839s] -- Up-to-date: /ros2_ws/install/rosapi_msgs/lib/librosapi_msgs__rosidl_generator_py.so
[4.840s] -- Up-to-date: /ros2_ws/install/rosapi_msgs/share/ament_index/resource_index/rust_packages/rosapi_msgs
[4.842s] -- Up-to-date: /ros2_ws/install/rosapi_msgs/share/rosapi_msgs/rust
[4.843s] -- Up-to-date: /ros2_ws/install/rosapi_msgs/share/rosapi_msgs/rust/src
[4.844s] -- Up-to-date: /ros2_ws/install/rosapi_msgs/share/rosapi_msgs/rust/src/srv
[4.844s] -- Up-to-date: /ros2_ws/install/rosapi_msgs/share/rosapi_msgs/rust/src/srv/rmw.rs
[4.852s] -- Up-to-date: /ros2_ws/install/rosapi_msgs/share/rosapi_msgs/rust/src/srv.rs
[4.853s] -- Up-to-date: /ros2_ws/install/rosapi_msgs/share/rosapi_msgs/rust/src/msg
[4.854s] -- Up-to-date: /ros2_ws/install/rosapi_msgs/share/rosapi_msgs/rust/src/msg/rmw.rs
[4.857s] -- Up-to-date: /ros2_ws/install/rosapi_msgs/share/rosapi_msgs/rust/src/msg.rs
[4.862s] -- Up-to-date: /ros2_ws/install/rosapi_msgs/share/rosapi_msgs/rust/src/lib.rs
[4.863s] -- Up-to-date: /ros2_ws/install/rosapi_msgs/share/rosapi_msgs/rust/Cargo.toml
[4.864s] -- Up-to-date: /ros2_ws/install/rosapi_msgs/share/rosapi_msgs/rust/build.rs
[4.867s] -- Up-to-date: /ros2_ws/install/rosapi_msgs/share/rosapi_msgs/msg/TypeDef.idl
[4.867s] -- Up-to-date: /ros2_ws/install/rosapi_msgs/share/rosapi_msgs/srv/DeleteParam.idl
[4.868s] -- Up-to-date: /ros2_ws/install/rosapi_msgs/share/rosapi_msgs/srv/GetActionServers.idl
[4.872s] -- Up-to-date: /ros2_ws/install/rosapi_msgs/share/rosapi_msgs/srv/GetParam.idl
[4.878s] -- Up-to-date: /ros2_ws/install/rosapi_msgs/share/rosapi_msgs/srv/GetParamNames.idl
[4.884s] -- Up-to-date: /ros2_ws/install/rosapi_msgs/share/rosapi_msgs/srv/GetROSVersion.idl
[4.885s] -- Up-to-date: /ros2_ws/install/rosapi_msgs/share/rosapi_msgs/srv/GetTime.idl
[4.885s] -- Up-to-date: /ros2_ws/install/rosapi_msgs/share/rosapi_msgs/srv/HasParam.idl
[4.886s] -- Up-to-date: /ros2_ws/install/rosapi_msgs/share/rosapi_msgs/srv/MessageDetails.idl
[4.888s] -- Up-to-date: /ros2_ws/install/rosapi_msgs/share/rosapi_msgs/srv/Nodes.idl
[4.888s] -- Up-to-date: /ros2_ws/install/rosapi_msgs/share/rosapi_msgs/srv/NodeDetails.idl
[4.892s] -- Up-to-date: /ros2_ws/install/rosapi_msgs/share/rosapi_msgs/srv/Publishers.idl
[4.898s] -- Up-to-date: /ros2_ws/install/rosapi_msgs/share/rosapi_msgs/srv/ServiceNode.idl
[4.899s] -- Up-to-date: /ros2_ws/install/rosapi_msgs/share/rosapi_msgs/srv/ServiceProviders.idl
[4.900s] -- Up-to-date: /ros2_ws/install/rosapi_msgs/share/rosapi_msgs/srv/ServiceRequestDetails.idl
[4.900s] -- Up-to-date: /ros2_ws/install/rosapi_msgs/share/rosapi_msgs/srv/ServiceResponseDetails.idl
[4.901s] -- Up-to-date: /ros2_ws/install/rosapi_msgs/share/rosapi_msgs/srv/Services.idl
[4.902s] -- Up-to-date: /ros2_ws/install/rosapi_msgs/share/rosapi_msgs/srv/ServicesForType.idl
[4.904s] -- Up-to-date: /ros2_ws/install/rosapi_msgs/share/rosapi_msgs/srv/ServiceType.idl
[4.906s] -- Up-to-date: /ros2_ws/install/rosapi_msgs/share/rosapi_msgs/srv/SetParam.idl
[4.907s] -- Up-to-date: /ros2_ws/install/rosapi_msgs/share/rosapi_msgs/srv/Subscribers.idl
[4.907s] -- Up-to-date: /ros2_ws/install/rosapi_msgs/share/rosapi_msgs/srv/Topics.idl
[4.908s] -- Up-to-date: /ros2_ws/install/rosapi_msgs/share/rosapi_msgs/srv/TopicsAndRawTypes.idl
[4.908s] -- Up-to-date: /ros2_ws/install/rosapi_msgs/share/rosapi_msgs/srv/TopicsForType.idl
[4.908s] -- Up-to-date: /ros2_ws/install/rosapi_msgs/share/rosapi_msgs/srv/TopicType.idl
[4.909s] -- Up-to-date: /ros2_ws/install/rosapi_msgs/share/rosapi_msgs/msg/TypeDef.msg
[4.910s] -- Up-to-date: /ros2_ws/install/rosapi_msgs/share/rosapi_msgs/srv/DeleteParam.srv
[4.910s] -- Up-to-date: /ros2_ws/install/rosapi_msgs/share/rosapi_msgs/srv/DeleteParam_Request.msg
[4.911s] -- Up-to-date: /ros2_ws/install/rosapi_msgs/share/rosapi_msgs/srv/DeleteParam_Response.msg
[4.911s] -- Up-to-date: /ros2_ws/install/rosapi_msgs/share/rosapi_msgs/srv/GetActionServers.srv
[4.911s] -- Up-to-date: /ros2_ws/install/rosapi_msgs/share/rosapi_msgs/srv/GetActionServers_Request.msg
[4.912s] -- Up-to-date: /ros2_ws/install/rosapi_msgs/share/rosapi_msgs/srv/GetActionServers_Response.msg
[4.913s] -- Up-to-date: /ros2_ws/install/rosapi_msgs/share/rosapi_msgs/srv/GetParam.srv
[4.913s] -- Up-to-date: /ros2_ws/install/rosapi_msgs/share/rosapi_msgs/srv/GetParam_Request.msg
[4.914s] -- Up-to-date: /ros2_ws/install/rosapi_msgs/share/rosapi_msgs/srv/GetParam_Response.msg
[4.915s] -- Up-to-date: /ros2_ws/install/rosapi_msgs/share/rosapi_msgs/srv/GetParamNames.srv
[4.915s] -- Up-to-date: /ros2_ws/install/rosapi_msgs/share/rosapi_msgs/srv/GetParamNames_Request.msg
[4.915s] -- Up-to-date: /ros2_ws/install/rosapi_msgs/share/rosapi_msgs/srv/GetParamNames_Response.msg
[4.916s] -- Up-to-date: /ros2_ws/install/rosapi_msgs/share/rosapi_msgs/srv/GetROSVersion.srv
[4.917s] -- Up-to-date: /ros2_ws/install/rosapi_msgs/share/rosapi_msgs/srv/GetROSVersion_Request.msg
[4.918s] -- Up-to-date: /ros2_ws/install/rosapi_msgs/share/rosapi_msgs/srv/GetROSVersion_Response.msg
[4.918s] -- Up-to-date: /ros2_ws/install/rosapi_msgs/share/rosapi_msgs/srv/GetTime.srv
[4.918s] -- Up-to-date: /ros2_ws/install/rosapi_msgs/share/rosapi_msgs/srv/GetTime_Request.msg
[4.919s] -- Up-to-date: /ros2_ws/install/rosapi_msgs/share/rosapi_msgs/srv/GetTime_Response.msg
[4.920s] -- Up-to-date: /ros2_ws/install/rosapi_msgs/share/rosapi_msgs/srv/HasParam.srv
[4.920s] -- Up-to-date: /ros2_ws/install/rosapi_msgs/share/rosapi_msgs/srv/HasParam_Request.msg
[4.921s] -- Up-to-date: /ros2_ws/install/rosapi_msgs/share/rosapi_msgs/srv/HasParam_Response.msg
[4.922s] -- Up-to-date: /ros2_ws/install/rosapi_msgs/share/rosapi_msgs/srv/MessageDetails.srv
[4.922s] -- Up-to-date: /ros2_ws/install/rosapi_msgs/share/rosapi_msgs/srv/MessageDetails_Request.msg
[4.923s] -- Up-to-date: /ros2_ws/install/rosapi_msgs/share/rosapi_msgs/srv/MessageDetails_Response.msg
[4.924s] -- Up-to-date: /ros2_ws/install/rosapi_msgs/share/rosapi_msgs/srv/Nodes.srv
[4.924s] -- Up-to-date: /ros2_ws/install/rosapi_msgs/share/rosapi_msgs/srv/Nodes_Request.msg
[4.925s] -- Up-to-date: /ros2_ws/install/rosapi_msgs/share/rosapi_msgs/srv/Nodes_Response.msg
[4.928s] -- Up-to-date: /ros2_ws/install/rosapi_msgs/share/rosapi_msgs/srv/NodeDetails.srv
[4.929s] -- Up-to-date: /ros2_ws/install/rosapi_msgs/share/rosapi_msgs/srv/NodeDetails_Request.msg
[4.930s] -- Up-to-date: /ros2_ws/install/rosapi_msgs/share/rosapi_msgs/srv/NodeDetails_Response.msg
[4.931s] -- Up-to-date: /ros2_ws/install/rosapi_msgs/share/rosapi_msgs/srv/Publishers.srv
[4.932s] -- Up-to-date: /ros2_ws/install/rosapi_msgs/share/rosapi_msgs/srv/Publishers_Request.msg
[4.935s] -- Up-to-date: /ros2_ws/install/rosapi_msgs/share/rosapi_msgs/srv/Publishers_Response.msg
[4.936s] -- Up-to-date: /ros2_ws/install/rosapi_msgs/share/rosapi_msgs/srv/ServiceNode.srv
[4.937s] -- Up-to-date: /ros2_ws/install/rosapi_msgs/share/rosapi_msgs/srv/ServiceNode_Request.msg
[4.938s] -- Up-to-date: /ros2_ws/install/rosapi_msgs/share/rosapi_msgs/srv/ServiceNode_Response.msg
[4.938s] -- Up-to-date: /ros2_ws/install/rosapi_msgs/share/rosapi_msgs/srv/ServiceProviders.srv
[4.939s] -- Up-to-date: /ros2_ws/install/rosapi_msgs/share/rosapi_msgs/srv/ServiceProviders_Request.msg
[4.945s] -- Up-to-date: /ros2_ws/install/rosapi_msgs/share/rosapi_msgs/srv/ServiceProviders_Response.msg
[4.945s] -- Up-to-date: /ros2_ws/install/rosapi_msgs/share/rosapi_msgs/srv/ServiceRequestDetails.srv
[4.946s] -- Up-to-date: /ros2_ws/install/rosapi_msgs/share/rosapi_msgs/srv/ServiceRequestDetails_Request.msg
[4.946s] -- Up-to-date: /ros2_ws/install/rosapi_msgs/share/rosapi_msgs/srv/ServiceRequestDetails_Response.msg
[4.947s] -- Up-to-date: /ros2_ws/install/rosapi_msgs/share/rosapi_msgs/srv/ServiceResponseDetails.srv
[4.947s] -- Up-to-date: /ros2_ws/install/rosapi_msgs/share/rosapi_msgs/srv/ServiceResponseDetails_Request.msg
[4.947s] -- Up-to-date: /ros2_ws/install/rosapi_msgs/share/rosapi_msgs/srv/ServiceResponseDetails_Response.msg
[4.948s] -- Up-to-date: /ros2_ws/install/rosapi_msgs/share/rosapi_msgs/srv/Services.srv
[4.949s] -- Up-to-date: /ros2_ws/install/rosapi_msgs/share/rosapi_msgs/srv/Services_Request.msg
[4.949s] -- Up-to-date: /ros2_ws/install/rosapi_msgs/share/rosapi_msgs/srv/Services_Response.msg
[4.949s] -- Up-to-date: /ros2_ws/install/rosapi_msgs/share/rosapi_msgs/srv/ServicesForType.srv
[4.950s] -- Up-to-date: /ros2_ws/install/rosapi_msgs/share/rosapi_msgs/srv/ServicesForType_Request.msg
[4.951s] -- Up-to-date: /ros2_ws/install/rosapi_msgs/share/rosapi_msgs/srv/ServicesForType_Response.msg
[4.951s] -- Up-to-date: /ros2_ws/install/rosapi_msgs/share/rosapi_msgs/srv/ServiceType.srv
[4.952s] -- Up-to-date: /ros2_ws/install/rosapi_msgs/share/rosapi_msgs/srv/ServiceType_Request.msg
[4.953s] -- Up-to-date: /ros2_ws/install/rosapi_msgs/share/rosapi_msgs/srv/ServiceType_Response.msg
[4.954s] -- Up-to-date: /ros2_ws/install/rosapi_msgs/share/rosapi_msgs/srv/SetParam.srv
[4.955s] -- Up-to-date: /ros2_ws/install/rosapi_msgs/share/rosapi_msgs/srv/SetParam_Request.msg
[4.955s] -- Up-to-date: /ros2_ws/install/rosapi_msgs/share/rosapi_msgs/srv/SetParam_Response.msg
[4.956s] -- Up-to-date: /ros2_ws/install/rosapi_msgs/share/rosapi_msgs/srv/Subscribers.srv
[4.956s] -- Up-to-date: /ros2_ws/install/rosapi_msgs/share/rosapi_msgs/srv/Subscribers_Request.msg
[4.956s] -- Up-to-date: /ros2_ws/install/rosapi_msgs/share/rosapi_msgs/srv/Subscribers_Response.msg
[4.957s] -- Up-to-date: /ros2_ws/install/rosapi_msgs/share/rosapi_msgs/srv/Topics.srv
[4.957s] -- Up-to-date: /ros2_ws/install/rosapi_msgs/share/rosapi_msgs/srv/Topics_Request.msg
[4.958s] -- Up-to-date: /ros2_ws/install/rosapi_msgs/share/rosapi_msgs/srv/Topics_Response.msg
[4.959s] -- Up-to-date: /ros2_ws/install/rosapi_msgs/share/rosapi_msgs/srv/TopicsAndRawTypes.srv
[4.959s] -- Up-to-date: /ros2_ws/install/rosapi_msgs/share/rosapi_msgs/srv/TopicsAndRawTypes_Request.msg
[4.959s] -- Up-to-date: /ros2_ws/install/rosapi_msgs/share/rosapi_msgs/srv/TopicsAndRawTypes_Response.msg
[4.960s] -- Up-to-date: /ros2_ws/install/rosapi_msgs/share/rosapi_msgs/srv/TopicsForType.srv
[4.960s] -- Up-to-date: /ros2_ws/install/rosapi_msgs/share/rosapi_msgs/srv/TopicsForType_Request.msg
[4.961s] -- Up-to-date: /ros2_ws/install/rosapi_msgs/share/rosapi_msgs/srv/TopicsForType_Response.msg
[4.961s] -- Up-to-date: /ros2_ws/install/rosapi_msgs/share/rosapi_msgs/srv/TopicType.srv
[4.962s] -- Up-to-date: /ros2_ws/install/rosapi_msgs/share/rosapi_msgs/srv/TopicType_Request.msg
[4.962s] -- Up-to-date: /ros2_ws/install/rosapi_msgs/share/rosapi_msgs/srv/TopicType_Response.msg
[4.963s] -- Up-to-date: /ros2_ws/install/rosapi_msgs/share/ament_index/resource_index/package_run_dependencies/rosapi_msgs
[4.964s] -- Up-to-date: /ros2_ws/install/rosapi_msgs/share/ament_index/resource_index/parent_prefix_path/rosapi_msgs
[4.965s] -- Up-to-date: /ros2_ws/install/rosapi_msgs/share/rosapi_msgs/environment/ament_prefix_path.sh
[4.967s] -- Up-to-date: /ros2_ws/install/rosapi_msgs/share/rosapi_msgs/environment/ament_prefix_path.dsv
[4.969s] -- Up-to-date: /ros2_ws/install/rosapi_msgs/share/rosapi_msgs/environment/path.sh
[4.971s] -- Up-to-date: /ros2_ws/install/rosapi_msgs/share/rosapi_msgs/environment/path.dsv
[4.972s] -- Up-to-date: /ros2_ws/install/rosapi_msgs/share/rosapi_msgs/local_setup.bash
[4.973s] -- Up-to-date: /ros2_ws/install/rosapi_msgs/share/rosapi_msgs/local_setup.sh
[4.973s] -- Up-to-date: /ros2_ws/install/rosapi_msgs/share/rosapi_msgs/local_setup.zsh
[4.973s] -- Up-to-date: /ros2_ws/install/rosapi_msgs/share/rosapi_msgs/local_setup.dsv
[4.974s] -- Installing: /ros2_ws/install/rosapi_msgs/share/rosapi_msgs/package.dsv
[4.976s] -- Up-to-date: /ros2_ws/install/rosapi_msgs/share/ament_index/resource_index/packages/rosapi_msgs
[4.983s] -- Up-to-date: /ros2_ws/install/rosapi_msgs/share/rosapi_msgs/cmake/export_rosapi_msgs__rosidl_generator_cExport.cmake
[4.984s] -- Up-to-date: /ros2_ws/install/rosapi_msgs/share/rosapi_msgs/cmake/export_rosapi_msgs__rosidl_generator_cExport-noconfig.cmake
[4.986s] -- Up-to-date: /ros2_ws/install/rosapi_msgs/share/rosapi_msgs/cmake/export_rosapi_msgs__rosidl_typesupport_fastrtps_cExport.cmake
[4.987s] -- Up-to-date: /ros2_ws/install/rosapi_msgs/share/rosapi_msgs/cmake/export_rosapi_msgs__rosidl_typesupport_fastrtps_cExport-noconfig.cmake
[4.988s] -- Up-to-date: /ros2_ws/install/rosapi_msgs/share/rosapi_msgs/cmake/export_rosapi_msgs__rosidl_generator_cppExport.cmake
[4.991s] -- Up-to-date: /ros2_ws/install/rosapi_msgs/share/rosapi_msgs/cmake/export_rosapi_msgs__rosidl_typesupport_fastrtps_cppExport.cmake
[4.992s] -- Up-to-date: /ros2_ws/install/rosapi_msgs/share/rosapi_msgs/cmake/export_rosapi_msgs__rosidl_typesupport_fastrtps_cppExport-noconfig.cmake
[4.995s] -- Up-to-date: /ros2_ws/install/rosapi_msgs/share/rosapi_msgs/cmake/rosapi_msgs__rosidl_typesupport_introspection_cExport.cmake
[4.997s] -- Up-to-date: /ros2_ws/install/rosapi_msgs/share/rosapi_msgs/cmake/rosapi_msgs__rosidl_typesupport_introspection_cExport-noconfig.cmake
[5.000s] -- Up-to-date: /ros2_ws/install/rosapi_msgs/share/rosapi_msgs/cmake/rosapi_msgs__rosidl_typesupport_cExport.cmake
[5.002s] -- Up-to-date: /ros2_ws/install/rosapi_msgs/share/rosapi_msgs/cmake/rosapi_msgs__rosidl_typesupport_cExport-noconfig.cmake
[5.005s] -- Up-to-date: /ros2_ws/install/rosapi_msgs/share/rosapi_msgs/cmake/rosapi_msgs__rosidl_typesupport_introspection_cppExport.cmake
[5.006s] -- Up-to-date: /ros2_ws/install/rosapi_msgs/share/rosapi_msgs/cmake/rosapi_msgs__rosidl_typesupport_introspection_cppExport-noconfig.cmake
[5.015s] -- Up-to-date: /ros2_ws/install/rosapi_msgs/share/rosapi_msgs/cmake/rosapi_msgs__rosidl_typesupport_cppExport.cmake
[5.017s] -- Up-to-date: /ros2_ws/install/rosapi_msgs/share/rosapi_msgs/cmake/rosapi_msgs__rosidl_typesupport_cppExport-noconfig.cmake
[5.023s] -- Up-to-date: /ros2_ws/install/rosapi_msgs/share/rosapi_msgs/cmake/export_rosapi_msgs__rosidl_generator_pyExport.cmake
[5.024s] -- Up-to-date: /ros2_ws/install/rosapi_msgs/share/rosapi_msgs/cmake/export_rosapi_msgs__rosidl_generator_pyExport-noconfig.cmake
[5.026s] -- Up-to-date: /ros2_ws/install/rosapi_msgs/share/rosapi_msgs/cmake/rosidl_cmake-extras.cmake
[5.027s] -- Up-to-date: /ros2_ws/install/rosapi_msgs/share/rosapi_msgs/cmake/ament_cmake_export_dependencies-extras.cmake
[5.028s] -- Up-to-date: /ros2_ws/install/rosapi_msgs/share/rosapi_msgs/cmake/ament_cmake_export_include_directories-extras.cmake
[5.029s] -- Up-to-date: /ros2_ws/install/rosapi_msgs/share/rosapi_msgs/cmake/ament_cmake_export_libraries-extras.cmake
[5.029s] -- Up-to-date: /ros2_ws/install/rosapi_msgs/share/rosapi_msgs/cmake/ament_cmake_export_targets-extras.cmake
[5.030s] -- Up-to-date: /ros2_ws/install/rosapi_msgs/share/rosapi_msgs/cmake/rosidl_cmake_export_typesupport_targets-extras.cmake
[5.030s] -- Up-to-date: /ros2_ws/install/rosapi_msgs/share/rosapi_msgs/cmake/rosidl_cmake_export_typesupport_libraries-extras.cmake
[5.031s] -- Up-to-date: /ros2_ws/install/rosapi_msgs/share/rosapi_msgs/cmake/rosapi_msgsConfig.cmake
[5.031s] -- Up-to-date: /ros2_ws/install/rosapi_msgs/share/rosapi_msgs/cmake/rosapi_msgsConfig-version.cmake
[5.032s] -- Up-to-date: /ros2_ws/install/rosapi_msgs/share/rosapi_msgs/package.xml
[5.036s] Invoked command in '/ros2_ws/build/rosapi_msgs' returned '0': CMAKE_PREFIX_PATH=/opt/ros/humble /usr/bin/cmake --install /ros2_ws/build/rosapi_msgs
