[0.043s] Invoking command in '/ros2_ws/build/shape_msgs': AMENT_PREFIX_PATH=/ros2_ws/install/geometry_msgs:/ros2_ws/install/std_msgs:${AMENT_PREFIX_PATH} CMAKE_PREFIX_PATH=/ros2_ws/install/geometry_msgs:/ros2_ws/install/std_msgs:/opt/ros/humble LD_LIBRARY_PATH=/ros2_ws/install/geometry_msgs/lib:/ros2_ws/install/std_msgs/lib:${LD_LIBRARY_PATH} PYTHONPATH=/ros2_ws/install/geometry_msgs/local/lib/python3.10/dist-packages:/ros2_ws/install/std_msgs/local/lib/python3.10/dist-packages:${PYTHONPATH} /usr/bin/cmake /ros2_ws/src/common_interfaces/shape_msgs -DCMAKE_INSTALL_PREFIX=/ros2_ws/install/shape_msgs
[0.261s] -- The C compiler identification is GNU 11.4.0
[0.484s] -- The CXX compiler identification is GNU 11.4.0
[0.509s] -- Detecting C compiler ABI info
[0.769s] -- Detecting C compiler ABI info - done
[0.804s] -- Check for working C compiler: /usr/bin/cc - skipped
[0.805s] -- Detecting C compile features
[0.807s] -- Detecting C compile features - done
[0.819s] -- Detecting CXX compiler ABI info
[1.113s] -- Detecting CXX compiler ABI info - done
[1.149s] -- Check for working CXX compiler: /usr/bin/c++ - skipped
[1.151s] -- Detecting CXX compile features
[1.154s] -- Detecting CXX compile features - done
[1.172s] -- Found ament_cmake: 1.3.14 (/opt/ros/humble/share/ament_cmake/cmake)
[1.814s] -- Found Python3: /usr/bin/python3 (found version "3.10.12") found components: Interpreter 
[2.297s] -- Found geometry_msgs: 2.0.5 (/ros2_ws/install/geometry_msgs/share/geometry_msgs/cmake)
[2.478s] -- Found rosidl_generator_c: 3.1.8 (/opt/ros/humble/share/rosidl_generator_c/cmake)
[2.507s] -- Found rosidl_adapter: 3.1.8 (/opt/ros/humble/share/rosidl_adapter/cmake)
[2.552s] -- Found rosidl_generator_cpp: 3.1.8 (/opt/ros/humble/share/rosidl_generator_cpp/cmake)
[2.622s] -- Using all available rosidl_typesupport_c: rosidl_typesupport_fastrtps_c;rosidl_typesupport_introspection_c
[2.713s] -- Using all available rosidl_typesupport_cpp: rosidl_typesupport_fastrtps_cpp;rosidl_typesupport_introspection_cpp
[2.927s] -- Found rosidl_default_generators: 1.2.1 (/opt/ros/humble/share/rosidl_default_generators/cmake)
[4.509s] -- Found ament_cmake_cppcheck: 0.12.15 (/opt/ros/humble/share/ament_cmake_cppcheck/cmake)
[4.523s] -- Found ament_cmake_cpplint: 0.12.15 (/opt/ros/humble/share/ament_cmake_cpplint/cmake)
[4.536s] -- Found ament_cmake_uncrustify: 0.12.15 (/opt/ros/humble/share/ament_cmake_uncrustify/cmake)
[4.548s] -- Found ament_cmake_ros: 0.10.0 (/opt/ros/humble/share/ament_cmake_ros/cmake)
[6.425s] -- Using all available rosidl_typesupport_c: rosidl_typesupport_fastrtps_c;rosidl_typesupport_introspection_c
[7.150s] -- Using all available rosidl_typesupport_cpp: rosidl_typesupport_fastrtps_cpp;rosidl_typesupport_introspection_cpp
[7.226s] -- Found PythonInterp: /usr/bin/python3 (found suitable version "3.10.12", minimum required is "3.6") 
[7.235s] -- Found python_cmake_module: 0.10.0 (/opt/ros/humble/share/python_cmake_module/cmake)
[7.314s] -- Found PythonLibs: /usr/lib/aarch64-linux-gnu/libpython3.10.so (found suitable version "3.10.12", minimum required is "3.5") 
[7.316s] -- Using PYTHON_EXECUTABLE: /usr/bin/python3
[7.316s] -- Using PYTHON_INCLUDE_DIRS: /usr/include/python3.10
[7.317s] -- Using PYTHON_LIBRARIES: /usr/lib/aarch64-linux-gnu/libpython3.10.so
[7.389s] -- Found PythonExtra: .so  
[7.644s] -- Found ament_cmake_flake8: 0.12.15 (/opt/ros/humble/share/ament_cmake_flake8/cmake)
[7.656s] -- Found ament_cmake_pep257: 0.12.15 (/opt/ros/humble/share/ament_cmake_pep257/cmake)
[8.046s] -- Configuring done
[8.230s] -- Generating done
[8.282s] -- Build files have been written to: /ros2_ws/build/shape_msgs
[8.326s] Invoked command in '/ros2_ws/build/shape_msgs' returned '0': AMENT_PREFIX_PATH=/ros2_ws/install/geometry_msgs:/ros2_ws/install/std_msgs:${AMENT_PREFIX_PATH} CMAKE_PREFIX_PATH=/ros2_ws/install/geometry_msgs:/ros2_ws/install/std_msgs:/opt/ros/humble LD_LIBRARY_PATH=/ros2_ws/install/geometry_msgs/lib:/ros2_ws/install/std_msgs/lib:${LD_LIBRARY_PATH} PYTHONPATH=/ros2_ws/install/geometry_msgs/local/lib/python3.10/dist-packages:/ros2_ws/install/std_msgs/local/lib/python3.10/dist-packages:${PYTHONPATH} /usr/bin/cmake /ros2_ws/src/common_interfaces/shape_msgs -DCMAKE_INSTALL_PREFIX=/ros2_ws/install/shape_msgs
[8.327s] Invoking command in '/ros2_ws/build/shape_msgs': AMENT_PREFIX_PATH=/ros2_ws/install/geometry_msgs:/ros2_ws/install/std_msgs:${AMENT_PREFIX_PATH} CMAKE_PREFIX_PATH=/ros2_ws/install/geometry_msgs:/ros2_ws/install/std_msgs:/opt/ros/humble LD_LIBRARY_PATH=/ros2_ws/install/geometry_msgs/lib:/ros2_ws/install/std_msgs/lib:${LD_LIBRARY_PATH} PYTHONPATH=/ros2_ws/install/geometry_msgs/local/lib/python3.10/dist-packages:/ros2_ws/install/std_msgs/local/lib/python3.10/dist-packages:${PYTHONPATH} /usr/bin/cmake --build /ros2_ws/build/shape_msgs -- -j4 -l4
[8.499s] [  1%] [34m[1mGenerating Rust code for ROS interfaces[0m
[10.909s] [  1%] Built target shape_msgs__rs
[10.995s] [  1%] Built target ament_cmake_python_copy_shape_msgs
[11.065s] [  3%] [34m[1mGenerating C++ code for ROS interfaces[0m
[14.499s] [  3%] Built target shape_msgs__cpp
[15.553s] running egg_info
[15.557s] creating shape_msgs.egg-info
[15.559s] writing shape_msgs.egg-info/PKG-INFO
[15.560s] writing dependency_links to shape_msgs.egg-info/dependency_links.txt
[15.562s] writing top-level names to shape_msgs.egg-info/top_level.txt
[15.564s] writing manifest file 'shape_msgs.egg-info/SOURCES.txt'
[15.575s] reading manifest file 'shape_msgs.egg-info/SOURCES.txt'
[15.578s] writing manifest file 'shape_msgs.egg-info/SOURCES.txt'
[15.715s] [  3%] Built target ament_cmake_python_build_shape_msgs_egg
[15.750s] [  5%] [34m[1mGenerating C++ introspection for ROS interfaces[0m
[18.618s] [  7%] [32mBuilding CXX object CMakeFiles/shape_msgs__rosidl_typesupport_introspection_cpp.dir/rosidl_typesupport_introspection_cpp/shape_msgs/msg/detail/mesh__type_support.cpp.o[0m
[20.667s] [  8%] [32mBuilding CXX object CMakeFiles/shape_msgs__rosidl_typesupport_introspection_cpp.dir/rosidl_typesupport_introspection_cpp/shape_msgs/msg/detail/mesh_triangle__type_support.cpp.o[0m
[22.445s] [ 10%] [32mBuilding CXX object CMakeFiles/shape_msgs__rosidl_typesupport_introspection_cpp.dir/rosidl_typesupport_introspection_cpp/shape_msgs/msg/detail/plane__type_support.cpp.o[0m
[24.237s] [ 12%] [32mBuilding CXX object CMakeFiles/shape_msgs__rosidl_typesupport_introspection_cpp.dir/rosidl_typesupport_introspection_cpp/shape_msgs/msg/detail/solid_primitive__type_support.cpp.o[0m
[26.163s] [ 14%] [32m[1mLinking CXX shared library libshape_msgs__rosidl_typesupport_introspection_cpp.so[0m
[26.447s] [ 14%] Built target shape_msgs__rosidl_typesupport_introspection_cpp
[26.480s] [ 16%] [34m[1mGenerating C++ type support dispatch for ROS interfaces[0m
[28.990s] [ 17%] [32mBuilding CXX object CMakeFiles/shape_msgs__rosidl_typesupport_cpp.dir/rosidl_typesupport_cpp/shape_msgs/msg/mesh__type_support.cpp.o[0m
[30.198s] [ 19%] [32mBuilding CXX object CMakeFiles/shape_msgs__rosidl_typesupport_cpp.dir/rosidl_typesupport_cpp/shape_msgs/msg/mesh_triangle__type_support.cpp.o[0m
[31.342s] [ 21%] [32mBuilding CXX object CMakeFiles/shape_msgs__rosidl_typesupport_cpp.dir/rosidl_typesupport_cpp/shape_msgs/msg/plane__type_support.cpp.o[0m
[32.493s] [ 23%] [32mBuilding CXX object CMakeFiles/shape_msgs__rosidl_typesupport_cpp.dir/rosidl_typesupport_cpp/shape_msgs/msg/solid_primitive__type_support.cpp.o[0m
[33.654s] [ 25%] [32m[1mLinking CXX shared library libshape_msgs__rosidl_typesupport_cpp.so[0m
[33.786s] [ 25%] Built target shape_msgs__rosidl_typesupport_cpp
[33.818s] [ 26%] [34m[1mGenerating C++ type support for eProsima Fast-RTPS[0m
[36.768s] [ 28%] [32mBuilding CXX object CMakeFiles/shape_msgs__rosidl_typesupport_fastrtps_cpp.dir/rosidl_typesupport_fastrtps_cpp/shape_msgs/msg/detail/dds_fastrtps/mesh__type_support.cpp.o[0m
[39.044s] [ 30%] [32mBuilding CXX object CMakeFiles/shape_msgs__rosidl_typesupport_fastrtps_cpp.dir/rosidl_typesupport_fastrtps_cpp/shape_msgs/msg/detail/dds_fastrtps/plane__type_support.cpp.o[0m
[40.761s] [ 32%] [32mBuilding CXX object CMakeFiles/shape_msgs__rosidl_typesupport_fastrtps_cpp.dir/rosidl_typesupport_fastrtps_cpp/shape_msgs/msg/detail/dds_fastrtps/solid_primitive__type_support.cpp.o[0m
[42.597s] [ 33%] [32mBuilding CXX object CMakeFiles/shape_msgs__rosidl_typesupport_fastrtps_cpp.dir/rosidl_typesupport_fastrtps_cpp/shape_msgs/msg/detail/dds_fastrtps/mesh_triangle__type_support.cpp.o[0m
[44.285s] [ 35%] [32m[1mLinking CXX shared library libshape_msgs__rosidl_typesupport_fastrtps_cpp.so[0m
[44.566s] [ 35%] Built target shape_msgs__rosidl_typesupport_fastrtps_cpp
[44.600s] [ 37%] [34m[1mGenerating C code for ROS interfaces[0m
[48.101s] [ 39%] [32mBuilding C object CMakeFiles/shape_msgs__rosidl_generator_c.dir/rosidl_generator_c/shape_msgs/msg/detail/mesh__functions.c.o[0m
[48.300s] [ 41%] [32mBuilding C object CMakeFiles/shape_msgs__rosidl_generator_c.dir/rosidl_generator_c/shape_msgs/msg/detail/solid_primitive__functions.c.o[0m
[48.500s] [ 42%] [32mBuilding C object CMakeFiles/shape_msgs__rosidl_generator_c.dir/rosidl_generator_c/shape_msgs/msg/detail/plane__functions.c.o[0m
[48.686s] [ 44%] [32mBuilding C object CMakeFiles/shape_msgs__rosidl_generator_c.dir/rosidl_generator_c/shape_msgs/msg/detail/mesh_triangle__functions.c.o[0m
[48.878s] [ 46%] [32m[1mLinking C shared library libshape_msgs__rosidl_generator_c.so[0m
[49.019s] [ 46%] Built target shape_msgs__rosidl_generator_c
[49.053s] [ 48%] [34m[1mGenerating C type support for eProsima Fast-RTPS[0m
[51.958s] [ 50%] [32mBuilding CXX object CMakeFiles/shape_msgs__rosidl_typesupport_fastrtps_c.dir/rosidl_typesupport_fastrtps_c/shape_msgs/msg/detail/mesh__type_support_c.cpp.o[0m
[53.431s] [ 51%] [32mBuilding CXX object CMakeFiles/shape_msgs__rosidl_typesupport_fastrtps_c.dir/rosidl_typesupport_fastrtps_c/shape_msgs/msg/detail/mesh_triangle__type_support_c.cpp.o[0m
[54.849s] [ 53%] [32mBuilding CXX object CMakeFiles/shape_msgs__rosidl_typesupport_fastrtps_c.dir/rosidl_typesupport_fastrtps_c/shape_msgs/msg/detail/plane__type_support_c.cpp.o[0m
[56.264s] [ 55%] [32mBuilding CXX object CMakeFiles/shape_msgs__rosidl_typesupport_fastrtps_c.dir/rosidl_typesupport_fastrtps_c/shape_msgs/msg/detail/solid_primitive__type_support_c.cpp.o[0m
[57.770s] [ 57%] [32m[1mLinking CXX shared library libshape_msgs__rosidl_typesupport_fastrtps_c.so[0m
[58.053s] [ 57%] Built target shape_msgs__rosidl_typesupport_fastrtps_c
[58.087s] [ 58%] [34m[1mGenerating C type support dispatch for ROS interfaces[0m
[60.494s] [ 60%] [32mBuilding CXX object CMakeFiles/shape_msgs__rosidl_typesupport_c.dir/rosidl_typesupport_c/shape_msgs/msg/mesh__type_support.cpp.o[0m
[60.604s] [ 62%] [32mBuilding CXX object CMakeFiles/shape_msgs__rosidl_typesupport_c.dir/rosidl_typesupport_c/shape_msgs/msg/plane__type_support.cpp.o[0m
[60.720s] [ 64%] [32mBuilding CXX object CMakeFiles/shape_msgs__rosidl_typesupport_c.dir/rosidl_typesupport_c/shape_msgs/msg/solid_primitive__type_support.cpp.o[0m
[60.827s] [ 66%] [32mBuilding CXX object CMakeFiles/shape_msgs__rosidl_typesupport_c.dir/rosidl_typesupport_c/shape_msgs/msg/mesh_triangle__type_support.cpp.o[0m
[60.936s] [ 67%] [32m[1mLinking CXX shared library libshape_msgs__rosidl_typesupport_c.so[0m
[61.070s] [ 67%] Built target shape_msgs__rosidl_typesupport_c
[61.103s] [ 69%] [34m[1mGenerating C introspection for ROS interfaces[0m
[63.868s] [ 71%] [32mBuilding C object CMakeFiles/shape_msgs__rosidl_typesupport_introspection_c.dir/rosidl_typesupport_introspection_c/shape_msgs/msg/detail/mesh__type_support.c.o[0m
[64.015s] [ 73%] [32mBuilding C object CMakeFiles/shape_msgs__rosidl_typesupport_introspection_c.dir/rosidl_typesupport_introspection_c/shape_msgs/msg/detail/solid_primitive__type_support.c.o[0m
[64.154s] [ 75%] [32mBuilding C object CMakeFiles/shape_msgs__rosidl_typesupport_introspection_c.dir/rosidl_typesupport_introspection_c/shape_msgs/msg/detail/plane__type_support.c.o[0m
[64.280s] [ 76%] [32mBuilding C object CMakeFiles/shape_msgs__rosidl_typesupport_introspection_c.dir/rosidl_typesupport_introspection_c/shape_msgs/msg/detail/mesh_triangle__type_support.c.o[0m
[64.407s] [ 78%] [32m[1mLinking C shared library libshape_msgs__rosidl_typesupport_introspection_c.so[0m
[64.507s] [ 78%] Built target shape_msgs__rosidl_typesupport_introspection_c
[64.565s] [ 78%] Built target shape_msgs
[64.627s] [ 80%] [34m[1mGenerating Python code for ROS interfaces[0m
[69.303s] [ 80%] Built target shape_msgs__py
[69.364s] [ 82%] [32mBuilding C object CMakeFiles/shape_msgs__rosidl_generator_py.dir/rosidl_generator_py/shape_msgs/msg/_mesh_s.c.o[0m
[69.815s] [ 83%] [32mBuilding C object CMakeFiles/shape_msgs__rosidl_generator_py.dir/rosidl_generator_py/shape_msgs/msg/_solid_primitive_s.c.o[0m
[70.269s] [ 85%] [32mBuilding C object CMakeFiles/shape_msgs__rosidl_generator_py.dir/rosidl_generator_py/shape_msgs/msg/_plane_s.c.o[0m
[70.706s] [ 87%] [32mBuilding C object CMakeFiles/shape_msgs__rosidl_generator_py.dir/rosidl_generator_py/shape_msgs/msg/_mesh_triangle_s.c.o[0m
[71.143s] [ 89%] [32m[1mLinking C shared library rosidl_generator_py/shape_msgs/libshape_msgs__rosidl_generator_py.so[0m
[71.293s] [ 89%] Built target shape_msgs__rosidl_generator_py
[71.354s] [ 91%] [32mBuilding C object CMakeFiles/shape_msgs__rosidl_typesupport_fastrtps_c__pyext.dir/rosidl_generator_py/shape_msgs/_shape_msgs_s.ep.rosidl_typesupport_fastrtps_c.c.o[0m
[71.818s] [ 92%] [32m[1mLinking C shared library rosidl_generator_py/shape_msgs/shape_msgs_s__rosidl_typesupport_fastrtps_c.cpython-310-aarch64-linux-gnu.so[0m
[71.969s] [ 92%] Built target shape_msgs__rosidl_typesupport_fastrtps_c__pyext
[72.031s] [ 94%] [32mBuilding C object CMakeFiles/shape_msgs__rosidl_typesupport_c__pyext.dir/rosidl_generator_py/shape_msgs/_shape_msgs_s.ep.rosidl_typesupport_c.c.o[0m
[72.490s] [ 96%] [32m[1mLinking C shared library rosidl_generator_py/shape_msgs/shape_msgs_s__rosidl_typesupport_c.cpython-310-aarch64-linux-gnu.so[0m
[72.634s] [ 96%] Built target shape_msgs__rosidl_typesupport_c__pyext
[72.696s] [ 98%] [32mBuilding C object CMakeFiles/shape_msgs__rosidl_typesupport_introspection_c__pyext.dir/rosidl_generator_py/shape_msgs/_shape_msgs_s.ep.rosidl_typesupport_introspection_c.c.o[0m
[73.179s] [100%] [32m[1mLinking C shared library rosidl_generator_py/shape_msgs/shape_msgs_s__rosidl_typesupport_introspection_c.cpython-310-aarch64-linux-gnu.so[0m
[73.337s] [100%] Built target shape_msgs__rosidl_typesupport_introspection_c__pyext
[73.372s] Invoked command in '/ros2_ws/build/shape_msgs' returned '0': AMENT_PREFIX_PATH=/ros2_ws/install/geometry_msgs:/ros2_ws/install/std_msgs:${AMENT_PREFIX_PATH} CMAKE_PREFIX_PATH=/ros2_ws/install/geometry_msgs:/ros2_ws/install/std_msgs:/opt/ros/humble LD_LIBRARY_PATH=/ros2_ws/install/geometry_msgs/lib:/ros2_ws/install/std_msgs/lib:${LD_LIBRARY_PATH} PYTHONPATH=/ros2_ws/install/geometry_msgs/local/lib/python3.10/dist-packages:/ros2_ws/install/std_msgs/local/lib/python3.10/dist-packages:${PYTHONPATH} /usr/bin/cmake --build /ros2_ws/build/shape_msgs -- -j4 -l4
[73.377s] Invoking command in '/ros2_ws/build/shape_msgs': AMENT_PREFIX_PATH=/ros2_ws/install/geometry_msgs:/ros2_ws/install/std_msgs:${AMENT_PREFIX_PATH} CMAKE_PREFIX_PATH=/ros2_ws/install/geometry_msgs:/ros2_ws/install/std_msgs:/opt/ros/humble LD_LIBRARY_PATH=/ros2_ws/install/geometry_msgs/lib:/ros2_ws/install/std_msgs/lib:${LD_LIBRARY_PATH} PYTHONPATH=/ros2_ws/install/geometry_msgs/local/lib/python3.10/dist-packages:/ros2_ws/install/std_msgs/local/lib/python3.10/dist-packages:${PYTHONPATH} /usr/bin/cmake --install /ros2_ws/build/shape_msgs
[73.401s] -- Install configuration: ""
[73.402s] -- Installing: /ros2_ws/install/shape_msgs/share/ament_index/resource_index/rosidl_interfaces/shape_msgs
[73.402s] -- Installing: /ros2_ws/install/shape_msgs/include/shape_msgs/shape_msgs
[73.403s] -- Installing: /ros2_ws/install/shape_msgs/include/shape_msgs/shape_msgs/msg
[73.403s] -- Installing: /ros2_ws/install/shape_msgs/include/shape_msgs/shape_msgs/msg/plane.h
[73.404s] -- Installing: /ros2_ws/install/shape_msgs/include/shape_msgs/shape_msgs/msg/mesh.h
[73.404s] -- Installing: /ros2_ws/install/shape_msgs/include/shape_msgs/shape_msgs/msg/mesh_triangle.h
[73.405s] -- Installing: /ros2_ws/install/shape_msgs/include/shape_msgs/shape_msgs/msg/detail
[73.405s] -- Installing: /ros2_ws/install/shape_msgs/include/shape_msgs/shape_msgs/msg/detail/plane__type_support.h
[73.406s] -- Installing: /ros2_ws/install/shape_msgs/include/shape_msgs/shape_msgs/msg/detail/mesh_triangle__type_support.h
[73.406s] -- Installing: /ros2_ws/install/shape_msgs/include/shape_msgs/shape_msgs/msg/detail/solid_primitive__type_support.h
[73.407s] -- Installing: /ros2_ws/install/shape_msgs/include/shape_msgs/shape_msgs/msg/detail/mesh__functions.c
[73.407s] -- Installing: /ros2_ws/install/shape_msgs/include/shape_msgs/shape_msgs/msg/detail/plane__functions.h
[73.408s] -- Installing: /ros2_ws/install/shape_msgs/include/shape_msgs/shape_msgs/msg/detail/plane__functions.c
[73.408s] -- Installing: /ros2_ws/install/shape_msgs/include/shape_msgs/shape_msgs/msg/detail/solid_primitive__struct.h
[73.409s] -- Installing: /ros2_ws/install/shape_msgs/include/shape_msgs/shape_msgs/msg/detail/mesh__functions.h
[73.410s] -- Installing: /ros2_ws/install/shape_msgs/include/shape_msgs/shape_msgs/msg/detail/mesh_triangle__functions.h
[73.411s] -- Installing: /ros2_ws/install/shape_msgs/include/shape_msgs/shape_msgs/msg/detail/mesh_triangle__functions.c
[73.411s] -- Installing: /ros2_ws/install/shape_msgs/include/shape_msgs/shape_msgs/msg/detail/solid_primitive__functions.c
[73.414s] -- Installing: /ros2_ws/install/shape_msgs/include/shape_msgs/shape_msgs/msg/detail/mesh__struct.h
[73.415s] -- Installing: /ros2_ws/install/shape_msgs/include/shape_msgs/shape_msgs/msg/detail/solid_primitive__functions.h
[73.415s] -- Installing: /ros2_ws/install/shape_msgs/include/shape_msgs/shape_msgs/msg/detail/mesh_triangle__struct.h
[73.415s] -- Installing: /ros2_ws/install/shape_msgs/include/shape_msgs/shape_msgs/msg/detail/mesh__type_support.h
[73.416s] -- Installing: /ros2_ws/install/shape_msgs/include/shape_msgs/shape_msgs/msg/detail/plane__struct.h
[73.416s] -- Installing: /ros2_ws/install/shape_msgs/include/shape_msgs/shape_msgs/msg/solid_primitive.h
[73.417s] -- Installing: /ros2_ws/install/shape_msgs/include/shape_msgs/shape_msgs/msg/rosidl_generator_c__visibility_control.h
[73.418s] -- Installing: /ros2_ws/install/shape_msgs/share/shape_msgs/environment/library_path.sh
[73.418s] -- Installing: /ros2_ws/install/shape_msgs/share/shape_msgs/environment/library_path.dsv
[73.419s] -- Installing: /ros2_ws/install/shape_msgs/lib/libshape_msgs__rosidl_generator_c.so
[73.419s] -- Set runtime path of "/ros2_ws/install/shape_msgs/lib/libshape_msgs__rosidl_generator_c.so" to ""
[73.420s] -- Up-to-date: /ros2_ws/install/shape_msgs/include/shape_msgs/shape_msgs
[73.420s] -- Up-to-date: /ros2_ws/install/shape_msgs/include/shape_msgs/shape_msgs/msg
[73.421s] -- Installing: /ros2_ws/install/shape_msgs/include/shape_msgs/shape_msgs/msg/rosidl_typesupport_fastrtps_c__visibility_control.h
[73.421s] -- Up-to-date: /ros2_ws/install/shape_msgs/include/shape_msgs/shape_msgs/msg/detail
[73.422s] -- Installing: /ros2_ws/install/shape_msgs/include/shape_msgs/shape_msgs/msg/detail/mesh_triangle__rosidl_typesupport_fastrtps_c.h
[73.423s] -- Installing: /ros2_ws/install/shape_msgs/include/shape_msgs/shape_msgs/msg/detail/plane__rosidl_typesupport_fastrtps_c.h
[73.423s] -- Installing: /ros2_ws/install/shape_msgs/include/shape_msgs/shape_msgs/msg/detail/mesh__rosidl_typesupport_fastrtps_c.h
[73.424s] -- Installing: /ros2_ws/install/shape_msgs/include/shape_msgs/shape_msgs/msg/detail/solid_primitive__rosidl_typesupport_fastrtps_c.h
[73.425s] -- Installing: /ros2_ws/install/shape_msgs/lib/libshape_msgs__rosidl_typesupport_fastrtps_c.so
[73.425s] -- Set runtime path of "/ros2_ws/install/shape_msgs/lib/libshape_msgs__rosidl_typesupport_fastrtps_c.so" to ""
[73.426s] -- Up-to-date: /ros2_ws/install/shape_msgs/include/shape_msgs/shape_msgs
[73.426s] -- Up-to-date: /ros2_ws/install/shape_msgs/include/shape_msgs/shape_msgs/msg
[73.427s] -- Installing: /ros2_ws/install/shape_msgs/include/shape_msgs/shape_msgs/msg/mesh.hpp
[73.428s] -- Installing: /ros2_ws/install/shape_msgs/include/shape_msgs/shape_msgs/msg/mesh_triangle.hpp
[73.428s] -- Installing: /ros2_ws/install/shape_msgs/include/shape_msgs/shape_msgs/msg/plane.hpp
[73.429s] -- Installing: /ros2_ws/install/shape_msgs/include/shape_msgs/shape_msgs/msg/rosidl_generator_cpp__visibility_control.hpp
[73.429s] -- Up-to-date: /ros2_ws/install/shape_msgs/include/shape_msgs/shape_msgs/msg/detail
[73.430s] -- Installing: /ros2_ws/install/shape_msgs/include/shape_msgs/shape_msgs/msg/detail/mesh__struct.hpp
[73.431s] -- Installing: /ros2_ws/install/shape_msgs/include/shape_msgs/shape_msgs/msg/detail/solid_primitive__traits.hpp
[73.431s] -- Installing: /ros2_ws/install/shape_msgs/include/shape_msgs/shape_msgs/msg/detail/mesh__builder.hpp
[73.432s] -- Installing: /ros2_ws/install/shape_msgs/include/shape_msgs/shape_msgs/msg/detail/solid_primitive__struct.hpp
[73.433s] -- Installing: /ros2_ws/install/shape_msgs/include/shape_msgs/shape_msgs/msg/detail/mesh_triangle__builder.hpp
[73.433s] -- Installing: /ros2_ws/install/shape_msgs/include/shape_msgs/shape_msgs/msg/detail/plane__type_support.hpp
[73.434s] -- Installing: /ros2_ws/install/shape_msgs/include/shape_msgs/shape_msgs/msg/detail/plane__traits.hpp
[73.435s] -- Installing: /ros2_ws/install/shape_msgs/include/shape_msgs/shape_msgs/msg/detail/plane__builder.hpp
[73.436s] -- Installing: /ros2_ws/install/shape_msgs/include/shape_msgs/shape_msgs/msg/detail/mesh_triangle__type_support.hpp
[73.436s] -- Installing: /ros2_ws/install/shape_msgs/include/shape_msgs/shape_msgs/msg/detail/mesh_triangle__traits.hpp
[73.437s] -- Installing: /ros2_ws/install/shape_msgs/include/shape_msgs/shape_msgs/msg/detail/mesh_triangle__struct.hpp
[73.437s] -- Installing: /ros2_ws/install/shape_msgs/include/shape_msgs/shape_msgs/msg/detail/mesh__type_support.hpp
[73.437s] -- Installing: /ros2_ws/install/shape_msgs/include/shape_msgs/shape_msgs/msg/detail/solid_primitive__type_support.hpp
[73.438s] -- Installing: /ros2_ws/install/shape_msgs/include/shape_msgs/shape_msgs/msg/detail/plane__struct.hpp
[73.439s] -- Installing: /ros2_ws/install/shape_msgs/include/shape_msgs/shape_msgs/msg/detail/solid_primitive__builder.hpp
[73.439s] -- Installing: /ros2_ws/install/shape_msgs/include/shape_msgs/shape_msgs/msg/detail/mesh__traits.hpp
[73.440s] -- Installing: /ros2_ws/install/shape_msgs/include/shape_msgs/shape_msgs/msg/solid_primitive.hpp
[73.440s] -- Up-to-date: /ros2_ws/install/shape_msgs/include/shape_msgs/shape_msgs
[73.441s] -- Up-to-date: /ros2_ws/install/shape_msgs/include/shape_msgs/shape_msgs/msg
[73.441s] -- Installing: /ros2_ws/install/shape_msgs/include/shape_msgs/shape_msgs/msg/rosidl_typesupport_fastrtps_cpp__visibility_control.h
[73.442s] -- Up-to-date: /ros2_ws/install/shape_msgs/include/shape_msgs/shape_msgs/msg/detail
[73.442s] -- Installing: /ros2_ws/install/shape_msgs/include/shape_msgs/shape_msgs/msg/detail/mesh_triangle__rosidl_typesupport_fastrtps_cpp.hpp
[73.443s] -- Installing: /ros2_ws/install/shape_msgs/include/shape_msgs/shape_msgs/msg/detail/plane__rosidl_typesupport_fastrtps_cpp.hpp
[73.444s] -- Installing: /ros2_ws/install/shape_msgs/include/shape_msgs/shape_msgs/msg/detail/solid_primitive__rosidl_typesupport_fastrtps_cpp.hpp
[73.444s] -- Installing: /ros2_ws/install/shape_msgs/include/shape_msgs/shape_msgs/msg/detail/mesh__rosidl_typesupport_fastrtps_cpp.hpp
[73.444s] -- Installing: /ros2_ws/install/shape_msgs/include/shape_msgs/shape_msgs/msg/detail/dds_fastrtps
[73.445s] -- Installing: /ros2_ws/install/shape_msgs/lib/libshape_msgs__rosidl_typesupport_fastrtps_cpp.so
[73.445s] -- Set runtime path of "/ros2_ws/install/shape_msgs/lib/libshape_msgs__rosidl_typesupport_fastrtps_cpp.so" to ""
[73.446s] -- Up-to-date: /ros2_ws/install/shape_msgs/include/shape_msgs/shape_msgs
[73.447s] -- Up-to-date: /ros2_ws/install/shape_msgs/include/shape_msgs/shape_msgs/msg
[73.447s] -- Up-to-date: /ros2_ws/install/shape_msgs/include/shape_msgs/shape_msgs/msg/detail
[73.448s] -- Installing: /ros2_ws/install/shape_msgs/include/shape_msgs/shape_msgs/msg/detail/mesh_triangle__rosidl_typesupport_introspection_c.h
[73.448s] -- Installing: /ros2_ws/install/shape_msgs/include/shape_msgs/shape_msgs/msg/detail/solid_primitive__type_support.c
[73.449s] -- Installing: /ros2_ws/install/shape_msgs/include/shape_msgs/shape_msgs/msg/detail/plane__type_support.c
[73.450s] -- Installing: /ros2_ws/install/shape_msgs/include/shape_msgs/shape_msgs/msg/detail/mesh__rosidl_typesupport_introspection_c.h
[73.451s] -- Installing: /ros2_ws/install/shape_msgs/include/shape_msgs/shape_msgs/msg/detail/plane__rosidl_typesupport_introspection_c.h
[73.451s] -- Installing: /ros2_ws/install/shape_msgs/include/shape_msgs/shape_msgs/msg/detail/solid_primitive__rosidl_typesupport_introspection_c.h
[73.452s] -- Installing: /ros2_ws/install/shape_msgs/include/shape_msgs/shape_msgs/msg/detail/mesh__type_support.c
[73.452s] -- Installing: /ros2_ws/install/shape_msgs/include/shape_msgs/shape_msgs/msg/detail/mesh_triangle__type_support.c
[73.453s] -- Installing: /ros2_ws/install/shape_msgs/include/shape_msgs/shape_msgs/msg/rosidl_typesupport_introspection_c__visibility_control.h
[73.453s] -- Installing: /ros2_ws/install/shape_msgs/lib/libshape_msgs__rosidl_typesupport_introspection_c.so
[73.454s] -- Set runtime path of "/ros2_ws/install/shape_msgs/lib/libshape_msgs__rosidl_typesupport_introspection_c.so" to ""
[73.454s] -- Installing: /ros2_ws/install/shape_msgs/lib/libshape_msgs__rosidl_typesupport_c.so
[73.455s] -- Set runtime path of "/ros2_ws/install/shape_msgs/lib/libshape_msgs__rosidl_typesupport_c.so" to ""
[73.455s] -- Up-to-date: /ros2_ws/install/shape_msgs/include/shape_msgs/shape_msgs
[73.456s] -- Up-to-date: /ros2_ws/install/shape_msgs/include/shape_msgs/shape_msgs/msg
[73.456s] -- Up-to-date: /ros2_ws/install/shape_msgs/include/shape_msgs/shape_msgs/msg/detail
[73.457s] -- Installing: /ros2_ws/install/shape_msgs/include/shape_msgs/shape_msgs/msg/detail/mesh_triangle__type_support.cpp
[73.457s] -- Installing: /ros2_ws/install/shape_msgs/include/shape_msgs/shape_msgs/msg/detail/mesh_triangle__rosidl_typesupport_introspection_cpp.hpp
[73.458s] -- Installing: /ros2_ws/install/shape_msgs/include/shape_msgs/shape_msgs/msg/detail/solid_primitive__rosidl_typesupport_introspection_cpp.hpp
[73.458s] -- Installing: /ros2_ws/install/shape_msgs/include/shape_msgs/shape_msgs/msg/detail/solid_primitive__type_support.cpp
[73.459s] -- Installing: /ros2_ws/install/shape_msgs/include/shape_msgs/shape_msgs/msg/detail/plane__type_support.cpp
[73.460s] -- Installing: /ros2_ws/install/shape_msgs/include/shape_msgs/shape_msgs/msg/detail/mesh__rosidl_typesupport_introspection_cpp.hpp
[73.461s] -- Installing: /ros2_ws/install/shape_msgs/include/shape_msgs/shape_msgs/msg/detail/mesh__type_support.cpp
[73.462s] -- Installing: /ros2_ws/install/shape_msgs/include/shape_msgs/shape_msgs/msg/detail/plane__rosidl_typesupport_introspection_cpp.hpp
[73.462s] -- Installing: /ros2_ws/install/shape_msgs/lib/libshape_msgs__rosidl_typesupport_introspection_cpp.so
[73.462s] -- Set runtime path of "/ros2_ws/install/shape_msgs/lib/libshape_msgs__rosidl_typesupport_introspection_cpp.so" to ""
[73.463s] -- Installing: /ros2_ws/install/shape_msgs/lib/libshape_msgs__rosidl_typesupport_cpp.so
[73.464s] -- Set runtime path of "/ros2_ws/install/shape_msgs/lib/libshape_msgs__rosidl_typesupport_cpp.so" to ""
[73.464s] -- Installing: /ros2_ws/install/shape_msgs/share/shape_msgs/environment/pythonpath.sh
[73.465s] -- Installing: /ros2_ws/install/shape_msgs/share/shape_msgs/environment/pythonpath.dsv
[73.465s] -- Installing: /ros2_ws/install/shape_msgs/local/lib/python3.10/dist-packages/shape_msgs-2.0.5-py3.10.egg-info
[73.466s] -- Installing: /ros2_ws/install/shape_msgs/local/lib/python3.10/dist-packages/shape_msgs-2.0.5-py3.10.egg-info/SOURCES.txt
[73.466s] -- Installing: /ros2_ws/install/shape_msgs/local/lib/python3.10/dist-packages/shape_msgs-2.0.5-py3.10.egg-info/dependency_links.txt
[73.467s] -- Installing: /ros2_ws/install/shape_msgs/local/lib/python3.10/dist-packages/shape_msgs-2.0.5-py3.10.egg-info/top_level.txt
[73.467s] -- Installing: /ros2_ws/install/shape_msgs/local/lib/python3.10/dist-packages/shape_msgs-2.0.5-py3.10.egg-info/PKG-INFO
[73.468s] -- Installing: /ros2_ws/install/shape_msgs/local/lib/python3.10/dist-packages/shape_msgs
[73.468s] -- Installing: /ros2_ws/install/shape_msgs/local/lib/python3.10/dist-packages/shape_msgs/libshape_msgs__rosidl_generator_py.so
[73.469s] -- Installing: /ros2_ws/install/shape_msgs/local/lib/python3.10/dist-packages/shape_msgs/shape_msgs_s__rosidl_typesupport_c.cpython-310-aarch64-linux-gnu.so
[73.469s] -- Installing: /ros2_ws/install/shape_msgs/local/lib/python3.10/dist-packages/shape_msgs/__init__.py
[73.469s] -- Installing: /ros2_ws/install/shape_msgs/local/lib/python3.10/dist-packages/shape_msgs/shape_msgs_s__rosidl_typesupport_introspection_c.cpython-310-aarch64-linux-gnu.so
[73.470s] -- Installing: /ros2_ws/install/shape_msgs/local/lib/python3.10/dist-packages/shape_msgs/_shape_msgs_s.ep.rosidl_typesupport_introspection_c.c
[73.470s] -- Installing: /ros2_ws/install/shape_msgs/local/lib/python3.10/dist-packages/shape_msgs/_shape_msgs_s.ep.rosidl_typesupport_fastrtps_c.c
[73.471s] -- Installing: /ros2_ws/install/shape_msgs/local/lib/python3.10/dist-packages/shape_msgs/shape_msgs_s__rosidl_typesupport_fastrtps_c.cpython-310-aarch64-linux-gnu.so
[73.471s] -- Installing: /ros2_ws/install/shape_msgs/local/lib/python3.10/dist-packages/shape_msgs/msg
[73.471s] -- Installing: /ros2_ws/install/shape_msgs/local/lib/python3.10/dist-packages/shape_msgs/msg/_plane_s.c
[73.472s] -- Installing: /ros2_ws/install/shape_msgs/local/lib/python3.10/dist-packages/shape_msgs/msg/__init__.py
[73.472s] -- Installing: /ros2_ws/install/shape_msgs/local/lib/python3.10/dist-packages/shape_msgs/msg/_plane.py
[73.472s] -- Installing: /ros2_ws/install/shape_msgs/local/lib/python3.10/dist-packages/shape_msgs/msg/_mesh_triangle.py
[73.473s] -- Installing: /ros2_ws/install/shape_msgs/local/lib/python3.10/dist-packages/shape_msgs/msg/_solid_primitive_s.c
[73.473s] -- Installing: /ros2_ws/install/shape_msgs/local/lib/python3.10/dist-packages/shape_msgs/msg/_solid_primitive.py
[73.473s] -- Installing: /ros2_ws/install/shape_msgs/local/lib/python3.10/dist-packages/shape_msgs/msg/_mesh_triangle_s.c
[73.474s] -- Installing: /ros2_ws/install/shape_msgs/local/lib/python3.10/dist-packages/shape_msgs/msg/_mesh_s.c
[73.474s] -- Installing: /ros2_ws/install/shape_msgs/local/lib/python3.10/dist-packages/shape_msgs/msg/_mesh.py
[73.475s] -- Installing: /ros2_ws/install/shape_msgs/local/lib/python3.10/dist-packages/shape_msgs/_shape_msgs_s.ep.rosidl_typesupport_c.c
[73.639s] Listing '/ros2_ws/install/shape_msgs/local/lib/python3.10/dist-packages/shape_msgs'...
[73.640s] Compiling '/ros2_ws/install/shape_msgs/local/lib/python3.10/dist-packages/shape_msgs/__init__.py'...
[73.640s] Listing '/ros2_ws/install/shape_msgs/local/lib/python3.10/dist-packages/shape_msgs/msg'...
[73.641s] Compiling '/ros2_ws/install/shape_msgs/local/lib/python3.10/dist-packages/shape_msgs/msg/__init__.py'...
[73.642s] Compiling '/ros2_ws/install/shape_msgs/local/lib/python3.10/dist-packages/shape_msgs/msg/_mesh.py'...
[73.642s] Compiling '/ros2_ws/install/shape_msgs/local/lib/python3.10/dist-packages/shape_msgs/msg/_mesh_triangle.py'...
[73.643s] Compiling '/ros2_ws/install/shape_msgs/local/lib/python3.10/dist-packages/shape_msgs/msg/_plane.py'...
[73.643s] Compiling '/ros2_ws/install/shape_msgs/local/lib/python3.10/dist-packages/shape_msgs/msg/_solid_primitive.py'...
[73.668s] -- Installing: /ros2_ws/install/shape_msgs/local/lib/python3.10/dist-packages/shape_msgs/shape_msgs_s__rosidl_typesupport_fastrtps_c.cpython-310-aarch64-linux-gnu.so
[73.669s] -- Set runtime path of "/ros2_ws/install/shape_msgs/local/lib/python3.10/dist-packages/shape_msgs/shape_msgs_s__rosidl_typesupport_fastrtps_c.cpython-310-aarch64-linux-gnu.so" to ""
[73.670s] -- Installing: /ros2_ws/install/shape_msgs/local/lib/python3.10/dist-packages/shape_msgs/shape_msgs_s__rosidl_typesupport_introspection_c.cpython-310-aarch64-linux-gnu.so
[73.671s] -- Set runtime path of "/ros2_ws/install/shape_msgs/local/lib/python3.10/dist-packages/shape_msgs/shape_msgs_s__rosidl_typesupport_introspection_c.cpython-310-aarch64-linux-gnu.so" to ""
[73.672s] -- Installing: /ros2_ws/install/shape_msgs/local/lib/python3.10/dist-packages/shape_msgs/shape_msgs_s__rosidl_typesupport_c.cpython-310-aarch64-linux-gnu.so
[73.673s] -- Set runtime path of "/ros2_ws/install/shape_msgs/local/lib/python3.10/dist-packages/shape_msgs/shape_msgs_s__rosidl_typesupport_c.cpython-310-aarch64-linux-gnu.so" to ""
[73.674s] -- Installing: /ros2_ws/install/shape_msgs/lib/libshape_msgs__rosidl_generator_py.so
[73.675s] -- Set runtime path of "/ros2_ws/install/shape_msgs/lib/libshape_msgs__rosidl_generator_py.so" to ""
[73.676s] -- Installing: /ros2_ws/install/shape_msgs/share/ament_index/resource_index/rust_packages/shape_msgs
[73.677s] -- Installing: /ros2_ws/install/shape_msgs/share/shape_msgs/rust
[73.677s] -- Installing: /ros2_ws/install/shape_msgs/share/shape_msgs/rust/src
[73.678s] -- Installing: /ros2_ws/install/shape_msgs/share/shape_msgs/rust/src/msg
[73.678s] -- Installing: /ros2_ws/install/shape_msgs/share/shape_msgs/rust/src/msg/rmw.rs
[73.679s] -- Installing: /ros2_ws/install/shape_msgs/share/shape_msgs/rust/src/msg.rs
[73.680s] -- Installing: /ros2_ws/install/shape_msgs/share/shape_msgs/rust/src/lib.rs
[73.680s] -- Installing: /ros2_ws/install/shape_msgs/share/shape_msgs/rust/Cargo.toml
[73.681s] -- Installing: /ros2_ws/install/shape_msgs/share/shape_msgs/rust/build.rs
[73.681s] -- Installing: /ros2_ws/install/shape_msgs/share/shape_msgs/msg/Mesh.idl
[73.682s] -- Installing: /ros2_ws/install/shape_msgs/share/shape_msgs/msg/MeshTriangle.idl
[73.682s] -- Installing: /ros2_ws/install/shape_msgs/share/shape_msgs/msg/Plane.idl
[73.683s] -- Installing: /ros2_ws/install/shape_msgs/share/shape_msgs/msg/SolidPrimitive.idl
[73.683s] -- Installing: /ros2_ws/install/shape_msgs/share/shape_msgs/msg/Mesh.msg
[73.683s] -- Installing: /ros2_ws/install/shape_msgs/share/shape_msgs/msg/MeshTriangle.msg
[73.684s] -- Installing: /ros2_ws/install/shape_msgs/share/shape_msgs/msg/Plane.msg
[73.684s] -- Installing: /ros2_ws/install/shape_msgs/share/shape_msgs/msg/SolidPrimitive.msg
[73.685s] -- Installing: /ros2_ws/install/shape_msgs/share/ament_index/resource_index/package_run_dependencies/shape_msgs
[73.685s] -- Installing: /ros2_ws/install/shape_msgs/share/ament_index/resource_index/parent_prefix_path/shape_msgs
[73.686s] -- Installing: /ros2_ws/install/shape_msgs/share/shape_msgs/environment/ament_prefix_path.sh
[73.687s] -- Installing: /ros2_ws/install/shape_msgs/share/shape_msgs/environment/ament_prefix_path.dsv
[73.687s] -- Installing: /ros2_ws/install/shape_msgs/share/shape_msgs/environment/path.sh
[73.688s] -- Installing: /ros2_ws/install/shape_msgs/share/shape_msgs/environment/path.dsv
[73.688s] -- Installing: /ros2_ws/install/shape_msgs/share/shape_msgs/local_setup.bash
[73.689s] -- Installing: /ros2_ws/install/shape_msgs/share/shape_msgs/local_setup.sh
[73.689s] -- Installing: /ros2_ws/install/shape_msgs/share/shape_msgs/local_setup.zsh
[73.690s] -- Installing: /ros2_ws/install/shape_msgs/share/shape_msgs/local_setup.dsv
[73.691s] -- Installing: /ros2_ws/install/shape_msgs/share/shape_msgs/package.dsv
[73.691s] -- Installing: /ros2_ws/install/shape_msgs/share/ament_index/resource_index/packages/shape_msgs
[73.692s] -- Installing: /ros2_ws/install/shape_msgs/share/shape_msgs/cmake/export_shape_msgs__rosidl_generator_cExport.cmake
[73.693s] -- Installing: /ros2_ws/install/shape_msgs/share/shape_msgs/cmake/export_shape_msgs__rosidl_generator_cExport-noconfig.cmake
[73.693s] -- Installing: /ros2_ws/install/shape_msgs/share/shape_msgs/cmake/export_shape_msgs__rosidl_typesupport_fastrtps_cExport.cmake
[73.694s] -- Installing: /ros2_ws/install/shape_msgs/share/shape_msgs/cmake/export_shape_msgs__rosidl_typesupport_fastrtps_cExport-noconfig.cmake
[73.695s] -- Installing: /ros2_ws/install/shape_msgs/share/shape_msgs/cmake/export_shape_msgs__rosidl_generator_cppExport.cmake
[73.695s] -- Installing: /ros2_ws/install/shape_msgs/share/shape_msgs/cmake/export_shape_msgs__rosidl_typesupport_fastrtps_cppExport.cmake
[73.696s] -- Installing: /ros2_ws/install/shape_msgs/share/shape_msgs/cmake/export_shape_msgs__rosidl_typesupport_fastrtps_cppExport-noconfig.cmake
[73.697s] -- Installing: /ros2_ws/install/shape_msgs/share/shape_msgs/cmake/shape_msgs__rosidl_typesupport_introspection_cExport.cmake
[73.697s] -- Installing: /ros2_ws/install/shape_msgs/share/shape_msgs/cmake/shape_msgs__rosidl_typesupport_introspection_cExport-noconfig.cmake
[73.698s] -- Installing: /ros2_ws/install/shape_msgs/share/shape_msgs/cmake/shape_msgs__rosidl_typesupport_cExport.cmake
[73.699s] -- Installing: /ros2_ws/install/shape_msgs/share/shape_msgs/cmake/shape_msgs__rosidl_typesupport_cExport-noconfig.cmake
[73.699s] -- Installing: /ros2_ws/install/shape_msgs/share/shape_msgs/cmake/shape_msgs__rosidl_typesupport_introspection_cppExport.cmake
[73.700s] -- Installing: /ros2_ws/install/shape_msgs/share/shape_msgs/cmake/shape_msgs__rosidl_typesupport_introspection_cppExport-noconfig.cmake
[73.701s] -- Installing: /ros2_ws/install/shape_msgs/share/shape_msgs/cmake/shape_msgs__rosidl_typesupport_cppExport.cmake
[73.702s] -- Installing: /ros2_ws/install/shape_msgs/share/shape_msgs/cmake/shape_msgs__rosidl_typesupport_cppExport-noconfig.cmake
[73.702s] -- Installing: /ros2_ws/install/shape_msgs/share/shape_msgs/cmake/export_shape_msgs__rosidl_generator_pyExport.cmake
[73.703s] -- Installing: /ros2_ws/install/shape_msgs/share/shape_msgs/cmake/export_shape_msgs__rosidl_generator_pyExport-noconfig.cmake
[73.704s] -- Installing: /ros2_ws/install/shape_msgs/share/shape_msgs/cmake/rosidl_cmake-extras.cmake
[73.704s] -- Installing: /ros2_ws/install/shape_msgs/share/shape_msgs/cmake/ament_cmake_export_dependencies-extras.cmake
[73.705s] -- Installing: /ros2_ws/install/shape_msgs/share/shape_msgs/cmake/ament_cmake_export_include_directories-extras.cmake
[73.705s] -- Installing: /ros2_ws/install/shape_msgs/share/shape_msgs/cmake/ament_cmake_export_libraries-extras.cmake
[73.706s] -- Installing: /ros2_ws/install/shape_msgs/share/shape_msgs/cmake/ament_cmake_export_targets-extras.cmake
[73.706s] -- Installing: /ros2_ws/install/shape_msgs/share/shape_msgs/cmake/rosidl_cmake_export_typesupport_targets-extras.cmake
[73.707s] -- Installing: /ros2_ws/install/shape_msgs/share/shape_msgs/cmake/rosidl_cmake_export_typesupport_libraries-extras.cmake
[73.708s] -- Installing: /ros2_ws/install/shape_msgs/share/shape_msgs/cmake/shape_msgsConfig.cmake
[73.708s] -- Installing: /ros2_ws/install/shape_msgs/share/shape_msgs/cmake/shape_msgsConfig-version.cmake
[73.709s] -- Installing: /ros2_ws/install/shape_msgs/share/shape_msgs/package.xml
[73.720s] Invoked command in '/ros2_ws/build/shape_msgs' returned '0': AMENT_PREFIX_PATH=/ros2_ws/install/geometry_msgs:/ros2_ws/install/std_msgs:${AMENT_PREFIX_PATH} CMAKE_PREFIX_PATH=/ros2_ws/install/geometry_msgs:/ros2_ws/install/std_msgs:/opt/ros/humble LD_LIBRARY_PATH=/ros2_ws/install/geometry_msgs/lib:/ros2_ws/install/std_msgs/lib:${LD_LIBRARY_PATH} PYTHONPATH=/ros2_ws/install/geometry_msgs/local/lib/python3.10/dist-packages:/ros2_ws/install/std_msgs/local/lib/python3.10/dist-packages:${PYTHONPATH} /usr/bin/cmake --install /ros2_ws/build/shape_msgs
