[0.054s] Invoking command in '/ros2_ws/build/depthai_descriptions': CMAKE_PREFIX_PATH=/opt/ros/humble /usr/bin/cmake /ros2_ws/src/depthai-ros/depthai_descriptions -DCMAKE_INSTALL_PREFIX=/ros2_ws/install/depthai_descriptions
[1.048s] -- The C compiler identification is GNU 11.4.0
[1.553s] -- The CXX compiler identification is GNU 11.4.0
[1.591s] -- Detecting C compiler ABI info
[1.879s] -- Detecting C compiler ABI info - done
[1.915s] -- Check for working C compiler: /usr/bin/cc - skipped
[1.916s] -- Detecting C compile features
[1.918s] -- Detecting C compile features - done
[1.931s] -- Detecting CXX compiler ABI info
[2.259s] -- Detecting CXX compiler ABI info - done
[2.299s] -- Check for working CXX compiler: /usr/bin/c++ - skipped
[2.301s] -- Detecting CXX compile features
[2.303s] -- Detecting CXX compile features - done
[2.323s] -- Found ament_cmake: 1.3.14 (/opt/ros/humble/share/ament_cmake/cmake)
[2.939s] -- Found Python3: /usr/bin/python3 (found version "3.10.12") found components: Interpreter 
[3.871s] -- Configuring done
[3.882s] -- Generating done
[3.888s] -- Build files have been written to: /ros2_ws/build/depthai_descriptions
[3.910s] Invoked command in '/ros2_ws/build/depthai_descriptions' returned '0': CMAKE_PREFIX_PATH=/opt/ros/humble /usr/bin/cmake /ros2_ws/src/depthai-ros/depthai_descriptions -DCMAKE_INSTALL_PREFIX=/ros2_ws/install/depthai_descriptions
[3.911s] Invoking command in '/ros2_ws/build/depthai_descriptions': CMAKE_PREFIX_PATH=/opt/ros/humble /usr/bin/cmake --build /ros2_ws/build/depthai_descriptions -- -j4 -l4
[4.046s] Invoked command in '/ros2_ws/build/depthai_descriptions' returned '0': CMAKE_PREFIX_PATH=/opt/ros/humble /usr/bin/cmake --build /ros2_ws/build/depthai_descriptions -- -j4 -l4
[4.078s] Invoking command in '/ros2_ws/build/depthai_descriptions': CMAKE_PREFIX_PATH=/opt/ros/humble /usr/bin/cmake --install /ros2_ws/build/depthai_descriptions
[4.107s] -- Install configuration: ""
[4.107s] -- Installing: /ros2_ws/install/depthai_descriptions/share/depthai_descriptions/launch
[4.108s] -- Installing: /ros2_ws/install/depthai_descriptions/share/depthai_descriptions/launch/urdf_launch.py
[4.109s] -- Installing: /ros2_ws/install/depthai_descriptions/share/depthai_descriptions/urdf
[4.110s] -- Installing: /ros2_ws/install/depthai_descriptions/share/depthai_descriptions/urdf/depthai_descr.urdf.xacro
[4.110s] -- Installing: /ros2_ws/install/depthai_descriptions/share/depthai_descriptions/urdf/models
[4.111s] -- Installing: /ros2_ws/install/depthai_descriptions/share/depthai_descriptions/urdf/models/OAK-D-S2.stl
[4.145s] -- Installing: /ros2_ws/install/depthai_descriptions/share/depthai_descriptions/urdf/models/OAK-D-PRO.stl
[4.184s] -- Installing: /ros2_ws/install/depthai_descriptions/share/depthai_descriptions/urdf/models/OAK-D-IOT-75.stl
[4.247s] -- Installing: /ros2_ws/install/depthai_descriptions/share/depthai_descriptions/urdf/models/OAK-D-LITE.stl
[4.279s] -- Installing: /ros2_ws/install/depthai_descriptions/share/depthai_descriptions/urdf/models/OAK-D-POE.stl
[4.325s] -- Installing: /ros2_ws/install/depthai_descriptions/share/depthai_descriptions/urdf/models/OAK-D-CM4-POE.stl
[4.416s] -- Installing: /ros2_ws/install/depthai_descriptions/share/depthai_descriptions/urdf/models/OAK-D.stl
[4.437s] -- Installing: /ros2_ws/install/depthai_descriptions/share/depthai_descriptions/urdf/include
[4.437s] -- Installing: /ros2_ws/install/depthai_descriptions/share/depthai_descriptions/urdf/include/depthai_macro.urdf.xacro
[4.438s] -- Installing: /ros2_ws/install/depthai_descriptions/share/ament_index/resource_index/package_run_dependencies/depthai_descriptions
[4.440s] -- Installing: /ros2_ws/install/depthai_descriptions/share/ament_index/resource_index/parent_prefix_path/depthai_descriptions
[4.441s] -- Installing: /ros2_ws/install/depthai_descriptions/share/depthai_descriptions/environment/ament_prefix_path.sh
[4.442s] -- Installing: /ros2_ws/install/depthai_descriptions/share/depthai_descriptions/environment/ament_prefix_path.dsv
[4.442s] -- Installing: /ros2_ws/install/depthai_descriptions/share/depthai_descriptions/environment/path.sh
[4.443s] -- Installing: /ros2_ws/install/depthai_descriptions/share/depthai_descriptions/environment/path.dsv
[4.443s] -- Installing: /ros2_ws/install/depthai_descriptions/share/depthai_descriptions/local_setup.bash
[4.444s] -- Installing: /ros2_ws/install/depthai_descriptions/share/depthai_descriptions/local_setup.sh
[4.445s] -- Installing: /ros2_ws/install/depthai_descriptions/share/depthai_descriptions/local_setup.zsh
[4.445s] -- Installing: /ros2_ws/install/depthai_descriptions/share/depthai_descriptions/local_setup.dsv
[4.445s] -- Installing: /ros2_ws/install/depthai_descriptions/share/depthai_descriptions/package.dsv
[4.446s] -- Installing: /ros2_ws/install/depthai_descriptions/share/ament_index/resource_index/packages/depthai_descriptions
[4.447s] -- Installing: /ros2_ws/install/depthai_descriptions/share/depthai_descriptions/cmake/depthai_descriptionsConfig.cmake
[4.447s] -- Installing: /ros2_ws/install/depthai_descriptions/share/depthai_descriptions/cmake/depthai_descriptionsConfig-version.cmake
[4.448s] -- Installing: /ros2_ws/install/depthai_descriptions/share/depthai_descriptions/package.xml
[4.455s] Invoked command in '/ros2_ws/build/depthai_descriptions' returned '0': CMAKE_PREFIX_PATH=/opt/ros/humble /usr/bin/cmake --install /ros2_ws/build/depthai_descriptions
