[0.072s] Invoking command in '/ros2_ws/build/nav_msgs': AMENT_PREFIX_PATH=/ros2_ws/install/geometry_msgs:/ros2_ws/install/std_msgs:${AMENT_PREFIX_PATH} CMAKE_PREFIX_PATH=/ros2_ws/install/geometry_msgs:/ros2_ws/install/std_msgs:/opt/ros/humble LD_LIBRARY_PATH=/ros2_ws/install/geometry_msgs/lib:/ros2_ws/install/std_msgs/lib:${LD_LIBRARY_PATH} PYTHONPATH=/ros2_ws/install/geometry_msgs/local/lib/python3.10/dist-packages:/ros2_ws/install/std_msgs/local/lib/python3.10/dist-packages:${PYTHONPATH} /usr/bin/cmake --build /ros2_ws/build/nav_msgs -- -j4 -l4
[0.363s] [35m[1mConsolidate compiler generated dependencies of target nav_msgs__rosidl_generator_c[0m
[0.485s] [  1%] Built target nav_msgs__rs
[0.536s] [ 12%] Built target nav_msgs__rosidl_generator_c
[0.578s] [ 12%] Built target ament_cmake_python_copy_nav_msgs
[0.673s] [ 13%] Built target nav_msgs__cpp
[0.731s] [35m[1mConsolidate compiler generated dependencies of target nav_msgs__rosidl_typesupport_introspection_c[0m
[0.761s] [35m[1mConsolidate compiler generated dependencies of target nav_msgs__rosidl_typesupport_fastrtps_c[0m
[0.805s] [35m[1mConsolidate compiler generated dependencies of target nav_msgs__rosidl_typesupport_c[0m
[0.927s] [ 25%] Built target nav_msgs__rosidl_typesupport_introspection_c
[0.970s] [ 39%] Built target nav_msgs__rosidl_typesupport_fastrtps_c
[0.981s] [ 47%] Built target nav_msgs__rosidl_typesupport_c
[1.212s] [35m[1mConsolidate compiler generated dependencies of target nav_msgs__rosidl_typesupport_fastrtps_cpp[0m
[1.223s] [35m[1mConsolidate compiler generated dependencies of target nav_msgs__rosidl_typesupport_introspection_cpp[0m
[1.228s] [35m[1mConsolidate compiler generated dependencies of target nav_msgs__rosidl_typesupport_cpp[0m
[1.460s] [ 59%] Built target nav_msgs__rosidl_typesupport_introspection_cpp
[1.488s] [ 70%] Built target nav_msgs__rosidl_typesupport_fastrtps_cpp
[1.510s] [ 81%] Built target nav_msgs__rosidl_typesupport_cpp
[1.826s] [ 81%] Built target nav_msgs
[2.086s] [ 82%] Built target nav_msgs__py
[2.278s] [35m[1mConsolidate compiler generated dependencies of target nav_msgs__rosidl_generator_py[0m
[2.304s] running egg_info
[2.309s] writing nav_msgs.egg-info/PKG-INFO
[2.310s] writing dependency_links to nav_msgs.egg-info/dependency_links.txt
[2.312s] writing top-level names to nav_msgs.egg-info/top_level.txt
[2.324s] reading manifest file 'nav_msgs.egg-info/SOURCES.txt'
[2.329s] writing manifest file 'nav_msgs.egg-info/SOURCES.txt'
[2.550s] [ 82%] Built target ament_cmake_python_build_nav_msgs_egg
[2.593s] [ 93%] Built target nav_msgs__rosidl_generator_py
[2.822s] [35m[1mConsolidate compiler generated dependencies of target nav_msgs__rosidl_typesupport_fastrtps_c__pyext[0m
[2.836s] [35m[1mConsolidate compiler generated dependencies of target nav_msgs__rosidl_typesupport_introspection_c__pyext[0m
[2.855s] [35m[1mConsolidate compiler generated dependencies of target nav_msgs__rosidl_typesupport_c__pyext[0m
[3.032s] [ 95%] Built target nav_msgs__rosidl_typesupport_introspection_c__pyext
[3.039s] [ 97%] Built target nav_msgs__rosidl_typesupport_c__pyext
[3.043s] [100%] Built target nav_msgs__rosidl_typesupport_fastrtps_c__pyext
[3.112s] Invoked command in '/ros2_ws/build/nav_msgs' returned '0': AMENT_PREFIX_PATH=/ros2_ws/install/geometry_msgs:/ros2_ws/install/std_msgs:${AMENT_PREFIX_PATH} CMAKE_PREFIX_PATH=/ros2_ws/install/geometry_msgs:/ros2_ws/install/std_msgs:/opt/ros/humble LD_LIBRARY_PATH=/ros2_ws/install/geometry_msgs/lib:/ros2_ws/install/std_msgs/lib:${LD_LIBRARY_PATH} PYTHONPATH=/ros2_ws/install/geometry_msgs/local/lib/python3.10/dist-packages:/ros2_ws/install/std_msgs/local/lib/python3.10/dist-packages:${PYTHONPATH} /usr/bin/cmake --build /ros2_ws/build/nav_msgs -- -j4 -l4
[3.126s] Invoking command in '/ros2_ws/build/nav_msgs': AMENT_PREFIX_PATH=/ros2_ws/install/geometry_msgs:/ros2_ws/install/std_msgs:${AMENT_PREFIX_PATH} CMAKE_PREFIX_PATH=/ros2_ws/install/geometry_msgs:/ros2_ws/install/std_msgs:/opt/ros/humble LD_LIBRARY_PATH=/ros2_ws/install/geometry_msgs/lib:/ros2_ws/install/std_msgs/lib:${LD_LIBRARY_PATH} PYTHONPATH=/ros2_ws/install/geometry_msgs/local/lib/python3.10/dist-packages:/ros2_ws/install/std_msgs/local/lib/python3.10/dist-packages:${PYTHONPATH} /usr/bin/cmake --install /ros2_ws/build/nav_msgs
[3.232s] -- Install configuration: ""
[3.233s] -- Up-to-date: /ros2_ws/install/nav_msgs/share/ament_index/resource_index/rosidl_interfaces/nav_msgs
[3.233s] -- Up-to-date: /ros2_ws/install/nav_msgs/include/nav_msgs/nav_msgs
[3.248s] -- Up-to-date: /ros2_ws/install/nav_msgs/include/nav_msgs/nav_msgs/srv
[3.249s] -- Up-to-date: /ros2_ws/install/nav_msgs/include/nav_msgs/nav_msgs/srv/get_plan.h
[3.250s] -- Up-to-date: /ros2_ws/install/nav_msgs/include/nav_msgs/nav_msgs/srv/get_map.h
[3.250s] -- Up-to-date: /ros2_ws/install/nav_msgs/include/nav_msgs/nav_msgs/srv/set_map.h
[3.251s] -- Up-to-date: /ros2_ws/install/nav_msgs/include/nav_msgs/nav_msgs/srv/detail
[3.252s] -- Up-to-date: /ros2_ws/install/nav_msgs/include/nav_msgs/nav_msgs/srv/detail/get_map__functions.h
[3.253s] -- Up-to-date: /ros2_ws/install/nav_msgs/include/nav_msgs/nav_msgs/srv/detail/get_map__type_support.h
[3.253s] -- Up-to-date: /ros2_ws/install/nav_msgs/include/nav_msgs/nav_msgs/srv/detail/get_plan__functions.h
[3.254s] -- Up-to-date: /ros2_ws/install/nav_msgs/include/nav_msgs/nav_msgs/srv/detail/set_map__type_support.h
[3.256s] -- Up-to-date: /ros2_ws/install/nav_msgs/include/nav_msgs/nav_msgs/srv/detail/get_plan__functions.c
[3.262s] -- Up-to-date: /ros2_ws/install/nav_msgs/include/nav_msgs/nav_msgs/srv/detail/set_map__functions.h
[3.263s] -- Up-to-date: /ros2_ws/install/nav_msgs/include/nav_msgs/nav_msgs/srv/detail/set_map__struct.h
[3.272s] -- Up-to-date: /ros2_ws/install/nav_msgs/include/nav_msgs/nav_msgs/srv/detail/get_plan__type_support.h
[3.273s] -- Up-to-date: /ros2_ws/install/nav_msgs/include/nav_msgs/nav_msgs/srv/detail/get_plan__struct.h
[3.275s] -- Up-to-date: /ros2_ws/install/nav_msgs/include/nav_msgs/nav_msgs/srv/detail/get_map__functions.c
[3.276s] -- Up-to-date: /ros2_ws/install/nav_msgs/include/nav_msgs/nav_msgs/srv/detail/set_map__functions.c
[3.278s] -- Up-to-date: /ros2_ws/install/nav_msgs/include/nav_msgs/nav_msgs/srv/detail/get_map__struct.h
[3.289s] -- Up-to-date: /ros2_ws/install/nav_msgs/include/nav_msgs/nav_msgs/msg
[3.290s] -- Up-to-date: /ros2_ws/install/nav_msgs/include/nav_msgs/nav_msgs/msg/map_meta_data.h
[3.290s] -- Up-to-date: /ros2_ws/install/nav_msgs/include/nav_msgs/nav_msgs/msg/odometry.h
[3.291s] -- Up-to-date: /ros2_ws/install/nav_msgs/include/nav_msgs/nav_msgs/msg/path.h
[3.291s] -- Up-to-date: /ros2_ws/install/nav_msgs/include/nav_msgs/nav_msgs/msg/occupancy_grid.h
[3.293s] -- Up-to-date: /ros2_ws/install/nav_msgs/include/nav_msgs/nav_msgs/msg/grid_cells.h
[3.294s] -- Up-to-date: /ros2_ws/install/nav_msgs/include/nav_msgs/nav_msgs/msg/detail
[3.296s] -- Up-to-date: /ros2_ws/install/nav_msgs/include/nav_msgs/nav_msgs/msg/detail/occupancy_grid__type_support.h
[3.300s] -- Up-to-date: /ros2_ws/install/nav_msgs/include/nav_msgs/nav_msgs/msg/detail/odometry__type_support.h
[3.304s] -- Up-to-date: /ros2_ws/install/nav_msgs/include/nav_msgs/nav_msgs/msg/detail/path__type_support.h
[3.307s] -- Up-to-date: /ros2_ws/install/nav_msgs/include/nav_msgs/nav_msgs/msg/detail/map_meta_data__functions.h
[3.307s] -- Up-to-date: /ros2_ws/install/nav_msgs/include/nav_msgs/nav_msgs/msg/detail/map_meta_data__functions.c
[3.308s] -- Up-to-date: /ros2_ws/install/nav_msgs/include/nav_msgs/nav_msgs/msg/detail/grid_cells__struct.h
[3.308s] -- Up-to-date: /ros2_ws/install/nav_msgs/include/nav_msgs/nav_msgs/msg/detail/map_meta_data__struct.h
[3.309s] -- Up-to-date: /ros2_ws/install/nav_msgs/include/nav_msgs/nav_msgs/msg/detail/occupancy_grid__struct.h
[3.309s] -- Up-to-date: /ros2_ws/install/nav_msgs/include/nav_msgs/nav_msgs/msg/detail/path__functions.c
[3.310s] -- Up-to-date: /ros2_ws/install/nav_msgs/include/nav_msgs/nav_msgs/msg/detail/occupancy_grid__functions.h
[3.310s] -- Up-to-date: /ros2_ws/install/nav_msgs/include/nav_msgs/nav_msgs/msg/detail/grid_cells__functions.c
[3.311s] -- Up-to-date: /ros2_ws/install/nav_msgs/include/nav_msgs/nav_msgs/msg/detail/path__functions.h
[3.312s] -- Up-to-date: /ros2_ws/install/nav_msgs/include/nav_msgs/nav_msgs/msg/detail/occupancy_grid__functions.c
[3.312s] -- Up-to-date: /ros2_ws/install/nav_msgs/include/nav_msgs/nav_msgs/msg/detail/grid_cells__type_support.h
[3.313s] -- Up-to-date: /ros2_ws/install/nav_msgs/include/nav_msgs/nav_msgs/msg/detail/odometry__struct.h
[3.313s] -- Up-to-date: /ros2_ws/install/nav_msgs/include/nav_msgs/nav_msgs/msg/detail/odometry__functions.h
[3.314s] -- Up-to-date: /ros2_ws/install/nav_msgs/include/nav_msgs/nav_msgs/msg/detail/map_meta_data__type_support.h
[3.314s] -- Up-to-date: /ros2_ws/install/nav_msgs/include/nav_msgs/nav_msgs/msg/detail/odometry__functions.c
[3.315s] -- Up-to-date: /ros2_ws/install/nav_msgs/include/nav_msgs/nav_msgs/msg/detail/grid_cells__functions.h
[3.315s] -- Up-to-date: /ros2_ws/install/nav_msgs/include/nav_msgs/nav_msgs/msg/detail/path__struct.h
[3.316s] -- Up-to-date: /ros2_ws/install/nav_msgs/include/nav_msgs/nav_msgs/msg/rosidl_generator_c__visibility_control.h
[3.317s] -- Up-to-date: /ros2_ws/install/nav_msgs/share/nav_msgs/environment/library_path.sh
[3.318s] -- Up-to-date: /ros2_ws/install/nav_msgs/share/nav_msgs/environment/library_path.dsv
[3.320s] -- Up-to-date: /ros2_ws/install/nav_msgs/lib/libnav_msgs__rosidl_generator_c.so
[3.322s] -- Up-to-date: /ros2_ws/install/nav_msgs/include/nav_msgs/nav_msgs
[3.322s] -- Up-to-date: /ros2_ws/install/nav_msgs/include/nav_msgs/nav_msgs/srv
[3.323s] -- Up-to-date: /ros2_ws/install/nav_msgs/include/nav_msgs/nav_msgs/srv/detail
[3.337s] -- Up-to-date: /ros2_ws/install/nav_msgs/include/nav_msgs/nav_msgs/srv/detail/set_map__rosidl_typesupport_fastrtps_c.h
[3.338s] -- Up-to-date: /ros2_ws/install/nav_msgs/include/nav_msgs/nav_msgs/srv/detail/get_plan__rosidl_typesupport_fastrtps_c.h
[3.338s] -- Up-to-date: /ros2_ws/install/nav_msgs/include/nav_msgs/nav_msgs/srv/detail/get_map__rosidl_typesupport_fastrtps_c.h
[3.339s] -- Up-to-date: /ros2_ws/install/nav_msgs/include/nav_msgs/nav_msgs/msg
[3.340s] -- Up-to-date: /ros2_ws/install/nav_msgs/include/nav_msgs/nav_msgs/msg/rosidl_typesupport_fastrtps_c__visibility_control.h
[3.340s] -- Up-to-date: /ros2_ws/install/nav_msgs/include/nav_msgs/nav_msgs/msg/detail
[3.341s] -- Up-to-date: /ros2_ws/install/nav_msgs/include/nav_msgs/nav_msgs/msg/detail/map_meta_data__rosidl_typesupport_fastrtps_c.h
[3.342s] -- Up-to-date: /ros2_ws/install/nav_msgs/include/nav_msgs/nav_msgs/msg/detail/grid_cells__rosidl_typesupport_fastrtps_c.h
[3.342s] -- Up-to-date: /ros2_ws/install/nav_msgs/include/nav_msgs/nav_msgs/msg/detail/path__rosidl_typesupport_fastrtps_c.h
[3.343s] -- Up-to-date: /ros2_ws/install/nav_msgs/include/nav_msgs/nav_msgs/msg/detail/occupancy_grid__rosidl_typesupport_fastrtps_c.h
[3.344s] -- Up-to-date: /ros2_ws/install/nav_msgs/include/nav_msgs/nav_msgs/msg/detail/odometry__rosidl_typesupport_fastrtps_c.h
[3.365s] -- Up-to-date: /ros2_ws/install/nav_msgs/lib/libnav_msgs__rosidl_typesupport_fastrtps_c.so
[3.365s] -- Up-to-date: /ros2_ws/install/nav_msgs/include/nav_msgs/nav_msgs
[3.366s] -- Up-to-date: /ros2_ws/install/nav_msgs/include/nav_msgs/nav_msgs/srv
[3.366s] -- Up-to-date: /ros2_ws/install/nav_msgs/include/nav_msgs/nav_msgs/srv/get_map.hpp
[3.367s] -- Up-to-date: /ros2_ws/install/nav_msgs/include/nav_msgs/nav_msgs/srv/set_map.hpp
[3.367s] -- Up-to-date: /ros2_ws/install/nav_msgs/include/nav_msgs/nav_msgs/srv/detail
[3.368s] -- Up-to-date: /ros2_ws/install/nav_msgs/include/nav_msgs/nav_msgs/srv/detail/get_plan__type_support.hpp
[3.368s] -- Up-to-date: /ros2_ws/install/nav_msgs/include/nav_msgs/nav_msgs/srv/detail/set_map__struct.hpp
[3.369s] -- Up-to-date: /ros2_ws/install/nav_msgs/include/nav_msgs/nav_msgs/srv/detail/set_map__builder.hpp
[3.369s] -- Up-to-date: /ros2_ws/install/nav_msgs/include/nav_msgs/nav_msgs/srv/detail/set_map__type_support.hpp
[3.370s] -- Up-to-date: /ros2_ws/install/nav_msgs/include/nav_msgs/nav_msgs/srv/detail/get_plan__traits.hpp
[3.370s] -- Up-to-date: /ros2_ws/install/nav_msgs/include/nav_msgs/nav_msgs/srv/detail/get_map__traits.hpp
[3.371s] -- Up-to-date: /ros2_ws/install/nav_msgs/include/nav_msgs/nav_msgs/srv/detail/get_map__struct.hpp
[3.371s] -- Up-to-date: /ros2_ws/install/nav_msgs/include/nav_msgs/nav_msgs/srv/detail/get_map__type_support.hpp
[3.372s] -- Up-to-date: /ros2_ws/install/nav_msgs/include/nav_msgs/nav_msgs/srv/detail/get_plan__builder.hpp
[3.372s] -- Up-to-date: /ros2_ws/install/nav_msgs/include/nav_msgs/nav_msgs/srv/detail/get_plan__struct.hpp
[3.373s] -- Up-to-date: /ros2_ws/install/nav_msgs/include/nav_msgs/nav_msgs/srv/detail/set_map__traits.hpp
[3.374s] -- Up-to-date: /ros2_ws/install/nav_msgs/include/nav_msgs/nav_msgs/srv/detail/get_map__builder.hpp
[3.374s] -- Up-to-date: /ros2_ws/install/nav_msgs/include/nav_msgs/nav_msgs/srv/get_plan.hpp
[3.375s] -- Up-to-date: /ros2_ws/install/nav_msgs/include/nav_msgs/nav_msgs/msg
[3.376s] -- Up-to-date: /ros2_ws/install/nav_msgs/include/nav_msgs/nav_msgs/msg/grid_cells.hpp
[3.376s] -- Up-to-date: /ros2_ws/install/nav_msgs/include/nav_msgs/nav_msgs/msg/path.hpp
[3.377s] -- Up-to-date: /ros2_ws/install/nav_msgs/include/nav_msgs/nav_msgs/msg/occupancy_grid.hpp
[3.377s] -- Up-to-date: /ros2_ws/install/nav_msgs/include/nav_msgs/nav_msgs/msg/map_meta_data.hpp
[3.377s] -- Up-to-date: /ros2_ws/install/nav_msgs/include/nav_msgs/nav_msgs/msg/rosidl_generator_cpp__visibility_control.hpp
[3.378s] -- Up-to-date: /ros2_ws/install/nav_msgs/include/nav_msgs/nav_msgs/msg/odometry.hpp
[3.379s] -- Up-to-date: /ros2_ws/install/nav_msgs/include/nav_msgs/nav_msgs/msg/detail
[3.379s] -- Up-to-date: /ros2_ws/install/nav_msgs/include/nav_msgs/nav_msgs/msg/detail/occupancy_grid__type_support.hpp
[3.382s] -- Up-to-date: /ros2_ws/install/nav_msgs/include/nav_msgs/nav_msgs/msg/detail/grid_cells__type_support.hpp
[3.382s] -- Up-to-date: /ros2_ws/install/nav_msgs/include/nav_msgs/nav_msgs/msg/detail/grid_cells__builder.hpp
[3.383s] -- Up-to-date: /ros2_ws/install/nav_msgs/include/nav_msgs/nav_msgs/msg/detail/map_meta_data__struct.hpp
[3.384s] -- Up-to-date: /ros2_ws/install/nav_msgs/include/nav_msgs/nav_msgs/msg/detail/grid_cells__struct.hpp
[3.384s] -- Up-to-date: /ros2_ws/install/nav_msgs/include/nav_msgs/nav_msgs/msg/detail/map_meta_data__type_support.hpp
[3.385s] -- Up-to-date: /ros2_ws/install/nav_msgs/include/nav_msgs/nav_msgs/msg/detail/path__struct.hpp
[3.385s] -- Up-to-date: /ros2_ws/install/nav_msgs/include/nav_msgs/nav_msgs/msg/detail/occupancy_grid__traits.hpp
[3.385s] -- Up-to-date: /ros2_ws/install/nav_msgs/include/nav_msgs/nav_msgs/msg/detail/odometry__builder.hpp
[3.386s] -- Up-to-date: /ros2_ws/install/nav_msgs/include/nav_msgs/nav_msgs/msg/detail/path__type_support.hpp
[3.386s] -- Up-to-date: /ros2_ws/install/nav_msgs/include/nav_msgs/nav_msgs/msg/detail/map_meta_data__builder.hpp
[3.387s] -- Up-to-date: /ros2_ws/install/nav_msgs/include/nav_msgs/nav_msgs/msg/detail/map_meta_data__traits.hpp
[3.387s] -- Up-to-date: /ros2_ws/install/nav_msgs/include/nav_msgs/nav_msgs/msg/detail/occupancy_grid__struct.hpp
[3.388s] -- Up-to-date: /ros2_ws/install/nav_msgs/include/nav_msgs/nav_msgs/msg/detail/grid_cells__traits.hpp
[3.388s] -- Up-to-date: /ros2_ws/install/nav_msgs/include/nav_msgs/nav_msgs/msg/detail/odometry__type_support.hpp
[3.389s] -- Up-to-date: /ros2_ws/install/nav_msgs/include/nav_msgs/nav_msgs/msg/detail/odometry__traits.hpp
[3.389s] -- Up-to-date: /ros2_ws/install/nav_msgs/include/nav_msgs/nav_msgs/msg/detail/odometry__struct.hpp
[3.389s] -- Up-to-date: /ros2_ws/install/nav_msgs/include/nav_msgs/nav_msgs/msg/detail/path__builder.hpp
[3.390s] -- Up-to-date: /ros2_ws/install/nav_msgs/include/nav_msgs/nav_msgs/msg/detail/path__traits.hpp
[3.390s] -- Up-to-date: /ros2_ws/install/nav_msgs/include/nav_msgs/nav_msgs/msg/detail/occupancy_grid__builder.hpp
[3.391s] -- Up-to-date: /ros2_ws/install/nav_msgs/include/nav_msgs/nav_msgs
[3.391s] -- Up-to-date: /ros2_ws/install/nav_msgs/include/nav_msgs/nav_msgs/srv
[3.392s] -- Up-to-date: /ros2_ws/install/nav_msgs/include/nav_msgs/nav_msgs/srv/detail
[3.392s] -- Up-to-date: /ros2_ws/install/nav_msgs/include/nav_msgs/nav_msgs/srv/detail/get_plan__rosidl_typesupport_fastrtps_cpp.hpp
[3.392s] -- Up-to-date: /ros2_ws/install/nav_msgs/include/nav_msgs/nav_msgs/srv/detail/get_map__rosidl_typesupport_fastrtps_cpp.hpp
[3.393s] -- Up-to-date: /ros2_ws/install/nav_msgs/include/nav_msgs/nav_msgs/srv/detail/set_map__rosidl_typesupport_fastrtps_cpp.hpp
[3.393s] -- Up-to-date: /ros2_ws/install/nav_msgs/include/nav_msgs/nav_msgs/srv/detail/dds_fastrtps
[3.394s] -- Up-to-date: /ros2_ws/install/nav_msgs/include/nav_msgs/nav_msgs/msg
[3.394s] -- Up-to-date: /ros2_ws/install/nav_msgs/include/nav_msgs/nav_msgs/msg/rosidl_typesupport_fastrtps_cpp__visibility_control.h
[3.395s] -- Up-to-date: /ros2_ws/install/nav_msgs/include/nav_msgs/nav_msgs/msg/detail
[3.395s] -- Up-to-date: /ros2_ws/install/nav_msgs/include/nav_msgs/nav_msgs/msg/detail/map_meta_data__rosidl_typesupport_fastrtps_cpp.hpp
[3.396s] -- Up-to-date: /ros2_ws/install/nav_msgs/include/nav_msgs/nav_msgs/msg/detail/grid_cells__rosidl_typesupport_fastrtps_cpp.hpp
[3.396s] -- Up-to-date: /ros2_ws/install/nav_msgs/include/nav_msgs/nav_msgs/msg/detail/odometry__rosidl_typesupport_fastrtps_cpp.hpp
[3.397s] -- Up-to-date: /ros2_ws/install/nav_msgs/include/nav_msgs/nav_msgs/msg/detail/path__rosidl_typesupport_fastrtps_cpp.hpp
[3.397s] -- Up-to-date: /ros2_ws/install/nav_msgs/include/nav_msgs/nav_msgs/msg/detail/occupancy_grid__rosidl_typesupport_fastrtps_cpp.hpp
[3.398s] -- Up-to-date: /ros2_ws/install/nav_msgs/include/nav_msgs/nav_msgs/msg/detail/dds_fastrtps
[3.398s] -- Up-to-date: /ros2_ws/install/nav_msgs/lib/libnav_msgs__rosidl_typesupport_fastrtps_cpp.so
[3.399s] -- Up-to-date: /ros2_ws/install/nav_msgs/include/nav_msgs/nav_msgs
[3.399s] -- Up-to-date: /ros2_ws/install/nav_msgs/include/nav_msgs/nav_msgs/srv
[3.400s] -- Up-to-date: /ros2_ws/install/nav_msgs/include/nav_msgs/nav_msgs/srv/detail
[3.400s] -- Up-to-date: /ros2_ws/install/nav_msgs/include/nav_msgs/nav_msgs/srv/detail/get_plan__type_support.c
[3.401s] -- Up-to-date: /ros2_ws/install/nav_msgs/include/nav_msgs/nav_msgs/srv/detail/get_plan__rosidl_typesupport_introspection_c.h
[3.401s] -- Up-to-date: /ros2_ws/install/nav_msgs/include/nav_msgs/nav_msgs/srv/detail/get_map__rosidl_typesupport_introspection_c.h
[3.401s] -- Up-to-date: /ros2_ws/install/nav_msgs/include/nav_msgs/nav_msgs/srv/detail/get_map__type_support.c
[3.402s] -- Up-to-date: /ros2_ws/install/nav_msgs/include/nav_msgs/nav_msgs/srv/detail/set_map__rosidl_typesupport_introspection_c.h
[3.402s] -- Up-to-date: /ros2_ws/install/nav_msgs/include/nav_msgs/nav_msgs/srv/detail/set_map__type_support.c
[3.403s] -- Up-to-date: /ros2_ws/install/nav_msgs/include/nav_msgs/nav_msgs/msg
[3.403s] -- Up-to-date: /ros2_ws/install/nav_msgs/include/nav_msgs/nav_msgs/msg/detail
[3.404s] -- Up-to-date: /ros2_ws/install/nav_msgs/include/nav_msgs/nav_msgs/msg/detail/path__type_support.c
[3.404s] -- Up-to-date: /ros2_ws/install/nav_msgs/include/nav_msgs/nav_msgs/msg/detail/path__rosidl_typesupport_introspection_c.h
[3.405s] -- Up-to-date: /ros2_ws/install/nav_msgs/include/nav_msgs/nav_msgs/msg/detail/map_meta_data__rosidl_typesupport_introspection_c.h
[3.405s] -- Up-to-date: /ros2_ws/install/nav_msgs/include/nav_msgs/nav_msgs/msg/detail/odometry__rosidl_typesupport_introspection_c.h
[3.405s] -- Up-to-date: /ros2_ws/install/nav_msgs/include/nav_msgs/nav_msgs/msg/detail/grid_cells__type_support.c
[3.406s] -- Up-to-date: /ros2_ws/install/nav_msgs/include/nav_msgs/nav_msgs/msg/detail/odometry__type_support.c
[3.406s] -- Up-to-date: /ros2_ws/install/nav_msgs/include/nav_msgs/nav_msgs/msg/detail/grid_cells__rosidl_typesupport_introspection_c.h
[3.407s] -- Up-to-date: /ros2_ws/install/nav_msgs/include/nav_msgs/nav_msgs/msg/detail/occupancy_grid__type_support.c
[3.407s] -- Up-to-date: /ros2_ws/install/nav_msgs/include/nav_msgs/nav_msgs/msg/detail/map_meta_data__type_support.c
[3.407s] -- Up-to-date: /ros2_ws/install/nav_msgs/include/nav_msgs/nav_msgs/msg/detail/occupancy_grid__rosidl_typesupport_introspection_c.h
[3.408s] -- Up-to-date: /ros2_ws/install/nav_msgs/include/nav_msgs/nav_msgs/msg/rosidl_typesupport_introspection_c__visibility_control.h
[3.408s] -- Up-to-date: /ros2_ws/install/nav_msgs/lib/libnav_msgs__rosidl_typesupport_introspection_c.so
[3.409s] -- Up-to-date: /ros2_ws/install/nav_msgs/lib/libnav_msgs__rosidl_typesupport_c.so
[3.410s] -- Up-to-date: /ros2_ws/install/nav_msgs/include/nav_msgs/nav_msgs
[3.410s] -- Up-to-date: /ros2_ws/install/nav_msgs/include/nav_msgs/nav_msgs/srv
[3.410s] -- Up-to-date: /ros2_ws/install/nav_msgs/include/nav_msgs/nav_msgs/srv/detail
[3.411s] -- Up-to-date: /ros2_ws/install/nav_msgs/include/nav_msgs/nav_msgs/srv/detail/get_map__type_support.cpp
[3.411s] -- Up-to-date: /ros2_ws/install/nav_msgs/include/nav_msgs/nav_msgs/srv/detail/get_map__rosidl_typesupport_introspection_cpp.hpp
[3.412s] -- Up-to-date: /ros2_ws/install/nav_msgs/include/nav_msgs/nav_msgs/srv/detail/get_plan__type_support.cpp
[3.413s] -- Up-to-date: /ros2_ws/install/nav_msgs/include/nav_msgs/nav_msgs/srv/detail/get_plan__rosidl_typesupport_introspection_cpp.hpp
[3.413s] -- Up-to-date: /ros2_ws/install/nav_msgs/include/nav_msgs/nav_msgs/srv/detail/set_map__rosidl_typesupport_introspection_cpp.hpp
[3.413s] -- Up-to-date: /ros2_ws/install/nav_msgs/include/nav_msgs/nav_msgs/srv/detail/set_map__type_support.cpp
[3.414s] -- Up-to-date: /ros2_ws/install/nav_msgs/include/nav_msgs/nav_msgs/msg
[3.414s] -- Up-to-date: /ros2_ws/install/nav_msgs/include/nav_msgs/nav_msgs/msg/detail
[3.415s] -- Up-to-date: /ros2_ws/install/nav_msgs/include/nav_msgs/nav_msgs/msg/detail/odometry__rosidl_typesupport_introspection_cpp.hpp
[3.415s] -- Up-to-date: /ros2_ws/install/nav_msgs/include/nav_msgs/nav_msgs/msg/detail/grid_cells__rosidl_typesupport_introspection_cpp.hpp
[3.415s] -- Up-to-date: /ros2_ws/install/nav_msgs/include/nav_msgs/nav_msgs/msg/detail/odometry__type_support.cpp
[3.416s] -- Up-to-date: /ros2_ws/install/nav_msgs/include/nav_msgs/nav_msgs/msg/detail/map_meta_data__rosidl_typesupport_introspection_cpp.hpp
[3.416s] -- Up-to-date: /ros2_ws/install/nav_msgs/include/nav_msgs/nav_msgs/msg/detail/path__type_support.cpp
[3.417s] -- Up-to-date: /ros2_ws/install/nav_msgs/include/nav_msgs/nav_msgs/msg/detail/map_meta_data__type_support.cpp
[3.417s] -- Up-to-date: /ros2_ws/install/nav_msgs/include/nav_msgs/nav_msgs/msg/detail/path__rosidl_typesupport_introspection_cpp.hpp
[3.417s] -- Up-to-date: /ros2_ws/install/nav_msgs/include/nav_msgs/nav_msgs/msg/detail/occupancy_grid__type_support.cpp
[3.418s] -- Up-to-date: /ros2_ws/install/nav_msgs/include/nav_msgs/nav_msgs/msg/detail/occupancy_grid__rosidl_typesupport_introspection_cpp.hpp
[3.418s] -- Up-to-date: /ros2_ws/install/nav_msgs/include/nav_msgs/nav_msgs/msg/detail/grid_cells__type_support.cpp
[3.420s] -- Up-to-date: /ros2_ws/install/nav_msgs/lib/libnav_msgs__rosidl_typesupport_introspection_cpp.so
[3.420s] -- Up-to-date: /ros2_ws/install/nav_msgs/lib/libnav_msgs__rosidl_typesupport_cpp.so
[3.421s] -- Up-to-date: /ros2_ws/install/nav_msgs/share/nav_msgs/environment/pythonpath.sh
[3.421s] -- Up-to-date: /ros2_ws/install/nav_msgs/share/nav_msgs/environment/pythonpath.dsv
[3.421s] -- Up-to-date: /ros2_ws/install/nav_msgs/local/lib/python3.10/dist-packages/nav_msgs-2.0.5-py3.10.egg-info
[3.422s] -- Installing: /ros2_ws/install/nav_msgs/local/lib/python3.10/dist-packages/nav_msgs-2.0.5-py3.10.egg-info/SOURCES.txt
[3.422s] -- Installing: /ros2_ws/install/nav_msgs/local/lib/python3.10/dist-packages/nav_msgs-2.0.5-py3.10.egg-info/dependency_links.txt
[3.423s] -- Installing: /ros2_ws/install/nav_msgs/local/lib/python3.10/dist-packages/nav_msgs-2.0.5-py3.10.egg-info/top_level.txt
[3.423s] -- Installing: /ros2_ws/install/nav_msgs/local/lib/python3.10/dist-packages/nav_msgs-2.0.5-py3.10.egg-info/PKG-INFO
[3.424s] -- Up-to-date: /ros2_ws/install/nav_msgs/local/lib/python3.10/dist-packages/nav_msgs
[3.424s] -- Up-to-date: /ros2_ws/install/nav_msgs/local/lib/python3.10/dist-packages/nav_msgs/_nav_msgs_s.ep.rosidl_typesupport_introspection_c.c
[3.424s] -- Up-to-date: /ros2_ws/install/nav_msgs/local/lib/python3.10/dist-packages/nav_msgs/srv
[3.425s] -- Up-to-date: /ros2_ws/install/nav_msgs/local/lib/python3.10/dist-packages/nav_msgs/srv/_get_plan_s.c
[3.426s] -- Up-to-date: /ros2_ws/install/nav_msgs/local/lib/python3.10/dist-packages/nav_msgs/srv/__init__.py
[3.426s] -- Up-to-date: /ros2_ws/install/nav_msgs/local/lib/python3.10/dist-packages/nav_msgs/srv/_get_map.py
[3.427s] -- Up-to-date: /ros2_ws/install/nav_msgs/local/lib/python3.10/dist-packages/nav_msgs/srv/_set_map_s.c
[3.427s] -- Up-to-date: /ros2_ws/install/nav_msgs/local/lib/python3.10/dist-packages/nav_msgs/srv/_get_plan.py
[3.428s] -- Up-to-date: /ros2_ws/install/nav_msgs/local/lib/python3.10/dist-packages/nav_msgs/srv/_get_map_s.c
[3.428s] -- Up-to-date: /ros2_ws/install/nav_msgs/local/lib/python3.10/dist-packages/nav_msgs/srv/_set_map.py
[3.428s] -- Up-to-date: /ros2_ws/install/nav_msgs/local/lib/python3.10/dist-packages/nav_msgs/__init__.py
[3.429s] -- Up-to-date: /ros2_ws/install/nav_msgs/local/lib/python3.10/dist-packages/nav_msgs/nav_msgs_s__rosidl_typesupport_c.cpython-310-aarch64-linux-gnu.so
[3.429s] -- Up-to-date: /ros2_ws/install/nav_msgs/local/lib/python3.10/dist-packages/nav_msgs/msg
[3.430s] -- Up-to-date: /ros2_ws/install/nav_msgs/local/lib/python3.10/dist-packages/nav_msgs/msg/__init__.py
[3.430s] -- Up-to-date: /ros2_ws/install/nav_msgs/local/lib/python3.10/dist-packages/nav_msgs/msg/_grid_cells_s.c
[3.430s] -- Up-to-date: /ros2_ws/install/nav_msgs/local/lib/python3.10/dist-packages/nav_msgs/msg/_path_s.c
[3.431s] -- Up-to-date: /ros2_ws/install/nav_msgs/local/lib/python3.10/dist-packages/nav_msgs/msg/_map_meta_data_s.c
[3.431s] -- Up-to-date: /ros2_ws/install/nav_msgs/local/lib/python3.10/dist-packages/nav_msgs/msg/_occupancy_grid.py
[3.432s] -- Up-to-date: /ros2_ws/install/nav_msgs/local/lib/python3.10/dist-packages/nav_msgs/msg/_occupancy_grid_s.c
[3.432s] -- Up-to-date: /ros2_ws/install/nav_msgs/local/lib/python3.10/dist-packages/nav_msgs/msg/_map_meta_data.py
[3.432s] -- Up-to-date: /ros2_ws/install/nav_msgs/local/lib/python3.10/dist-packages/nav_msgs/msg/_grid_cells.py
[3.433s] -- Up-to-date: /ros2_ws/install/nav_msgs/local/lib/python3.10/dist-packages/nav_msgs/msg/_odometry.py
[3.433s] -- Up-to-date: /ros2_ws/install/nav_msgs/local/lib/python3.10/dist-packages/nav_msgs/msg/_path.py
[3.434s] -- Up-to-date: /ros2_ws/install/nav_msgs/local/lib/python3.10/dist-packages/nav_msgs/msg/_odometry_s.c
[3.434s] -- Up-to-date: /ros2_ws/install/nav_msgs/local/lib/python3.10/dist-packages/nav_msgs/libnav_msgs__rosidl_generator_py.so
[3.434s] -- Up-to-date: /ros2_ws/install/nav_msgs/local/lib/python3.10/dist-packages/nav_msgs/_nav_msgs_s.ep.rosidl_typesupport_fastrtps_c.c
[3.435s] -- Up-to-date: /ros2_ws/install/nav_msgs/local/lib/python3.10/dist-packages/nav_msgs/_nav_msgs_s.ep.rosidl_typesupport_c.c
[3.435s] -- Up-to-date: /ros2_ws/install/nav_msgs/local/lib/python3.10/dist-packages/nav_msgs/nav_msgs_s__rosidl_typesupport_introspection_c.cpython-310-aarch64-linux-gnu.so
[3.436s] -- Up-to-date: /ros2_ws/install/nav_msgs/local/lib/python3.10/dist-packages/nav_msgs/nav_msgs_s__rosidl_typesupport_fastrtps_c.cpython-310-aarch64-linux-gnu.so
[3.616s] Listing '/ros2_ws/install/nav_msgs/local/lib/python3.10/dist-packages/nav_msgs'...
[3.617s] Listing '/ros2_ws/install/nav_msgs/local/lib/python3.10/dist-packages/nav_msgs/msg'...
[3.618s] Listing '/ros2_ws/install/nav_msgs/local/lib/python3.10/dist-packages/nav_msgs/srv'...
[3.767s] -- Up-to-date: /ros2_ws/install/nav_msgs/local/lib/python3.10/dist-packages/nav_msgs/nav_msgs_s__rosidl_typesupport_fastrtps_c.cpython-310-aarch64-linux-gnu.so
[3.805s] -- Up-to-date: /ros2_ws/install/nav_msgs/local/lib/python3.10/dist-packages/nav_msgs/nav_msgs_s__rosidl_typesupport_introspection_c.cpython-310-aarch64-linux-gnu.so
[3.825s] -- Up-to-date: /ros2_ws/install/nav_msgs/local/lib/python3.10/dist-packages/nav_msgs/nav_msgs_s__rosidl_typesupport_c.cpython-310-aarch64-linux-gnu.so
[3.858s] -- Up-to-date: /ros2_ws/install/nav_msgs/lib/libnav_msgs__rosidl_generator_py.so
[3.883s] -- Up-to-date: /ros2_ws/install/nav_msgs/share/ament_index/resource_index/rust_packages/nav_msgs
[3.884s] -- Up-to-date: /ros2_ws/install/nav_msgs/share/nav_msgs/rust
[3.901s] -- Up-to-date: /ros2_ws/install/nav_msgs/share/nav_msgs/rust/src
[3.903s] -- Up-to-date: /ros2_ws/install/nav_msgs/share/nav_msgs/rust/src/srv
[3.915s] -- Up-to-date: /ros2_ws/install/nav_msgs/share/nav_msgs/rust/src/srv/rmw.rs
[3.916s] -- Up-to-date: /ros2_ws/install/nav_msgs/share/nav_msgs/rust/src/srv.rs
[3.916s] -- Up-to-date: /ros2_ws/install/nav_msgs/share/nav_msgs/rust/src/msg
[3.919s] -- Up-to-date: /ros2_ws/install/nav_msgs/share/nav_msgs/rust/src/msg/rmw.rs
[3.919s] -- Up-to-date: /ros2_ws/install/nav_msgs/share/nav_msgs/rust/src/msg.rs
[3.920s] -- Up-to-date: /ros2_ws/install/nav_msgs/share/nav_msgs/rust/src/lib.rs
[3.921s] -- Up-to-date: /ros2_ws/install/nav_msgs/share/nav_msgs/rust/Cargo.toml
[3.921s] -- Up-to-date: /ros2_ws/install/nav_msgs/share/nav_msgs/rust/build.rs
[3.922s] -- Up-to-date: /ros2_ws/install/nav_msgs/share/nav_msgs/msg/GridCells.idl
[3.922s] -- Up-to-date: /ros2_ws/install/nav_msgs/share/nav_msgs/msg/MapMetaData.idl
[3.923s] -- Up-to-date: /ros2_ws/install/nav_msgs/share/nav_msgs/msg/OccupancyGrid.idl
[3.926s] -- Up-to-date: /ros2_ws/install/nav_msgs/share/nav_msgs/msg/Odometry.idl
[3.926s] -- Up-to-date: /ros2_ws/install/nav_msgs/share/nav_msgs/msg/Path.idl
[3.927s] -- Up-to-date: /ros2_ws/install/nav_msgs/share/nav_msgs/srv/GetMap.idl
[3.927s] -- Up-to-date: /ros2_ws/install/nav_msgs/share/nav_msgs/srv/GetPlan.idl
[3.928s] -- Up-to-date: /ros2_ws/install/nav_msgs/share/nav_msgs/srv/SetMap.idl
[3.961s] -- Up-to-date: /ros2_ws/install/nav_msgs/share/nav_msgs/msg/GridCells.msg
[3.962s] -- Up-to-date: /ros2_ws/install/nav_msgs/share/nav_msgs/msg/MapMetaData.msg
[3.964s] -- Up-to-date: /ros2_ws/install/nav_msgs/share/nav_msgs/msg/OccupancyGrid.msg
[3.965s] -- Up-to-date: /ros2_ws/install/nav_msgs/share/nav_msgs/msg/Odometry.msg
[3.969s] -- Up-to-date: /ros2_ws/install/nav_msgs/share/nav_msgs/msg/Path.msg
[3.970s] -- Up-to-date: /ros2_ws/install/nav_msgs/share/nav_msgs/srv/GetMap.srv
[3.971s] -- Up-to-date: /ros2_ws/install/nav_msgs/share/nav_msgs/srv/GetMap_Request.msg
[3.972s] -- Up-to-date: /ros2_ws/install/nav_msgs/share/nav_msgs/srv/GetMap_Response.msg
[3.973s] -- Up-to-date: /ros2_ws/install/nav_msgs/share/nav_msgs/srv/GetPlan.srv
[3.974s] -- Up-to-date: /ros2_ws/install/nav_msgs/share/nav_msgs/srv/GetPlan_Request.msg
[3.974s] -- Up-to-date: /ros2_ws/install/nav_msgs/share/nav_msgs/srv/GetPlan_Response.msg
[3.975s] -- Up-to-date: /ros2_ws/install/nav_msgs/share/nav_msgs/srv/SetMap.srv
[3.979s] -- Up-to-date: /ros2_ws/install/nav_msgs/share/nav_msgs/srv/SetMap_Request.msg
[3.981s] -- Up-to-date: /ros2_ws/install/nav_msgs/share/nav_msgs/srv/SetMap_Response.msg
[3.985s] -- Up-to-date: /ros2_ws/install/nav_msgs/share/ament_index/resource_index/package_run_dependencies/nav_msgs
[3.986s] -- Up-to-date: /ros2_ws/install/nav_msgs/share/ament_index/resource_index/parent_prefix_path/nav_msgs
[3.988s] -- Up-to-date: /ros2_ws/install/nav_msgs/share/nav_msgs/environment/ament_prefix_path.sh
[3.991s] -- Up-to-date: /ros2_ws/install/nav_msgs/share/nav_msgs/environment/ament_prefix_path.dsv
[3.993s] -- Up-to-date: /ros2_ws/install/nav_msgs/share/nav_msgs/environment/path.sh
[3.995s] -- Up-to-date: /ros2_ws/install/nav_msgs/share/nav_msgs/environment/path.dsv
[3.995s] -- Up-to-date: /ros2_ws/install/nav_msgs/share/nav_msgs/local_setup.bash
[3.997s] -- Up-to-date: /ros2_ws/install/nav_msgs/share/nav_msgs/local_setup.sh
[3.998s] -- Up-to-date: /ros2_ws/install/nav_msgs/share/nav_msgs/local_setup.zsh
[4.000s] -- Up-to-date: /ros2_ws/install/nav_msgs/share/nav_msgs/local_setup.dsv
[4.001s] -- Installing: /ros2_ws/install/nav_msgs/share/nav_msgs/package.dsv
[4.009s] -- Up-to-date: /ros2_ws/install/nav_msgs/share/ament_index/resource_index/packages/nav_msgs
[4.024s] -- Up-to-date: /ros2_ws/install/nav_msgs/share/nav_msgs/cmake/export_nav_msgs__rosidl_generator_cExport.cmake
[4.025s] -- Up-to-date: /ros2_ws/install/nav_msgs/share/nav_msgs/cmake/export_nav_msgs__rosidl_generator_cExport-noconfig.cmake
[4.028s] -- Up-to-date: /ros2_ws/install/nav_msgs/share/nav_msgs/cmake/export_nav_msgs__rosidl_typesupport_fastrtps_cExport.cmake
[4.028s] -- Up-to-date: /ros2_ws/install/nav_msgs/share/nav_msgs/cmake/export_nav_msgs__rosidl_typesupport_fastrtps_cExport-noconfig.cmake
[4.033s] -- Up-to-date: /ros2_ws/install/nav_msgs/share/nav_msgs/cmake/export_nav_msgs__rosidl_generator_cppExport.cmake
[4.034s] -- Up-to-date: /ros2_ws/install/nav_msgs/share/nav_msgs/cmake/export_nav_msgs__rosidl_typesupport_fastrtps_cppExport.cmake
[4.035s] -- Up-to-date: /ros2_ws/install/nav_msgs/share/nav_msgs/cmake/export_nav_msgs__rosidl_typesupport_fastrtps_cppExport-noconfig.cmake
[4.039s] -- Up-to-date: /ros2_ws/install/nav_msgs/share/nav_msgs/cmake/nav_msgs__rosidl_typesupport_introspection_cExport.cmake
[4.040s] -- Up-to-date: /ros2_ws/install/nav_msgs/share/nav_msgs/cmake/nav_msgs__rosidl_typesupport_introspection_cExport-noconfig.cmake
[4.045s] -- Up-to-date: /ros2_ws/install/nav_msgs/share/nav_msgs/cmake/nav_msgs__rosidl_typesupport_cExport.cmake
[4.046s] -- Up-to-date: /ros2_ws/install/nav_msgs/share/nav_msgs/cmake/nav_msgs__rosidl_typesupport_cExport-noconfig.cmake
[4.062s] -- Up-to-date: /ros2_ws/install/nav_msgs/share/nav_msgs/cmake/nav_msgs__rosidl_typesupport_introspection_cppExport.cmake
[4.063s] -- Up-to-date: /ros2_ws/install/nav_msgs/share/nav_msgs/cmake/nav_msgs__rosidl_typesupport_introspection_cppExport-noconfig.cmake
[4.081s] -- Up-to-date: /ros2_ws/install/nav_msgs/share/nav_msgs/cmake/nav_msgs__rosidl_typesupport_cppExport.cmake
[4.088s] -- Up-to-date: /ros2_ws/install/nav_msgs/share/nav_msgs/cmake/nav_msgs__rosidl_typesupport_cppExport-noconfig.cmake
[4.088s] -- Up-to-date: /ros2_ws/install/nav_msgs/share/nav_msgs/cmake/export_nav_msgs__rosidl_generator_pyExport.cmake
[4.093s] -- Up-to-date: /ros2_ws/install/nav_msgs/share/nav_msgs/cmake/export_nav_msgs__rosidl_generator_pyExport-noconfig.cmake
[4.093s] -- Up-to-date: /ros2_ws/install/nav_msgs/share/nav_msgs/cmake/rosidl_cmake-extras.cmake
[4.098s] -- Up-to-date: /ros2_ws/install/nav_msgs/share/nav_msgs/cmake/ament_cmake_export_dependencies-extras.cmake
[4.102s] -- Up-to-date: /ros2_ws/install/nav_msgs/share/nav_msgs/cmake/ament_cmake_export_include_directories-extras.cmake
[4.104s] -- Up-to-date: /ros2_ws/install/nav_msgs/share/nav_msgs/cmake/ament_cmake_export_libraries-extras.cmake
[4.107s] -- Up-to-date: /ros2_ws/install/nav_msgs/share/nav_msgs/cmake/ament_cmake_export_targets-extras.cmake
[4.108s] -- Up-to-date: /ros2_ws/install/nav_msgs/share/nav_msgs/cmake/rosidl_cmake_export_typesupport_targets-extras.cmake
[4.110s] -- Up-to-date: /ros2_ws/install/nav_msgs/share/nav_msgs/cmake/rosidl_cmake_export_typesupport_libraries-extras.cmake
[4.114s] -- Up-to-date: /ros2_ws/install/nav_msgs/share/nav_msgs/cmake/nav_msgsConfig.cmake
[4.118s] -- Up-to-date: /ros2_ws/install/nav_msgs/share/nav_msgs/cmake/nav_msgsConfig-version.cmake
[4.125s] -- Up-to-date: /ros2_ws/install/nav_msgs/share/nav_msgs/package.xml
[4.327s] Invoked command in '/ros2_ws/build/nav_msgs' returned '0': AMENT_PREFIX_PATH=/ros2_ws/install/geometry_msgs:/ros2_ws/install/std_msgs:${AMENT_PREFIX_PATH} CMAKE_PREFIX_PATH=/ros2_ws/install/geometry_msgs:/ros2_ws/install/std_msgs:/opt/ros/humble LD_LIBRARY_PATH=/ros2_ws/install/geometry_msgs/lib:/ros2_ws/install/std_msgs/lib:${LD_LIBRARY_PATH} PYTHONPATH=/ros2_ws/install/geometry_msgs/local/lib/python3.10/dist-packages:/ros2_ws/install/std_msgs/local/lib/python3.10/dist-packages:${PYTHONPATH} /usr/bin/cmake --install /ros2_ws/build/nav_msgs
