[3.071s] Invoking command in '/ros2_ws/src/common_interfaces/sensor_msgs_py': AMENT_PREFIX_PATH=/ros2_ws/install/sensor_msgs:/ros2_ws/install/geometry_msgs:/ros2_ws/install/std_msgs:${AMENT_PREFIX_PATH} CMAKE_PREFIX_PATH=/ros2_ws/install/sensor_msgs:/ros2_ws/install/geometry_msgs:/ros2_ws/install/std_msgs LD_LIBRARY_PATH=/ros2_ws/install/sensor_msgs/lib:/ros2_ws/install/geometry_msgs/lib:/ros2_ws/install/std_msgs/lib:${LD_LIBRARY_PATH} PYTHONPATH=/ros2_ws/build/sensor_msgs_py/prefix_override:/usr/lib/python3/dist-packages/colcon_core/task/python/colcon_distutils_commands:/ros2_ws/install/sensor_msgs_py/lib/python3.10/site-packages:/ros2_ws/install/sensor_msgs/local/lib/python3.10/dist-packages:/ros2_ws/install/geometry_msgs/local/lib/python3.10/dist-packages:/ros2_ws/install/std_msgs/local/lib/python3.10/dist-packages:${PYTHONPATH} /usr/bin/python3 -W ignore:setup.py install is deprecated -W ignore:easy_install command is deprecated setup.py egg_info --egg-base ../../../build/sensor_msgs_py build --build-base /ros2_ws/build/sensor_msgs_py/build install --record /ros2_ws/build/sensor_msgs_py/install.log --install-scripts $base/lib/sensor_msgs_py --single-version-externally-managed install_data
[4.182s] /usr/lib/python3/dist-packages/setuptools/dist.py:723: UserWarning: Usage of dash-separated 'script-dir' will not be supported in future versions. Please use the underscore name 'script_dir' instead
[4.182s]   warnings.warn(
[4.238s] running egg_info
[4.238s] writing ../../../build/sensor_msgs_py/sensor_msgs_py.egg-info/PKG-INFO
[4.239s] writing dependency_links to ../../../build/sensor_msgs_py/sensor_msgs_py.egg-info/dependency_links.txt
[4.239s] writing requirements to ../../../build/sensor_msgs_py/sensor_msgs_py.egg-info/requires.txt
[4.240s] writing top-level names to ../../../build/sensor_msgs_py/sensor_msgs_py.egg-info/top_level.txt
[4.251s] reading manifest file '../../../build/sensor_msgs_py/sensor_msgs_py.egg-info/SOURCES.txt'
[4.253s] adding license file 'LICENSE'
[4.257s] writing manifest file '../../../build/sensor_msgs_py/sensor_msgs_py.egg-info/SOURCES.txt'
[4.258s] running build
[4.258s] running build_py
[4.262s] running install
[4.264s] running install_lib
[4.271s] running install_data
[4.273s] running install_egg_info
[4.282s] removing '/ros2_ws/install/sensor_msgs_py/lib/python3.10/site-packages/sensor_msgs_py-2.0.5-py3.10.egg-info' (and everything under it)
[4.283s] Copying ../../../build/sensor_msgs_py/sensor_msgs_py.egg-info to /ros2_ws/install/sensor_msgs_py/lib/python3.10/site-packages/sensor_msgs_py-2.0.5-py3.10.egg-info
[4.288s] running install_scripts
[4.387s] writing list of installed files to '/ros2_ws/build/sensor_msgs_py/install.log'
[4.536s] Invoked command in '/ros2_ws/src/common_interfaces/sensor_msgs_py' returned '0': AMENT_PREFIX_PATH=/ros2_ws/install/sensor_msgs:/ros2_ws/install/geometry_msgs:/ros2_ws/install/std_msgs:${AMENT_PREFIX_PATH} CMAKE_PREFIX_PATH=/ros2_ws/install/sensor_msgs:/ros2_ws/install/geometry_msgs:/ros2_ws/install/std_msgs LD_LIBRARY_PATH=/ros2_ws/install/sensor_msgs/lib:/ros2_ws/install/geometry_msgs/lib:/ros2_ws/install/std_msgs/lib:${LD_LIBRARY_PATH} PYTHONPATH=/ros2_ws/build/sensor_msgs_py/prefix_override:/usr/lib/python3/dist-packages/colcon_core/task/python/colcon_distutils_commands:/ros2_ws/install/sensor_msgs_py/lib/python3.10/site-packages:/ros2_ws/install/sensor_msgs/local/lib/python3.10/dist-packages:/ros2_ws/install/geometry_msgs/local/lib/python3.10/dist-packages:/ros2_ws/install/std_msgs/local/lib/python3.10/dist-packages:${PYTHONPATH} /usr/bin/python3 -W ignore:setup.py install is deprecated -W ignore:easy_install command is deprecated setup.py egg_info --egg-base ../../../build/sensor_msgs_py build --build-base /ros2_ws/build/sensor_msgs_py/build install --record /ros2_ws/build/sensor_msgs_py/install.log --install-scripts $base/lib/sensor_msgs_py --single-version-externally-managed install_data
