[1.210s] Invoking command in '/ros2_ws/build/slam_toolbox': AMENT_PREFIX_PATH=/ros2_ws/install/visualization_msgs:/ros2_ws/install/sensor_msgs:/ros2_ws/install/nav_msgs:/ros2_ws/install/geometry_msgs:/ros2_ws/install/std_srvs:/ros2_ws/install/std_msgs:${AMENT_PREFIX_PATH} CMAKE_PREFIX_PATH=/ros2_ws/install/visualization_msgs:/ros2_ws/install/sensor_msgs:/ros2_ws/install/nav_msgs:/ros2_ws/install/geometry_msgs:/ros2_ws/install/std_srvs:/ros2_ws/install/std_msgs:/opt/ros/humble LD_LIBRARY_PATH=/ros2_ws/install/visualization_msgs/lib:/ros2_ws/install/sensor_msgs/lib:/ros2_ws/install/nav_msgs/lib:/ros2_ws/install/geometry_msgs/lib:/ros2_ws/install/std_srvs/lib:/ros2_ws/install/std_msgs/lib:${LD_LIBRARY_PATH} PYTHONPATH=/ros2_ws/install/visualization_msgs/local/lib/python3.10/dist-packages:/ros2_ws/install/sensor_msgs/local/lib/python3.10/dist-packages:/ros2_ws/install/nav_msgs/local/lib/python3.10/dist-packages:/ros2_ws/install/geometry_msgs/local/lib/python3.10/dist-packages:/ros2_ws/install/std_srvs/local/lib/python3.10/dist-packages:/ros2_ws/install/std_msgs/local/lib/python3.10/dist-packages:${PYTHONPATH} /usr/bin/cmake /ros2_ws/src/slam_toolbox -DCMAKE_INSTALL_PREFIX=/ros2_ws/install/slam_toolbox
[1.459s] -- The C compiler identification is GNU 11.4.0
[1.690s] -- The CXX compiler identification is GNU 11.4.0
[1.716s] -- Detecting C compiler ABI info
[1.982s] -- Detecting C compiler ABI info - done
[2.018s] -- Check for working C compiler: /usr/bin/cc - skipped
[2.019s] -- Detecting C compile features
[2.022s] -- Detecting C compile features - done
[2.035s] -- Detecting CXX compiler ABI info
[2.349s] -- Detecting CXX compiler ABI info - done
[2.387s] -- Check for working CXX compiler: /usr/bin/c++ - skipped
[2.389s] -- Detecting CXX compile features
[2.391s] -- Detecting CXX compile features - done
[2.411s] -- Found ament_cmake: 1.3.14 (/opt/ros/humble/share/ament_cmake/cmake)
[3.072s] -- Found Python3: /usr/bin/python3 (found version "3.10.12") found components: Interpreter 
[3.596s] -- Found message_filters: 4.3.16 (/opt/ros/humble/share/message_filters/cmake)
[3.887s] -- Found rosidl_generator_c: 3.1.8 (/opt/ros/humble/share/rosidl_generator_c/cmake)
[3.921s] -- Found rosidl_adapter: 3.1.8 (/opt/ros/humble/share/rosidl_adapter/cmake)
[3.971s] -- Found rosidl_generator_cpp: 3.1.8 (/opt/ros/humble/share/rosidl_generator_cpp/cmake)
[4.042s] -- Using all available rosidl_typesupport_c: rosidl_typesupport_fastrtps_c;rosidl_typesupport_introspection_c
[4.138s] -- Using all available rosidl_typesupport_cpp: rosidl_typesupport_fastrtps_cpp;rosidl_typesupport_introspection_cpp
[4.444s] -- Found rmw_implementation_cmake: 6.1.2 (/opt/ros/humble/share/rmw_implementation_cmake/cmake)
[4.468s] -- Found rmw_fastrtps_cpp: 6.2.10 (/opt/ros/humble/share/rmw_fastrtps_cpp/cmake)
[4.985s] -- Found OpenSSL: /usr/lib/aarch64-linux-gnu/libcrypto.so (found version "3.0.2")  
[5.112s] -- Found FastRTPS: /opt/ros/humble/include  
[5.310s] -- Using RMW implementation 'rmw_fastrtps_cpp' as default
[5.374s] -- Looking for pthread.h
[5.682s] -- Looking for pthread.h - found
[5.683s] -- Performing Test CMAKE_HAVE_LIBC_PTHREAD
[6.003s] -- Performing Test CMAKE_HAVE_LIBC_PTHREAD - Success
[6.009s] -- Found Threads: TRUE  
[6.316s] -- Found nav_msgs: 2.0.5 (/ros2_ws/install/nav_msgs/share/nav_msgs/cmake)
[6.462s] -- Found sensor_msgs: 2.0.5 (/ros2_ws/install/sensor_msgs/share/sensor_msgs/cmake)
[6.558s] -- Found tf2: 0.25.20 (/opt/ros/humble/share/tf2/cmake)
[6.636s] -- Found tf2_ros: 0.25.20 (/opt/ros/humble/share/tf2_ros/cmake)
[7.172s] -- Found visualization_msgs: 2.0.5 (/ros2_ws/install/visualization_msgs/share/visualization_msgs/cmake)
[7.263s] -- Found pluginlib: 5.1.4 (/opt/ros/humble/share/pluginlib/cmake)
[7.362s] -- Found tf2_geometry_msgs: 0.25.20 (/opt/ros/humble/share/tf2_geometry_msgs/cmake)
[7.467s] -- Found eigen3_cmake_module: 0.1.1 (/opt/ros/humble/share/eigen3_cmake_module/cmake)
[7.474s] -- Found Eigen3: TRUE (found version "3.4.0") 
[7.474s] -- Ensuring Eigen3 include directory is part of orocos-kdl CMake target
[7.494s] -- Found tf2_sensor_msgs: 0.25.20 (/opt/ros/humble/share/tf2_sensor_msgs/cmake)
[7.524s] -- Found std_srvs: 2.0.5 (/ros2_ws/install/std_srvs/share/std_srvs/cmake)
[7.579s] -- Found rosidl_default_generators: 1.2.1 (/opt/ros/humble/share/rosidl_default_generators/cmake)
[7.669s] -- Found nav2_map_server: 1.1.20 (/opt/ros/humble/share/nav2_map_server/cmake)
[8.431s] -- Found rviz_common: 11.2.26 (/opt/ros/humble/share/rviz_common/cmake)
[8.566s] -- Setting assimp_DIR to: '/opt/ros/humble/share/rviz_assimp_vendor/cmake/../../../opt/rviz_assimp_vendor/lib/cmake/assimp-4.1'
[8.619s] -- Setting OGRE_DIR to: '/opt/ros/humble/share/rviz_ogre_vendor/cmake/../../../opt/rviz_ogre_vendor/lib/OGRE/cmake'
[8.629s] -- Found OGRE
[8.630s] --   static     : OFF
[8.631s] --   components : HLMS;MeshLodGenerator;Overlay;Paging;Property;RTShaderSystem;Terrain;Volume
[8.631s] --   plugins    : Plugin_BSPSceneManager;Plugin_OctreeSceneManager;Plugin_PCZSceneManager;Plugin_ParticleFX;RenderSystem_GL;RenderSystem_GL3Plus;Codec_STBI
[8.632s] --   media      : /opt/ros/humble/opt/rviz_ogre_vendor/share/OGRE/Media
[8.633s] -- OGRE_LIBRARIES: OgreHLMS;OgreMeshLodGenerator;OgreOverlay;OgrePaging;OgreProperty;OgreRTShaderSystem;OgreTerrain;OgreVolume;OgreMain
[8.634s] -- OGRE_LIBRARY_DIRS: /opt/ros/humble/opt/rviz_ogre_vendor/lib
[8.635s] -- OGRE_PLUGINS: Plugin_BSPSceneManager;Plugin_OctreeSceneManager;Plugin_PCZSceneManager;Plugin_ParticleFX;RenderSystem_GL;RenderSystem_GL3Plus;Codec_STBI
[8.636s] -- OGRE_PLUGIN_DIR: /opt/ros/humble/opt/rviz_ogre_vendor/lib/OGRE
[8.639s] -- rviz_ogre_vendor::OgreOverlay for IMPORTED_LOCATION_RELEASE: /opt/ros/humble/opt/rviz_ogre_vendor/lib/libOgreOverlay.so
[8.640s] -- rviz_ogre_vendor::OgreOverlay for IMPORTED_LOCATION_DEBUG: /opt/ros/humble/opt/rviz_ogre_vendor/lib/libOgreOverlay.so
[8.642s] -- rviz_ogre_vendor::OgreMain for IMPORTED_LOCATION_RELEASE: /opt/ros/humble/opt/rviz_ogre_vendor/lib/libOgreMain.so
[8.643s] -- rviz_ogre_vendor::OgreMain for IMPORTED_LOCATION_DEBUG: /opt/ros/humble/opt/rviz_ogre_vendor/lib/libOgreMain.so
[8.647s] -- Could not find freeimage library
[8.744s] -- Found ZLIB: /usr/lib/aarch64-linux-gnu/libz.so (found version "1.2.11") 
[8.765s] -- Found OpenGL: /usr/lib/aarch64-linux-gnu/libOpenGL.so   
[8.895s] -- Found X11: /usr/include   
[8.897s] -- Looking for XOpenDisplay in /usr/lib/aarch64-linux-gnu/libX11.so;/usr/lib/aarch64-linux-gnu/libXext.so
[9.259s] -- Looking for XOpenDisplay in /usr/lib/aarch64-linux-gnu/libX11.so;/usr/lib/aarch64-linux-gnu/libXext.so - found
[9.259s] -- Looking for gethostbyname
[9.951s] -- Looking for gethostbyname - found
[9.952s] -- Looking for connect
[10.830s] -- Looking for connect - found
[10.831s] -- Looking for remove
[11.515s] -- Looking for remove - found
[11.516s] -- Looking for shmat
[12.304s] -- Looking for shmat - found
[12.305s] -- Looking for IceConnectionNumber in ICE
[13.168s] -- Looking for IceConnectionNumber in ICE - found
[14.366s] -- library: /usr/lib/aarch64-linux-gnu/libcurl.so
[14.917s] -- Found rviz_default_plugins: 11.2.26 (/opt/ros/humble/share/rviz_default_plugins/cmake)
[16.462s] -- Found Boost: /usr/lib/aarch64-linux-gnu/cmake/Boost-1.74.0/BoostConfig.cmake (found version "1.74.0") found components: system serialization filesystem thread 
[16.672s] [31mCMake Error at CMake/FindTBB.cmake:400 (file):
[16.672s]   file STRINGS file "/usr/include/tbb/tbb_stddef.h" cannot be read.
[16.673s] Call Stack (most recent call first):
[16.673s]   lib/karto_sdk/CMakeLists.txt:15 (find_package)
[16.674s] 
[16.674s] [0m
[18.373s] -- Found PkgConfig: /usr/bin/pkg-config (found version "0.29.2") 
[18.415s] [33mCMake Warning (dev) at /usr/share/cmake-3.22/Modules/FindPackageHandleStandardArgs.cmake:438 (message):
[18.416s]   The package name passed to `find_package_handle_standard_args` (CSPARSE)
[18.416s]   does not match the name of the calling package (CSparse).  This can lead to
[18.416s]   problems in calling code that expects `find_package` result variables
[18.417s]   (e.g., `_FOUND`) to follow a certain pattern.
[18.417s] Call Stack (most recent call first):
[18.417s]   CMake/FindCSparse.cmake:24 (find_package_handle_standard_args)
[18.418s]   CMakeLists.txt:77 (find_package)
[18.418s] This warning is for project developers.  Use -Wno-dev to suppress it.
[18.419s] [0m
[18.419s] -- Could NOT find CSPARSE (missing: CSPARSE_INCLUDE_DIR CSPARSE_LIBRARY) 
[18.803s] [33mCMake Warning (dev) at /usr/share/cmake-3.22/Modules/FindPackageHandleStandardArgs.cmake:438 (message):
[18.803s]   The package name passed to `find_package_handle_standard_args` (CHOLMOD)
[18.804s]   does not match the name of the calling package (Cholmod).  This can lead to
[18.804s]   problems in calling code that expects `find_package` result variables
[18.805s]   (e.g., `_FOUND`) to follow a certain pattern.
[18.805s] Call Stack (most recent call first):
[18.806s]   CMake/FindCholmod.cmake:86 (find_package_handle_standard_args)
[18.807s]   CMakeLists.txt:79 (find_package)
[18.807s] This warning is for project developers.  Use -Wno-dev to suppress it.
[18.808s] [0m
[18.819s] -- Could NOT find CHOLMOD (missing: CHOLMOD_INCLUDE_DIR CHOLMOD_LIBRARIES) 
[18.847s] -- Looking for sgemm_
[19.600s] -- Looking for sgemm_ - not found
[20.107s] [31mCMake Error at /usr/share/cmake-3.22/Modules/FindPackageHandleStandardArgs.cmake:230 (message):
[20.107s]   Could NOT find BLAS (missing: BLAS_LIBRARIES)
[20.108s] Call Stack (most recent call first):
[20.108s]   /usr/share/cmake-3.22/Modules/FindPackageHandleStandardArgs.cmake:594 (_FPHSA_FAILURE_MESSAGE)
[20.109s]   /usr/share/cmake-3.22/Modules/FindBLAS.cmake:1337 (find_package_handle_standard_args)
[20.109s]   /usr/share/cmake-3.22/Modules/FindLAPACK.cmake:240 (find_package)
[20.109s]   /usr/share/cmake-3.22/Modules/FindLAPACK.cmake:276 (_lapack_find_dependency)
[20.110s]   CMakeLists.txt:80 (find_package)
[20.110s] 
[20.110s] [0m
[20.115s] -- Configuring incomplete, errors occurred!
[20.116s] See also "/ros2_ws/build/slam_toolbox/CMakeFiles/CMakeOutput.log".
[20.116s] See also "/ros2_ws/build/slam_toolbox/CMakeFiles/CMakeError.log".
[20.311s] Invoked command in '/ros2_ws/build/slam_toolbox' returned '1': AMENT_PREFIX_PATH=/ros2_ws/install/visualization_msgs:/ros2_ws/install/sensor_msgs:/ros2_ws/install/nav_msgs:/ros2_ws/install/geometry_msgs:/ros2_ws/install/std_srvs:/ros2_ws/install/std_msgs:${AMENT_PREFIX_PATH} CMAKE_PREFIX_PATH=/ros2_ws/install/visualization_msgs:/ros2_ws/install/sensor_msgs:/ros2_ws/install/nav_msgs:/ros2_ws/install/geometry_msgs:/ros2_ws/install/std_srvs:/ros2_ws/install/std_msgs:/opt/ros/humble LD_LIBRARY_PATH=/ros2_ws/install/visualization_msgs/lib:/ros2_ws/install/sensor_msgs/lib:/ros2_ws/install/nav_msgs/lib:/ros2_ws/install/geometry_msgs/lib:/ros2_ws/install/std_srvs/lib:/ros2_ws/install/std_msgs/lib:${LD_LIBRARY_PATH} PYTHONPATH=/ros2_ws/install/visualization_msgs/local/lib/python3.10/dist-packages:/ros2_ws/install/sensor_msgs/local/lib/python3.10/dist-packages:/ros2_ws/install/nav_msgs/local/lib/python3.10/dist-packages:/ros2_ws/install/geometry_msgs/local/lib/python3.10/dist-packages:/ros2_ws/install/std_srvs/local/lib/python3.10/dist-packages:/ros2_ws/install/std_msgs/local/lib/python3.10/dist-packages:${PYTHONPATH} /usr/bin/cmake /ros2_ws/src/slam_toolbox -DCMAKE_INSTALL_PREFIX=/ros2_ws/install/slam_toolbox
