-- The C compiler identification is GNU 7.5.0
-- The CXX compiler identification is GNU 7.5.0
-- Detecting C compiler ABI info
-- Detecting C compiler ABI info - done
-- Check for working C compiler: /usr/bin/cc - skipped
-- Detecting C compile features
-- Detecting C compile features - done
-- Detecting CXX compiler ABI info
-- Detecting CXX compiler ABI info - done
-- Check for working CXX compiler: /usr/bin/c++ - skipped
-- Detecting CXX compile features
-- Detecting CXX compile features - done
-- Found ament_cmake_ros: 0.9.2 (/opt/ros/foxy/install/share/ament_cmake_ros/cmake)
-- Found PythonInterp: /usr/bin/python3 (found suitable version "3.6.9", minimum required is "3") 
-- Using PYTHON_EXECUTABLE: /usr/bin/python3
-- Override CMake install command with custom implementation using symlinks instead of copying resources
-- Found launch_testing_ament_cmake: 0.10.10 (/opt/ros/foxy/install/share/launch_testing_ament_cmake/cmake)
-- Found python_cmake_module: 0.8.1 (/opt/ros/foxy/install/share/python_cmake_module/cmake)
-- Found PythonInterp: /usr/bin/python3 (found suitable version "3.6.9", minimum required is "3.5") 
-- Found PythonLibs: /usr/lib/aarch64-linux-gnu/libpython3.6m.so (found suitable version "3.6.9", minimum required is "3.5") 
-- Using PYTHON_EXECUTABLE: /usr/bin/python3
-- Using PYTHON_INCLUDE_DIRS: /usr/include/python3.6m
-- Using PYTHON_LIBRARIES: /usr/lib/aarch64-linux-gnu/libpython3.6m.so
-- Found PythonExtra: .so  
-- Configuring done (3.5s)
-- Generating done (0.0s)
-- Build files have been written to: /ros2_ws/build/rosbridge_server
-- Install configuration: ""
-- Execute custom install script
-- Symlinking: /ros2_ws/install/rosbridge_server/share/rosbridge_server/environment/pythonpath.sh
-- Symlinking: /ros2_ws/install/rosbridge_server/share/rosbridge_server/environment/pythonpath.dsv
-- Symlinking: /ros2_ws/install/rosbridge_server/lib/python3.6/site-packages/rosbridge_server/__init__.py
-- Symlinking: /ros2_ws/install/rosbridge_server/lib/python3.6/site-packages/rosbridge_server/client_mananger.py
-- Symlinking: /ros2_ws/install/rosbridge_server/lib/python3.6/site-packages/rosbridge_server/websocket_handler.py
-- Symlinking: /ros2_ws/install/rosbridge_server/share/ament_index/resource_index/package_run_dependencies/rosbridge_server
-- Symlinking: /ros2_ws/install/rosbridge_server/share/ament_index/resource_index/parent_prefix_path/rosbridge_server
-- Symlinking: /ros2_ws/install/rosbridge_server/share/rosbridge_server/environment/ament_prefix_path.sh
-- Symlinking: /ros2_ws/install/rosbridge_server/share/rosbridge_server/environment/ament_prefix_path.dsv
-- Symlinking: /ros2_ws/install/rosbridge_server/share/rosbridge_server/environment/path.sh
-- Symlinking: /ros2_ws/install/rosbridge_server/share/rosbridge_server/environment/path.dsv
-- Symlinking: /ros2_ws/install/rosbridge_server/share/rosbridge_server/local_setup.bash
-- Symlinking: /ros2_ws/install/rosbridge_server/share/rosbridge_server/local_setup.sh
-- Symlinking: /ros2_ws/install/rosbridge_server/share/rosbridge_server/local_setup.zsh
-- Symlinking: /ros2_ws/install/rosbridge_server/share/rosbridge_server/local_setup.dsv
-- Symlinking: /ros2_ws/install/rosbridge_server/share/rosbridge_server/package.dsv
-- Symlinking: /ros2_ws/install/rosbridge_server/share/ament_index/resource_index/packages/rosbridge_server
-- Symlinking: /ros2_ws/install/rosbridge_server/share/rosbridge_server/cmake/rosbridge_serverConfig.cmake
-- Symlinking: /ros2_ws/install/rosbridge_server/share/rosbridge_server/cmake/rosbridge_serverConfig-version.cmake
-- Symlinking: /ros2_ws/install/rosbridge_server/share/rosbridge_server/package.xml
-- Symlinking: /ros2_ws/install/rosbridge_server/lib/rosbridge_server/rosbridge_websocket.py
-- Symlinking: /ros2_ws/install/rosbridge_server/lib/rosbridge_server/rosbridge_websocket
-- Symlinking: /ros2_ws/install/rosbridge_server/share/rosbridge_server/launch/rosbridge_websocket_launch.xml
Listing '/ros2_ws/install/rosbridge_server/lib/python3.6/site-packages/rosbridge_server'...
Compiling '/ros2_ws/install/rosbridge_server/lib/python3.6/site-packages/rosbridge_server/__init__.py'...
Compiling '/ros2_ws/install/rosbridge_server/lib/python3.6/site-packages/rosbridge_server/client_mananger.py'...
Compiling '/ros2_ws/install/rosbridge_server/lib/python3.6/site-packages/rosbridge_server/websocket_handler.py'...
