[0.108s] Invoking command in '/ros2_ws/build/rosbridge_server': AMENT_PREFIX_PATH=/ros2_ws/install/rosapi:/ros2_ws/install/rosbridge_library:/ros2_ws/install/rosbridge_msgs:/ros2_ws/install/rosapi_msgs:${AMENT_PREFIX_PATH} CMAKE_PREFIX_PATH=/ros2_ws/install/rosapi:/ros2_ws/install/rosbridge_library:/ros2_ws/install/rosbridge_msgs:/ros2_ws/install/rosapi_msgs:${CMAKE_PREFIX_PATH} LD_LIBRARY_PATH=/ros2_ws/install/rosbridge_msgs/lib:/ros2_ws/install/rosapi_msgs/lib:/ros2_ws/src/install/rplidar_ros/lib:/ros2_ws/my_ros2_project/install/rosbridge_test_msgs/lib:/ros2_ws/my_ros2_project/install/rosbridge_msgs/lib:/ros2_ws/my_ros2_project/install/rosapi_msgs/lib:/opt/ros/foxy/install/opt/yaml_cpp_vendor/lib:/opt/ros/foxy/install/opt/rviz_ogre_vendor/lib:/opt/ros/foxy/install/lib:/usr/local/cuda-10.2/targets/aarch64-linux/lib PYTHONPATH=/ros2_ws/install/rosapi/lib/python3.6/site-packages:/ros2_ws/install/rosbridge_library/lib/python3.6/site-packages:/ros2_ws/install/rosbridge_msgs/lib/python3.6/site-packages:/ros2_ws/install/rosapi_msgs/lib/python3.6/site-packages:${PYTHONPATH} /usr/local/bin/cmake /ros2_ws/src/rosbridge_server -DAMENT_CMAKE_SYMLINK_INSTALL=1 -DCMAKE_INSTALL_PREFIX=/ros2_ws/install/rosbridge_server
[0.426s] -- The C compiler identification is GNU 7.5.0
[0.624s] -- The CXX compiler identification is GNU 7.5.0
[0.685s] -- Detecting C compiler ABI info
[0.906s] -- Detecting C compiler ABI info - done
[0.954s] -- Check for working C compiler: /usr/bin/cc - skipped
[0.955s] -- Detecting C compile features
[0.957s] -- Detecting C compile features - done
[0.998s] -- Detecting CXX compiler ABI info
[1.245s] -- Detecting CXX compiler ABI info - done
[1.295s] -- Check for working CXX compiler: /usr/bin/c++ - skipped
[1.296s] -- Detecting CXX compile features
[1.299s] -- Detecting CXX compile features - done
[1.313s] -- Found ament_cmake_ros: 0.9.2 (/opt/ros/foxy/install/share/ament_cmake_ros/cmake)
[1.382s] [33mCMake Warning (dev) at /opt/ros/foxy/install/share/ament_cmake_core/cmake/core/python.cmake:22 (find_package):
[1.383s]   Policy CMP0148 is not set: The FindPythonInterp and FindPythonLibs modules
[1.383s]   are removed.  Run "cmake --help-policy CMP0148" for policy details.  Use
[1.384s]   the cmake_policy command to set the policy and suppress this warning.
[1.384s] 
[1.385s] Call Stack (most recent call first):
[1.385s]   /opt/ros/foxy/install/share/ament_cmake_core/cmake/core/all.cmake:53 (include)
[1.386s]   /opt/ros/foxy/install/share/ament_cmake_core/cmake/ament_cmake_core-extras.cmake:17 (include)
[1.386s]   /opt/ros/foxy/install/share/ament_cmake_core/cmake/ament_cmake_coreConfig.cmake:41 (include)
[1.387s]   /opt/ros/foxy/install/share/ament_cmake_test/cmake/ament_cmake_test-extras.cmake:39 (find_package)
[1.387s]   /opt/ros/foxy/install/share/ament_cmake_test/cmake/ament_cmake_testConfig.cmake:41 (include)
[1.387s]   /opt/ros/foxy/install/share/ament_cmake_pytest/cmake/ament_cmake_pytest-extras.cmake:17 (find_package)
[1.388s]   /opt/ros/foxy/install/share/ament_cmake_pytest/cmake/ament_cmake_pytestConfig.cmake:41 (include)
[1.388s]   /opt/ros/foxy/install/share/ament_cmake_ros/cmake/ament_cmake_ros-extras.cmake:19 (find_package)
[1.389s]   /opt/ros/foxy/install/share/ament_cmake_ros/cmake/ament_cmake_rosConfig.cmake:41 (include)
[1.389s]   CMakeLists.txt:4 (find_package)
[1.390s] This warning is for project developers.  Use -Wno-dev to suppress it.
[1.390s] [0m
[1.498s] -- Found PythonInterp: /usr/bin/python3 (found suitable version "3.6.9", minimum required is "3") 
[1.499s] -- Using PYTHON_EXECUTABLE: /usr/bin/python3
[2.580s] -- Override CMake install command with custom implementation using symlinks instead of copying resources
[3.462s] -- Found launch_testing_ament_cmake: 0.10.10 (/opt/ros/foxy/install/share/launch_testing_ament_cmake/cmake)
[3.475s] -- Found python_cmake_module: 0.8.1 (/opt/ros/foxy/install/share/python_cmake_module/cmake)
[3.476s] [33mCMake Warning (dev) at /opt/ros/foxy/install/share/python_cmake_module/cmake/Modules/FindPythonExtra.cmake:45 (find_package):
[3.477s]   Policy CMP0148 is not set: The FindPythonInterp and FindPythonLibs modules
[3.477s]   are removed.  Run "cmake --help-policy CMP0148" for policy details.  Use
[3.478s]   the cmake_policy command to set the policy and suppress this warning.
[3.478s] 
[3.479s] Call Stack (most recent call first):
[3.480s]   /opt/ros/foxy/install/share/launch_testing_ament_cmake/cmake/launch_testing_ament_cmake-extras.cmake:18 (find_package)
[3.480s]   /opt/ros/foxy/install/share/launch_testing_ament_cmake/cmake/launch_testing_ament_cmakeConfig.cmake:41 (include)
[3.481s]   CMakeLists.txt:25 (find_package)
[3.481s] This warning is for project developers.  Use -Wno-dev to suppress it.
[3.482s] [0m
[3.593s] -- Found PythonInterp: /usr/bin/python3 (found suitable version "3.6.9", minimum required is "3.5") 
[3.593s] [33mCMake Warning (dev) at /opt/ros/foxy/install/share/python_cmake_module/cmake/Modules/FindPythonExtra.cmake:133 (find_package):
[3.594s]   Policy CMP0148 is not set: The FindPythonInterp and FindPythonLibs modules
[3.594s]   are removed.  Run "cmake --help-policy CMP0148" for policy details.  Use
[3.595s]   the cmake_policy command to set the policy and suppress this warning.
[3.595s] 
[3.596s] Call Stack (most recent call first):
[3.596s]   /opt/ros/foxy/install/share/launch_testing_ament_cmake/cmake/launch_testing_ament_cmake-extras.cmake:18 (find_package)
[3.597s]   /opt/ros/foxy/install/share/launch_testing_ament_cmake/cmake/launch_testing_ament_cmakeConfig.cmake:41 (include)
[3.597s]   CMakeLists.txt:25 (find_package)
[3.598s] This warning is for project developers.  Use -Wno-dev to suppress it.
[3.598s] [0m
[3.648s] -- Found PythonLibs: /usr/lib/aarch64-linux-gnu/libpython3.6m.so (found suitable version "3.6.9", minimum required is "3.5") 
[3.649s] -- Using PYTHON_EXECUTABLE: /usr/bin/python3
[3.649s] -- Using PYTHON_INCLUDE_DIRS: /usr/include/python3.6m
[3.650s] -- Using PYTHON_LIBRARIES: /usr/lib/aarch64-linux-gnu/libpython3.6m.so
[3.764s] -- Found PythonExtra: .so  
[3.775s] -- Configuring done (3.5s)
[3.788s] -- Generating done (0.0s)
[3.792s] -- Build files have been written to: /ros2_ws/build/rosbridge_server
[3.840s] Invoked command in '/ros2_ws/build/rosbridge_server' returned '0': AMENT_PREFIX_PATH=/ros2_ws/install/rosapi:/ros2_ws/install/rosbridge_library:/ros2_ws/install/rosbridge_msgs:/ros2_ws/install/rosapi_msgs:${AMENT_PREFIX_PATH} CMAKE_PREFIX_PATH=/ros2_ws/install/rosapi:/ros2_ws/install/rosbridge_library:/ros2_ws/install/rosbridge_msgs:/ros2_ws/install/rosapi_msgs:${CMAKE_PREFIX_PATH} LD_LIBRARY_PATH=/ros2_ws/install/rosbridge_msgs/lib:/ros2_ws/install/rosapi_msgs/lib:/ros2_ws/src/install/rplidar_ros/lib:/ros2_ws/my_ros2_project/install/rosbridge_test_msgs/lib:/ros2_ws/my_ros2_project/install/rosbridge_msgs/lib:/ros2_ws/my_ros2_project/install/rosapi_msgs/lib:/opt/ros/foxy/install/opt/yaml_cpp_vendor/lib:/opt/ros/foxy/install/opt/rviz_ogre_vendor/lib:/opt/ros/foxy/install/lib:/usr/local/cuda-10.2/targets/aarch64-linux/lib PYTHONPATH=/ros2_ws/install/rosapi/lib/python3.6/site-packages:/ros2_ws/install/rosbridge_library/lib/python3.6/site-packages:/ros2_ws/install/rosbridge_msgs/lib/python3.6/site-packages:/ros2_ws/install/rosapi_msgs/lib/python3.6/site-packages:${PYTHONPATH} /usr/local/bin/cmake /ros2_ws/src/rosbridge_server -DAMENT_CMAKE_SYMLINK_INSTALL=1 -DCMAKE_INSTALL_PREFIX=/ros2_ws/install/rosbridge_server
[3.850s] Invoking command in '/ros2_ws/build/rosbridge_server': AMENT_PREFIX_PATH=/ros2_ws/install/rosapi:/ros2_ws/install/rosbridge_library:/ros2_ws/install/rosbridge_msgs:/ros2_ws/install/rosapi_msgs:${AMENT_PREFIX_PATH} CMAKE_PREFIX_PATH=/ros2_ws/install/rosapi:/ros2_ws/install/rosbridge_library:/ros2_ws/install/rosbridge_msgs:/ros2_ws/install/rosapi_msgs:${CMAKE_PREFIX_PATH} LD_LIBRARY_PATH=/ros2_ws/install/rosbridge_msgs/lib:/ros2_ws/install/rosapi_msgs/lib:/ros2_ws/src/install/rplidar_ros/lib:/ros2_ws/my_ros2_project/install/rosbridge_test_msgs/lib:/ros2_ws/my_ros2_project/install/rosbridge_msgs/lib:/ros2_ws/my_ros2_project/install/rosapi_msgs/lib:/opt/ros/foxy/install/opt/yaml_cpp_vendor/lib:/opt/ros/foxy/install/opt/rviz_ogre_vendor/lib:/opt/ros/foxy/install/lib:/usr/local/cuda-10.2/targets/aarch64-linux/lib PYTHONPATH=/ros2_ws/install/rosapi/lib/python3.6/site-packages:/ros2_ws/install/rosbridge_library/lib/python3.6/site-packages:/ros2_ws/install/rosbridge_msgs/lib/python3.6/site-packages:/ros2_ws/install/rosapi_msgs/lib/python3.6/site-packages:${PYTHONPATH} /usr/local/bin/cmake --build /ros2_ws/build/rosbridge_server -- -j4 -l4
[4.064s] Invoked command in '/ros2_ws/build/rosbridge_server' returned '0': AMENT_PREFIX_PATH=/ros2_ws/install/rosapi:/ros2_ws/install/rosbridge_library:/ros2_ws/install/rosbridge_msgs:/ros2_ws/install/rosapi_msgs:${AMENT_PREFIX_PATH} CMAKE_PREFIX_PATH=/ros2_ws/install/rosapi:/ros2_ws/install/rosbridge_library:/ros2_ws/install/rosbridge_msgs:/ros2_ws/install/rosapi_msgs:${CMAKE_PREFIX_PATH} LD_LIBRARY_PATH=/ros2_ws/install/rosbridge_msgs/lib:/ros2_ws/install/rosapi_msgs/lib:/ros2_ws/src/install/rplidar_ros/lib:/ros2_ws/my_ros2_project/install/rosbridge_test_msgs/lib:/ros2_ws/my_ros2_project/install/rosbridge_msgs/lib:/ros2_ws/my_ros2_project/install/rosapi_msgs/lib:/opt/ros/foxy/install/opt/yaml_cpp_vendor/lib:/opt/ros/foxy/install/opt/rviz_ogre_vendor/lib:/opt/ros/foxy/install/lib:/usr/local/cuda-10.2/targets/aarch64-linux/lib PYTHONPATH=/ros2_ws/install/rosapi/lib/python3.6/site-packages:/ros2_ws/install/rosbridge_library/lib/python3.6/site-packages:/ros2_ws/install/rosbridge_msgs/lib/python3.6/site-packages:/ros2_ws/install/rosapi_msgs/lib/python3.6/site-packages:${PYTHONPATH} /usr/local/bin/cmake --build /ros2_ws/build/rosbridge_server -- -j4 -l4
[4.282s] Invoking command in '/ros2_ws/build/rosbridge_server': AMENT_PREFIX_PATH=/ros2_ws/install/rosapi:/ros2_ws/install/rosbridge_library:/ros2_ws/install/rosbridge_msgs:/ros2_ws/install/rosapi_msgs:${AMENT_PREFIX_PATH} CMAKE_PREFIX_PATH=/ros2_ws/install/rosapi:/ros2_ws/install/rosbridge_library:/ros2_ws/install/rosbridge_msgs:/ros2_ws/install/rosapi_msgs:${CMAKE_PREFIX_PATH} LD_LIBRARY_PATH=/ros2_ws/install/rosbridge_msgs/lib:/ros2_ws/install/rosapi_msgs/lib:/ros2_ws/src/install/rplidar_ros/lib:/ros2_ws/my_ros2_project/install/rosbridge_test_msgs/lib:/ros2_ws/my_ros2_project/install/rosbridge_msgs/lib:/ros2_ws/my_ros2_project/install/rosapi_msgs/lib:/opt/ros/foxy/install/opt/yaml_cpp_vendor/lib:/opt/ros/foxy/install/opt/rviz_ogre_vendor/lib:/opt/ros/foxy/install/lib:/usr/local/cuda-10.2/targets/aarch64-linux/lib PYTHONPATH=/ros2_ws/install/rosapi/lib/python3.6/site-packages:/ros2_ws/install/rosbridge_library/lib/python3.6/site-packages:/ros2_ws/install/rosbridge_msgs/lib/python3.6/site-packages:/ros2_ws/install/rosapi_msgs/lib/python3.6/site-packages:${PYTHONPATH} /usr/local/bin/cmake --install /ros2_ws/build/rosbridge_server
[4.439s] -- Install configuration: ""
[4.440s] -- Execute custom install script
[4.441s] -- Symlinking: /ros2_ws/install/rosbridge_server/share/rosbridge_server/environment/pythonpath.sh
[4.451s] -- Symlinking: /ros2_ws/install/rosbridge_server/share/rosbridge_server/environment/pythonpath.dsv
[4.461s] -- Symlinking: /ros2_ws/install/rosbridge_server/lib/python3.6/site-packages/rosbridge_server/__init__.py
[4.470s] -- Symlinking: /ros2_ws/install/rosbridge_server/lib/python3.6/site-packages/rosbridge_server/client_mananger.py
[4.479s] -- Symlinking: /ros2_ws/install/rosbridge_server/lib/python3.6/site-packages/rosbridge_server/websocket_handler.py
[4.488s] -- Symlinking: /ros2_ws/install/rosbridge_server/share/ament_index/resource_index/package_run_dependencies/rosbridge_server
[4.498s] -- Symlinking: /ros2_ws/install/rosbridge_server/share/ament_index/resource_index/parent_prefix_path/rosbridge_server
[4.507s] -- Symlinking: /ros2_ws/install/rosbridge_server/share/rosbridge_server/environment/ament_prefix_path.sh
[4.516s] -- Symlinking: /ros2_ws/install/rosbridge_server/share/rosbridge_server/environment/ament_prefix_path.dsv
[4.526s] -- Symlinking: /ros2_ws/install/rosbridge_server/share/rosbridge_server/environment/path.sh
[4.535s] -- Symlinking: /ros2_ws/install/rosbridge_server/share/rosbridge_server/environment/path.dsv
[4.544s] -- Symlinking: /ros2_ws/install/rosbridge_server/share/rosbridge_server/local_setup.bash
[4.553s] -- Symlinking: /ros2_ws/install/rosbridge_server/share/rosbridge_server/local_setup.sh
[4.562s] -- Symlinking: /ros2_ws/install/rosbridge_server/share/rosbridge_server/local_setup.zsh
[4.571s] -- Symlinking: /ros2_ws/install/rosbridge_server/share/rosbridge_server/local_setup.dsv
[4.580s] -- Symlinking: /ros2_ws/install/rosbridge_server/share/rosbridge_server/package.dsv
[4.590s] -- Symlinking: /ros2_ws/install/rosbridge_server/share/ament_index/resource_index/packages/rosbridge_server
[4.600s] -- Symlinking: /ros2_ws/install/rosbridge_server/share/rosbridge_server/cmake/rosbridge_serverConfig.cmake
[4.609s] -- Symlinking: /ros2_ws/install/rosbridge_server/share/rosbridge_server/cmake/rosbridge_serverConfig-version.cmake
[4.619s] -- Symlinking: /ros2_ws/install/rosbridge_server/share/rosbridge_server/package.xml
[4.628s] -- Symlinking: /ros2_ws/install/rosbridge_server/lib/rosbridge_server/rosbridge_websocket.py
[4.637s] -- Symlinking: /ros2_ws/install/rosbridge_server/lib/rosbridge_server/rosbridge_websocket
[4.646s] -- Symlinking: /ros2_ws/install/rosbridge_server/share/rosbridge_server/launch/rosbridge_websocket_launch.xml
[4.824s] Listing '/ros2_ws/install/rosbridge_server/lib/python3.6/site-packages/rosbridge_server'...
[4.825s] Compiling '/ros2_ws/install/rosbridge_server/lib/python3.6/site-packages/rosbridge_server/__init__.py'...
[4.826s] Compiling '/ros2_ws/install/rosbridge_server/lib/python3.6/site-packages/rosbridge_server/client_mananger.py'...
[4.826s] Compiling '/ros2_ws/install/rosbridge_server/lib/python3.6/site-packages/rosbridge_server/websocket_handler.py'...
[4.876s] Invoked command in '/ros2_ws/build/rosbridge_server' returned '0': AMENT_PREFIX_PATH=/ros2_ws/install/rosapi:/ros2_ws/install/rosbridge_library:/ros2_ws/install/rosbridge_msgs:/ros2_ws/install/rosapi_msgs:${AMENT_PREFIX_PATH} CMAKE_PREFIX_PATH=/ros2_ws/install/rosapi:/ros2_ws/install/rosbridge_library:/ros2_ws/install/rosbridge_msgs:/ros2_ws/install/rosapi_msgs:${CMAKE_PREFIX_PATH} LD_LIBRARY_PATH=/ros2_ws/install/rosbridge_msgs/lib:/ros2_ws/install/rosapi_msgs/lib:/ros2_ws/src/install/rplidar_ros/lib:/ros2_ws/my_ros2_project/install/rosbridge_test_msgs/lib:/ros2_ws/my_ros2_project/install/rosbridge_msgs/lib:/ros2_ws/my_ros2_project/install/rosapi_msgs/lib:/opt/ros/foxy/install/opt/yaml_cpp_vendor/lib:/opt/ros/foxy/install/opt/rviz_ogre_vendor/lib:/opt/ros/foxy/install/lib:/usr/local/cuda-10.2/targets/aarch64-linux/lib PYTHONPATH=/ros2_ws/install/rosapi/lib/python3.6/site-packages:/ros2_ws/install/rosbridge_library/lib/python3.6/site-packages:/ros2_ws/install/rosbridge_msgs/lib/python3.6/site-packages:/ros2_ws/install/rosapi_msgs/lib/python3.6/site-packages:${PYTHONPATH} /usr/local/bin/cmake --install /ros2_ws/build/rosbridge_server
