[0.055s] Invoking command in '/ros2_ws/build/diagnostic_msgs': AMENT_PREFIX_PATH=/ros2_ws/install/geometry_msgs:/ros2_ws/install/std_msgs:${AMENT_PREFIX_PATH} CMAKE_PREFIX_PATH=/ros2_ws/install/geometry_msgs:/ros2_ws/install/std_msgs:/opt/ros/humble LD_LIBRARY_PATH=/ros2_ws/install/geometry_msgs/lib:/ros2_ws/install/std_msgs/lib:${LD_LIBRARY_PATH} PYTHONPATH=/ros2_ws/install/geometry_msgs/local/lib/python3.10/dist-packages:/ros2_ws/install/std_msgs/local/lib/python3.10/dist-packages:${PYTHONPATH} /usr/bin/cmake /ros2_ws/src/common_interfaces/diagnostic_msgs -DCMAKE_INSTALL_PREFIX=/ros2_ws/install/diagnostic_msgs
[0.265s] -- The C compiler identification is GNU 11.4.0
[0.498s] -- The CXX compiler identification is GNU 11.4.0
[0.524s] -- Detecting C compiler ABI info
[0.805s] -- Detecting C compiler ABI info - done
[0.842s] -- Check for working C compiler: /usr/bin/cc - skipped
[0.843s] -- Detecting C compile features
[0.845s] -- Detecting C compile features - done
[0.858s] -- Detecting CXX compiler ABI info
[1.187s] -- Detecting CXX compiler ABI info - done
[1.226s] -- Check for working CXX compiler: /usr/bin/c++ - skipped
[1.227s] -- Detecting CXX compile features
[1.237s] -- Detecting CXX compile features - done
[1.243s] -- Found ament_cmake: 1.3.14 (/opt/ros/humble/share/ament_cmake/cmake)
[1.857s] -- Found Python3: /usr/bin/python3 (found version "3.10.12") found components: Interpreter 
[2.342s] -- Found rosidl_default_generators: 1.2.1 (/opt/ros/humble/share/rosidl_default_generators/cmake)
[2.358s] -- Using all available rosidl_typesupport_c: rosidl_typesupport_fastrtps_c;rosidl_typesupport_introspection_c
[2.406s] -- Found rosidl_adapter: 3.1.8 (/opt/ros/humble/share/rosidl_adapter/cmake)
[2.640s] -- Using all available rosidl_typesupport_cpp: rosidl_typesupport_fastrtps_cpp;rosidl_typesupport_introspection_cpp
[2.831s] -- Found std_msgs: 2.0.5 (/ros2_ws/install/std_msgs/share/std_msgs/cmake)
[4.425s] -- Found ament_cmake_cppcheck: 0.12.15 (/opt/ros/humble/share/ament_cmake_cppcheck/cmake)
[4.438s] -- Found ament_cmake_cpplint: 0.12.15 (/opt/ros/humble/share/ament_cmake_cpplint/cmake)
[4.451s] -- Found ament_cmake_uncrustify: 0.12.15 (/opt/ros/humble/share/ament_cmake_uncrustify/cmake)
[4.464s] -- Found ament_cmake_ros: 0.10.0 (/opt/ros/humble/share/ament_cmake_ros/cmake)
[5.419s] -- Using all available rosidl_typesupport_c: rosidl_typesupport_fastrtps_c;rosidl_typesupport_introspection_c
[6.652s] -- Using all available rosidl_typesupport_cpp: rosidl_typesupport_fastrtps_cpp;rosidl_typesupport_introspection_cpp
[6.730s] -- Found PythonInterp: /usr/bin/python3 (found suitable version "3.10.12", minimum required is "3.6") 
[6.739s] -- Found python_cmake_module: 0.10.0 (/opt/ros/humble/share/python_cmake_module/cmake)
[6.821s] -- Found PythonLibs: /usr/lib/aarch64-linux-gnu/libpython3.10.so (found suitable version "3.10.12", minimum required is "3.5") 
[6.821s] -- Using PYTHON_EXECUTABLE: /usr/bin/python3
[6.822s] -- Using PYTHON_INCLUDE_DIRS: /usr/include/python3.10
[6.822s] -- Using PYTHON_LIBRARIES: /usr/lib/aarch64-linux-gnu/libpython3.10.so
[6.895s] -- Found PythonExtra: .so  
[7.102s] -- Found ament_cmake_flake8: 0.12.15 (/opt/ros/humble/share/ament_cmake_flake8/cmake)
[7.114s] -- Found ament_cmake_pep257: 0.12.15 (/opt/ros/humble/share/ament_cmake_pep257/cmake)
[7.447s] -- Configuring done
[7.642s] -- Generating done
[7.696s] -- Build files have been written to: /ros2_ws/build/diagnostic_msgs
[7.723s] Invoked command in '/ros2_ws/build/diagnostic_msgs' returned '0': AMENT_PREFIX_PATH=/ros2_ws/install/geometry_msgs:/ros2_ws/install/std_msgs:${AMENT_PREFIX_PATH} CMAKE_PREFIX_PATH=/ros2_ws/install/geometry_msgs:/ros2_ws/install/std_msgs:/opt/ros/humble LD_LIBRARY_PATH=/ros2_ws/install/geometry_msgs/lib:/ros2_ws/install/std_msgs/lib:${LD_LIBRARY_PATH} PYTHONPATH=/ros2_ws/install/geometry_msgs/local/lib/python3.10/dist-packages:/ros2_ws/install/std_msgs/local/lib/python3.10/dist-packages:${PYTHONPATH} /usr/bin/cmake /ros2_ws/src/common_interfaces/diagnostic_msgs -DCMAKE_INSTALL_PREFIX=/ros2_ws/install/diagnostic_msgs
[7.742s] Invoking command in '/ros2_ws/build/diagnostic_msgs': AMENT_PREFIX_PATH=/ros2_ws/install/geometry_msgs:/ros2_ws/install/std_msgs:${AMENT_PREFIX_PATH} CMAKE_PREFIX_PATH=/ros2_ws/install/geometry_msgs:/ros2_ws/install/std_msgs:/opt/ros/humble LD_LIBRARY_PATH=/ros2_ws/install/geometry_msgs/lib:/ros2_ws/install/std_msgs/lib:${LD_LIBRARY_PATH} PYTHONPATH=/ros2_ws/install/geometry_msgs/local/lib/python3.10/dist-packages:/ros2_ws/install/std_msgs/local/lib/python3.10/dist-packages:${PYTHONPATH} /usr/bin/cmake --build /ros2_ws/build/diagnostic_msgs -- -j4 -l4
[7.929s] [  1%] [34m[1mGenerating C code for ROS interfaces[0m
[8.033s] [  3%] [34m[1mGenerating C++ code for ROS interfaces[0m
[8.053s] [  3%] Built target ament_cmake_python_copy_diagnostic_msgs
[8.069s] [  4%] [34m[1mGenerating Rust code for ROS interfaces[0m
[9.633s] running egg_info
[9.636s] creating diagnostic_msgs.egg-info
[9.638s] writing diagnostic_msgs.egg-info/PKG-INFO
[9.640s] writing dependency_links to diagnostic_msgs.egg-info/dependency_links.txt
[9.641s] writing top-level names to diagnostic_msgs.egg-info/top_level.txt
[9.643s] writing manifest file 'diagnostic_msgs.egg-info/SOURCES.txt'
[9.654s] reading manifest file 'diagnostic_msgs.egg-info/SOURCES.txt'
[9.657s] writing manifest file 'diagnostic_msgs.egg-info/SOURCES.txt'
[9.835s] [  4%] Built target ament_cmake_python_build_diagnostic_msgs_egg
[13.761s] [  4%] Built target diagnostic_msgs__rs
[15.260s] [  6%] [32mBuilding C object CMakeFiles/diagnostic_msgs__rosidl_generator_c.dir/rosidl_generator_c/diagnostic_msgs/msg/detail/diagnostic_status__functions.c.o[0m
[15.277s] [  7%] [32mBuilding C object CMakeFiles/diagnostic_msgs__rosidl_generator_c.dir/rosidl_generator_c/diagnostic_msgs/msg/detail/diagnostic_array__functions.c.o[0m
[15.870s] [  9%] [32mBuilding C object CMakeFiles/diagnostic_msgs__rosidl_generator_c.dir/rosidl_generator_c/diagnostic_msgs/srv/detail/add_diagnostics__functions.c.o[0m
[16.662s] [ 10%] [32mBuilding C object CMakeFiles/diagnostic_msgs__rosidl_generator_c.dir/rosidl_generator_c/diagnostic_msgs/srv/detail/self_test__functions.c.o[0m
[16.961s] [ 10%] Built target diagnostic_msgs__cpp
[17.312s] [ 12%] [32mBuilding C object CMakeFiles/diagnostic_msgs__rosidl_generator_c.dir/rosidl_generator_c/diagnostic_msgs/msg/detail/key_value__functions.c.o[0m
[17.643s] [ 14%] [32m[1mLinking C shared library libdiagnostic_msgs__rosidl_generator_c.so[0m
[18.024s] [ 14%] Built target diagnostic_msgs__rosidl_generator_c
[18.136s] [ 15%] [34m[1mGenerating C++ introspection for ROS interfaces[0m
[23.953s] [ 17%] [32mBuilding CXX object CMakeFiles/diagnostic_msgs__rosidl_typesupport_introspection_cpp.dir/rosidl_typesupport_introspection_cpp/diagnostic_msgs/msg/detail/diagnostic_array__type_support.cpp.o[0m
[27.340s] [ 18%] [32mBuilding CXX object CMakeFiles/diagnostic_msgs__rosidl_typesupport_introspection_cpp.dir/rosidl_typesupport_introspection_cpp/diagnostic_msgs/msg/detail/diagnostic_status__type_support.cpp.o[0m
[29.640s] [ 20%] [32mBuilding CXX object CMakeFiles/diagnostic_msgs__rosidl_typesupport_introspection_cpp.dir/rosidl_typesupport_introspection_cpp/diagnostic_msgs/msg/detail/key_value__type_support.cpp.o[0m
[32.378s] [ 21%] [32mBuilding CXX object CMakeFiles/diagnostic_msgs__rosidl_typesupport_introspection_cpp.dir/rosidl_typesupport_introspection_cpp/diagnostic_msgs/srv/detail/add_diagnostics__type_support.cpp.o[0m
[34.366s] [ 23%] [32mBuilding CXX object CMakeFiles/diagnostic_msgs__rosidl_typesupport_introspection_cpp.dir/rosidl_typesupport_introspection_cpp/diagnostic_msgs/srv/detail/self_test__type_support.cpp.o[0m
[36.788s] [ 25%] [32m[1mLinking CXX shared library libdiagnostic_msgs__rosidl_typesupport_introspection_cpp.so[0m
[37.291s] [ 25%] Built target diagnostic_msgs__rosidl_typesupport_introspection_cpp
[37.371s] [ 26%] [34m[1mGenerating C type support for eProsima Fast-RTPS[0m
[40.959s] [ 28%] [32mBuilding CXX object CMakeFiles/diagnostic_msgs__rosidl_typesupport_fastrtps_c.dir/rosidl_typesupport_fastrtps_c/diagnostic_msgs/msg/detail/diagnostic_array__type_support_c.cpp.o[0m
[42.430s] [ 29%] [32mBuilding CXX object CMakeFiles/diagnostic_msgs__rosidl_typesupport_fastrtps_c.dir/rosidl_typesupport_fastrtps_c/diagnostic_msgs/msg/detail/diagnostic_status__type_support_c.cpp.o[0m
[43.985s] [ 31%] [32mBuilding CXX object CMakeFiles/diagnostic_msgs__rosidl_typesupport_fastrtps_c.dir/rosidl_typesupport_fastrtps_c/diagnostic_msgs/msg/detail/key_value__type_support_c.cpp.o[0m
[45.574s] [ 32%] [32mBuilding CXX object CMakeFiles/diagnostic_msgs__rosidl_typesupport_fastrtps_c.dir/rosidl_typesupport_fastrtps_c/diagnostic_msgs/srv/detail/add_diagnostics__type_support_c.cpp.o[0m
[47.228s] [ 34%] [32mBuilding CXX object CMakeFiles/diagnostic_msgs__rosidl_typesupport_fastrtps_c.dir/rosidl_typesupport_fastrtps_c/diagnostic_msgs/srv/detail/self_test__type_support_c.cpp.o[0m
[48.890s] [ 35%] [32m[1mLinking CXX shared library libdiagnostic_msgs__rosidl_typesupport_fastrtps_c.so[0m
[49.186s] [ 35%] Built target diagnostic_msgs__rosidl_typesupport_fastrtps_c
[49.221s] [ 37%] [34m[1mGenerating C introspection for ROS interfaces[0m
[52.647s] [ 39%] [32mBuilding C object CMakeFiles/diagnostic_msgs__rosidl_typesupport_introspection_c.dir/rosidl_typesupport_introspection_c/diagnostic_msgs/msg/detail/diagnostic_array__type_support.c.o[0m
[52.792s] [ 40%] [32mBuilding C object CMakeFiles/diagnostic_msgs__rosidl_typesupport_introspection_c.dir/rosidl_typesupport_introspection_c/diagnostic_msgs/msg/detail/diagnostic_status__type_support.c.o[0m
[52.935s] [ 42%] [32mBuilding C object CMakeFiles/diagnostic_msgs__rosidl_typesupport_introspection_c.dir/rosidl_typesupport_introspection_c/diagnostic_msgs/msg/detail/key_value__type_support.c.o[0m
[53.061s] [ 43%] [32mBuilding C object CMakeFiles/diagnostic_msgs__rosidl_typesupport_introspection_c.dir/rosidl_typesupport_introspection_c/diagnostic_msgs/srv/detail/add_diagnostics__type_support.c.o[0m
[53.202s] [ 45%] [32mBuilding C object CMakeFiles/diagnostic_msgs__rosidl_typesupport_introspection_c.dir/rosidl_typesupport_introspection_c/diagnostic_msgs/srv/detail/self_test__type_support.c.o[0m
[53.389s] [ 46%] [32m[1mLinking C shared library libdiagnostic_msgs__rosidl_typesupport_introspection_c.so[0m
[53.507s] [ 46%] Built target diagnostic_msgs__rosidl_typesupport_introspection_c
[53.539s] [ 48%] [34m[1mGenerating C type support dispatch for ROS interfaces[0m
[56.463s] [ 50%] [32mBuilding CXX object CMakeFiles/diagnostic_msgs__rosidl_typesupport_c.dir/rosidl_typesupport_c/diagnostic_msgs/msg/diagnostic_array__type_support.cpp.o[0m
[56.585s] [ 51%] [32mBuilding CXX object CMakeFiles/diagnostic_msgs__rosidl_typesupport_c.dir/rosidl_typesupport_c/diagnostic_msgs/msg/diagnostic_status__type_support.cpp.o[0m
[56.704s] [ 53%] [32mBuilding CXX object CMakeFiles/diagnostic_msgs__rosidl_typesupport_c.dir/rosidl_typesupport_c/diagnostic_msgs/msg/key_value__type_support.cpp.o[0m
[56.821s] [ 54%] [32mBuilding CXX object CMakeFiles/diagnostic_msgs__rosidl_typesupport_c.dir/rosidl_typesupport_c/diagnostic_msgs/srv/add_diagnostics__type_support.cpp.o[0m
[56.948s] [ 56%] [32mBuilding CXX object CMakeFiles/diagnostic_msgs__rosidl_typesupport_c.dir/rosidl_typesupport_c/diagnostic_msgs/srv/self_test__type_support.cpp.o[0m
[57.073s] [ 57%] [32m[1mLinking CXX shared library libdiagnostic_msgs__rosidl_typesupport_c.so[0m
[57.219s] [ 57%] Built target diagnostic_msgs__rosidl_typesupport_c
[57.252s] [ 59%] [34m[1mGenerating C++ type support for eProsima Fast-RTPS[0m
[61.120s] [ 60%] [32mBuilding CXX object CMakeFiles/diagnostic_msgs__rosidl_typesupport_fastrtps_cpp.dir/rosidl_typesupport_fastrtps_cpp/diagnostic_msgs/msg/detail/dds_fastrtps/diagnostic_array__type_support.cpp.o[0m
[63.261s] [ 62%] [32mBuilding CXX object CMakeFiles/diagnostic_msgs__rosidl_typesupport_fastrtps_cpp.dir/rosidl_typesupport_fastrtps_cpp/diagnostic_msgs/msg/detail/dds_fastrtps/key_value__type_support.cpp.o[0m
[65.118s] [ 64%] [32mBuilding CXX object CMakeFiles/diagnostic_msgs__rosidl_typesupport_fastrtps_cpp.dir/rosidl_typesupport_fastrtps_cpp/diagnostic_msgs/srv/detail/dds_fastrtps/add_diagnostics__type_support.cpp.o[0m
[66.990s] [ 65%] [32mBuilding CXX object CMakeFiles/diagnostic_msgs__rosidl_typesupport_fastrtps_cpp.dir/rosidl_typesupport_fastrtps_cpp/diagnostic_msgs/srv/detail/dds_fastrtps/self_test__type_support.cpp.o[0m
[69.228s] [ 67%] [32mBuilding CXX object CMakeFiles/diagnostic_msgs__rosidl_typesupport_fastrtps_cpp.dir/rosidl_typesupport_fastrtps_cpp/diagnostic_msgs/msg/detail/dds_fastrtps/diagnostic_status__type_support.cpp.o[0m
[71.245s] [ 68%] [32m[1mLinking CXX shared library libdiagnostic_msgs__rosidl_typesupport_fastrtps_cpp.so[0m
[71.557s] [ 68%] Built target diagnostic_msgs__rosidl_typesupport_fastrtps_cpp
[71.595s] [ 70%] [34m[1mGenerating C++ type support dispatch for ROS interfaces[0m
[74.539s] [ 71%] [32mBuilding CXX object CMakeFiles/diagnostic_msgs__rosidl_typesupport_cpp.dir/rosidl_typesupport_cpp/diagnostic_msgs/msg/diagnostic_array__type_support.cpp.o[0m
[75.734s] [ 73%] [32mBuilding CXX object CMakeFiles/diagnostic_msgs__rosidl_typesupport_cpp.dir/rosidl_typesupport_cpp/diagnostic_msgs/srv/add_diagnostics__type_support.cpp.o[0m
[76.935s] [ 75%] [32mBuilding CXX object CMakeFiles/diagnostic_msgs__rosidl_typesupport_cpp.dir/rosidl_typesupport_cpp/diagnostic_msgs/srv/self_test__type_support.cpp.o[0m
[78.150s] [ 76%] [32mBuilding CXX object CMakeFiles/diagnostic_msgs__rosidl_typesupport_cpp.dir/rosidl_typesupport_cpp/diagnostic_msgs/msg/key_value__type_support.cpp.o[0m
[79.329s] [ 78%] [32mBuilding CXX object CMakeFiles/diagnostic_msgs__rosidl_typesupport_cpp.dir/rosidl_typesupport_cpp/diagnostic_msgs/msg/diagnostic_status__type_support.cpp.o[0m
[80.521s] [ 79%] [32m[1mLinking CXX shared library libdiagnostic_msgs__rosidl_typesupport_cpp.so[0m
[80.661s] [ 79%] Built target diagnostic_msgs__rosidl_typesupport_cpp
[80.729s] [ 79%] Built target diagnostic_msgs
[80.797s] [ 81%] [34m[1mGenerating Python code for ROS interfaces[0m
[87.399s] [ 81%] Built target diagnostic_msgs__py
[87.464s] [ 82%] [32mBuilding C object CMakeFiles/diagnostic_msgs__rosidl_generator_py.dir/rosidl_generator_py/diagnostic_msgs/msg/_diagnostic_array_s.c.o[0m
[87.942s] [ 84%] [32mBuilding C object CMakeFiles/diagnostic_msgs__rosidl_generator_py.dir/rosidl_generator_py/diagnostic_msgs/srv/_add_diagnostics_s.c.o[0m
[88.457s] [ 85%] [32mBuilding C object CMakeFiles/diagnostic_msgs__rosidl_generator_py.dir/rosidl_generator_py/diagnostic_msgs/srv/_self_test_s.c.o[0m
[88.989s] [ 87%] [32mBuilding C object CMakeFiles/diagnostic_msgs__rosidl_generator_py.dir/rosidl_generator_py/diagnostic_msgs/msg/_key_value_s.c.o[0m
[89.443s] [ 89%] [32mBuilding C object CMakeFiles/diagnostic_msgs__rosidl_generator_py.dir/rosidl_generator_py/diagnostic_msgs/msg/_diagnostic_status_s.c.o[0m
[89.953s] [ 90%] [32m[1mLinking C shared library rosidl_generator_py/diagnostic_msgs/libdiagnostic_msgs__rosidl_generator_py.so[0m
[90.120s] [ 90%] Built target diagnostic_msgs__rosidl_generator_py
[90.186s] [ 92%] [32mBuilding C object CMakeFiles/diagnostic_msgs__rosidl_typesupport_fastrtps_c__pyext.dir/rosidl_generator_py/diagnostic_msgs/_diagnostic_msgs_s.ep.rosidl_typesupport_fastrtps_c.c.o[0m
[90.734s] [ 93%] [32m[1mLinking C shared library rosidl_generator_py/diagnostic_msgs/diagnostic_msgs_s__rosidl_typesupport_fastrtps_c.cpython-310-aarch64-linux-gnu.so[0m
[90.906s] [ 93%] Built target diagnostic_msgs__rosidl_typesupport_fastrtps_c__pyext
[90.970s] [ 95%] [32mBuilding C object CMakeFiles/diagnostic_msgs__rosidl_typesupport_c__pyext.dir/rosidl_generator_py/diagnostic_msgs/_diagnostic_msgs_s.ep.rosidl_typesupport_c.c.o[0m
[91.503s] [ 96%] [32m[1mLinking C shared library rosidl_generator_py/diagnostic_msgs/diagnostic_msgs_s__rosidl_typesupport_c.cpython-310-aarch64-linux-gnu.so[0m
[91.649s] [ 96%] Built target diagnostic_msgs__rosidl_typesupport_c__pyext
[91.716s] [ 98%] [32mBuilding C object CMakeFiles/diagnostic_msgs__rosidl_typesupport_introspection_c__pyext.dir/rosidl_generator_py/diagnostic_msgs/_diagnostic_msgs_s.ep.rosidl_typesupport_introspection_c.c.o[0m
[92.246s] [100%] [32m[1mLinking C shared library rosidl_generator_py/diagnostic_msgs/diagnostic_msgs_s__rosidl_typesupport_introspection_c.cpython-310-aarch64-linux-gnu.so[0m
[92.404s] [100%] Built target diagnostic_msgs__rosidl_typesupport_introspection_c__pyext
[92.443s] Invoked command in '/ros2_ws/build/diagnostic_msgs' returned '0': AMENT_PREFIX_PATH=/ros2_ws/install/geometry_msgs:/ros2_ws/install/std_msgs:${AMENT_PREFIX_PATH} CMAKE_PREFIX_PATH=/ros2_ws/install/geometry_msgs:/ros2_ws/install/std_msgs:/opt/ros/humble LD_LIBRARY_PATH=/ros2_ws/install/geometry_msgs/lib:/ros2_ws/install/std_msgs/lib:${LD_LIBRARY_PATH} PYTHONPATH=/ros2_ws/install/geometry_msgs/local/lib/python3.10/dist-packages:/ros2_ws/install/std_msgs/local/lib/python3.10/dist-packages:${PYTHONPATH} /usr/bin/cmake --build /ros2_ws/build/diagnostic_msgs -- -j4 -l4
[92.444s] Invoking command in '/ros2_ws/build/diagnostic_msgs': AMENT_PREFIX_PATH=/ros2_ws/install/geometry_msgs:/ros2_ws/install/std_msgs:${AMENT_PREFIX_PATH} CMAKE_PREFIX_PATH=/ros2_ws/install/geometry_msgs:/ros2_ws/install/std_msgs:/opt/ros/humble LD_LIBRARY_PATH=/ros2_ws/install/geometry_msgs/lib:/ros2_ws/install/std_msgs/lib:${LD_LIBRARY_PATH} PYTHONPATH=/ros2_ws/install/geometry_msgs/local/lib/python3.10/dist-packages:/ros2_ws/install/std_msgs/local/lib/python3.10/dist-packages:${PYTHONPATH} /usr/bin/cmake --install /ros2_ws/build/diagnostic_msgs
[92.474s] -- Install configuration: ""
[92.475s] -- Installing: /ros2_ws/install/diagnostic_msgs/share/ament_index/resource_index/rosidl_interfaces/diagnostic_msgs
[92.475s] -- Installing: /ros2_ws/install/diagnostic_msgs/include/diagnostic_msgs/diagnostic_msgs
[92.476s] -- Installing: /ros2_ws/install/diagnostic_msgs/include/diagnostic_msgs/diagnostic_msgs/srv
[92.476s] -- Installing: /ros2_ws/install/diagnostic_msgs/include/diagnostic_msgs/diagnostic_msgs/srv/self_test.h
[92.477s] -- Installing: /ros2_ws/install/diagnostic_msgs/include/diagnostic_msgs/diagnostic_msgs/srv/add_diagnostics.h
[92.477s] -- Installing: /ros2_ws/install/diagnostic_msgs/include/diagnostic_msgs/diagnostic_msgs/srv/detail
[92.477s] -- Installing: /ros2_ws/install/diagnostic_msgs/include/diagnostic_msgs/diagnostic_msgs/srv/detail/add_diagnostics__struct.h
[92.478s] -- Installing: /ros2_ws/install/diagnostic_msgs/include/diagnostic_msgs/diagnostic_msgs/srv/detail/add_diagnostics__functions.c
[92.478s] -- Installing: /ros2_ws/install/diagnostic_msgs/include/diagnostic_msgs/diagnostic_msgs/srv/detail/self_test__functions.h
[92.479s] -- Installing: /ros2_ws/install/diagnostic_msgs/include/diagnostic_msgs/diagnostic_msgs/srv/detail/self_test__struct.h
[92.479s] -- Installing: /ros2_ws/install/diagnostic_msgs/include/diagnostic_msgs/diagnostic_msgs/srv/detail/add_diagnostics__functions.h
[92.480s] -- Installing: /ros2_ws/install/diagnostic_msgs/include/diagnostic_msgs/diagnostic_msgs/srv/detail/add_diagnostics__type_support.h
[92.480s] -- Installing: /ros2_ws/install/diagnostic_msgs/include/diagnostic_msgs/diagnostic_msgs/srv/detail/self_test__functions.c
[92.481s] -- Installing: /ros2_ws/install/diagnostic_msgs/include/diagnostic_msgs/diagnostic_msgs/srv/detail/self_test__type_support.h
[92.481s] -- Installing: /ros2_ws/install/diagnostic_msgs/include/diagnostic_msgs/diagnostic_msgs/msg
[92.482s] -- Installing: /ros2_ws/install/diagnostic_msgs/include/diagnostic_msgs/diagnostic_msgs/msg/diagnostic_status.h
[92.482s] -- Installing: /ros2_ws/install/diagnostic_msgs/include/diagnostic_msgs/diagnostic_msgs/msg/diagnostic_array.h
[92.483s] -- Installing: /ros2_ws/install/diagnostic_msgs/include/diagnostic_msgs/diagnostic_msgs/msg/key_value.h
[92.483s] -- Installing: /ros2_ws/install/diagnostic_msgs/include/diagnostic_msgs/diagnostic_msgs/msg/detail
[92.483s] -- Installing: /ros2_ws/install/diagnostic_msgs/include/diagnostic_msgs/diagnostic_msgs/msg/detail/diagnostic_array__struct.h
[92.484s] -- Installing: /ros2_ws/install/diagnostic_msgs/include/diagnostic_msgs/diagnostic_msgs/msg/detail/diagnostic_array__functions.c
[92.484s] -- Installing: /ros2_ws/install/diagnostic_msgs/include/diagnostic_msgs/diagnostic_msgs/msg/detail/diagnostic_status__functions.c
[92.487s] -- Installing: /ros2_ws/install/diagnostic_msgs/include/diagnostic_msgs/diagnostic_msgs/msg/detail/diagnostic_array__functions.h
[92.487s] -- Installing: /ros2_ws/install/diagnostic_msgs/include/diagnostic_msgs/diagnostic_msgs/msg/detail/diagnostic_array__type_support.h
[92.488s] -- Installing: /ros2_ws/install/diagnostic_msgs/include/diagnostic_msgs/diagnostic_msgs/msg/detail/diagnostic_status__type_support.h
[92.493s] -- Installing: /ros2_ws/install/diagnostic_msgs/include/diagnostic_msgs/diagnostic_msgs/msg/detail/diagnostic_status__functions.h
[92.494s] -- Installing: /ros2_ws/install/diagnostic_msgs/include/diagnostic_msgs/diagnostic_msgs/msg/detail/key_value__struct.h
[92.495s] -- Installing: /ros2_ws/install/diagnostic_msgs/include/diagnostic_msgs/diagnostic_msgs/msg/detail/diagnostic_status__struct.h
[92.495s] -- Installing: /ros2_ws/install/diagnostic_msgs/include/diagnostic_msgs/diagnostic_msgs/msg/detail/key_value__functions.c
[92.496s] -- Installing: /ros2_ws/install/diagnostic_msgs/include/diagnostic_msgs/diagnostic_msgs/msg/detail/key_value__type_support.h
[92.496s] -- Installing: /ros2_ws/install/diagnostic_msgs/include/diagnostic_msgs/diagnostic_msgs/msg/detail/key_value__functions.h
[92.496s] -- Installing: /ros2_ws/install/diagnostic_msgs/include/diagnostic_msgs/diagnostic_msgs/msg/rosidl_generator_c__visibility_control.h
[92.497s] -- Installing: /ros2_ws/install/diagnostic_msgs/share/diagnostic_msgs/environment/library_path.sh
[92.497s] -- Installing: /ros2_ws/install/diagnostic_msgs/share/diagnostic_msgs/environment/library_path.dsv
[92.498s] -- Installing: /ros2_ws/install/diagnostic_msgs/lib/libdiagnostic_msgs__rosidl_generator_c.so
[92.498s] -- Set runtime path of "/ros2_ws/install/diagnostic_msgs/lib/libdiagnostic_msgs__rosidl_generator_c.so" to ""
[92.499s] -- Up-to-date: /ros2_ws/install/diagnostic_msgs/include/diagnostic_msgs/diagnostic_msgs
[92.499s] -- Up-to-date: /ros2_ws/install/diagnostic_msgs/include/diagnostic_msgs/diagnostic_msgs/srv
[92.501s] -- Up-to-date: /ros2_ws/install/diagnostic_msgs/include/diagnostic_msgs/diagnostic_msgs/srv/detail
[92.502s] -- Installing: /ros2_ws/install/diagnostic_msgs/include/diagnostic_msgs/diagnostic_msgs/srv/detail/self_test__rosidl_typesupport_fastrtps_c.h
[92.503s] -- Installing: /ros2_ws/install/diagnostic_msgs/include/diagnostic_msgs/diagnostic_msgs/srv/detail/add_diagnostics__rosidl_typesupport_fastrtps_c.h
[92.503s] -- Up-to-date: /ros2_ws/install/diagnostic_msgs/include/diagnostic_msgs/diagnostic_msgs/msg
[92.507s] -- Installing: /ros2_ws/install/diagnostic_msgs/include/diagnostic_msgs/diagnostic_msgs/msg/rosidl_typesupport_fastrtps_c__visibility_control.h
[92.507s] -- Up-to-date: /ros2_ws/install/diagnostic_msgs/include/diagnostic_msgs/diagnostic_msgs/msg/detail
[92.507s] -- Installing: /ros2_ws/install/diagnostic_msgs/include/diagnostic_msgs/diagnostic_msgs/msg/detail/diagnostic_array__rosidl_typesupport_fastrtps_c.h
[92.508s] -- Installing: /ros2_ws/install/diagnostic_msgs/include/diagnostic_msgs/diagnostic_msgs/msg/detail/key_value__rosidl_typesupport_fastrtps_c.h
[92.508s] -- Installing: /ros2_ws/install/diagnostic_msgs/include/diagnostic_msgs/diagnostic_msgs/msg/detail/diagnostic_status__rosidl_typesupport_fastrtps_c.h
[92.514s] -- Installing: /ros2_ws/install/diagnostic_msgs/lib/libdiagnostic_msgs__rosidl_typesupport_fastrtps_c.so
[92.515s] -- Set runtime path of "/ros2_ws/install/diagnostic_msgs/lib/libdiagnostic_msgs__rosidl_typesupport_fastrtps_c.so" to ""
[92.516s] -- Up-to-date: /ros2_ws/install/diagnostic_msgs/include/diagnostic_msgs/diagnostic_msgs
[92.516s] -- Up-to-date: /ros2_ws/install/diagnostic_msgs/include/diagnostic_msgs/diagnostic_msgs/srv
[92.516s] -- Up-to-date: /ros2_ws/install/diagnostic_msgs/include/diagnostic_msgs/diagnostic_msgs/srv/detail
[92.517s] -- Installing: /ros2_ws/install/diagnostic_msgs/include/diagnostic_msgs/diagnostic_msgs/srv/detail/self_test__type_support.c
[92.517s] -- Installing: /ros2_ws/install/diagnostic_msgs/include/diagnostic_msgs/diagnostic_msgs/srv/detail/add_diagnostics__type_support.c
[92.518s] -- Installing: /ros2_ws/install/diagnostic_msgs/include/diagnostic_msgs/diagnostic_msgs/srv/detail/add_diagnostics__rosidl_typesupport_introspection_c.h
[92.518s] -- Installing: /ros2_ws/install/diagnostic_msgs/include/diagnostic_msgs/diagnostic_msgs/srv/detail/self_test__rosidl_typesupport_introspection_c.h
[92.519s] -- Up-to-date: /ros2_ws/install/diagnostic_msgs/include/diagnostic_msgs/diagnostic_msgs/msg
[92.519s] -- Up-to-date: /ros2_ws/install/diagnostic_msgs/include/diagnostic_msgs/diagnostic_msgs/msg/detail
[92.520s] -- Installing: /ros2_ws/install/diagnostic_msgs/include/diagnostic_msgs/diagnostic_msgs/msg/detail/diagnostic_array__rosidl_typesupport_introspection_c.h
[92.520s] -- Installing: /ros2_ws/install/diagnostic_msgs/include/diagnostic_msgs/diagnostic_msgs/msg/detail/diagnostic_status__type_support.c
[92.523s] -- Installing: /ros2_ws/install/diagnostic_msgs/include/diagnostic_msgs/diagnostic_msgs/msg/detail/key_value__rosidl_typesupport_introspection_c.h
[92.523s] -- Installing: /ros2_ws/install/diagnostic_msgs/include/diagnostic_msgs/diagnostic_msgs/msg/detail/key_value__type_support.c
[92.523s] -- Installing: /ros2_ws/install/diagnostic_msgs/include/diagnostic_msgs/diagnostic_msgs/msg/detail/diagnostic_status__rosidl_typesupport_introspection_c.h
[92.530s] -- Installing: /ros2_ws/install/diagnostic_msgs/include/diagnostic_msgs/diagnostic_msgs/msg/detail/diagnostic_array__type_support.c
[92.530s] -- Installing: /ros2_ws/install/diagnostic_msgs/include/diagnostic_msgs/diagnostic_msgs/msg/rosidl_typesupport_introspection_c__visibility_control.h
[92.531s] -- Installing: /ros2_ws/install/diagnostic_msgs/lib/libdiagnostic_msgs__rosidl_typesupport_introspection_c.so
[92.531s] -- Set runtime path of "/ros2_ws/install/diagnostic_msgs/lib/libdiagnostic_msgs__rosidl_typesupport_introspection_c.so" to ""
[92.532s] -- Installing: /ros2_ws/install/diagnostic_msgs/lib/libdiagnostic_msgs__rosidl_typesupport_c.so
[92.532s] -- Set runtime path of "/ros2_ws/install/diagnostic_msgs/lib/libdiagnostic_msgs__rosidl_typesupport_c.so" to ""
[92.533s] -- Up-to-date: /ros2_ws/install/diagnostic_msgs/include/diagnostic_msgs/diagnostic_msgs
[92.533s] -- Up-to-date: /ros2_ws/install/diagnostic_msgs/include/diagnostic_msgs/diagnostic_msgs/srv
[92.533s] -- Up-to-date: /ros2_ws/install/diagnostic_msgs/include/diagnostic_msgs/diagnostic_msgs/srv/detail
[92.534s] -- Installing: /ros2_ws/install/diagnostic_msgs/include/diagnostic_msgs/diagnostic_msgs/srv/detail/add_diagnostics__builder.hpp
[92.534s] -- Installing: /ros2_ws/install/diagnostic_msgs/include/diagnostic_msgs/diagnostic_msgs/srv/detail/add_diagnostics__struct.hpp
[92.535s] -- Installing: /ros2_ws/install/diagnostic_msgs/include/diagnostic_msgs/diagnostic_msgs/srv/detail/self_test__type_support.hpp
[92.535s] -- Installing: /ros2_ws/install/diagnostic_msgs/include/diagnostic_msgs/diagnostic_msgs/srv/detail/add_diagnostics__type_support.hpp
[92.538s] -- Installing: /ros2_ws/install/diagnostic_msgs/include/diagnostic_msgs/diagnostic_msgs/srv/detail/self_test__builder.hpp
[92.538s] -- Installing: /ros2_ws/install/diagnostic_msgs/include/diagnostic_msgs/diagnostic_msgs/srv/detail/add_diagnostics__traits.hpp
[92.538s] -- Installing: /ros2_ws/install/diagnostic_msgs/include/diagnostic_msgs/diagnostic_msgs/srv/detail/self_test__struct.hpp
[92.539s] -- Installing: /ros2_ws/install/diagnostic_msgs/include/diagnostic_msgs/diagnostic_msgs/srv/detail/self_test__traits.hpp
[92.545s] -- Installing: /ros2_ws/install/diagnostic_msgs/include/diagnostic_msgs/diagnostic_msgs/srv/add_diagnostics.hpp
[92.545s] -- Installing: /ros2_ws/install/diagnostic_msgs/include/diagnostic_msgs/diagnostic_msgs/srv/self_test.hpp
[92.546s] -- Up-to-date: /ros2_ws/install/diagnostic_msgs/include/diagnostic_msgs/diagnostic_msgs/msg
[92.546s] -- Installing: /ros2_ws/install/diagnostic_msgs/include/diagnostic_msgs/diagnostic_msgs/msg/key_value.hpp
[92.547s] -- Installing: /ros2_ws/install/diagnostic_msgs/include/diagnostic_msgs/diagnostic_msgs/msg/diagnostic_status.hpp
[92.547s] -- Installing: /ros2_ws/install/diagnostic_msgs/include/diagnostic_msgs/diagnostic_msgs/msg/rosidl_generator_cpp__visibility_control.hpp
[92.548s] -- Up-to-date: /ros2_ws/install/diagnostic_msgs/include/diagnostic_msgs/diagnostic_msgs/msg/detail
[92.548s] -- Installing: /ros2_ws/install/diagnostic_msgs/include/diagnostic_msgs/diagnostic_msgs/msg/detail/diagnostic_status__builder.hpp
[92.548s] -- Installing: /ros2_ws/install/diagnostic_msgs/include/diagnostic_msgs/diagnostic_msgs/msg/detail/diagnostic_array__type_support.hpp
[92.549s] -- Installing: /ros2_ws/install/diagnostic_msgs/include/diagnostic_msgs/diagnostic_msgs/msg/detail/key_value__builder.hpp
[92.550s] -- Installing: /ros2_ws/install/diagnostic_msgs/include/diagnostic_msgs/diagnostic_msgs/msg/detail/key_value__struct.hpp
[92.552s] -- Installing: /ros2_ws/install/diagnostic_msgs/include/diagnostic_msgs/diagnostic_msgs/msg/detail/diagnostic_status__type_support.hpp
[92.553s] -- Installing: /ros2_ws/install/diagnostic_msgs/include/diagnostic_msgs/diagnostic_msgs/msg/detail/key_value__type_support.hpp
[92.553s] -- Installing: /ros2_ws/install/diagnostic_msgs/include/diagnostic_msgs/diagnostic_msgs/msg/detail/diagnostic_array__builder.hpp
[92.554s] -- Installing: /ros2_ws/install/diagnostic_msgs/include/diagnostic_msgs/diagnostic_msgs/msg/detail/diagnostic_status__struct.hpp
[92.554s] -- Installing: /ros2_ws/install/diagnostic_msgs/include/diagnostic_msgs/diagnostic_msgs/msg/detail/key_value__traits.hpp
[92.555s] -- Installing: /ros2_ws/install/diagnostic_msgs/include/diagnostic_msgs/diagnostic_msgs/msg/detail/diagnostic_status__traits.hpp
[92.555s] -- Installing: /ros2_ws/install/diagnostic_msgs/include/diagnostic_msgs/diagnostic_msgs/msg/detail/diagnostic_array__struct.hpp
[92.555s] -- Installing: /ros2_ws/install/diagnostic_msgs/include/diagnostic_msgs/diagnostic_msgs/msg/detail/diagnostic_array__traits.hpp
[92.556s] -- Installing: /ros2_ws/install/diagnostic_msgs/include/diagnostic_msgs/diagnostic_msgs/msg/diagnostic_array.hpp
[92.556s] -- Up-to-date: /ros2_ws/install/diagnostic_msgs/include/diagnostic_msgs/diagnostic_msgs
[92.556s] -- Up-to-date: /ros2_ws/install/diagnostic_msgs/include/diagnostic_msgs/diagnostic_msgs/srv
[92.557s] -- Up-to-date: /ros2_ws/install/diagnostic_msgs/include/diagnostic_msgs/diagnostic_msgs/srv/detail
[92.557s] -- Installing: /ros2_ws/install/diagnostic_msgs/include/diagnostic_msgs/diagnostic_msgs/srv/detail/add_diagnostics__rosidl_typesupport_fastrtps_cpp.hpp
[92.557s] -- Installing: /ros2_ws/install/diagnostic_msgs/include/diagnostic_msgs/diagnostic_msgs/srv/detail/self_test__rosidl_typesupport_fastrtps_cpp.hpp
[92.558s] -- Installing: /ros2_ws/install/diagnostic_msgs/include/diagnostic_msgs/diagnostic_msgs/srv/detail/dds_fastrtps
[92.558s] -- Up-to-date: /ros2_ws/install/diagnostic_msgs/include/diagnostic_msgs/diagnostic_msgs/msg
[92.559s] -- Installing: /ros2_ws/install/diagnostic_msgs/include/diagnostic_msgs/diagnostic_msgs/msg/rosidl_typesupport_fastrtps_cpp__visibility_control.h
[92.559s] -- Up-to-date: /ros2_ws/install/diagnostic_msgs/include/diagnostic_msgs/diagnostic_msgs/msg/detail
[92.559s] -- Installing: /ros2_ws/install/diagnostic_msgs/include/diagnostic_msgs/diagnostic_msgs/msg/detail/diagnostic_array__rosidl_typesupport_fastrtps_cpp.hpp
[92.560s] -- Installing: /ros2_ws/install/diagnostic_msgs/include/diagnostic_msgs/diagnostic_msgs/msg/detail/diagnostic_status__rosidl_typesupport_fastrtps_cpp.hpp
[92.560s] -- Installing: /ros2_ws/install/diagnostic_msgs/include/diagnostic_msgs/diagnostic_msgs/msg/detail/key_value__rosidl_typesupport_fastrtps_cpp.hpp
[92.560s] -- Installing: /ros2_ws/install/diagnostic_msgs/include/diagnostic_msgs/diagnostic_msgs/msg/detail/dds_fastrtps
[92.561s] -- Installing: /ros2_ws/install/diagnostic_msgs/lib/libdiagnostic_msgs__rosidl_typesupport_fastrtps_cpp.so
[92.561s] -- Set runtime path of "/ros2_ws/install/diagnostic_msgs/lib/libdiagnostic_msgs__rosidl_typesupport_fastrtps_cpp.so" to ""
[92.561s] -- Up-to-date: /ros2_ws/install/diagnostic_msgs/include/diagnostic_msgs/diagnostic_msgs
[92.562s] -- Up-to-date: /ros2_ws/install/diagnostic_msgs/include/diagnostic_msgs/diagnostic_msgs/srv
[92.562s] -- Up-to-date: /ros2_ws/install/diagnostic_msgs/include/diagnostic_msgs/diagnostic_msgs/srv/detail
[92.562s] -- Installing: /ros2_ws/install/diagnostic_msgs/include/diagnostic_msgs/diagnostic_msgs/srv/detail/add_diagnostics__rosidl_typesupport_introspection_cpp.hpp
[92.563s] -- Installing: /ros2_ws/install/diagnostic_msgs/include/diagnostic_msgs/diagnostic_msgs/srv/detail/self_test__type_support.cpp
[92.563s] -- Installing: /ros2_ws/install/diagnostic_msgs/include/diagnostic_msgs/diagnostic_msgs/srv/detail/self_test__rosidl_typesupport_introspection_cpp.hpp
[92.563s] -- Installing: /ros2_ws/install/diagnostic_msgs/include/diagnostic_msgs/diagnostic_msgs/srv/detail/add_diagnostics__type_support.cpp
[92.564s] -- Up-to-date: /ros2_ws/install/diagnostic_msgs/include/diagnostic_msgs/diagnostic_msgs/msg
[92.564s] -- Up-to-date: /ros2_ws/install/diagnostic_msgs/include/diagnostic_msgs/diagnostic_msgs/msg/detail
[92.565s] -- Installing: /ros2_ws/install/diagnostic_msgs/include/diagnostic_msgs/diagnostic_msgs/msg/detail/diagnostic_status__rosidl_typesupport_introspection_cpp.hpp
[92.565s] -- Installing: /ros2_ws/install/diagnostic_msgs/include/diagnostic_msgs/diagnostic_msgs/msg/detail/key_value__rosidl_typesupport_introspection_cpp.hpp
[92.565s] -- Installing: /ros2_ws/install/diagnostic_msgs/include/diagnostic_msgs/diagnostic_msgs/msg/detail/diagnostic_status__type_support.cpp
[92.566s] -- Installing: /ros2_ws/install/diagnostic_msgs/include/diagnostic_msgs/diagnostic_msgs/msg/detail/key_value__type_support.cpp
[92.566s] -- Installing: /ros2_ws/install/diagnostic_msgs/include/diagnostic_msgs/diagnostic_msgs/msg/detail/diagnostic_array__type_support.cpp
[92.566s] -- Installing: /ros2_ws/install/diagnostic_msgs/include/diagnostic_msgs/diagnostic_msgs/msg/detail/diagnostic_array__rosidl_typesupport_introspection_cpp.hpp
[92.567s] -- Installing: /ros2_ws/install/diagnostic_msgs/lib/libdiagnostic_msgs__rosidl_typesupport_introspection_cpp.so
[92.567s] -- Set runtime path of "/ros2_ws/install/diagnostic_msgs/lib/libdiagnostic_msgs__rosidl_typesupport_introspection_cpp.so" to ""
[92.567s] -- Installing: /ros2_ws/install/diagnostic_msgs/lib/libdiagnostic_msgs__rosidl_typesupport_cpp.so
[92.568s] -- Set runtime path of "/ros2_ws/install/diagnostic_msgs/lib/libdiagnostic_msgs__rosidl_typesupport_cpp.so" to ""
[92.568s] -- Installing: /ros2_ws/install/diagnostic_msgs/share/diagnostic_msgs/environment/pythonpath.sh
[92.569s] -- Installing: /ros2_ws/install/diagnostic_msgs/share/diagnostic_msgs/environment/pythonpath.dsv
[92.569s] -- Installing: /ros2_ws/install/diagnostic_msgs/local/lib/python3.10/dist-packages/diagnostic_msgs-2.0.5-py3.10.egg-info
[92.569s] -- Installing: /ros2_ws/install/diagnostic_msgs/local/lib/python3.10/dist-packages/diagnostic_msgs-2.0.5-py3.10.egg-info/SOURCES.txt
[92.570s] -- Installing: /ros2_ws/install/diagnostic_msgs/local/lib/python3.10/dist-packages/diagnostic_msgs-2.0.5-py3.10.egg-info/dependency_links.txt
[92.570s] -- Installing: /ros2_ws/install/diagnostic_msgs/local/lib/python3.10/dist-packages/diagnostic_msgs-2.0.5-py3.10.egg-info/top_level.txt
[92.571s] -- Installing: /ros2_ws/install/diagnostic_msgs/local/lib/python3.10/dist-packages/diagnostic_msgs-2.0.5-py3.10.egg-info/PKG-INFO
[92.571s] -- Installing: /ros2_ws/install/diagnostic_msgs/local/lib/python3.10/dist-packages/diagnostic_msgs
[92.571s] -- Installing: /ros2_ws/install/diagnostic_msgs/local/lib/python3.10/dist-packages/diagnostic_msgs/srv
[92.572s] -- Installing: /ros2_ws/install/diagnostic_msgs/local/lib/python3.10/dist-packages/diagnostic_msgs/srv/_self_test_s.c
[92.572s] -- Installing: /ros2_ws/install/diagnostic_msgs/local/lib/python3.10/dist-packages/diagnostic_msgs/srv/__init__.py
[92.572s] -- Installing: /ros2_ws/install/diagnostic_msgs/local/lib/python3.10/dist-packages/diagnostic_msgs/srv/_add_diagnostics.py
[92.573s] -- Installing: /ros2_ws/install/diagnostic_msgs/local/lib/python3.10/dist-packages/diagnostic_msgs/srv/_self_test.py
[92.573s] -- Installing: /ros2_ws/install/diagnostic_msgs/local/lib/python3.10/dist-packages/diagnostic_msgs/srv/_add_diagnostics_s.c
[92.573s] -- Installing: /ros2_ws/install/diagnostic_msgs/local/lib/python3.10/dist-packages/diagnostic_msgs/_diagnostic_msgs_s.ep.rosidl_typesupport_fastrtps_c.c
[92.580s] -- Installing: /ros2_ws/install/diagnostic_msgs/local/lib/python3.10/dist-packages/diagnostic_msgs/__init__.py
[92.581s] -- Installing: /ros2_ws/install/diagnostic_msgs/local/lib/python3.10/dist-packages/diagnostic_msgs/libdiagnostic_msgs__rosidl_generator_py.so
[92.581s] -- Installing: /ros2_ws/install/diagnostic_msgs/local/lib/python3.10/dist-packages/diagnostic_msgs/diagnostic_msgs_s__rosidl_typesupport_c.cpython-310-aarch64-linux-gnu.so
[92.581s] -- Installing: /ros2_ws/install/diagnostic_msgs/local/lib/python3.10/dist-packages/diagnostic_msgs/_diagnostic_msgs_s.ep.rosidl_typesupport_c.c
[92.582s] -- Installing: /ros2_ws/install/diagnostic_msgs/local/lib/python3.10/dist-packages/diagnostic_msgs/msg
[92.582s] -- Installing: /ros2_ws/install/diagnostic_msgs/local/lib/python3.10/dist-packages/diagnostic_msgs/msg/__init__.py
[92.583s] -- Installing: /ros2_ws/install/diagnostic_msgs/local/lib/python3.10/dist-packages/diagnostic_msgs/msg/_diagnostic_array.py
[92.583s] -- Installing: /ros2_ws/install/diagnostic_msgs/local/lib/python3.10/dist-packages/diagnostic_msgs/msg/_diagnostic_array_s.c
[92.583s] -- Installing: /ros2_ws/install/diagnostic_msgs/local/lib/python3.10/dist-packages/diagnostic_msgs/msg/_key_value_s.c
[92.584s] -- Installing: /ros2_ws/install/diagnostic_msgs/local/lib/python3.10/dist-packages/diagnostic_msgs/msg/_diagnostic_status.py
[92.584s] -- Installing: /ros2_ws/install/diagnostic_msgs/local/lib/python3.10/dist-packages/diagnostic_msgs/msg/_key_value.py
[92.584s] -- Installing: /ros2_ws/install/diagnostic_msgs/local/lib/python3.10/dist-packages/diagnostic_msgs/msg/_diagnostic_status_s.c
[92.585s] -- Installing: /ros2_ws/install/diagnostic_msgs/local/lib/python3.10/dist-packages/diagnostic_msgs/diagnostic_msgs_s__rosidl_typesupport_introspection_c.cpython-310-aarch64-linux-gnu.so
[92.585s] -- Installing: /ros2_ws/install/diagnostic_msgs/local/lib/python3.10/dist-packages/diagnostic_msgs/_diagnostic_msgs_s.ep.rosidl_typesupport_introspection_c.c
[92.585s] -- Installing: /ros2_ws/install/diagnostic_msgs/local/lib/python3.10/dist-packages/diagnostic_msgs/diagnostic_msgs_s__rosidl_typesupport_fastrtps_c.cpython-310-aarch64-linux-gnu.so
[92.765s] Listing '/ros2_ws/install/diagnostic_msgs/local/lib/python3.10/dist-packages/diagnostic_msgs'...
[92.765s] Compiling '/ros2_ws/install/diagnostic_msgs/local/lib/python3.10/dist-packages/diagnostic_msgs/__init__.py'...
[92.766s] Listing '/ros2_ws/install/diagnostic_msgs/local/lib/python3.10/dist-packages/diagnostic_msgs/msg'...
[92.766s] Compiling '/ros2_ws/install/diagnostic_msgs/local/lib/python3.10/dist-packages/diagnostic_msgs/msg/__init__.py'...
[92.767s] Compiling '/ros2_ws/install/diagnostic_msgs/local/lib/python3.10/dist-packages/diagnostic_msgs/msg/_diagnostic_array.py'...
[92.767s] Compiling '/ros2_ws/install/diagnostic_msgs/local/lib/python3.10/dist-packages/diagnostic_msgs/msg/_diagnostic_status.py'...
[92.768s] Compiling '/ros2_ws/install/diagnostic_msgs/local/lib/python3.10/dist-packages/diagnostic_msgs/msg/_key_value.py'...
[92.768s] Listing '/ros2_ws/install/diagnostic_msgs/local/lib/python3.10/dist-packages/diagnostic_msgs/srv'...
[92.769s] Compiling '/ros2_ws/install/diagnostic_msgs/local/lib/python3.10/dist-packages/diagnostic_msgs/srv/__init__.py'...
[92.769s] Compiling '/ros2_ws/install/diagnostic_msgs/local/lib/python3.10/dist-packages/diagnostic_msgs/srv/_add_diagnostics.py'...
[92.769s] Compiling '/ros2_ws/install/diagnostic_msgs/local/lib/python3.10/dist-packages/diagnostic_msgs/srv/_self_test.py'...
[92.795s] -- Installing: /ros2_ws/install/diagnostic_msgs/local/lib/python3.10/dist-packages/diagnostic_msgs/diagnostic_msgs_s__rosidl_typesupport_fastrtps_c.cpython-310-aarch64-linux-gnu.so
[92.796s] -- Set runtime path of "/ros2_ws/install/diagnostic_msgs/local/lib/python3.10/dist-packages/diagnostic_msgs/diagnostic_msgs_s__rosidl_typesupport_fastrtps_c.cpython-310-aarch64-linux-gnu.so" to ""
[92.797s] -- Installing: /ros2_ws/install/diagnostic_msgs/local/lib/python3.10/dist-packages/diagnostic_msgs/diagnostic_msgs_s__rosidl_typesupport_introspection_c.cpython-310-aarch64-linux-gnu.so
[92.799s] -- Set runtime path of "/ros2_ws/install/diagnostic_msgs/local/lib/python3.10/dist-packages/diagnostic_msgs/diagnostic_msgs_s__rosidl_typesupport_introspection_c.cpython-310-aarch64-linux-gnu.so" to ""
[92.800s] -- Installing: /ros2_ws/install/diagnostic_msgs/local/lib/python3.10/dist-packages/diagnostic_msgs/diagnostic_msgs_s__rosidl_typesupport_c.cpython-310-aarch64-linux-gnu.so
[92.801s] -- Set runtime path of "/ros2_ws/install/diagnostic_msgs/local/lib/python3.10/dist-packages/diagnostic_msgs/diagnostic_msgs_s__rosidl_typesupport_c.cpython-310-aarch64-linux-gnu.so" to ""
[92.802s] -- Installing: /ros2_ws/install/diagnostic_msgs/lib/libdiagnostic_msgs__rosidl_generator_py.so
[92.803s] -- Set runtime path of "/ros2_ws/install/diagnostic_msgs/lib/libdiagnostic_msgs__rosidl_generator_py.so" to ""
[92.804s] -- Installing: /ros2_ws/install/diagnostic_msgs/share/ament_index/resource_index/rust_packages/diagnostic_msgs
[92.805s] -- Installing: /ros2_ws/install/diagnostic_msgs/share/diagnostic_msgs/rust
[92.805s] -- Installing: /ros2_ws/install/diagnostic_msgs/share/diagnostic_msgs/rust/src
[92.806s] -- Installing: /ros2_ws/install/diagnostic_msgs/share/diagnostic_msgs/rust/src/srv
[92.807s] -- Installing: /ros2_ws/install/diagnostic_msgs/share/diagnostic_msgs/rust/src/srv/rmw.rs
[92.807s] -- Installing: /ros2_ws/install/diagnostic_msgs/share/diagnostic_msgs/rust/src/srv.rs
[92.808s] -- Installing: /ros2_ws/install/diagnostic_msgs/share/diagnostic_msgs/rust/src/msg
[92.809s] -- Installing: /ros2_ws/install/diagnostic_msgs/share/diagnostic_msgs/rust/src/msg/rmw.rs
[92.809s] -- Installing: /ros2_ws/install/diagnostic_msgs/share/diagnostic_msgs/rust/src/msg.rs
[92.810s] -- Installing: /ros2_ws/install/diagnostic_msgs/share/diagnostic_msgs/rust/src/lib.rs
[92.811s] -- Installing: /ros2_ws/install/diagnostic_msgs/share/diagnostic_msgs/rust/Cargo.toml
[92.811s] -- Installing: /ros2_ws/install/diagnostic_msgs/share/diagnostic_msgs/rust/build.rs
[92.811s] -- Installing: /ros2_ws/install/diagnostic_msgs/share/diagnostic_msgs/msg/DiagnosticArray.idl
[92.812s] -- Installing: /ros2_ws/install/diagnostic_msgs/share/diagnostic_msgs/msg/DiagnosticStatus.idl
[92.812s] -- Installing: /ros2_ws/install/diagnostic_msgs/share/diagnostic_msgs/msg/KeyValue.idl
[92.823s] -- Installing: /ros2_ws/install/diagnostic_msgs/share/diagnostic_msgs/srv/AddDiagnostics.idl
[92.824s] -- Installing: /ros2_ws/install/diagnostic_msgs/share/diagnostic_msgs/srv/SelfTest.idl
[92.824s] -- Installing: /ros2_ws/install/diagnostic_msgs/share/diagnostic_msgs/msg/DiagnosticArray.msg
[92.825s] -- Installing: /ros2_ws/install/diagnostic_msgs/share/diagnostic_msgs/msg/DiagnosticStatus.msg
[92.825s] -- Installing: /ros2_ws/install/diagnostic_msgs/share/diagnostic_msgs/msg/KeyValue.msg
[92.826s] -- Installing: /ros2_ws/install/diagnostic_msgs/share/diagnostic_msgs/srv/AddDiagnostics.srv
[92.827s] -- Installing: /ros2_ws/install/diagnostic_msgs/share/diagnostic_msgs/srv/AddDiagnostics_Request.msg
[92.828s] -- Installing: /ros2_ws/install/diagnostic_msgs/share/diagnostic_msgs/srv/AddDiagnostics_Response.msg
[92.829s] -- Installing: /ros2_ws/install/diagnostic_msgs/share/diagnostic_msgs/srv/SelfTest.srv
[92.831s] -- Installing: /ros2_ws/install/diagnostic_msgs/share/diagnostic_msgs/srv/SelfTest_Request.msg
[92.832s] -- Installing: /ros2_ws/install/diagnostic_msgs/share/diagnostic_msgs/srv/SelfTest_Response.msg
[92.833s] -- Installing: /ros2_ws/install/diagnostic_msgs/share/ament_index/resource_index/package_run_dependencies/diagnostic_msgs
[92.835s] -- Installing: /ros2_ws/install/diagnostic_msgs/share/ament_index/resource_index/parent_prefix_path/diagnostic_msgs
[92.836s] -- Installing: /ros2_ws/install/diagnostic_msgs/share/diagnostic_msgs/environment/ament_prefix_path.sh
[92.837s] -- Installing: /ros2_ws/install/diagnostic_msgs/share/diagnostic_msgs/environment/ament_prefix_path.dsv
[92.839s] -- Installing: /ros2_ws/install/diagnostic_msgs/share/diagnostic_msgs/environment/path.sh
[92.840s] -- Installing: /ros2_ws/install/diagnostic_msgs/share/diagnostic_msgs/environment/path.dsv
[92.840s] -- Installing: /ros2_ws/install/diagnostic_msgs/share/diagnostic_msgs/local_setup.bash
[92.841s] -- Installing: /ros2_ws/install/diagnostic_msgs/share/diagnostic_msgs/local_setup.sh
[92.842s] -- Installing: /ros2_ws/install/diagnostic_msgs/share/diagnostic_msgs/local_setup.zsh
[92.842s] -- Installing: /ros2_ws/install/diagnostic_msgs/share/diagnostic_msgs/local_setup.dsv
[92.843s] -- Installing: /ros2_ws/install/diagnostic_msgs/share/diagnostic_msgs/package.dsv
[92.843s] -- Installing: /ros2_ws/install/diagnostic_msgs/share/ament_index/resource_index/packages/diagnostic_msgs
[92.844s] -- Installing: /ros2_ws/install/diagnostic_msgs/share/diagnostic_msgs/cmake/export_diagnostic_msgs__rosidl_generator_cExport.cmake
[92.844s] -- Installing: /ros2_ws/install/diagnostic_msgs/share/diagnostic_msgs/cmake/export_diagnostic_msgs__rosidl_generator_cExport-noconfig.cmake
[92.845s] -- Installing: /ros2_ws/install/diagnostic_msgs/share/diagnostic_msgs/cmake/export_diagnostic_msgs__rosidl_typesupport_fastrtps_cExport.cmake
[92.846s] -- Installing: /ros2_ws/install/diagnostic_msgs/share/diagnostic_msgs/cmake/export_diagnostic_msgs__rosidl_typesupport_fastrtps_cExport-noconfig.cmake
[92.847s] -- Installing: /ros2_ws/install/diagnostic_msgs/share/diagnostic_msgs/cmake/diagnostic_msgs__rosidl_typesupport_introspection_cExport.cmake
[92.847s] -- Installing: /ros2_ws/install/diagnostic_msgs/share/diagnostic_msgs/cmake/diagnostic_msgs__rosidl_typesupport_introspection_cExport-noconfig.cmake
[92.848s] -- Installing: /ros2_ws/install/diagnostic_msgs/share/diagnostic_msgs/cmake/diagnostic_msgs__rosidl_typesupport_cExport.cmake
[92.849s] -- Installing: /ros2_ws/install/diagnostic_msgs/share/diagnostic_msgs/cmake/diagnostic_msgs__rosidl_typesupport_cExport-noconfig.cmake
[92.849s] -- Installing: /ros2_ws/install/diagnostic_msgs/share/diagnostic_msgs/cmake/export_diagnostic_msgs__rosidl_generator_cppExport.cmake
[92.850s] -- Installing: /ros2_ws/install/diagnostic_msgs/share/diagnostic_msgs/cmake/export_diagnostic_msgs__rosidl_typesupport_fastrtps_cppExport.cmake
[92.858s] -- Installing: /ros2_ws/install/diagnostic_msgs/share/diagnostic_msgs/cmake/export_diagnostic_msgs__rosidl_typesupport_fastrtps_cppExport-noconfig.cmake
[92.859s] -- Installing: /ros2_ws/install/diagnostic_msgs/share/diagnostic_msgs/cmake/diagnostic_msgs__rosidl_typesupport_introspection_cppExport.cmake
[92.859s] -- Installing: /ros2_ws/install/diagnostic_msgs/share/diagnostic_msgs/cmake/diagnostic_msgs__rosidl_typesupport_introspection_cppExport-noconfig.cmake
[92.859s] -- Installing: /ros2_ws/install/diagnostic_msgs/share/diagnostic_msgs/cmake/diagnostic_msgs__rosidl_typesupport_cppExport.cmake
[92.860s] -- Installing: /ros2_ws/install/diagnostic_msgs/share/diagnostic_msgs/cmake/diagnostic_msgs__rosidl_typesupport_cppExport-noconfig.cmake
[92.860s] -- Installing: /ros2_ws/install/diagnostic_msgs/share/diagnostic_msgs/cmake/export_diagnostic_msgs__rosidl_generator_pyExport.cmake
[92.861s] -- Installing: /ros2_ws/install/diagnostic_msgs/share/diagnostic_msgs/cmake/export_diagnostic_msgs__rosidl_generator_pyExport-noconfig.cmake
[92.861s] -- Installing: /ros2_ws/install/diagnostic_msgs/share/diagnostic_msgs/cmake/rosidl_cmake-extras.cmake
[92.861s] -- Installing: /ros2_ws/install/diagnostic_msgs/share/diagnostic_msgs/cmake/ament_cmake_export_dependencies-extras.cmake
[92.862s] -- Installing: /ros2_ws/install/diagnostic_msgs/share/diagnostic_msgs/cmake/ament_cmake_export_include_directories-extras.cmake
[92.863s] -- Installing: /ros2_ws/install/diagnostic_msgs/share/diagnostic_msgs/cmake/ament_cmake_export_libraries-extras.cmake
[92.864s] -- Installing: /ros2_ws/install/diagnostic_msgs/share/diagnostic_msgs/cmake/ament_cmake_export_targets-extras.cmake
[92.866s] -- Installing: /ros2_ws/install/diagnostic_msgs/share/diagnostic_msgs/cmake/rosidl_cmake_export_typesupport_targets-extras.cmake
[92.868s] -- Installing: /ros2_ws/install/diagnostic_msgs/share/diagnostic_msgs/cmake/rosidl_cmake_export_typesupport_libraries-extras.cmake
[92.869s] -- Installing: /ros2_ws/install/diagnostic_msgs/share/diagnostic_msgs/cmake/diagnostic_msgsConfig.cmake
[92.871s] -- Installing: /ros2_ws/install/diagnostic_msgs/share/diagnostic_msgs/cmake/diagnostic_msgsConfig-version.cmake
[92.872s] -- Installing: /ros2_ws/install/diagnostic_msgs/share/diagnostic_msgs/package.xml
[92.883s] Invoked command in '/ros2_ws/build/diagnostic_msgs' returned '0': AMENT_PREFIX_PATH=/ros2_ws/install/geometry_msgs:/ros2_ws/install/std_msgs:${AMENT_PREFIX_PATH} CMAKE_PREFIX_PATH=/ros2_ws/install/geometry_msgs:/ros2_ws/install/std_msgs:/opt/ros/humble LD_LIBRARY_PATH=/ros2_ws/install/geometry_msgs/lib:/ros2_ws/install/std_msgs/lib:${LD_LIBRARY_PATH} PYTHONPATH=/ros2_ws/install/geometry_msgs/local/lib/python3.10/dist-packages:/ros2_ws/install/std_msgs/local/lib/python3.10/dist-packages:${PYTHONPATH} /usr/bin/cmake --install /ros2_ws/build/diagnostic_msgs
