-- Found ament_cmake_core: 0.9.12 (/opt/ros/foxy/install/share/ament_cmake_core/cmake)
[33mCMake Warning (dev) at /opt/ros/foxy/install/share/ament_cmake_core/cmake/core/python.cmake:22 (find_package):
  Policy CMP0148 is not set: The FindPythonInterp and FindPythonLibs modules
  are removed.  Run "cmake --help-policy CMP0148" for policy details.  Use
  the cmake_policy command to set the policy and suppress this warning.

Call Stack (most recent call first):
  /opt/ros/foxy/install/share/ament_cmake_core/cmake/core/all.cmake:53 (include)
  /opt/ros/foxy/install/share/ament_cmake_core/cmake/ament_cmake_core-extras.cmake:17 (include)
  /opt/ros/foxy/install/share/ament_cmake_core/cmake/ament_cmake_coreConfig.cmake:41 (include)
  CMakeLists.txt:3 (find_package)
This warning is for project developers.  Use -Wno-dev to suppress it.
[0m
-- Found PythonInterp: /usr/bin/python3 (found suitable version "3.6.9", minimum required is "3") 
-- Using PYTHON_EXECUTABLE: /usr/bin/python3
-- Override CMake install command with custom implementation using symlinks instead of copying resources
-- Configuring done (1.8s)
-- Generating done (0.0s)
-- Build files have been written to: /ros2_ws/build/rosbridge_suite
-- Install configuration: ""
-- Execute custom install script
-- Symlinking: /ros2_ws/install/rosbridge_suite/share/ament_index/resource_index/package_run_dependencies/rosbridge_suite
-- Symlinking: /ros2_ws/install/rosbridge_suite/share/ament_index/resource_index/parent_prefix_path/rosbridge_suite
-- Symlinking: /ros2_ws/install/rosbridge_suite/share/rosbridge_suite/environment/ament_prefix_path.sh
-- Symlinking: /ros2_ws/install/rosbridge_suite/share/rosbridge_suite/environment/ament_prefix_path.dsv
-- Symlinking: /ros2_ws/install/rosbridge_suite/share/rosbridge_suite/environment/path.sh
-- Symlinking: /ros2_ws/install/rosbridge_suite/share/rosbridge_suite/environment/path.dsv
-- Symlinking: /ros2_ws/install/rosbridge_suite/share/rosbridge_suite/local_setup.bash
-- Symlinking: /ros2_ws/install/rosbridge_suite/share/rosbridge_suite/local_setup.sh
-- Symlinking: /ros2_ws/install/rosbridge_suite/share/rosbridge_suite/local_setup.zsh
-- Symlinking: /ros2_ws/install/rosbridge_suite/share/rosbridge_suite/local_setup.dsv
-- Symlinking: /ros2_ws/install/rosbridge_suite/share/rosbridge_suite/package.dsv
-- Symlinking: /ros2_ws/install/rosbridge_suite/share/ament_index/resource_index/packages/rosbridge_suite
-- Symlinking: /ros2_ws/install/rosbridge_suite/share/rosbridge_suite/cmake/rosbridge_suiteConfig.cmake
-- Symlinking: /ros2_ws/install/rosbridge_suite/share/rosbridge_suite/cmake/rosbridge_suiteConfig-version.cmake
-- Symlinking: /ros2_ws/install/rosbridge_suite/share/rosbridge_suite/package.xml
