[0.109s] Invoking command in '/ros2_ws/build/rosbridge_suite': AMENT_PREFIX_PATH=/ros2_ws/install/rosbridge_server:/ros2_ws/install/rosapi:/ros2_ws/install/rosbridge_library:/ros2_ws/install/rosbridge_msgs:/ros2_ws/install/rosapi_msgs:${AMENT_PREFIX_PATH} CMAKE_PREFIX_PATH=/ros2_ws/install/rosbridge_server:/ros2_ws/install/rosapi:/ros2_ws/install/rosbridge_library:/ros2_ws/install/rosbridge_msgs:/ros2_ws/install/rosapi_msgs:${CMAKE_PREFIX_PATH} LD_LIBRARY_PATH=/ros2_ws/install/rosbridge_msgs/lib:/ros2_ws/install/rosapi_msgs/lib:/ros2_ws/src/install/rplidar_ros/lib:/ros2_ws/my_ros2_project/install/rosbridge_test_msgs/lib:/ros2_ws/my_ros2_project/install/rosbridge_msgs/lib:/ros2_ws/my_ros2_project/install/rosapi_msgs/lib:/opt/ros/foxy/install/opt/yaml_cpp_vendor/lib:/opt/ros/foxy/install/opt/rviz_ogre_vendor/lib:/opt/ros/foxy/install/lib:/usr/local/cuda-10.2/targets/aarch64-linux/lib PYTHONPATH=/ros2_ws/install/rosbridge_server/lib/python3.6/site-packages:/ros2_ws/install/rosapi/lib/python3.6/site-packages:/ros2_ws/install/rosbridge_library/lib/python3.6/site-packages:/ros2_ws/install/rosbridge_msgs/lib/python3.6/site-packages:/ros2_ws/install/rosapi_msgs/lib/python3.6/site-packages:${PYTHONPATH} /usr/local/bin/cmake /ros2_ws/src/rosbridge_suite -DAMENT_CMAKE_SYMLINK_INSTALL=1 -DCMAKE_INSTALL_PREFIX=/ros2_ws/install/rosbridge_suite
[0.293s] -- Found ament_cmake_core: 0.9.12 (/opt/ros/foxy/install/share/ament_cmake_core/cmake)
[0.296s] [33mCMake Warning (dev) at /opt/ros/foxy/install/share/ament_cmake_core/cmake/core/python.cmake:22 (find_package):
[0.297s]   Policy CMP0148 is not set: The FindPythonInterp and FindPythonLibs modules
[0.297s]   are removed.  Run "cmake --help-policy CMP0148" for policy details.  Use
[0.298s]   the cmake_policy command to set the policy and suppress this warning.
[0.298s] 
[0.299s] Call Stack (most recent call first):
[0.299s]   /opt/ros/foxy/install/share/ament_cmake_core/cmake/core/all.cmake:53 (include)
[0.300s]   /opt/ros/foxy/install/share/ament_cmake_core/cmake/ament_cmake_core-extras.cmake:17 (include)
[0.300s]   /opt/ros/foxy/install/share/ament_cmake_core/cmake/ament_cmake_coreConfig.cmake:41 (include)
[0.301s]   CMakeLists.txt:3 (find_package)
[0.301s] This warning is for project developers.  Use -Wno-dev to suppress it.
[0.302s] [0m
[0.418s] -- Found PythonInterp: /usr/bin/python3 (found suitable version "3.6.9", minimum required is "3") 
[0.419s] -- Using PYTHON_EXECUTABLE: /usr/bin/python3
[1.506s] -- Override CMake install command with custom implementation using symlinks instead of copying resources
[2.060s] -- Configuring done (1.8s)
[2.068s] -- Generating done (0.0s)
[2.072s] -- Build files have been written to: /ros2_ws/build/rosbridge_suite
[2.098s] Invoked command in '/ros2_ws/build/rosbridge_suite' returned '0': AMENT_PREFIX_PATH=/ros2_ws/install/rosbridge_server:/ros2_ws/install/rosapi:/ros2_ws/install/rosbridge_library:/ros2_ws/install/rosbridge_msgs:/ros2_ws/install/rosapi_msgs:${AMENT_PREFIX_PATH} CMAKE_PREFIX_PATH=/ros2_ws/install/rosbridge_server:/ros2_ws/install/rosapi:/ros2_ws/install/rosbridge_library:/ros2_ws/install/rosbridge_msgs:/ros2_ws/install/rosapi_msgs:${CMAKE_PREFIX_PATH} LD_LIBRARY_PATH=/ros2_ws/install/rosbridge_msgs/lib:/ros2_ws/install/rosapi_msgs/lib:/ros2_ws/src/install/rplidar_ros/lib:/ros2_ws/my_ros2_project/install/rosbridge_test_msgs/lib:/ros2_ws/my_ros2_project/install/rosbridge_msgs/lib:/ros2_ws/my_ros2_project/install/rosapi_msgs/lib:/opt/ros/foxy/install/opt/yaml_cpp_vendor/lib:/opt/ros/foxy/install/opt/rviz_ogre_vendor/lib:/opt/ros/foxy/install/lib:/usr/local/cuda-10.2/targets/aarch64-linux/lib PYTHONPATH=/ros2_ws/install/rosbridge_server/lib/python3.6/site-packages:/ros2_ws/install/rosapi/lib/python3.6/site-packages:/ros2_ws/install/rosbridge_library/lib/python3.6/site-packages:/ros2_ws/install/rosbridge_msgs/lib/python3.6/site-packages:/ros2_ws/install/rosapi_msgs/lib/python3.6/site-packages:${PYTHONPATH} /usr/local/bin/cmake /ros2_ws/src/rosbridge_suite -DAMENT_CMAKE_SYMLINK_INSTALL=1 -DCMAKE_INSTALL_PREFIX=/ros2_ws/install/rosbridge_suite
[2.107s] Invoking command in '/ros2_ws/build/rosbridge_suite': AMENT_PREFIX_PATH=/ros2_ws/install/rosbridge_server:/ros2_ws/install/rosapi:/ros2_ws/install/rosbridge_library:/ros2_ws/install/rosbridge_msgs:/ros2_ws/install/rosapi_msgs:${AMENT_PREFIX_PATH} CMAKE_PREFIX_PATH=/ros2_ws/install/rosbridge_server:/ros2_ws/install/rosapi:/ros2_ws/install/rosbridge_library:/ros2_ws/install/rosbridge_msgs:/ros2_ws/install/rosapi_msgs:${CMAKE_PREFIX_PATH} LD_LIBRARY_PATH=/ros2_ws/install/rosbridge_msgs/lib:/ros2_ws/install/rosapi_msgs/lib:/ros2_ws/src/install/rplidar_ros/lib:/ros2_ws/my_ros2_project/install/rosbridge_test_msgs/lib:/ros2_ws/my_ros2_project/install/rosbridge_msgs/lib:/ros2_ws/my_ros2_project/install/rosapi_msgs/lib:/opt/ros/foxy/install/opt/yaml_cpp_vendor/lib:/opt/ros/foxy/install/opt/rviz_ogre_vendor/lib:/opt/ros/foxy/install/lib:/usr/local/cuda-10.2/targets/aarch64-linux/lib PYTHONPATH=/ros2_ws/install/rosbridge_server/lib/python3.6/site-packages:/ros2_ws/install/rosapi/lib/python3.6/site-packages:/ros2_ws/install/rosbridge_library/lib/python3.6/site-packages:/ros2_ws/install/rosbridge_msgs/lib/python3.6/site-packages:/ros2_ws/install/rosapi_msgs/lib/python3.6/site-packages:${PYTHONPATH} /usr/local/bin/cmake --build /ros2_ws/build/rosbridge_suite -- -j4 -l4
[2.320s] Invoked command in '/ros2_ws/build/rosbridge_suite' returned '0': AMENT_PREFIX_PATH=/ros2_ws/install/rosbridge_server:/ros2_ws/install/rosapi:/ros2_ws/install/rosbridge_library:/ros2_ws/install/rosbridge_msgs:/ros2_ws/install/rosapi_msgs:${AMENT_PREFIX_PATH} CMAKE_PREFIX_PATH=/ros2_ws/install/rosbridge_server:/ros2_ws/install/rosapi:/ros2_ws/install/rosbridge_library:/ros2_ws/install/rosbridge_msgs:/ros2_ws/install/rosapi_msgs:${CMAKE_PREFIX_PATH} LD_LIBRARY_PATH=/ros2_ws/install/rosbridge_msgs/lib:/ros2_ws/install/rosapi_msgs/lib:/ros2_ws/src/install/rplidar_ros/lib:/ros2_ws/my_ros2_project/install/rosbridge_test_msgs/lib:/ros2_ws/my_ros2_project/install/rosbridge_msgs/lib:/ros2_ws/my_ros2_project/install/rosapi_msgs/lib:/opt/ros/foxy/install/opt/yaml_cpp_vendor/lib:/opt/ros/foxy/install/opt/rviz_ogre_vendor/lib:/opt/ros/foxy/install/lib:/usr/local/cuda-10.2/targets/aarch64-linux/lib PYTHONPATH=/ros2_ws/install/rosbridge_server/lib/python3.6/site-packages:/ros2_ws/install/rosapi/lib/python3.6/site-packages:/ros2_ws/install/rosbridge_library/lib/python3.6/site-packages:/ros2_ws/install/rosbridge_msgs/lib/python3.6/site-packages:/ros2_ws/install/rosapi_msgs/lib/python3.6/site-packages:${PYTHONPATH} /usr/local/bin/cmake --build /ros2_ws/build/rosbridge_suite -- -j4 -l4
[2.526s] Invoking command in '/ros2_ws/build/rosbridge_suite': AMENT_PREFIX_PATH=/ros2_ws/install/rosbridge_server:/ros2_ws/install/rosapi:/ros2_ws/install/rosbridge_library:/ros2_ws/install/rosbridge_msgs:/ros2_ws/install/rosapi_msgs:${AMENT_PREFIX_PATH} CMAKE_PREFIX_PATH=/ros2_ws/install/rosbridge_server:/ros2_ws/install/rosapi:/ros2_ws/install/rosbridge_library:/ros2_ws/install/rosbridge_msgs:/ros2_ws/install/rosapi_msgs:${CMAKE_PREFIX_PATH} LD_LIBRARY_PATH=/ros2_ws/install/rosbridge_msgs/lib:/ros2_ws/install/rosapi_msgs/lib:/ros2_ws/src/install/rplidar_ros/lib:/ros2_ws/my_ros2_project/install/rosbridge_test_msgs/lib:/ros2_ws/my_ros2_project/install/rosbridge_msgs/lib:/ros2_ws/my_ros2_project/install/rosapi_msgs/lib:/opt/ros/foxy/install/opt/yaml_cpp_vendor/lib:/opt/ros/foxy/install/opt/rviz_ogre_vendor/lib:/opt/ros/foxy/install/lib:/usr/local/cuda-10.2/targets/aarch64-linux/lib PYTHONPATH=/ros2_ws/install/rosbridge_server/lib/python3.6/site-packages:/ros2_ws/install/rosapi/lib/python3.6/site-packages:/ros2_ws/install/rosbridge_library/lib/python3.6/site-packages:/ros2_ws/install/rosbridge_msgs/lib/python3.6/site-packages:/ros2_ws/install/rosapi_msgs/lib/python3.6/site-packages:${PYTHONPATH} /usr/local/bin/cmake --install /ros2_ws/build/rosbridge_suite
[2.678s] -- Install configuration: ""
[2.680s] -- Execute custom install script
[2.681s] -- Symlinking: /ros2_ws/install/rosbridge_suite/share/ament_index/resource_index/package_run_dependencies/rosbridge_suite
[2.691s] -- Symlinking: /ros2_ws/install/rosbridge_suite/share/ament_index/resource_index/parent_prefix_path/rosbridge_suite
[2.700s] -- Symlinking: /ros2_ws/install/rosbridge_suite/share/rosbridge_suite/environment/ament_prefix_path.sh
[2.709s] -- Symlinking: /ros2_ws/install/rosbridge_suite/share/rosbridge_suite/environment/ament_prefix_path.dsv
[2.718s] -- Symlinking: /ros2_ws/install/rosbridge_suite/share/rosbridge_suite/environment/path.sh
[2.728s] -- Symlinking: /ros2_ws/install/rosbridge_suite/share/rosbridge_suite/environment/path.dsv
[2.737s] -- Symlinking: /ros2_ws/install/rosbridge_suite/share/rosbridge_suite/local_setup.bash
[2.746s] -- Symlinking: /ros2_ws/install/rosbridge_suite/share/rosbridge_suite/local_setup.sh
[2.756s] -- Symlinking: /ros2_ws/install/rosbridge_suite/share/rosbridge_suite/local_setup.zsh
[2.765s] -- Symlinking: /ros2_ws/install/rosbridge_suite/share/rosbridge_suite/local_setup.dsv
[2.775s] -- Symlinking: /ros2_ws/install/rosbridge_suite/share/rosbridge_suite/package.dsv
[2.784s] -- Symlinking: /ros2_ws/install/rosbridge_suite/share/ament_index/resource_index/packages/rosbridge_suite
[2.794s] -- Symlinking: /ros2_ws/install/rosbridge_suite/share/rosbridge_suite/cmake/rosbridge_suiteConfig.cmake
[2.803s] -- Symlinking: /ros2_ws/install/rosbridge_suite/share/rosbridge_suite/cmake/rosbridge_suiteConfig-version.cmake
[2.812s] -- Symlinking: /ros2_ws/install/rosbridge_suite/share/rosbridge_suite/package.xml
[2.849s] Invoked command in '/ros2_ws/build/rosbridge_suite' returned '0': AMENT_PREFIX_PATH=/ros2_ws/install/rosbridge_server:/ros2_ws/install/rosapi:/ros2_ws/install/rosbridge_library:/ros2_ws/install/rosbridge_msgs:/ros2_ws/install/rosapi_msgs:${AMENT_PREFIX_PATH} CMAKE_PREFIX_PATH=/ros2_ws/install/rosbridge_server:/ros2_ws/install/rosapi:/ros2_ws/install/rosbridge_library:/ros2_ws/install/rosbridge_msgs:/ros2_ws/install/rosapi_msgs:${CMAKE_PREFIX_PATH} LD_LIBRARY_PATH=/ros2_ws/install/rosbridge_msgs/lib:/ros2_ws/install/rosapi_msgs/lib:/ros2_ws/src/install/rplidar_ros/lib:/ros2_ws/my_ros2_project/install/rosbridge_test_msgs/lib:/ros2_ws/my_ros2_project/install/rosbridge_msgs/lib:/ros2_ws/my_ros2_project/install/rosapi_msgs/lib:/opt/ros/foxy/install/opt/yaml_cpp_vendor/lib:/opt/ros/foxy/install/opt/rviz_ogre_vendor/lib:/opt/ros/foxy/install/lib:/usr/local/cuda-10.2/targets/aarch64-linux/lib PYTHONPATH=/ros2_ws/install/rosbridge_server/lib/python3.6/site-packages:/ros2_ws/install/rosapi/lib/python3.6/site-packages:/ros2_ws/install/rosbridge_library/lib/python3.6/site-packages:/ros2_ws/install/rosbridge_msgs/lib/python3.6/site-packages:/ros2_ws/install/rosapi_msgs/lib/python3.6/site-packages:${PYTHONPATH} /usr/local/bin/cmake --install /ros2_ws/build/rosbridge_suite
