[0.056s] Invoking command in '/ros2_ws/build/nav_msgs': AMENT_PREFIX_PATH=/ros2_ws/install/geometry_msgs:/ros2_ws/install/std_msgs:${AMENT_PREFIX_PATH} CMAKE_PREFIX_PATH=/ros2_ws/install/geometry_msgs:/ros2_ws/install/std_msgs:/opt/ros/humble LD_LIBRARY_PATH=/ros2_ws/install/geometry_msgs/lib:/ros2_ws/install/std_msgs/lib:${LD_LIBRARY_PATH} PYTHONPATH=/ros2_ws/install/geometry_msgs/local/lib/python3.10/dist-packages:/ros2_ws/install/std_msgs/local/lib/python3.10/dist-packages:${PYTHONPATH} /usr/bin/cmake /ros2_ws/src/common_interfaces/nav_msgs -DCMAKE_INSTALL_PREFIX=/ros2_ws/install/nav_msgs
[0.296s] -- The C compiler identification is GNU 11.4.0
[0.531s] -- The CXX compiler identification is GNU 11.4.0
[0.557s] -- Detecting C compiler ABI info
[0.834s] -- Detecting C compiler ABI info - done
[0.869s] -- Check for working C compiler: /usr/bin/cc - skipped
[0.870s] -- Detecting C compile features
[0.872s] -- Detecting C compile features - done
[0.883s] -- Detecting CXX compiler ABI info
[1.225s] -- Detecting CXX compiler ABI info - done
[1.263s] -- Check for working CXX compiler: /usr/bin/c++ - skipped
[1.264s] -- Detecting CXX compile features
[1.266s] -- Detecting CXX compile features - done
[1.282s] -- Found ament_cmake: 1.3.14 (/opt/ros/humble/share/ament_cmake/cmake)
[1.888s] -- Found Python3: /usr/bin/python3 (found version "3.10.12") found components: Interpreter 
[2.424s] -- Found builtin_interfaces: 1.2.2 (/opt/ros/humble/share/builtin_interfaces/cmake)
[2.605s] -- Found rosidl_generator_c: 3.1.8 (/opt/ros/humble/share/rosidl_generator_c/cmake)
[2.639s] -- Found rosidl_adapter: 3.1.8 (/opt/ros/humble/share/rosidl_adapter/cmake)
[2.685s] -- Found rosidl_generator_cpp: 3.1.8 (/opt/ros/humble/share/rosidl_generator_cpp/cmake)
[2.746s] -- Using all available rosidl_typesupport_c: rosidl_typesupport_fastrtps_c;rosidl_typesupport_introspection_c
[2.827s] -- Using all available rosidl_typesupport_cpp: rosidl_typesupport_fastrtps_cpp;rosidl_typesupport_introspection_cpp
[2.902s] -- Found geometry_msgs: 2.0.5 (/ros2_ws/install/geometry_msgs/share/geometry_msgs/cmake)
[3.032s] -- Found rosidl_default_generators: 1.2.1 (/opt/ros/humble/share/rosidl_default_generators/cmake)
[4.816s] -- Found ament_cmake_cppcheck: 0.12.15 (/opt/ros/humble/share/ament_cmake_cppcheck/cmake)
[4.828s] -- Found ament_cmake_cpplint: 0.12.15 (/opt/ros/humble/share/ament_cmake_cpplint/cmake)
[4.840s] -- Found ament_cmake_uncrustify: 0.12.15 (/opt/ros/humble/share/ament_cmake_uncrustify/cmake)
[4.853s] -- Found ament_cmake_ros: 0.10.0 (/opt/ros/humble/share/ament_cmake_ros/cmake)
[6.747s] -- Using all available rosidl_typesupport_c: rosidl_typesupport_fastrtps_c;rosidl_typesupport_introspection_c
[7.467s] -- Using all available rosidl_typesupport_cpp: rosidl_typesupport_fastrtps_cpp;rosidl_typesupport_introspection_cpp
[7.547s] -- Found PythonInterp: /usr/bin/python3 (found suitable version "3.10.12", minimum required is "3.6") 
[7.556s] -- Found python_cmake_module: 0.10.0 (/opt/ros/humble/share/python_cmake_module/cmake)
[7.640s] -- Found PythonLibs: /usr/lib/aarch64-linux-gnu/libpython3.10.so (found suitable version "3.10.12", minimum required is "3.5") 
[7.642s] -- Using PYTHON_EXECUTABLE: /usr/bin/python3
[7.643s] -- Using PYTHON_INCLUDE_DIRS: /usr/include/python3.10
[7.643s] -- Using PYTHON_LIBRARIES: /usr/lib/aarch64-linux-gnu/libpython3.10.so
[7.722s] -- Found PythonExtra: .so  
[8.068s] -- Found ament_cmake_flake8: 0.12.15 (/opt/ros/humble/share/ament_cmake_flake8/cmake)
[8.093s] -- Found ament_cmake_pep257: 0.12.15 (/opt/ros/humble/share/ament_cmake_pep257/cmake)
[8.820s] -- Configuring done
[9.258s] -- Generating done
[9.315s] -- Build files have been written to: /ros2_ws/build/nav_msgs
[9.366s] Invoked command in '/ros2_ws/build/nav_msgs' returned '0': AMENT_PREFIX_PATH=/ros2_ws/install/geometry_msgs:/ros2_ws/install/std_msgs:${AMENT_PREFIX_PATH} CMAKE_PREFIX_PATH=/ros2_ws/install/geometry_msgs:/ros2_ws/install/std_msgs:/opt/ros/humble LD_LIBRARY_PATH=/ros2_ws/install/geometry_msgs/lib:/ros2_ws/install/std_msgs/lib:${LD_LIBRARY_PATH} PYTHONPATH=/ros2_ws/install/geometry_msgs/local/lib/python3.10/dist-packages:/ros2_ws/install/std_msgs/local/lib/python3.10/dist-packages:${PYTHONPATH} /usr/bin/cmake /ros2_ws/src/common_interfaces/nav_msgs -DCMAKE_INSTALL_PREFIX=/ros2_ws/install/nav_msgs
[9.367s] Invoking command in '/ros2_ws/build/nav_msgs': AMENT_PREFIX_PATH=/ros2_ws/install/geometry_msgs:/ros2_ws/install/std_msgs:${AMENT_PREFIX_PATH} CMAKE_PREFIX_PATH=/ros2_ws/install/geometry_msgs:/ros2_ws/install/std_msgs:/opt/ros/humble LD_LIBRARY_PATH=/ros2_ws/install/geometry_msgs/lib:/ros2_ws/install/std_msgs/lib:${LD_LIBRARY_PATH} PYTHONPATH=/ros2_ws/install/geometry_msgs/local/lib/python3.10/dist-packages:/ros2_ws/install/std_msgs/local/lib/python3.10/dist-packages:${PYTHONPATH} /usr/bin/cmake --build /ros2_ws/build/nav_msgs -- -j4 -l4
[9.766s] [  1%] [34m[1mGenerating C code for ROS interfaces[0m
[9.897s] [  2%] [34m[1mGenerating Rust code for ROS interfaces[0m
[9.938s] [  3%] [34m[1mGenerating C++ code for ROS interfaces[0m
[18.061s] [  3%] Built target nav_msgs__rs
[22.594s] [  3%] Built target nav_msgs__cpp
[23.246s] [  4%] [32mBuilding C object CMakeFiles/nav_msgs__rosidl_generator_c.dir/rosidl_generator_c/nav_msgs/msg/detail/grid_cells__functions.c.o[0m
[23.759s] [  5%] [32mBuilding C object CMakeFiles/nav_msgs__rosidl_generator_c.dir/rosidl_generator_c/nav_msgs/msg/detail/map_meta_data__functions.c.o[0m
[24.163s] [  6%] [32mBuilding C object CMakeFiles/nav_msgs__rosidl_generator_c.dir/rosidl_generator_c/nav_msgs/msg/detail/occupancy_grid__functions.c.o[0m
[24.646s] [  7%] [32mBuilding C object CMakeFiles/nav_msgs__rosidl_generator_c.dir/rosidl_generator_c/nav_msgs/msg/detail/odometry__functions.c.o[0m
[25.137s] [  9%] [32mBuilding C object CMakeFiles/nav_msgs__rosidl_generator_c.dir/rosidl_generator_c/nav_msgs/msg/detail/path__functions.c.o[0m
[25.403s] [ 10%] [32mBuilding C object CMakeFiles/nav_msgs__rosidl_generator_c.dir/rosidl_generator_c/nav_msgs/srv/detail/get_map__functions.c.o[0m
[25.972s] [ 11%] [32mBuilding C object CMakeFiles/nav_msgs__rosidl_generator_c.dir/rosidl_generator_c/nav_msgs/srv/detail/get_plan__functions.c.o[0m
[26.508s] [ 12%] [32mBuilding C object CMakeFiles/nav_msgs__rosidl_generator_c.dir/rosidl_generator_c/nav_msgs/srv/detail/set_map__functions.c.o[0m
[26.939s] [ 13%] [32m[1mLinking C shared library libnav_msgs__rosidl_generator_c.so[0m
[27.256s] [ 13%] Built target nav_msgs__rosidl_generator_c
[27.341s] [ 14%] [34m[1mGenerating C++ introspection for ROS interfaces[0m
[33.187s] [ 15%] [32mBuilding CXX object CMakeFiles/nav_msgs__rosidl_typesupport_introspection_cpp.dir/rosidl_typesupport_introspection_cpp/nav_msgs/msg/detail/grid_cells__type_support.cpp.o[0m
[35.454s] [ 17%] [32mBuilding CXX object CMakeFiles/nav_msgs__rosidl_typesupport_introspection_cpp.dir/rosidl_typesupport_introspection_cpp/nav_msgs/msg/detail/map_meta_data__type_support.cpp.o[0m
[37.469s] [ 18%] [32mBuilding CXX object CMakeFiles/nav_msgs__rosidl_typesupport_introspection_cpp.dir/rosidl_typesupport_introspection_cpp/nav_msgs/msg/detail/occupancy_grid__type_support.cpp.o[0m
[39.397s] [ 19%] [32mBuilding CXX object CMakeFiles/nav_msgs__rosidl_typesupport_introspection_cpp.dir/rosidl_typesupport_introspection_cpp/nav_msgs/msg/detail/odometry__type_support.cpp.o[0m
[41.160s] [ 20%] [32mBuilding CXX object CMakeFiles/nav_msgs__rosidl_typesupport_introspection_cpp.dir/rosidl_typesupport_introspection_cpp/nav_msgs/msg/detail/path__type_support.cpp.o[0m
[43.049s] [ 21%] [32mBuilding CXX object CMakeFiles/nav_msgs__rosidl_typesupport_introspection_cpp.dir/rosidl_typesupport_introspection_cpp/nav_msgs/srv/detail/get_map__type_support.cpp.o[0m
[44.921s] [ 22%] [32mBuilding CXX object CMakeFiles/nav_msgs__rosidl_typesupport_introspection_cpp.dir/rosidl_typesupport_introspection_cpp/nav_msgs/srv/detail/get_plan__type_support.cpp.o[0m
[46.887s] [ 23%] [32mBuilding CXX object CMakeFiles/nav_msgs__rosidl_typesupport_introspection_cpp.dir/rosidl_typesupport_introspection_cpp/nav_msgs/srv/detail/set_map__type_support.cpp.o[0m
[48.892s] [ 25%] [32m[1mLinking CXX shared library libnav_msgs__rosidl_typesupport_introspection_cpp.so[0m
[49.235s] [ 25%] Built target nav_msgs__rosidl_typesupport_introspection_cpp
[49.275s] [ 26%] [34m[1mGenerating C++ type support dispatch for ROS interfaces[0m
[53.521s] [ 27%] [32mBuilding CXX object CMakeFiles/nav_msgs__rosidl_typesupport_cpp.dir/rosidl_typesupport_cpp/nav_msgs/msg/grid_cells__type_support.cpp.o[0m
[54.731s] [ 28%] [32mBuilding CXX object CMakeFiles/nav_msgs__rosidl_typesupport_cpp.dir/rosidl_typesupport_cpp/nav_msgs/msg/map_meta_data__type_support.cpp.o[0m
[55.936s] [ 29%] [32mBuilding CXX object CMakeFiles/nav_msgs__rosidl_typesupport_cpp.dir/rosidl_typesupport_cpp/nav_msgs/msg/occupancy_grid__type_support.cpp.o[0m
[57.188s] [ 30%] [32mBuilding CXX object CMakeFiles/nav_msgs__rosidl_typesupport_cpp.dir/rosidl_typesupport_cpp/nav_msgs/msg/odometry__type_support.cpp.o[0m
[58.385s] [ 31%] [32mBuilding CXX object CMakeFiles/nav_msgs__rosidl_typesupport_cpp.dir/rosidl_typesupport_cpp/nav_msgs/msg/path__type_support.cpp.o[0m
[59.627s] [ 32%] [32mBuilding CXX object CMakeFiles/nav_msgs__rosidl_typesupport_cpp.dir/rosidl_typesupport_cpp/nav_msgs/srv/get_map__type_support.cpp.o[0m
[60.906s] [ 34%] [32mBuilding CXX object CMakeFiles/nav_msgs__rosidl_typesupport_cpp.dir/rosidl_typesupport_cpp/nav_msgs/srv/get_plan__type_support.cpp.o[0m
[62.172s] [ 35%] [32mBuilding CXX object CMakeFiles/nav_msgs__rosidl_typesupport_cpp.dir/rosidl_typesupport_cpp/nav_msgs/srv/set_map__type_support.cpp.o[0m
[63.468s] [ 36%] [32m[1mLinking CXX shared library libnav_msgs__rosidl_typesupport_cpp.so[0m
[63.616s] [ 36%] Built target nav_msgs__rosidl_typesupport_cpp
[63.652s] [ 37%] [34m[1mGenerating C type support for eProsima Fast-RTPS[0m
[69.109s] [ 38%] [32mBuilding CXX object CMakeFiles/nav_msgs__rosidl_typesupport_fastrtps_c.dir/rosidl_typesupport_fastrtps_c/nav_msgs/msg/detail/grid_cells__type_support_c.cpp.o[0m
[70.677s] [ 39%] [32mBuilding CXX object CMakeFiles/nav_msgs__rosidl_typesupport_fastrtps_c.dir/rosidl_typesupport_fastrtps_c/nav_msgs/msg/detail/map_meta_data__type_support_c.cpp.o[0m
[72.320s] [ 40%] [32mBuilding CXX object CMakeFiles/nav_msgs__rosidl_typesupport_fastrtps_c.dir/rosidl_typesupport_fastrtps_c/nav_msgs/msg/detail/occupancy_grid__type_support_c.cpp.o[0m
[73.855s] [ 42%] [32mBuilding CXX object CMakeFiles/nav_msgs__rosidl_typesupport_fastrtps_c.dir/rosidl_typesupport_fastrtps_c/nav_msgs/msg/detail/odometry__type_support_c.cpp.o[0m
[75.472s] [ 43%] [32mBuilding CXX object CMakeFiles/nav_msgs__rosidl_typesupport_fastrtps_c.dir/rosidl_typesupport_fastrtps_c/nav_msgs/msg/detail/path__type_support_c.cpp.o[0m
[77.043s] [ 44%] [32mBuilding CXX object CMakeFiles/nav_msgs__rosidl_typesupport_fastrtps_c.dir/rosidl_typesupport_fastrtps_c/nav_msgs/srv/detail/get_map__type_support_c.cpp.o[0m
[78.630s] [ 45%] [32mBuilding CXX object CMakeFiles/nav_msgs__rosidl_typesupport_fastrtps_c.dir/rosidl_typesupport_fastrtps_c/nav_msgs/srv/detail/get_plan__type_support_c.cpp.o[0m
[80.263s] [ 46%] [32mBuilding CXX object CMakeFiles/nav_msgs__rosidl_typesupport_fastrtps_c.dir/rosidl_typesupport_fastrtps_c/nav_msgs/srv/detail/set_map__type_support_c.cpp.o[0m
[81.882s] [ 47%] [32m[1mLinking CXX shared library libnav_msgs__rosidl_typesupport_fastrtps_c.so[0m
[82.157s] [ 47%] Built target nav_msgs__rosidl_typesupport_fastrtps_c
[82.194s] [ 48%] [34m[1mGenerating C introspection for ROS interfaces[0m
[87.289s] [ 50%] [32mBuilding C object CMakeFiles/nav_msgs__rosidl_typesupport_introspection_c.dir/rosidl_typesupport_introspection_c/nav_msgs/msg/detail/grid_cells__type_support.c.o[0m
[87.442s] [ 51%] [32mBuilding C object CMakeFiles/nav_msgs__rosidl_typesupport_introspection_c.dir/rosidl_typesupport_introspection_c/nav_msgs/msg/detail/map_meta_data__type_support.c.o[0m
[87.587s] [ 52%] [32mBuilding C object CMakeFiles/nav_msgs__rosidl_typesupport_introspection_c.dir/rosidl_typesupport_introspection_c/nav_msgs/msg/detail/occupancy_grid__type_support.c.o[0m
[87.743s] [ 53%] [32mBuilding C object CMakeFiles/nav_msgs__rosidl_typesupport_introspection_c.dir/rosidl_typesupport_introspection_c/nav_msgs/msg/detail/odometry__type_support.c.o[0m
[87.895s] [ 54%] [32mBuilding C object CMakeFiles/nav_msgs__rosidl_typesupport_introspection_c.dir/rosidl_typesupport_introspection_c/nav_msgs/msg/detail/path__type_support.c.o[0m
[88.055s] [ 55%] [32mBuilding C object CMakeFiles/nav_msgs__rosidl_typesupport_introspection_c.dir/rosidl_typesupport_introspection_c/nav_msgs/srv/detail/get_map__type_support.c.o[0m
[88.207s] [ 56%] [32mBuilding C object CMakeFiles/nav_msgs__rosidl_typesupport_introspection_c.dir/rosidl_typesupport_introspection_c/nav_msgs/srv/detail/get_plan__type_support.c.o[0m
[88.369s] [ 57%] [32mBuilding C object CMakeFiles/nav_msgs__rosidl_typesupport_introspection_c.dir/rosidl_typesupport_introspection_c/nav_msgs/srv/detail/set_map__type_support.c.o[0m
[88.525s] [ 59%] [32m[1mLinking C shared library libnav_msgs__rosidl_typesupport_introspection_c.so[0m
[88.643s] [ 59%] Built target nav_msgs__rosidl_typesupport_introspection_c
[88.677s] [ 60%] [34m[1mGenerating C type support dispatch for ROS interfaces[0m
[92.991s] [ 61%] [32mBuilding CXX object CMakeFiles/nav_msgs__rosidl_typesupport_c.dir/rosidl_typesupport_c/nav_msgs/msg/grid_cells__type_support.cpp.o[0m
[93.126s] [ 62%] [32mBuilding CXX object CMakeFiles/nav_msgs__rosidl_typesupport_c.dir/rosidl_typesupport_c/nav_msgs/msg/map_meta_data__type_support.cpp.o[0m
[93.270s] [ 63%] [32mBuilding CXX object CMakeFiles/nav_msgs__rosidl_typesupport_c.dir/rosidl_typesupport_c/nav_msgs/msg/occupancy_grid__type_support.cpp.o[0m
[93.399s] [ 64%] [32mBuilding CXX object CMakeFiles/nav_msgs__rosidl_typesupport_c.dir/rosidl_typesupport_c/nav_msgs/msg/odometry__type_support.cpp.o[0m
[93.543s] [ 65%] [32mBuilding CXX object CMakeFiles/nav_msgs__rosidl_typesupport_c.dir/rosidl_typesupport_c/nav_msgs/msg/path__type_support.cpp.o[0m
[93.688s] [ 67%] [32mBuilding CXX object CMakeFiles/nav_msgs__rosidl_typesupport_c.dir/rosidl_typesupport_c/nav_msgs/srv/get_map__type_support.cpp.o[0m
[93.831s] [ 68%] [32mBuilding CXX object CMakeFiles/nav_msgs__rosidl_typesupport_c.dir/rosidl_typesupport_c/nav_msgs/srv/get_plan__type_support.cpp.o[0m
[93.958s] [ 69%] [32mBuilding CXX object CMakeFiles/nav_msgs__rosidl_typesupport_c.dir/rosidl_typesupport_c/nav_msgs/srv/set_map__type_support.cpp.o[0m
[94.092s] [ 70%] [32m[1mLinking CXX shared library libnav_msgs__rosidl_typesupport_c.so[0m
[94.235s] [ 70%] Built target nav_msgs__rosidl_typesupport_c
[94.271s] [ 71%] [34m[1mGenerating C++ type support for eProsima Fast-RTPS[0m
[99.676s] [ 72%] [32mBuilding CXX object CMakeFiles/nav_msgs__rosidl_typesupport_fastrtps_cpp.dir/rosidl_typesupport_fastrtps_cpp/nav_msgs/msg/detail/dds_fastrtps/grid_cells__type_support.cpp.o[0m
[101.694s] [ 73%] [32mBuilding CXX object CMakeFiles/nav_msgs__rosidl_typesupport_fastrtps_cpp.dir/rosidl_typesupport_fastrtps_cpp/nav_msgs/msg/detail/dds_fastrtps/occupancy_grid__type_support.cpp.o[0m
[103.749s] [ 75%] [32mBuilding CXX object CMakeFiles/nav_msgs__rosidl_typesupport_fastrtps_cpp.dir/rosidl_typesupport_fastrtps_cpp/nav_msgs/msg/detail/dds_fastrtps/odometry__type_support.cpp.o[0m
[105.602s] [ 76%] [32mBuilding CXX object CMakeFiles/nav_msgs__rosidl_typesupport_fastrtps_cpp.dir/rosidl_typesupport_fastrtps_cpp/nav_msgs/msg/detail/dds_fastrtps/path__type_support.cpp.o[0m
[107.584s] [ 77%] [32mBuilding CXX object CMakeFiles/nav_msgs__rosidl_typesupport_fastrtps_cpp.dir/rosidl_typesupport_fastrtps_cpp/nav_msgs/srv/detail/dds_fastrtps/get_map__type_support.cpp.o[0m
[109.516s] [ 78%] [32mBuilding CXX object CMakeFiles/nav_msgs__rosidl_typesupport_fastrtps_cpp.dir/rosidl_typesupport_fastrtps_cpp/nav_msgs/srv/detail/dds_fastrtps/get_plan__type_support.cpp.o[0m
[111.393s] [ 79%] [32mBuilding CXX object CMakeFiles/nav_msgs__rosidl_typesupport_fastrtps_cpp.dir/rosidl_typesupport_fastrtps_cpp/nav_msgs/srv/detail/dds_fastrtps/set_map__type_support.cpp.o[0m
[113.288s] [ 80%] [32mBuilding CXX object CMakeFiles/nav_msgs__rosidl_typesupport_fastrtps_cpp.dir/rosidl_typesupport_fastrtps_cpp/nav_msgs/msg/detail/dds_fastrtps/map_meta_data__type_support.cpp.o[0m
[115.176s] [ 81%] [32m[1mLinking CXX shared library libnav_msgs__rosidl_typesupport_fastrtps_cpp.so[0m
[115.493s] [ 81%] Built target nav_msgs__rosidl_typesupport_fastrtps_cpp
[115.626s] [ 81%] Built target ament_cmake_python_copy_nav_msgs
[115.694s] [ 81%] Built target nav_msgs
[116.832s] running egg_info
[116.836s] creating nav_msgs.egg-info
[116.838s] writing nav_msgs.egg-info/PKG-INFO
[116.843s] writing dependency_links to nav_msgs.egg-info/dependency_links.txt
[116.845s] writing top-level names to nav_msgs.egg-info/top_level.txt
[116.847s] writing manifest file 'nav_msgs.egg-info/SOURCES.txt'
[116.856s] reading manifest file 'nav_msgs.egg-info/SOURCES.txt'
[116.860s] writing manifest file 'nav_msgs.egg-info/SOURCES.txt'
[116.997s] [ 81%] Built target ament_cmake_python_build_nav_msgs_egg
[117.070s] [ 82%] [34m[1mGenerating Python code for ROS interfaces[0m
[127.985s] [ 82%] Built target nav_msgs__py
[128.063s] [ 84%] [32mBuilding C object CMakeFiles/nav_msgs__rosidl_generator_py.dir/rosidl_generator_py/nav_msgs/msg/_grid_cells_s.c.o[0m
[128.583s] [ 85%] [32mBuilding C object CMakeFiles/nav_msgs__rosidl_generator_py.dir/rosidl_generator_py/nav_msgs/msg/_odometry_s.c.o[0m
[129.083s] [ 86%] [32mBuilding C object CMakeFiles/nav_msgs__rosidl_generator_py.dir/rosidl_generator_py/nav_msgs/msg/_path_s.c.o[0m
[129.612s] [ 87%] [32mBuilding C object CMakeFiles/nav_msgs__rosidl_generator_py.dir/rosidl_generator_py/nav_msgs/srv/_get_map_s.c.o[0m
[130.120s] [ 88%] [32mBuilding C object CMakeFiles/nav_msgs__rosidl_generator_py.dir/rosidl_generator_py/nav_msgs/srv/_get_plan_s.c.o[0m
[130.621s] [ 89%] [32mBuilding C object CMakeFiles/nav_msgs__rosidl_generator_py.dir/rosidl_generator_py/nav_msgs/srv/_set_map_s.c.o[0m
[131.140s] [ 90%] [32mBuilding C object CMakeFiles/nav_msgs__rosidl_generator_py.dir/rosidl_generator_py/nav_msgs/msg/_occupancy_grid_s.c.o[0m
[131.653s] [ 92%] [32mBuilding C object CMakeFiles/nav_msgs__rosidl_generator_py.dir/rosidl_generator_py/nav_msgs/msg/_map_meta_data_s.c.o[0m
[132.135s] [ 93%] [32m[1mLinking C shared library rosidl_generator_py/nav_msgs/libnav_msgs__rosidl_generator_py.so[0m
[132.309s] [ 93%] Built target nav_msgs__rosidl_generator_py
[132.375s] [ 94%] [32mBuilding C object CMakeFiles/nav_msgs__rosidl_typesupport_fastrtps_c__pyext.dir/rosidl_generator_py/nav_msgs/_nav_msgs_s.ep.rosidl_typesupport_fastrtps_c.c.o[0m
[133.027s] [ 95%] [32m[1mLinking C shared library rosidl_generator_py/nav_msgs/nav_msgs_s__rosidl_typesupport_fastrtps_c.cpython-310-aarch64-linux-gnu.so[0m
[133.205s] [ 95%] Built target nav_msgs__rosidl_typesupport_fastrtps_c__pyext
[133.276s] [ 96%] [32mBuilding C object CMakeFiles/nav_msgs__rosidl_typesupport_c__pyext.dir/rosidl_generator_py/nav_msgs/_nav_msgs_s.ep.rosidl_typesupport_c.c.o[0m
[133.915s] [ 97%] [32m[1mLinking C shared library rosidl_generator_py/nav_msgs/nav_msgs_s__rosidl_typesupport_c.cpython-310-aarch64-linux-gnu.so[0m
[134.093s] [ 97%] Built target nav_msgs__rosidl_typesupport_c__pyext
[134.164s] [ 98%] [32mBuilding C object CMakeFiles/nav_msgs__rosidl_typesupport_introspection_c__pyext.dir/rosidl_generator_py/nav_msgs/_nav_msgs_s.ep.rosidl_typesupport_introspection_c.c.o[0m
[134.799s] [100%] [32m[1mLinking C shared library rosidl_generator_py/nav_msgs/nav_msgs_s__rosidl_typesupport_introspection_c.cpython-310-aarch64-linux-gnu.so[0m
[134.979s] [100%] Built target nav_msgs__rosidl_typesupport_introspection_c__pyext
[135.032s] Invoked command in '/ros2_ws/build/nav_msgs' returned '0': AMENT_PREFIX_PATH=/ros2_ws/install/geometry_msgs:/ros2_ws/install/std_msgs:${AMENT_PREFIX_PATH} CMAKE_PREFIX_PATH=/ros2_ws/install/geometry_msgs:/ros2_ws/install/std_msgs:/opt/ros/humble LD_LIBRARY_PATH=/ros2_ws/install/geometry_msgs/lib:/ros2_ws/install/std_msgs/lib:${LD_LIBRARY_PATH} PYTHONPATH=/ros2_ws/install/geometry_msgs/local/lib/python3.10/dist-packages:/ros2_ws/install/std_msgs/local/lib/python3.10/dist-packages:${PYTHONPATH} /usr/bin/cmake --build /ros2_ws/build/nav_msgs -- -j4 -l4
[135.038s] Invoking command in '/ros2_ws/build/nav_msgs': AMENT_PREFIX_PATH=/ros2_ws/install/geometry_msgs:/ros2_ws/install/std_msgs:${AMENT_PREFIX_PATH} CMAKE_PREFIX_PATH=/ros2_ws/install/geometry_msgs:/ros2_ws/install/std_msgs:/opt/ros/humble LD_LIBRARY_PATH=/ros2_ws/install/geometry_msgs/lib:/ros2_ws/install/std_msgs/lib:${LD_LIBRARY_PATH} PYTHONPATH=/ros2_ws/install/geometry_msgs/local/lib/python3.10/dist-packages:/ros2_ws/install/std_msgs/local/lib/python3.10/dist-packages:${PYTHONPATH} /usr/bin/cmake --install /ros2_ws/build/nav_msgs
[135.067s] -- Install configuration: ""
[135.069s] -- Installing: /ros2_ws/install/nav_msgs/share/ament_index/resource_index/rosidl_interfaces/nav_msgs
[135.070s] -- Installing: /ros2_ws/install/nav_msgs/include/nav_msgs/nav_msgs
[135.072s] -- Installing: /ros2_ws/install/nav_msgs/include/nav_msgs/nav_msgs/srv
[135.073s] -- Installing: /ros2_ws/install/nav_msgs/include/nav_msgs/nav_msgs/srv/get_plan.h
[135.075s] -- Installing: /ros2_ws/install/nav_msgs/include/nav_msgs/nav_msgs/srv/get_map.h
[135.076s] -- Installing: /ros2_ws/install/nav_msgs/include/nav_msgs/nav_msgs/srv/set_map.h
[135.078s] -- Installing: /ros2_ws/install/nav_msgs/include/nav_msgs/nav_msgs/srv/detail
[135.079s] -- Installing: /ros2_ws/install/nav_msgs/include/nav_msgs/nav_msgs/srv/detail/get_map__functions.h
[135.081s] -- Installing: /ros2_ws/install/nav_msgs/include/nav_msgs/nav_msgs/srv/detail/get_map__type_support.h
[135.082s] -- Installing: /ros2_ws/install/nav_msgs/include/nav_msgs/nav_msgs/srv/detail/get_plan__functions.h
[135.084s] -- Installing: /ros2_ws/install/nav_msgs/include/nav_msgs/nav_msgs/srv/detail/set_map__type_support.h
[135.085s] -- Installing: /ros2_ws/install/nav_msgs/include/nav_msgs/nav_msgs/srv/detail/get_plan__functions.c
[135.087s] -- Installing: /ros2_ws/install/nav_msgs/include/nav_msgs/nav_msgs/srv/detail/set_map__functions.h
[135.088s] -- Installing: /ros2_ws/install/nav_msgs/include/nav_msgs/nav_msgs/srv/detail/set_map__struct.h
[135.089s] -- Installing: /ros2_ws/install/nav_msgs/include/nav_msgs/nav_msgs/srv/detail/get_plan__type_support.h
[135.091s] -- Installing: /ros2_ws/install/nav_msgs/include/nav_msgs/nav_msgs/srv/detail/get_plan__struct.h
[135.092s] -- Installing: /ros2_ws/install/nav_msgs/include/nav_msgs/nav_msgs/srv/detail/get_map__functions.c
[135.094s] -- Installing: /ros2_ws/install/nav_msgs/include/nav_msgs/nav_msgs/srv/detail/set_map__functions.c
[135.095s] -- Installing: /ros2_ws/install/nav_msgs/include/nav_msgs/nav_msgs/srv/detail/get_map__struct.h
[135.097s] -- Installing: /ros2_ws/install/nav_msgs/include/nav_msgs/nav_msgs/msg
[135.098s] -- Installing: /ros2_ws/install/nav_msgs/include/nav_msgs/nav_msgs/msg/map_meta_data.h
[135.099s] -- Installing: /ros2_ws/install/nav_msgs/include/nav_msgs/nav_msgs/msg/odometry.h
[135.101s] -- Installing: /ros2_ws/install/nav_msgs/include/nav_msgs/nav_msgs/msg/path.h
[135.102s] -- Installing: /ros2_ws/install/nav_msgs/include/nav_msgs/nav_msgs/msg/occupancy_grid.h
[135.103s] -- Installing: /ros2_ws/install/nav_msgs/include/nav_msgs/nav_msgs/msg/grid_cells.h
[135.105s] -- Installing: /ros2_ws/install/nav_msgs/include/nav_msgs/nav_msgs/msg/detail
[135.106s] -- Installing: /ros2_ws/install/nav_msgs/include/nav_msgs/nav_msgs/msg/detail/occupancy_grid__type_support.h
[135.108s] -- Installing: /ros2_ws/install/nav_msgs/include/nav_msgs/nav_msgs/msg/detail/odometry__type_support.h
[135.109s] -- Installing: /ros2_ws/install/nav_msgs/include/nav_msgs/nav_msgs/msg/detail/path__type_support.h
[135.110s] -- Installing: /ros2_ws/install/nav_msgs/include/nav_msgs/nav_msgs/msg/detail/map_meta_data__functions.h
[135.112s] -- Installing: /ros2_ws/install/nav_msgs/include/nav_msgs/nav_msgs/msg/detail/map_meta_data__functions.c
[135.113s] -- Installing: /ros2_ws/install/nav_msgs/include/nav_msgs/nav_msgs/msg/detail/grid_cells__struct.h
[135.114s] -- Installing: /ros2_ws/install/nav_msgs/include/nav_msgs/nav_msgs/msg/detail/map_meta_data__struct.h
[135.116s] -- Installing: /ros2_ws/install/nav_msgs/include/nav_msgs/nav_msgs/msg/detail/occupancy_grid__struct.h
[135.117s] -- Installing: /ros2_ws/install/nav_msgs/include/nav_msgs/nav_msgs/msg/detail/path__functions.c
[135.121s] -- Installing: /ros2_ws/install/nav_msgs/include/nav_msgs/nav_msgs/msg/detail/occupancy_grid__functions.h
[135.123s] -- Installing: /ros2_ws/install/nav_msgs/include/nav_msgs/nav_msgs/msg/detail/grid_cells__functions.c
[135.125s] -- Installing: /ros2_ws/install/nav_msgs/include/nav_msgs/nav_msgs/msg/detail/path__functions.h
[135.126s] -- Installing: /ros2_ws/install/nav_msgs/include/nav_msgs/nav_msgs/msg/detail/occupancy_grid__functions.c
[135.128s] -- Installing: /ros2_ws/install/nav_msgs/include/nav_msgs/nav_msgs/msg/detail/grid_cells__type_support.h
[135.129s] -- Installing: /ros2_ws/install/nav_msgs/include/nav_msgs/nav_msgs/msg/detail/odometry__struct.h
[135.131s] -- Installing: /ros2_ws/install/nav_msgs/include/nav_msgs/nav_msgs/msg/detail/odometry__functions.h
[135.132s] -- Installing: /ros2_ws/install/nav_msgs/include/nav_msgs/nav_msgs/msg/detail/map_meta_data__type_support.h
[135.134s] -- Installing: /ros2_ws/install/nav_msgs/include/nav_msgs/nav_msgs/msg/detail/odometry__functions.c
[135.135s] -- Installing: /ros2_ws/install/nav_msgs/include/nav_msgs/nav_msgs/msg/detail/grid_cells__functions.h
[135.136s] -- Installing: /ros2_ws/install/nav_msgs/include/nav_msgs/nav_msgs/msg/detail/path__struct.h
[135.138s] -- Installing: /ros2_ws/install/nav_msgs/include/nav_msgs/nav_msgs/msg/rosidl_generator_c__visibility_control.h
[135.139s] -- Installing: /ros2_ws/install/nav_msgs/share/nav_msgs/environment/library_path.sh
[135.141s] -- Installing: /ros2_ws/install/nav_msgs/share/nav_msgs/environment/library_path.dsv
[135.143s] -- Installing: /ros2_ws/install/nav_msgs/lib/libnav_msgs__rosidl_generator_c.so
[135.145s] -- Set runtime path of "/ros2_ws/install/nav_msgs/lib/libnav_msgs__rosidl_generator_c.so" to ""
[135.147s] -- Up-to-date: /ros2_ws/install/nav_msgs/include/nav_msgs/nav_msgs
[135.148s] -- Up-to-date: /ros2_ws/install/nav_msgs/include/nav_msgs/nav_msgs/srv
[135.149s] -- Up-to-date: /ros2_ws/install/nav_msgs/include/nav_msgs/nav_msgs/srv/detail
[135.150s] -- Installing: /ros2_ws/install/nav_msgs/include/nav_msgs/nav_msgs/srv/detail/set_map__rosidl_typesupport_fastrtps_c.h
[135.151s] -- Installing: /ros2_ws/install/nav_msgs/include/nav_msgs/nav_msgs/srv/detail/get_plan__rosidl_typesupport_fastrtps_c.h
[135.153s] -- Installing: /ros2_ws/install/nav_msgs/include/nav_msgs/nav_msgs/srv/detail/get_map__rosidl_typesupport_fastrtps_c.h
[135.154s] -- Up-to-date: /ros2_ws/install/nav_msgs/include/nav_msgs/nav_msgs/msg
[135.155s] -- Installing: /ros2_ws/install/nav_msgs/include/nav_msgs/nav_msgs/msg/rosidl_typesupport_fastrtps_c__visibility_control.h
[135.156s] -- Up-to-date: /ros2_ws/install/nav_msgs/include/nav_msgs/nav_msgs/msg/detail
[135.157s] -- Installing: /ros2_ws/install/nav_msgs/include/nav_msgs/nav_msgs/msg/detail/map_meta_data__rosidl_typesupport_fastrtps_c.h
[135.159s] -- Installing: /ros2_ws/install/nav_msgs/include/nav_msgs/nav_msgs/msg/detail/grid_cells__rosidl_typesupport_fastrtps_c.h
[135.160s] -- Installing: /ros2_ws/install/nav_msgs/include/nav_msgs/nav_msgs/msg/detail/path__rosidl_typesupport_fastrtps_c.h
[135.162s] -- Installing: /ros2_ws/install/nav_msgs/include/nav_msgs/nav_msgs/msg/detail/occupancy_grid__rosidl_typesupport_fastrtps_c.h
[135.163s] -- Installing: /ros2_ws/install/nav_msgs/include/nav_msgs/nav_msgs/msg/detail/odometry__rosidl_typesupport_fastrtps_c.h
[135.165s] -- Installing: /ros2_ws/install/nav_msgs/lib/libnav_msgs__rosidl_typesupport_fastrtps_c.so
[135.167s] -- Set runtime path of "/ros2_ws/install/nav_msgs/lib/libnav_msgs__rosidl_typesupport_fastrtps_c.so" to ""
[135.168s] -- Up-to-date: /ros2_ws/install/nav_msgs/include/nav_msgs/nav_msgs
[135.169s] -- Up-to-date: /ros2_ws/install/nav_msgs/include/nav_msgs/nav_msgs/srv
[135.170s] -- Installing: /ros2_ws/install/nav_msgs/include/nav_msgs/nav_msgs/srv/get_map.hpp
[135.172s] -- Installing: /ros2_ws/install/nav_msgs/include/nav_msgs/nav_msgs/srv/set_map.hpp
[135.173s] -- Up-to-date: /ros2_ws/install/nav_msgs/include/nav_msgs/nav_msgs/srv/detail
[135.174s] -- Installing: /ros2_ws/install/nav_msgs/include/nav_msgs/nav_msgs/srv/detail/get_plan__type_support.hpp
[135.176s] -- Installing: /ros2_ws/install/nav_msgs/include/nav_msgs/nav_msgs/srv/detail/set_map__struct.hpp
[135.177s] -- Installing: /ros2_ws/install/nav_msgs/include/nav_msgs/nav_msgs/srv/detail/set_map__builder.hpp
[135.178s] -- Installing: /ros2_ws/install/nav_msgs/include/nav_msgs/nav_msgs/srv/detail/set_map__type_support.hpp
[135.180s] -- Installing: /ros2_ws/install/nav_msgs/include/nav_msgs/nav_msgs/srv/detail/get_plan__traits.hpp
[135.181s] -- Installing: /ros2_ws/install/nav_msgs/include/nav_msgs/nav_msgs/srv/detail/get_map__traits.hpp
[135.183s] -- Installing: /ros2_ws/install/nav_msgs/include/nav_msgs/nav_msgs/srv/detail/get_map__struct.hpp
[135.184s] -- Installing: /ros2_ws/install/nav_msgs/include/nav_msgs/nav_msgs/srv/detail/get_map__type_support.hpp
[135.186s] -- Installing: /ros2_ws/install/nav_msgs/include/nav_msgs/nav_msgs/srv/detail/get_plan__builder.hpp
[135.187s] -- Installing: /ros2_ws/install/nav_msgs/include/nav_msgs/nav_msgs/srv/detail/get_plan__struct.hpp
[135.189s] -- Installing: /ros2_ws/install/nav_msgs/include/nav_msgs/nav_msgs/srv/detail/set_map__traits.hpp
[135.190s] -- Installing: /ros2_ws/install/nav_msgs/include/nav_msgs/nav_msgs/srv/detail/get_map__builder.hpp
[135.192s] -- Installing: /ros2_ws/install/nav_msgs/include/nav_msgs/nav_msgs/srv/get_plan.hpp
[135.193s] -- Up-to-date: /ros2_ws/install/nav_msgs/include/nav_msgs/nav_msgs/msg
[135.194s] -- Installing: /ros2_ws/install/nav_msgs/include/nav_msgs/nav_msgs/msg/grid_cells.hpp
[135.196s] -- Installing: /ros2_ws/install/nav_msgs/include/nav_msgs/nav_msgs/msg/path.hpp
[135.197s] -- Installing: /ros2_ws/install/nav_msgs/include/nav_msgs/nav_msgs/msg/occupancy_grid.hpp
[135.198s] -- Installing: /ros2_ws/install/nav_msgs/include/nav_msgs/nav_msgs/msg/map_meta_data.hpp
[135.200s] -- Installing: /ros2_ws/install/nav_msgs/include/nav_msgs/nav_msgs/msg/rosidl_generator_cpp__visibility_control.hpp
[135.201s] -- Installing: /ros2_ws/install/nav_msgs/include/nav_msgs/nav_msgs/msg/odometry.hpp
[135.203s] -- Up-to-date: /ros2_ws/install/nav_msgs/include/nav_msgs/nav_msgs/msg/detail
[135.204s] -- Installing: /ros2_ws/install/nav_msgs/include/nav_msgs/nav_msgs/msg/detail/occupancy_grid__type_support.hpp
[135.205s] -- Installing: /ros2_ws/install/nav_msgs/include/nav_msgs/nav_msgs/msg/detail/grid_cells__type_support.hpp
[135.207s] -- Installing: /ros2_ws/install/nav_msgs/include/nav_msgs/nav_msgs/msg/detail/grid_cells__builder.hpp
[135.208s] -- Installing: /ros2_ws/install/nav_msgs/include/nav_msgs/nav_msgs/msg/detail/map_meta_data__struct.hpp
[135.210s] -- Installing: /ros2_ws/install/nav_msgs/include/nav_msgs/nav_msgs/msg/detail/grid_cells__struct.hpp
[135.211s] -- Installing: /ros2_ws/install/nav_msgs/include/nav_msgs/nav_msgs/msg/detail/map_meta_data__type_support.hpp
[135.213s] -- Installing: /ros2_ws/install/nav_msgs/include/nav_msgs/nav_msgs/msg/detail/path__struct.hpp
[135.214s] -- Installing: /ros2_ws/install/nav_msgs/include/nav_msgs/nav_msgs/msg/detail/occupancy_grid__traits.hpp
[135.216s] -- Installing: /ros2_ws/install/nav_msgs/include/nav_msgs/nav_msgs/msg/detail/odometry__builder.hpp
[135.217s] -- Installing: /ros2_ws/install/nav_msgs/include/nav_msgs/nav_msgs/msg/detail/path__type_support.hpp
[135.221s] -- Installing: /ros2_ws/install/nav_msgs/include/nav_msgs/nav_msgs/msg/detail/map_meta_data__builder.hpp
[135.223s] -- Installing: /ros2_ws/install/nav_msgs/include/nav_msgs/nav_msgs/msg/detail/map_meta_data__traits.hpp
[135.224s] -- Installing: /ros2_ws/install/nav_msgs/include/nav_msgs/nav_msgs/msg/detail/occupancy_grid__struct.hpp
[135.226s] -- Installing: /ros2_ws/install/nav_msgs/include/nav_msgs/nav_msgs/msg/detail/grid_cells__traits.hpp
[135.227s] -- Installing: /ros2_ws/install/nav_msgs/include/nav_msgs/nav_msgs/msg/detail/odometry__type_support.hpp
[135.228s] -- Installing: /ros2_ws/install/nav_msgs/include/nav_msgs/nav_msgs/msg/detail/odometry__traits.hpp
[135.230s] -- Installing: /ros2_ws/install/nav_msgs/include/nav_msgs/nav_msgs/msg/detail/odometry__struct.hpp
[135.231s] -- Installing: /ros2_ws/install/nav_msgs/include/nav_msgs/nav_msgs/msg/detail/path__builder.hpp
[135.233s] -- Installing: /ros2_ws/install/nav_msgs/include/nav_msgs/nav_msgs/msg/detail/path__traits.hpp
[135.234s] -- Installing: /ros2_ws/install/nav_msgs/include/nav_msgs/nav_msgs/msg/detail/occupancy_grid__builder.hpp
[135.236s] -- Up-to-date: /ros2_ws/install/nav_msgs/include/nav_msgs/nav_msgs
[135.237s] -- Up-to-date: /ros2_ws/install/nav_msgs/include/nav_msgs/nav_msgs/srv
[135.238s] -- Up-to-date: /ros2_ws/install/nav_msgs/include/nav_msgs/nav_msgs/srv/detail
[135.239s] -- Installing: /ros2_ws/install/nav_msgs/include/nav_msgs/nav_msgs/srv/detail/get_plan__rosidl_typesupport_fastrtps_cpp.hpp
[135.240s] -- Installing: /ros2_ws/install/nav_msgs/include/nav_msgs/nav_msgs/srv/detail/get_map__rosidl_typesupport_fastrtps_cpp.hpp
[135.242s] -- Installing: /ros2_ws/install/nav_msgs/include/nav_msgs/nav_msgs/srv/detail/set_map__rosidl_typesupport_fastrtps_cpp.hpp
[135.243s] -- Installing: /ros2_ws/install/nav_msgs/include/nav_msgs/nav_msgs/srv/detail/dds_fastrtps
[135.245s] -- Up-to-date: /ros2_ws/install/nav_msgs/include/nav_msgs/nav_msgs/msg
[135.246s] -- Installing: /ros2_ws/install/nav_msgs/include/nav_msgs/nav_msgs/msg/rosidl_typesupport_fastrtps_cpp__visibility_control.h
[135.247s] -- Up-to-date: /ros2_ws/install/nav_msgs/include/nav_msgs/nav_msgs/msg/detail
[135.248s] -- Installing: /ros2_ws/install/nav_msgs/include/nav_msgs/nav_msgs/msg/detail/map_meta_data__rosidl_typesupport_fastrtps_cpp.hpp
[135.250s] -- Installing: /ros2_ws/install/nav_msgs/include/nav_msgs/nav_msgs/msg/detail/grid_cells__rosidl_typesupport_fastrtps_cpp.hpp
[135.251s] -- Installing: /ros2_ws/install/nav_msgs/include/nav_msgs/nav_msgs/msg/detail/odometry__rosidl_typesupport_fastrtps_cpp.hpp
[135.253s] -- Installing: /ros2_ws/install/nav_msgs/include/nav_msgs/nav_msgs/msg/detail/path__rosidl_typesupport_fastrtps_cpp.hpp
[135.254s] -- Installing: /ros2_ws/install/nav_msgs/include/nav_msgs/nav_msgs/msg/detail/occupancy_grid__rosidl_typesupport_fastrtps_cpp.hpp
[135.260s] -- Installing: /ros2_ws/install/nav_msgs/include/nav_msgs/nav_msgs/msg/detail/dds_fastrtps
[135.270s] -- Installing: /ros2_ws/install/nav_msgs/lib/libnav_msgs__rosidl_typesupport_fastrtps_cpp.so
[135.270s] -- Set runtime path of "/ros2_ws/install/nav_msgs/lib/libnav_msgs__rosidl_typesupport_fastrtps_cpp.so" to ""
[135.271s] -- Up-to-date: /ros2_ws/install/nav_msgs/include/nav_msgs/nav_msgs
[135.271s] -- Up-to-date: /ros2_ws/install/nav_msgs/include/nav_msgs/nav_msgs/srv
[135.271s] -- Up-to-date: /ros2_ws/install/nav_msgs/include/nav_msgs/nav_msgs/srv/detail
[135.272s] -- Installing: /ros2_ws/install/nav_msgs/include/nav_msgs/nav_msgs/srv/detail/get_plan__type_support.c
[135.272s] -- Installing: /ros2_ws/install/nav_msgs/include/nav_msgs/nav_msgs/srv/detail/get_plan__rosidl_typesupport_introspection_c.h
[135.273s] -- Installing: /ros2_ws/install/nav_msgs/include/nav_msgs/nav_msgs/srv/detail/get_map__rosidl_typesupport_introspection_c.h
[135.273s] -- Installing: /ros2_ws/install/nav_msgs/include/nav_msgs/nav_msgs/srv/detail/get_map__type_support.c
[135.274s] -- Installing: /ros2_ws/install/nav_msgs/include/nav_msgs/nav_msgs/srv/detail/set_map__rosidl_typesupport_introspection_c.h
[135.274s] -- Installing: /ros2_ws/install/nav_msgs/include/nav_msgs/nav_msgs/srv/detail/set_map__type_support.c
[135.275s] -- Up-to-date: /ros2_ws/install/nav_msgs/include/nav_msgs/nav_msgs/msg
[135.275s] -- Up-to-date: /ros2_ws/install/nav_msgs/include/nav_msgs/nav_msgs/msg/detail
[135.275s] -- Installing: /ros2_ws/install/nav_msgs/include/nav_msgs/nav_msgs/msg/detail/path__type_support.c
[135.276s] -- Installing: /ros2_ws/install/nav_msgs/include/nav_msgs/nav_msgs/msg/detail/path__rosidl_typesupport_introspection_c.h
[135.277s] -- Installing: /ros2_ws/install/nav_msgs/include/nav_msgs/nav_msgs/msg/detail/map_meta_data__rosidl_typesupport_introspection_c.h
[135.278s] -- Installing: /ros2_ws/install/nav_msgs/include/nav_msgs/nav_msgs/msg/detail/odometry__rosidl_typesupport_introspection_c.h
[135.279s] -- Installing: /ros2_ws/install/nav_msgs/include/nav_msgs/nav_msgs/msg/detail/grid_cells__type_support.c
[135.281s] -- Installing: /ros2_ws/install/nav_msgs/include/nav_msgs/nav_msgs/msg/detail/odometry__type_support.c
[135.282s] -- Installing: /ros2_ws/install/nav_msgs/include/nav_msgs/nav_msgs/msg/detail/grid_cells__rosidl_typesupport_introspection_c.h
[135.283s] -- Installing: /ros2_ws/install/nav_msgs/include/nav_msgs/nav_msgs/msg/detail/occupancy_grid__type_support.c
[135.285s] -- Installing: /ros2_ws/install/nav_msgs/include/nav_msgs/nav_msgs/msg/detail/map_meta_data__type_support.c
[135.286s] -- Installing: /ros2_ws/install/nav_msgs/include/nav_msgs/nav_msgs/msg/detail/occupancy_grid__rosidl_typesupport_introspection_c.h
[135.287s] -- Installing: /ros2_ws/install/nav_msgs/include/nav_msgs/nav_msgs/msg/rosidl_typesupport_introspection_c__visibility_control.h
[135.289s] -- Installing: /ros2_ws/install/nav_msgs/lib/libnav_msgs__rosidl_typesupport_introspection_c.so
[135.291s] -- Set runtime path of "/ros2_ws/install/nav_msgs/lib/libnav_msgs__rosidl_typesupport_introspection_c.so" to ""
[135.292s] -- Installing: /ros2_ws/install/nav_msgs/lib/libnav_msgs__rosidl_typesupport_c.so
[135.294s] -- Set runtime path of "/ros2_ws/install/nav_msgs/lib/libnav_msgs__rosidl_typesupport_c.so" to ""
[135.295s] -- Up-to-date: /ros2_ws/install/nav_msgs/include/nav_msgs/nav_msgs
[135.296s] -- Up-to-date: /ros2_ws/install/nav_msgs/include/nav_msgs/nav_msgs/srv
[135.297s] -- Up-to-date: /ros2_ws/install/nav_msgs/include/nav_msgs/nav_msgs/srv/detail
[135.298s] -- Installing: /ros2_ws/install/nav_msgs/include/nav_msgs/nav_msgs/srv/detail/get_map__type_support.cpp
[135.299s] -- Installing: /ros2_ws/install/nav_msgs/include/nav_msgs/nav_msgs/srv/detail/get_map__rosidl_typesupport_introspection_cpp.hpp
[135.300s] -- Installing: /ros2_ws/install/nav_msgs/include/nav_msgs/nav_msgs/srv/detail/get_plan__type_support.cpp
[135.302s] -- Installing: /ros2_ws/install/nav_msgs/include/nav_msgs/nav_msgs/srv/detail/get_plan__rosidl_typesupport_introspection_cpp.hpp
[135.303s] -- Installing: /ros2_ws/install/nav_msgs/include/nav_msgs/nav_msgs/srv/detail/set_map__rosidl_typesupport_introspection_cpp.hpp
[135.304s] -- Installing: /ros2_ws/install/nav_msgs/include/nav_msgs/nav_msgs/srv/detail/set_map__type_support.cpp
[135.306s] -- Up-to-date: /ros2_ws/install/nav_msgs/include/nav_msgs/nav_msgs/msg
[135.307s] -- Up-to-date: /ros2_ws/install/nav_msgs/include/nav_msgs/nav_msgs/msg/detail
[135.308s] -- Installing: /ros2_ws/install/nav_msgs/include/nav_msgs/nav_msgs/msg/detail/odometry__rosidl_typesupport_introspection_cpp.hpp
[135.309s] -- Installing: /ros2_ws/install/nav_msgs/include/nav_msgs/nav_msgs/msg/detail/grid_cells__rosidl_typesupport_introspection_cpp.hpp
[135.310s] -- Installing: /ros2_ws/install/nav_msgs/include/nav_msgs/nav_msgs/msg/detail/odometry__type_support.cpp
[135.311s] -- Installing: /ros2_ws/install/nav_msgs/include/nav_msgs/nav_msgs/msg/detail/map_meta_data__rosidl_typesupport_introspection_cpp.hpp
[135.313s] -- Installing: /ros2_ws/install/nav_msgs/include/nav_msgs/nav_msgs/msg/detail/path__type_support.cpp
[135.314s] -- Installing: /ros2_ws/install/nav_msgs/include/nav_msgs/nav_msgs/msg/detail/map_meta_data__type_support.cpp
[135.315s] -- Installing: /ros2_ws/install/nav_msgs/include/nav_msgs/nav_msgs/msg/detail/path__rosidl_typesupport_introspection_cpp.hpp
[135.317s] -- Installing: /ros2_ws/install/nav_msgs/include/nav_msgs/nav_msgs/msg/detail/occupancy_grid__type_support.cpp
[135.318s] -- Installing: /ros2_ws/install/nav_msgs/include/nav_msgs/nav_msgs/msg/detail/occupancy_grid__rosidl_typesupport_introspection_cpp.hpp
[135.320s] -- Installing: /ros2_ws/install/nav_msgs/include/nav_msgs/nav_msgs/msg/detail/grid_cells__type_support.cpp
[135.322s] -- Installing: /ros2_ws/install/nav_msgs/lib/libnav_msgs__rosidl_typesupport_introspection_cpp.so
[135.325s] -- Set runtime path of "/ros2_ws/install/nav_msgs/lib/libnav_msgs__rosidl_typesupport_introspection_cpp.so" to ""
[135.326s] -- Installing: /ros2_ws/install/nav_msgs/lib/libnav_msgs__rosidl_typesupport_cpp.so
[135.328s] -- Set runtime path of "/ros2_ws/install/nav_msgs/lib/libnav_msgs__rosidl_typesupport_cpp.so" to ""
[135.329s] -- Installing: /ros2_ws/install/nav_msgs/share/nav_msgs/environment/pythonpath.sh
[135.330s] -- Installing: /ros2_ws/install/nav_msgs/share/nav_msgs/environment/pythonpath.dsv
[135.332s] -- Installing: /ros2_ws/install/nav_msgs/local/lib/python3.10/dist-packages/nav_msgs-2.0.5-py3.10.egg-info
[135.333s] -- Installing: /ros2_ws/install/nav_msgs/local/lib/python3.10/dist-packages/nav_msgs-2.0.5-py3.10.egg-info/SOURCES.txt
[135.334s] -- Installing: /ros2_ws/install/nav_msgs/local/lib/python3.10/dist-packages/nav_msgs-2.0.5-py3.10.egg-info/dependency_links.txt
[135.335s] -- Installing: /ros2_ws/install/nav_msgs/local/lib/python3.10/dist-packages/nav_msgs-2.0.5-py3.10.egg-info/top_level.txt
[135.337s] -- Installing: /ros2_ws/install/nav_msgs/local/lib/python3.10/dist-packages/nav_msgs-2.0.5-py3.10.egg-info/PKG-INFO
[135.338s] -- Installing: /ros2_ws/install/nav_msgs/local/lib/python3.10/dist-packages/nav_msgs
[135.339s] -- Installing: /ros2_ws/install/nav_msgs/local/lib/python3.10/dist-packages/nav_msgs/_nav_msgs_s.ep.rosidl_typesupport_introspection_c.c
[135.341s] -- Installing: /ros2_ws/install/nav_msgs/local/lib/python3.10/dist-packages/nav_msgs/srv
[135.342s] -- Installing: /ros2_ws/install/nav_msgs/local/lib/python3.10/dist-packages/nav_msgs/srv/_get_plan_s.c
[135.343s] -- Installing: /ros2_ws/install/nav_msgs/local/lib/python3.10/dist-packages/nav_msgs/srv/__init__.py
[135.344s] -- Installing: /ros2_ws/install/nav_msgs/local/lib/python3.10/dist-packages/nav_msgs/srv/_get_map.py
[135.346s] -- Installing: /ros2_ws/install/nav_msgs/local/lib/python3.10/dist-packages/nav_msgs/srv/_set_map_s.c
[135.347s] -- Installing: /ros2_ws/install/nav_msgs/local/lib/python3.10/dist-packages/nav_msgs/srv/_get_plan.py
[135.348s] -- Installing: /ros2_ws/install/nav_msgs/local/lib/python3.10/dist-packages/nav_msgs/srv/_get_map_s.c
[135.351s] -- Installing: /ros2_ws/install/nav_msgs/local/lib/python3.10/dist-packages/nav_msgs/srv/_set_map.py
[135.351s] -- Installing: /ros2_ws/install/nav_msgs/local/lib/python3.10/dist-packages/nav_msgs/__init__.py
[135.351s] -- Installing: /ros2_ws/install/nav_msgs/local/lib/python3.10/dist-packages/nav_msgs/nav_msgs_s__rosidl_typesupport_c.cpython-310-aarch64-linux-gnu.so
[135.352s] -- Installing: /ros2_ws/install/nav_msgs/local/lib/python3.10/dist-packages/nav_msgs/msg
[135.353s] -- Installing: /ros2_ws/install/nav_msgs/local/lib/python3.10/dist-packages/nav_msgs/msg/__init__.py
[135.354s] -- Installing: /ros2_ws/install/nav_msgs/local/lib/python3.10/dist-packages/nav_msgs/msg/_grid_cells_s.c
[135.356s] -- Installing: /ros2_ws/install/nav_msgs/local/lib/python3.10/dist-packages/nav_msgs/msg/_path_s.c
[135.357s] -- Installing: /ros2_ws/install/nav_msgs/local/lib/python3.10/dist-packages/nav_msgs/msg/_map_meta_data_s.c
[135.358s] -- Installing: /ros2_ws/install/nav_msgs/local/lib/python3.10/dist-packages/nav_msgs/msg/_occupancy_grid.py
[135.359s] -- Installing: /ros2_ws/install/nav_msgs/local/lib/python3.10/dist-packages/nav_msgs/msg/_occupancy_grid_s.c
[135.361s] -- Installing: /ros2_ws/install/nav_msgs/local/lib/python3.10/dist-packages/nav_msgs/msg/_map_meta_data.py
[135.362s] -- Installing: /ros2_ws/install/nav_msgs/local/lib/python3.10/dist-packages/nav_msgs/msg/_grid_cells.py
[135.363s] -- Installing: /ros2_ws/install/nav_msgs/local/lib/python3.10/dist-packages/nav_msgs/msg/_odometry.py
[135.364s] -- Installing: /ros2_ws/install/nav_msgs/local/lib/python3.10/dist-packages/nav_msgs/msg/_path.py
[135.365s] -- Installing: /ros2_ws/install/nav_msgs/local/lib/python3.10/dist-packages/nav_msgs/msg/_odometry_s.c
[135.367s] -- Installing: /ros2_ws/install/nav_msgs/local/lib/python3.10/dist-packages/nav_msgs/libnav_msgs__rosidl_generator_py.so
[135.368s] -- Installing: /ros2_ws/install/nav_msgs/local/lib/python3.10/dist-packages/nav_msgs/_nav_msgs_s.ep.rosidl_typesupport_fastrtps_c.c
[135.370s] -- Installing: /ros2_ws/install/nav_msgs/local/lib/python3.10/dist-packages/nav_msgs/_nav_msgs_s.ep.rosidl_typesupport_c.c
[135.371s] -- Installing: /ros2_ws/install/nav_msgs/local/lib/python3.10/dist-packages/nav_msgs/nav_msgs_s__rosidl_typesupport_introspection_c.cpython-310-aarch64-linux-gnu.so
[135.372s] -- Installing: /ros2_ws/install/nav_msgs/local/lib/python3.10/dist-packages/nav_msgs/nav_msgs_s__rosidl_typesupport_fastrtps_c.cpython-310-aarch64-linux-gnu.so
[135.586s] Listing '/ros2_ws/install/nav_msgs/local/lib/python3.10/dist-packages/nav_msgs'...
[135.587s] Compiling '/ros2_ws/install/nav_msgs/local/lib/python3.10/dist-packages/nav_msgs/__init__.py'...
[135.587s] Listing '/ros2_ws/install/nav_msgs/local/lib/python3.10/dist-packages/nav_msgs/msg'...
[135.588s] Compiling '/ros2_ws/install/nav_msgs/local/lib/python3.10/dist-packages/nav_msgs/msg/__init__.py'...
[135.588s] Compiling '/ros2_ws/install/nav_msgs/local/lib/python3.10/dist-packages/nav_msgs/msg/_grid_cells.py'...
[135.589s] Compiling '/ros2_ws/install/nav_msgs/local/lib/python3.10/dist-packages/nav_msgs/msg/_map_meta_data.py'...
[135.589s] Compiling '/ros2_ws/install/nav_msgs/local/lib/python3.10/dist-packages/nav_msgs/msg/_occupancy_grid.py'...
[135.590s] Compiling '/ros2_ws/install/nav_msgs/local/lib/python3.10/dist-packages/nav_msgs/msg/_odometry.py'...
[135.590s] Compiling '/ros2_ws/install/nav_msgs/local/lib/python3.10/dist-packages/nav_msgs/msg/_path.py'...
[135.591s] Listing '/ros2_ws/install/nav_msgs/local/lib/python3.10/dist-packages/nav_msgs/srv'...
[135.591s] Compiling '/ros2_ws/install/nav_msgs/local/lib/python3.10/dist-packages/nav_msgs/srv/__init__.py'...
[135.592s] Compiling '/ros2_ws/install/nav_msgs/local/lib/python3.10/dist-packages/nav_msgs/srv/_get_map.py'...
[135.592s] Compiling '/ros2_ws/install/nav_msgs/local/lib/python3.10/dist-packages/nav_msgs/srv/_get_plan.py'...
[135.592s] Compiling '/ros2_ws/install/nav_msgs/local/lib/python3.10/dist-packages/nav_msgs/srv/_set_map.py'...
[135.615s] -- Installing: /ros2_ws/install/nav_msgs/local/lib/python3.10/dist-packages/nav_msgs/nav_msgs_s__rosidl_typesupport_fastrtps_c.cpython-310-aarch64-linux-gnu.so
[135.617s] -- Set runtime path of "/ros2_ws/install/nav_msgs/local/lib/python3.10/dist-packages/nav_msgs/nav_msgs_s__rosidl_typesupport_fastrtps_c.cpython-310-aarch64-linux-gnu.so" to ""
[135.618s] -- Installing: /ros2_ws/install/nav_msgs/local/lib/python3.10/dist-packages/nav_msgs/nav_msgs_s__rosidl_typesupport_introspection_c.cpython-310-aarch64-linux-gnu.so
[135.621s] -- Set runtime path of "/ros2_ws/install/nav_msgs/local/lib/python3.10/dist-packages/nav_msgs/nav_msgs_s__rosidl_typesupport_introspection_c.cpython-310-aarch64-linux-gnu.so" to ""
[135.622s] -- Installing: /ros2_ws/install/nav_msgs/local/lib/python3.10/dist-packages/nav_msgs/nav_msgs_s__rosidl_typesupport_c.cpython-310-aarch64-linux-gnu.so
[135.623s] -- Set runtime path of "/ros2_ws/install/nav_msgs/local/lib/python3.10/dist-packages/nav_msgs/nav_msgs_s__rosidl_typesupport_c.cpython-310-aarch64-linux-gnu.so" to ""
[135.624s] -- Installing: /ros2_ws/install/nav_msgs/lib/libnav_msgs__rosidl_generator_py.so
[135.625s] -- Set runtime path of "/ros2_ws/install/nav_msgs/lib/libnav_msgs__rosidl_generator_py.so" to ""
[135.627s] -- Installing: /ros2_ws/install/nav_msgs/share/ament_index/resource_index/rust_packages/nav_msgs
[135.628s] -- Installing: /ros2_ws/install/nav_msgs/share/nav_msgs/rust
[135.629s] -- Installing: /ros2_ws/install/nav_msgs/share/nav_msgs/rust/src
[135.630s] -- Installing: /ros2_ws/install/nav_msgs/share/nav_msgs/rust/src/srv
[135.632s] -- Installing: /ros2_ws/install/nav_msgs/share/nav_msgs/rust/src/srv/rmw.rs
[135.633s] -- Installing: /ros2_ws/install/nav_msgs/share/nav_msgs/rust/src/srv.rs
[135.634s] -- Installing: /ros2_ws/install/nav_msgs/share/nav_msgs/rust/src/msg
[135.635s] -- Installing: /ros2_ws/install/nav_msgs/share/nav_msgs/rust/src/msg/rmw.rs
[135.637s] -- Installing: /ros2_ws/install/nav_msgs/share/nav_msgs/rust/src/msg.rs
[135.638s] -- Installing: /ros2_ws/install/nav_msgs/share/nav_msgs/rust/src/lib.rs
[135.639s] -- Installing: /ros2_ws/install/nav_msgs/share/nav_msgs/rust/Cargo.toml
[135.640s] -- Installing: /ros2_ws/install/nav_msgs/share/nav_msgs/rust/build.rs
[135.642s] -- Installing: /ros2_ws/install/nav_msgs/share/nav_msgs/msg/GridCells.idl
[135.644s] -- Installing: /ros2_ws/install/nav_msgs/share/nav_msgs/msg/MapMetaData.idl
[135.645s] -- Installing: /ros2_ws/install/nav_msgs/share/nav_msgs/msg/OccupancyGrid.idl
[135.647s] -- Installing: /ros2_ws/install/nav_msgs/share/nav_msgs/msg/Odometry.idl
[135.648s] -- Installing: /ros2_ws/install/nav_msgs/share/nav_msgs/msg/Path.idl
[135.650s] -- Installing: /ros2_ws/install/nav_msgs/share/nav_msgs/srv/GetMap.idl
[135.651s] -- Installing: /ros2_ws/install/nav_msgs/share/nav_msgs/srv/GetPlan.idl
[135.653s] -- Installing: /ros2_ws/install/nav_msgs/share/nav_msgs/srv/SetMap.idl
[135.654s] -- Installing: /ros2_ws/install/nav_msgs/share/nav_msgs/msg/GridCells.msg
[135.656s] -- Installing: /ros2_ws/install/nav_msgs/share/nav_msgs/msg/MapMetaData.msg
[135.657s] -- Installing: /ros2_ws/install/nav_msgs/share/nav_msgs/msg/OccupancyGrid.msg
[135.659s] -- Installing: /ros2_ws/install/nav_msgs/share/nav_msgs/msg/Odometry.msg
[135.660s] -- Installing: /ros2_ws/install/nav_msgs/share/nav_msgs/msg/Path.msg
[135.662s] -- Installing: /ros2_ws/install/nav_msgs/share/nav_msgs/srv/GetMap.srv
[135.663s] -- Installing: /ros2_ws/install/nav_msgs/share/nav_msgs/srv/GetMap_Request.msg
[135.665s] -- Installing: /ros2_ws/install/nav_msgs/share/nav_msgs/srv/GetMap_Response.msg
[135.666s] -- Installing: /ros2_ws/install/nav_msgs/share/nav_msgs/srv/GetPlan.srv
[135.668s] -- Installing: /ros2_ws/install/nav_msgs/share/nav_msgs/srv/GetPlan_Request.msg
[135.669s] -- Installing: /ros2_ws/install/nav_msgs/share/nav_msgs/srv/GetPlan_Response.msg
[135.670s] -- Installing: /ros2_ws/install/nav_msgs/share/nav_msgs/srv/SetMap.srv
[135.672s] -- Installing: /ros2_ws/install/nav_msgs/share/nav_msgs/srv/SetMap_Request.msg
[135.673s] -- Installing: /ros2_ws/install/nav_msgs/share/nav_msgs/srv/SetMap_Response.msg
[135.675s] -- Installing: /ros2_ws/install/nav_msgs/share/ament_index/resource_index/package_run_dependencies/nav_msgs
[135.677s] -- Installing: /ros2_ws/install/nav_msgs/share/ament_index/resource_index/parent_prefix_path/nav_msgs
[135.678s] -- Installing: /ros2_ws/install/nav_msgs/share/nav_msgs/environment/ament_prefix_path.sh
[135.680s] -- Installing: /ros2_ws/install/nav_msgs/share/nav_msgs/environment/ament_prefix_path.dsv
[135.681s] -- Installing: /ros2_ws/install/nav_msgs/share/nav_msgs/environment/path.sh
[135.683s] -- Installing: /ros2_ws/install/nav_msgs/share/nav_msgs/environment/path.dsv
[135.684s] -- Installing: /ros2_ws/install/nav_msgs/share/nav_msgs/local_setup.bash
[135.686s] -- Installing: /ros2_ws/install/nav_msgs/share/nav_msgs/local_setup.sh
[135.687s] -- Installing: /ros2_ws/install/nav_msgs/share/nav_msgs/local_setup.zsh
[135.689s] -- Installing: /ros2_ws/install/nav_msgs/share/nav_msgs/local_setup.dsv
[135.690s] -- Installing: /ros2_ws/install/nav_msgs/share/nav_msgs/package.dsv
[135.692s] -- Installing: /ros2_ws/install/nav_msgs/share/ament_index/resource_index/packages/nav_msgs
[135.693s] -- Installing: /ros2_ws/install/nav_msgs/share/nav_msgs/cmake/export_nav_msgs__rosidl_generator_cExport.cmake
[135.695s] -- Installing: /ros2_ws/install/nav_msgs/share/nav_msgs/cmake/export_nav_msgs__rosidl_generator_cExport-noconfig.cmake
[135.697s] -- Installing: /ros2_ws/install/nav_msgs/share/nav_msgs/cmake/export_nav_msgs__rosidl_typesupport_fastrtps_cExport.cmake
[135.698s] -- Installing: /ros2_ws/install/nav_msgs/share/nav_msgs/cmake/export_nav_msgs__rosidl_typesupport_fastrtps_cExport-noconfig.cmake
[135.700s] -- Installing: /ros2_ws/install/nav_msgs/share/nav_msgs/cmake/export_nav_msgs__rosidl_generator_cppExport.cmake
[135.702s] -- Installing: /ros2_ws/install/nav_msgs/share/nav_msgs/cmake/export_nav_msgs__rosidl_typesupport_fastrtps_cppExport.cmake
[135.703s] -- Installing: /ros2_ws/install/nav_msgs/share/nav_msgs/cmake/export_nav_msgs__rosidl_typesupport_fastrtps_cppExport-noconfig.cmake
[135.705s] -- Installing: /ros2_ws/install/nav_msgs/share/nav_msgs/cmake/nav_msgs__rosidl_typesupport_introspection_cExport.cmake
[135.707s] -- Installing: /ros2_ws/install/nav_msgs/share/nav_msgs/cmake/nav_msgs__rosidl_typesupport_introspection_cExport-noconfig.cmake
[135.709s] -- Installing: /ros2_ws/install/nav_msgs/share/nav_msgs/cmake/nav_msgs__rosidl_typesupport_cExport.cmake
[135.711s] -- Installing: /ros2_ws/install/nav_msgs/share/nav_msgs/cmake/nav_msgs__rosidl_typesupport_cExport-noconfig.cmake
[135.712s] -- Installing: /ros2_ws/install/nav_msgs/share/nav_msgs/cmake/nav_msgs__rosidl_typesupport_introspection_cppExport.cmake
[135.714s] -- Installing: /ros2_ws/install/nav_msgs/share/nav_msgs/cmake/nav_msgs__rosidl_typesupport_introspection_cppExport-noconfig.cmake
[135.716s] -- Installing: /ros2_ws/install/nav_msgs/share/nav_msgs/cmake/nav_msgs__rosidl_typesupport_cppExport.cmake
[135.717s] -- Installing: /ros2_ws/install/nav_msgs/share/nav_msgs/cmake/nav_msgs__rosidl_typesupport_cppExport-noconfig.cmake
[135.719s] -- Installing: /ros2_ws/install/nav_msgs/share/nav_msgs/cmake/export_nav_msgs__rosidl_generator_pyExport.cmake
[135.724s] -- Installing: /ros2_ws/install/nav_msgs/share/nav_msgs/cmake/export_nav_msgs__rosidl_generator_pyExport-noconfig.cmake
[135.727s] -- Installing: /ros2_ws/install/nav_msgs/share/nav_msgs/cmake/rosidl_cmake-extras.cmake
[135.728s] -- Installing: /ros2_ws/install/nav_msgs/share/nav_msgs/cmake/ament_cmake_export_dependencies-extras.cmake
[135.730s] -- Installing: /ros2_ws/install/nav_msgs/share/nav_msgs/cmake/ament_cmake_export_include_directories-extras.cmake
[135.732s] -- Installing: /ros2_ws/install/nav_msgs/share/nav_msgs/cmake/ament_cmake_export_libraries-extras.cmake
[135.733s] -- Installing: /ros2_ws/install/nav_msgs/share/nav_msgs/cmake/ament_cmake_export_targets-extras.cmake
[135.735s] -- Installing: /ros2_ws/install/nav_msgs/share/nav_msgs/cmake/rosidl_cmake_export_typesupport_targets-extras.cmake
[135.737s] -- Installing: /ros2_ws/install/nav_msgs/share/nav_msgs/cmake/rosidl_cmake_export_typesupport_libraries-extras.cmake
[135.738s] -- Installing: /ros2_ws/install/nav_msgs/share/nav_msgs/cmake/nav_msgsConfig.cmake
[135.740s] -- Installing: /ros2_ws/install/nav_msgs/share/nav_msgs/cmake/nav_msgsConfig-version.cmake
[135.741s] -- Installing: /ros2_ws/install/nav_msgs/share/nav_msgs/package.xml
[135.758s] Invoked command in '/ros2_ws/build/nav_msgs' returned '0': AMENT_PREFIX_PATH=/ros2_ws/install/geometry_msgs:/ros2_ws/install/std_msgs:${AMENT_PREFIX_PATH} CMAKE_PREFIX_PATH=/ros2_ws/install/geometry_msgs:/ros2_ws/install/std_msgs:/opt/ros/humble LD_LIBRARY_PATH=/ros2_ws/install/geometry_msgs/lib:/ros2_ws/install/std_msgs/lib:${LD_LIBRARY_PATH} PYTHONPATH=/ros2_ws/install/geometry_msgs/local/lib/python3.10/dist-packages:/ros2_ws/install/std_msgs/local/lib/python3.10/dist-packages:${PYTHONPATH} /usr/bin/cmake --install /ros2_ws/build/nav_msgs
