[0.081s] Invoking command in '/ros2_ws/build/visualization_msgs': AMENT_PREFIX_PATH=/ros2_ws/install/geometry_msgs:/ros2_ws/install/std_msgs:${AMENT_PREFIX_PATH} CMAKE_PREFIX_PATH=/ros2_ws/install/geometry_msgs:/ros2_ws/install/std_msgs:/opt/ros/humble LD_LIBRARY_PATH=/ros2_ws/install/geometry_msgs/lib:/ros2_ws/install/std_msgs/lib:${LD_LIBRARY_PATH} PYTHONPATH=/ros2_ws/install/geometry_msgs/local/lib/python3.10/dist-packages:/ros2_ws/install/std_msgs/local/lib/python3.10/dist-packages:${PYTHONPATH} /usr/bin/cmake --build /ros2_ws/build/visualization_msgs -- -j4 -l4
[0.457s] [  1%] Built target visualization_msgs__rs
[0.493s] [35m[1mConsolidate compiler generated dependencies of target visualization_msgs__rosidl_generator_c[0m
[0.617s] [  1%] Built target visualization_msgs__cpp
[0.639s] [ 13%] Built target visualization_msgs__rosidl_generator_c
[0.651s] [ 13%] Built target ament_cmake_python_copy_visualization_msgs
[0.861s] [35m[1mConsolidate compiler generated dependencies of target visualization_msgs__rosidl_typesupport_fastrtps_cpp[0m
[0.862s] [35m[1mConsolidate compiler generated dependencies of target visualization_msgs__rosidl_typesupport_fastrtps_c[0m
[0.871s] [35m[1mConsolidate compiler generated dependencies of target visualization_msgs__rosidl_typesupport_introspection_cpp[0m
[0.888s] [35m[1mConsolidate compiler generated dependencies of target visualization_msgs__rosidl_typesupport_cpp[0m
[1.191s] [ 28%] Built target visualization_msgs__rosidl_typesupport_cpp
[1.196s] [ 37%] Built target visualization_msgs__rosidl_typesupport_introspection_cpp
[1.267s] [ 49%] Built target visualization_msgs__rosidl_typesupport_fastrtps_cpp
[1.326s] [ 60%] Built target visualization_msgs__rosidl_typesupport_fastrtps_c
[1.399s] [35m[1mConsolidate compiler generated dependencies of target visualization_msgs__rosidl_typesupport_c[0m
[1.408s] [35m[1mConsolidate compiler generated dependencies of target visualization_msgs__rosidl_typesupport_introspection_c[0m
[1.568s] [ 71%] Built target visualization_msgs__rosidl_typesupport_c
[1.614s] [ 82%] Built target visualization_msgs__rosidl_typesupport_introspection_c
[1.915s] [ 82%] Built target visualization_msgs
[2.213s] [ 83%] Built target visualization_msgs__py
[2.500s] [35m[1mConsolidate compiler generated dependencies of target visualization_msgs__rosidl_generator_py[0m
[2.675s] [ 94%] Built target visualization_msgs__rosidl_generator_py
[2.793s] [35m[1mConsolidate compiler generated dependencies of target visualization_msgs__rosidl_typesupport_fastrtps_c__pyext[0m
[2.849s] [35m[1mConsolidate compiler generated dependencies of target visualization_msgs__rosidl_typesupport_c__pyext[0m
[2.892s] [35m[1mConsolidate compiler generated dependencies of target visualization_msgs__rosidl_typesupport_introspection_c__pyext[0m
[2.986s] [ 96%] Built target visualization_msgs__rosidl_typesupport_fastrtps_c__pyext
[3.022s] [ 98%] Built target visualization_msgs__rosidl_typesupport_c__pyext
[3.041s] [100%] Built target visualization_msgs__rosidl_typesupport_introspection_c__pyext
[3.129s] running egg_info
[3.131s] writing visualization_msgs.egg-info/PKG-INFO
[3.131s] writing dependency_links to visualization_msgs.egg-info/dependency_links.txt
[3.132s] writing top-level names to visualization_msgs.egg-info/top_level.txt
[3.145s] reading manifest file 'visualization_msgs.egg-info/SOURCES.txt'
[3.179s] writing manifest file 'visualization_msgs.egg-info/SOURCES.txt'
[3.424s] [100%] Built target ament_cmake_python_build_visualization_msgs_egg
[3.449s] Invoked command in '/ros2_ws/build/visualization_msgs' returned '0': AMENT_PREFIX_PATH=/ros2_ws/install/geometry_msgs:/ros2_ws/install/std_msgs:${AMENT_PREFIX_PATH} CMAKE_PREFIX_PATH=/ros2_ws/install/geometry_msgs:/ros2_ws/install/std_msgs:/opt/ros/humble LD_LIBRARY_PATH=/ros2_ws/install/geometry_msgs/lib:/ros2_ws/install/std_msgs/lib:${LD_LIBRARY_PATH} PYTHONPATH=/ros2_ws/install/geometry_msgs/local/lib/python3.10/dist-packages:/ros2_ws/install/std_msgs/local/lib/python3.10/dist-packages:${PYTHONPATH} /usr/bin/cmake --build /ros2_ws/build/visualization_msgs -- -j4 -l4
[3.467s] Invoking command in '/ros2_ws/build/visualization_msgs': AMENT_PREFIX_PATH=/ros2_ws/install/geometry_msgs:/ros2_ws/install/std_msgs:${AMENT_PREFIX_PATH} CMAKE_PREFIX_PATH=/ros2_ws/install/geometry_msgs:/ros2_ws/install/std_msgs:/opt/ros/humble LD_LIBRARY_PATH=/ros2_ws/install/geometry_msgs/lib:/ros2_ws/install/std_msgs/lib:${LD_LIBRARY_PATH} PYTHONPATH=/ros2_ws/install/geometry_msgs/local/lib/python3.10/dist-packages:/ros2_ws/install/std_msgs/local/lib/python3.10/dist-packages:${PYTHONPATH} /usr/bin/cmake --install /ros2_ws/build/visualization_msgs
[3.506s] -- Install configuration: ""
[3.509s] -- Up-to-date: /ros2_ws/install/visualization_msgs/share/ament_index/resource_index/rosidl_interfaces/visualization_msgs
[3.511s] -- Up-to-date: /ros2_ws/install/visualization_msgs/include/visualization_msgs/visualization_msgs
[3.513s] -- Up-to-date: /ros2_ws/install/visualization_msgs/include/visualization_msgs/visualization_msgs/srv
[3.515s] -- Up-to-date: /ros2_ws/install/visualization_msgs/include/visualization_msgs/visualization_msgs/srv/get_interactive_markers.h
[3.515s] -- Up-to-date: /ros2_ws/install/visualization_msgs/include/visualization_msgs/visualization_msgs/srv/detail
[3.517s] -- Up-to-date: /ros2_ws/install/visualization_msgs/include/visualization_msgs/visualization_msgs/srv/detail/get_interactive_markers__functions.h
[3.517s] -- Up-to-date: /ros2_ws/install/visualization_msgs/include/visualization_msgs/visualization_msgs/srv/detail/get_interactive_markers__type_support.h
[3.518s] -- Up-to-date: /ros2_ws/install/visualization_msgs/include/visualization_msgs/visualization_msgs/srv/detail/get_interactive_markers__functions.c
[3.521s] -- Up-to-date: /ros2_ws/install/visualization_msgs/include/visualization_msgs/visualization_msgs/srv/detail/get_interactive_markers__struct.h
[3.521s] -- Up-to-date: /ros2_ws/install/visualization_msgs/include/visualization_msgs/visualization_msgs/msg
[3.525s] -- Up-to-date: /ros2_ws/install/visualization_msgs/include/visualization_msgs/visualization_msgs/msg/interactive_marker_update.h
[3.526s] -- Up-to-date: /ros2_ws/install/visualization_msgs/include/visualization_msgs/visualization_msgs/msg/interactive_marker_pose.h
[3.527s] -- Up-to-date: /ros2_ws/install/visualization_msgs/include/visualization_msgs/visualization_msgs/msg/interactive_marker_feedback.h
[3.527s] -- Up-to-date: /ros2_ws/install/visualization_msgs/include/visualization_msgs/visualization_msgs/msg/marker.h
[3.527s] -- Up-to-date: /ros2_ws/install/visualization_msgs/include/visualization_msgs/visualization_msgs/msg/interactive_marker_control.h
[3.528s] -- Up-to-date: /ros2_ws/install/visualization_msgs/include/visualization_msgs/visualization_msgs/msg/interactive_marker.h
[3.531s] -- Up-to-date: /ros2_ws/install/visualization_msgs/include/visualization_msgs/visualization_msgs/msg/marker_array.h
[3.534s] -- Up-to-date: /ros2_ws/install/visualization_msgs/include/visualization_msgs/visualization_msgs/msg/interactive_marker_init.h
[3.535s] -- Up-to-date: /ros2_ws/install/visualization_msgs/include/visualization_msgs/visualization_msgs/msg/image_marker.h
[3.535s] -- Up-to-date: /ros2_ws/install/visualization_msgs/include/visualization_msgs/visualization_msgs/msg/detail
[3.536s] -- Up-to-date: /ros2_ws/install/visualization_msgs/include/visualization_msgs/visualization_msgs/msg/detail/interactive_marker_init__struct.h
[3.537s] -- Up-to-date: /ros2_ws/install/visualization_msgs/include/visualization_msgs/visualization_msgs/msg/detail/menu_entry__functions.h
[3.537s] -- Up-to-date: /ros2_ws/install/visualization_msgs/include/visualization_msgs/visualization_msgs/msg/detail/marker__functions.h
[3.538s] -- Up-to-date: /ros2_ws/install/visualization_msgs/include/visualization_msgs/visualization_msgs/msg/detail/interactive_marker_init__type_support.h
[3.542s] -- Up-to-date: /ros2_ws/install/visualization_msgs/include/visualization_msgs/visualization_msgs/msg/detail/interactive_marker_feedback__functions.h
[3.543s] -- Up-to-date: /ros2_ws/install/visualization_msgs/include/visualization_msgs/visualization_msgs/msg/detail/marker_array__functions.h
[3.545s] -- Up-to-date: /ros2_ws/install/visualization_msgs/include/visualization_msgs/visualization_msgs/msg/detail/marker__struct.h
[3.546s] -- Up-to-date: /ros2_ws/install/visualization_msgs/include/visualization_msgs/visualization_msgs/msg/detail/interactive_marker_control__struct.h
[3.547s] -- Up-to-date: /ros2_ws/install/visualization_msgs/include/visualization_msgs/visualization_msgs/msg/detail/marker__functions.c
[3.548s] -- Up-to-date: /ros2_ws/install/visualization_msgs/include/visualization_msgs/visualization_msgs/msg/detail/interactive_marker__functions.h
[3.548s] -- Up-to-date: /ros2_ws/install/visualization_msgs/include/visualization_msgs/visualization_msgs/msg/detail/interactive_marker_update__type_support.h
[3.549s] -- Up-to-date: /ros2_ws/install/visualization_msgs/include/visualization_msgs/visualization_msgs/msg/detail/marker__type_support.h
[3.549s] -- Up-to-date: /ros2_ws/install/visualization_msgs/include/visualization_msgs/visualization_msgs/msg/detail/menu_entry__type_support.h
[3.550s] -- Up-to-date: /ros2_ws/install/visualization_msgs/include/visualization_msgs/visualization_msgs/msg/detail/image_marker__struct.h
[3.552s] -- Up-to-date: /ros2_ws/install/visualization_msgs/include/visualization_msgs/visualization_msgs/msg/detail/menu_entry__struct.h
[3.553s] -- Up-to-date: /ros2_ws/install/visualization_msgs/include/visualization_msgs/visualization_msgs/msg/detail/interactive_marker_feedback__type_support.h
[3.554s] -- Up-to-date: /ros2_ws/install/visualization_msgs/include/visualization_msgs/visualization_msgs/msg/detail/interactive_marker_init__functions.h
[3.556s] -- Up-to-date: /ros2_ws/install/visualization_msgs/include/visualization_msgs/visualization_msgs/msg/detail/interactive_marker_pose__functions.h
[3.557s] -- Up-to-date: /ros2_ws/install/visualization_msgs/include/visualization_msgs/visualization_msgs/msg/detail/interactive_marker__type_support.h
[3.558s] -- Up-to-date: /ros2_ws/install/visualization_msgs/include/visualization_msgs/visualization_msgs/msg/detail/interactive_marker_update__struct.h
[3.560s] -- Up-to-date: /ros2_ws/install/visualization_msgs/include/visualization_msgs/visualization_msgs/msg/detail/interactive_marker_pose__functions.c
[3.560s] -- Up-to-date: /ros2_ws/install/visualization_msgs/include/visualization_msgs/visualization_msgs/msg/detail/interactive_marker_update__functions.h
[3.562s] -- Up-to-date: /ros2_ws/install/visualization_msgs/include/visualization_msgs/visualization_msgs/msg/detail/image_marker__functions.c
[3.563s] -- Up-to-date: /ros2_ws/install/visualization_msgs/include/visualization_msgs/visualization_msgs/msg/detail/interactive_marker_control__functions.h
[3.564s] -- Up-to-date: /ros2_ws/install/visualization_msgs/include/visualization_msgs/visualization_msgs/msg/detail/interactive_marker_pose__struct.h
[3.565s] -- Up-to-date: /ros2_ws/install/visualization_msgs/include/visualization_msgs/visualization_msgs/msg/detail/menu_entry__functions.c
[3.566s] -- Up-to-date: /ros2_ws/install/visualization_msgs/include/visualization_msgs/visualization_msgs/msg/detail/marker_array__struct.h
[3.567s] -- Up-to-date: /ros2_ws/install/visualization_msgs/include/visualization_msgs/visualization_msgs/msg/detail/interactive_marker_feedback__functions.c
[3.568s] -- Up-to-date: /ros2_ws/install/visualization_msgs/include/visualization_msgs/visualization_msgs/msg/detail/interactive_marker_control__functions.c
[3.568s] -- Up-to-date: /ros2_ws/install/visualization_msgs/include/visualization_msgs/visualization_msgs/msg/detail/interactive_marker_update__functions.c
[3.569s] -- Up-to-date: /ros2_ws/install/visualization_msgs/include/visualization_msgs/visualization_msgs/msg/detail/interactive_marker_control__type_support.h
[3.571s] -- Up-to-date: /ros2_ws/install/visualization_msgs/include/visualization_msgs/visualization_msgs/msg/detail/interactive_marker_feedback__struct.h
[3.572s] -- Up-to-date: /ros2_ws/install/visualization_msgs/include/visualization_msgs/visualization_msgs/msg/detail/marker_array__type_support.h
[3.572s] -- Up-to-date: /ros2_ws/install/visualization_msgs/include/visualization_msgs/visualization_msgs/msg/detail/image_marker__functions.h
[3.573s] -- Up-to-date: /ros2_ws/install/visualization_msgs/include/visualization_msgs/visualization_msgs/msg/detail/interactive_marker_pose__type_support.h
[3.574s] -- Up-to-date: /ros2_ws/install/visualization_msgs/include/visualization_msgs/visualization_msgs/msg/detail/interactive_marker__struct.h
[3.575s] -- Up-to-date: /ros2_ws/install/visualization_msgs/include/visualization_msgs/visualization_msgs/msg/detail/marker_array__functions.c
[3.576s] -- Up-to-date: /ros2_ws/install/visualization_msgs/include/visualization_msgs/visualization_msgs/msg/detail/image_marker__type_support.h
[3.577s] -- Up-to-date: /ros2_ws/install/visualization_msgs/include/visualization_msgs/visualization_msgs/msg/detail/interactive_marker_init__functions.c
[3.577s] -- Up-to-date: /ros2_ws/install/visualization_msgs/include/visualization_msgs/visualization_msgs/msg/detail/interactive_marker__functions.c
[3.578s] -- Up-to-date: /ros2_ws/install/visualization_msgs/include/visualization_msgs/visualization_msgs/msg/rosidl_generator_c__visibility_control.h
[3.579s] -- Up-to-date: /ros2_ws/install/visualization_msgs/include/visualization_msgs/visualization_msgs/msg/menu_entry.h
[3.582s] -- Up-to-date: /ros2_ws/install/visualization_msgs/share/visualization_msgs/environment/library_path.sh
[3.583s] -- Up-to-date: /ros2_ws/install/visualization_msgs/share/visualization_msgs/environment/library_path.dsv
[3.592s] -- Up-to-date: /ros2_ws/install/visualization_msgs/lib/libvisualization_msgs__rosidl_generator_c.so
[3.594s] -- Up-to-date: /ros2_ws/install/visualization_msgs/include/visualization_msgs/visualization_msgs
[3.595s] -- Up-to-date: /ros2_ws/install/visualization_msgs/include/visualization_msgs/visualization_msgs/srv
[3.595s] -- Up-to-date: /ros2_ws/install/visualization_msgs/include/visualization_msgs/visualization_msgs/srv/detail
[3.618s] -- Up-to-date: /ros2_ws/install/visualization_msgs/include/visualization_msgs/visualization_msgs/srv/detail/get_interactive_markers__rosidl_typesupport_fastrtps_c.h
[3.620s] -- Up-to-date: /ros2_ws/install/visualization_msgs/include/visualization_msgs/visualization_msgs/msg
[3.621s] -- Up-to-date: /ros2_ws/install/visualization_msgs/include/visualization_msgs/visualization_msgs/msg/rosidl_typesupport_fastrtps_c__visibility_control.h
[3.625s] -- Up-to-date: /ros2_ws/install/visualization_msgs/include/visualization_msgs/visualization_msgs/msg/detail
[3.626s] -- Up-to-date: /ros2_ws/install/visualization_msgs/include/visualization_msgs/visualization_msgs/msg/detail/interactive_marker__rosidl_typesupport_fastrtps_c.h
[3.627s] -- Up-to-date: /ros2_ws/install/visualization_msgs/include/visualization_msgs/visualization_msgs/msg/detail/interactive_marker_init__rosidl_typesupport_fastrtps_c.h
[3.627s] -- Up-to-date: /ros2_ws/install/visualization_msgs/include/visualization_msgs/visualization_msgs/msg/detail/interactive_marker_control__rosidl_typesupport_fastrtps_c.h
[3.628s] -- Up-to-date: /ros2_ws/install/visualization_msgs/include/visualization_msgs/visualization_msgs/msg/detail/interactive_marker_update__rosidl_typesupport_fastrtps_c.h
[3.629s] -- Up-to-date: /ros2_ws/install/visualization_msgs/include/visualization_msgs/visualization_msgs/msg/detail/image_marker__rosidl_typesupport_fastrtps_c.h
[3.629s] -- Up-to-date: /ros2_ws/install/visualization_msgs/include/visualization_msgs/visualization_msgs/msg/detail/interactive_marker_pose__rosidl_typesupport_fastrtps_c.h
[3.630s] -- Up-to-date: /ros2_ws/install/visualization_msgs/include/visualization_msgs/visualization_msgs/msg/detail/interactive_marker_feedback__rosidl_typesupport_fastrtps_c.h
[3.633s] -- Up-to-date: /ros2_ws/install/visualization_msgs/include/visualization_msgs/visualization_msgs/msg/detail/marker_array__rosidl_typesupport_fastrtps_c.h
[3.635s] -- Up-to-date: /ros2_ws/install/visualization_msgs/include/visualization_msgs/visualization_msgs/msg/detail/menu_entry__rosidl_typesupport_fastrtps_c.h
[3.636s] -- Up-to-date: /ros2_ws/install/visualization_msgs/include/visualization_msgs/visualization_msgs/msg/detail/marker__rosidl_typesupport_fastrtps_c.h
[3.644s] -- Up-to-date: /ros2_ws/install/visualization_msgs/lib/libvisualization_msgs__rosidl_typesupport_fastrtps_c.so
[3.647s] -- Up-to-date: /ros2_ws/install/visualization_msgs/include/visualization_msgs/visualization_msgs
[3.649s] -- Up-to-date: /ros2_ws/install/visualization_msgs/include/visualization_msgs/visualization_msgs/srv
[3.650s] -- Up-to-date: /ros2_ws/install/visualization_msgs/include/visualization_msgs/visualization_msgs/srv/get_interactive_markers.hpp
[3.651s] -- Up-to-date: /ros2_ws/install/visualization_msgs/include/visualization_msgs/visualization_msgs/srv/detail
[3.655s] -- Up-to-date: /ros2_ws/install/visualization_msgs/include/visualization_msgs/visualization_msgs/srv/detail/get_interactive_markers__builder.hpp
[3.656s] -- Up-to-date: /ros2_ws/install/visualization_msgs/include/visualization_msgs/visualization_msgs/srv/detail/get_interactive_markers__traits.hpp
[3.657s] -- Up-to-date: /ros2_ws/install/visualization_msgs/include/visualization_msgs/visualization_msgs/srv/detail/get_interactive_markers__struct.hpp
[3.657s] -- Up-to-date: /ros2_ws/install/visualization_msgs/include/visualization_msgs/visualization_msgs/srv/detail/get_interactive_markers__type_support.hpp
[3.658s] -- Up-to-date: /ros2_ws/install/visualization_msgs/include/visualization_msgs/visualization_msgs/msg
[3.658s] -- Up-to-date: /ros2_ws/install/visualization_msgs/include/visualization_msgs/visualization_msgs/msg/marker_array.hpp
[3.659s] -- Up-to-date: /ros2_ws/install/visualization_msgs/include/visualization_msgs/visualization_msgs/msg/interactive_marker_init.hpp
[3.659s] -- Up-to-date: /ros2_ws/install/visualization_msgs/include/visualization_msgs/visualization_msgs/msg/marker.hpp
[3.660s] -- Up-to-date: /ros2_ws/install/visualization_msgs/include/visualization_msgs/visualization_msgs/msg/image_marker.hpp
[3.660s] -- Up-to-date: /ros2_ws/install/visualization_msgs/include/visualization_msgs/visualization_msgs/msg/interactive_marker_control.hpp
[3.661s] -- Up-to-date: /ros2_ws/install/visualization_msgs/include/visualization_msgs/visualization_msgs/msg/interactive_marker_feedback.hpp
[3.662s] -- Up-to-date: /ros2_ws/install/visualization_msgs/include/visualization_msgs/visualization_msgs/msg/interactive_marker_pose.hpp
[3.663s] -- Up-to-date: /ros2_ws/install/visualization_msgs/include/visualization_msgs/visualization_msgs/msg/rosidl_generator_cpp__visibility_control.hpp
[3.664s] -- Up-to-date: /ros2_ws/install/visualization_msgs/include/visualization_msgs/visualization_msgs/msg/interactive_marker.hpp
[3.668s] -- Up-to-date: /ros2_ws/install/visualization_msgs/include/visualization_msgs/visualization_msgs/msg/menu_entry.hpp
[3.670s] -- Up-to-date: /ros2_ws/install/visualization_msgs/include/visualization_msgs/visualization_msgs/msg/detail
[3.671s] -- Up-to-date: /ros2_ws/install/visualization_msgs/include/visualization_msgs/visualization_msgs/msg/detail/interactive_marker_pose__traits.hpp
[3.672s] -- Up-to-date: /ros2_ws/install/visualization_msgs/include/visualization_msgs/visualization_msgs/msg/detail/interactive_marker_feedback__builder.hpp
[3.672s] -- Up-to-date: /ros2_ws/install/visualization_msgs/include/visualization_msgs/visualization_msgs/msg/detail/marker_array__builder.hpp
[3.673s] -- Up-to-date: /ros2_ws/install/visualization_msgs/include/visualization_msgs/visualization_msgs/msg/detail/marker__traits.hpp
[3.674s] -- Up-to-date: /ros2_ws/install/visualization_msgs/include/visualization_msgs/visualization_msgs/msg/detail/interactive_marker_pose__struct.hpp
[3.676s] -- Up-to-date: /ros2_ws/install/visualization_msgs/include/visualization_msgs/visualization_msgs/msg/detail/interactive_marker_feedback__traits.hpp
[3.676s] -- Up-to-date: /ros2_ws/install/visualization_msgs/include/visualization_msgs/visualization_msgs/msg/detail/image_marker__struct.hpp
[3.677s] -- Up-to-date: /ros2_ws/install/visualization_msgs/include/visualization_msgs/visualization_msgs/msg/detail/interactive_marker_control__traits.hpp
[3.678s] -- Up-to-date: /ros2_ws/install/visualization_msgs/include/visualization_msgs/visualization_msgs/msg/detail/interactive_marker_control__struct.hpp
[3.680s] -- Up-to-date: /ros2_ws/install/visualization_msgs/include/visualization_msgs/visualization_msgs/msg/detail/interactive_marker_pose__type_support.hpp
[3.683s] -- Up-to-date: /ros2_ws/install/visualization_msgs/include/visualization_msgs/visualization_msgs/msg/detail/image_marker__traits.hpp
[3.685s] -- Up-to-date: /ros2_ws/install/visualization_msgs/include/visualization_msgs/visualization_msgs/msg/detail/marker__builder.hpp
[3.686s] -- Up-to-date: /ros2_ws/install/visualization_msgs/include/visualization_msgs/visualization_msgs/msg/detail/interactive_marker_feedback__struct.hpp
[3.688s] -- Up-to-date: /ros2_ws/install/visualization_msgs/include/visualization_msgs/visualization_msgs/msg/detail/interactive_marker_init__builder.hpp
[3.688s] -- Up-to-date: /ros2_ws/install/visualization_msgs/include/visualization_msgs/visualization_msgs/msg/detail/interactive_marker_pose__builder.hpp
[3.689s] -- Up-to-date: /ros2_ws/install/visualization_msgs/include/visualization_msgs/visualization_msgs/msg/detail/menu_entry__struct.hpp
[3.690s] -- Up-to-date: /ros2_ws/install/visualization_msgs/include/visualization_msgs/visualization_msgs/msg/detail/image_marker__type_support.hpp
[3.691s] -- Up-to-date: /ros2_ws/install/visualization_msgs/include/visualization_msgs/visualization_msgs/msg/detail/interactive_marker_feedback__type_support.hpp
[3.692s] -- Up-to-date: /ros2_ws/install/visualization_msgs/include/visualization_msgs/visualization_msgs/msg/detail/interactive_marker_init__type_support.hpp
[3.693s] -- Up-to-date: /ros2_ws/install/visualization_msgs/include/visualization_msgs/visualization_msgs/msg/detail/marker_array__struct.hpp
[3.694s] -- Up-to-date: /ros2_ws/install/visualization_msgs/include/visualization_msgs/visualization_msgs/msg/detail/marker_array__type_support.hpp
[3.701s] -- Up-to-date: /ros2_ws/install/visualization_msgs/include/visualization_msgs/visualization_msgs/msg/detail/marker_array__traits.hpp
[3.702s] -- Up-to-date: /ros2_ws/install/visualization_msgs/include/visualization_msgs/visualization_msgs/msg/detail/interactive_marker_update__type_support.hpp
[3.703s] -- Up-to-date: /ros2_ws/install/visualization_msgs/include/visualization_msgs/visualization_msgs/msg/detail/interactive_marker_update__builder.hpp
[3.706s] -- Up-to-date: /ros2_ws/install/visualization_msgs/include/visualization_msgs/visualization_msgs/msg/detail/interactive_marker__struct.hpp
[3.707s] -- Up-to-date: /ros2_ws/install/visualization_msgs/include/visualization_msgs/visualization_msgs/msg/detail/menu_entry__traits.hpp
[3.708s] -- Up-to-date: /ros2_ws/install/visualization_msgs/include/visualization_msgs/visualization_msgs/msg/detail/interactive_marker_update__traits.hpp
[3.710s] -- Up-to-date: /ros2_ws/install/visualization_msgs/include/visualization_msgs/visualization_msgs/msg/detail/interactive_marker_control__type_support.hpp
[3.712s] -- Up-to-date: /ros2_ws/install/visualization_msgs/include/visualization_msgs/visualization_msgs/msg/detail/interactive_marker_init__struct.hpp
[3.713s] -- Up-to-date: /ros2_ws/install/visualization_msgs/include/visualization_msgs/visualization_msgs/msg/detail/interactive_marker_control__builder.hpp
[3.714s] -- Up-to-date: /ros2_ws/install/visualization_msgs/include/visualization_msgs/visualization_msgs/msg/detail/interactive_marker_update__struct.hpp
[3.716s] -- Up-to-date: /ros2_ws/install/visualization_msgs/include/visualization_msgs/visualization_msgs/msg/detail/marker__struct.hpp
[3.716s] -- Up-to-date: /ros2_ws/install/visualization_msgs/include/visualization_msgs/visualization_msgs/msg/detail/interactive_marker__builder.hpp
[3.717s] -- Up-to-date: /ros2_ws/install/visualization_msgs/include/visualization_msgs/visualization_msgs/msg/detail/marker__type_support.hpp
[3.719s] -- Up-to-date: /ros2_ws/install/visualization_msgs/include/visualization_msgs/visualization_msgs/msg/detail/menu_entry__builder.hpp
[3.721s] -- Up-to-date: /ros2_ws/install/visualization_msgs/include/visualization_msgs/visualization_msgs/msg/detail/interactive_marker__traits.hpp
[3.722s] -- Up-to-date: /ros2_ws/install/visualization_msgs/include/visualization_msgs/visualization_msgs/msg/detail/interactive_marker_init__traits.hpp
[3.723s] -- Up-to-date: /ros2_ws/install/visualization_msgs/include/visualization_msgs/visualization_msgs/msg/detail/image_marker__builder.hpp
[3.724s] -- Up-to-date: /ros2_ws/install/visualization_msgs/include/visualization_msgs/visualization_msgs/msg/detail/interactive_marker__type_support.hpp
[3.725s] -- Up-to-date: /ros2_ws/install/visualization_msgs/include/visualization_msgs/visualization_msgs/msg/detail/menu_entry__type_support.hpp
[3.725s] -- Up-to-date: /ros2_ws/install/visualization_msgs/include/visualization_msgs/visualization_msgs/msg/interactive_marker_update.hpp
[3.727s] -- Up-to-date: /ros2_ws/install/visualization_msgs/include/visualization_msgs/visualization_msgs
[3.731s] -- Up-to-date: /ros2_ws/install/visualization_msgs/include/visualization_msgs/visualization_msgs/srv
[3.732s] -- Up-to-date: /ros2_ws/install/visualization_msgs/include/visualization_msgs/visualization_msgs/srv/detail
[3.734s] -- Up-to-date: /ros2_ws/install/visualization_msgs/include/visualization_msgs/visualization_msgs/srv/detail/get_interactive_markers__rosidl_typesupport_fastrtps_cpp.hpp
[3.734s] -- Up-to-date: /ros2_ws/install/visualization_msgs/include/visualization_msgs/visualization_msgs/srv/detail/dds_fastrtps
[3.735s] -- Up-to-date: /ros2_ws/install/visualization_msgs/include/visualization_msgs/visualization_msgs/msg
[3.736s] -- Up-to-date: /ros2_ws/install/visualization_msgs/include/visualization_msgs/visualization_msgs/msg/rosidl_typesupport_fastrtps_cpp__visibility_control.h
[3.736s] -- Up-to-date: /ros2_ws/install/visualization_msgs/include/visualization_msgs/visualization_msgs/msg/detail
[3.737s] -- Up-to-date: /ros2_ws/install/visualization_msgs/include/visualization_msgs/visualization_msgs/msg/detail/interactive_marker_init__rosidl_typesupport_fastrtps_cpp.hpp
[3.737s] -- Up-to-date: /ros2_ws/install/visualization_msgs/include/visualization_msgs/visualization_msgs/msg/detail/marker__rosidl_typesupport_fastrtps_cpp.hpp
[3.738s] -- Up-to-date: /ros2_ws/install/visualization_msgs/include/visualization_msgs/visualization_msgs/msg/detail/interactive_marker_feedback__rosidl_typesupport_fastrtps_cpp.hpp
[3.738s] -- Up-to-date: /ros2_ws/install/visualization_msgs/include/visualization_msgs/visualization_msgs/msg/detail/marker_array__rosidl_typesupport_fastrtps_cpp.hpp
[3.739s] -- Up-to-date: /ros2_ws/install/visualization_msgs/include/visualization_msgs/visualization_msgs/msg/detail/menu_entry__rosidl_typesupport_fastrtps_cpp.hpp
[3.740s] -- Up-to-date: /ros2_ws/install/visualization_msgs/include/visualization_msgs/visualization_msgs/msg/detail/interactive_marker_control__rosidl_typesupport_fastrtps_cpp.hpp
[3.741s] -- Up-to-date: /ros2_ws/install/visualization_msgs/include/visualization_msgs/visualization_msgs/msg/detail/interactive_marker_update__rosidl_typesupport_fastrtps_cpp.hpp
[3.741s] -- Up-to-date: /ros2_ws/install/visualization_msgs/include/visualization_msgs/visualization_msgs/msg/detail/interactive_marker_pose__rosidl_typesupport_fastrtps_cpp.hpp
[3.742s] -- Up-to-date: /ros2_ws/install/visualization_msgs/include/visualization_msgs/visualization_msgs/msg/detail/interactive_marker__rosidl_typesupport_fastrtps_cpp.hpp
[3.743s] -- Up-to-date: /ros2_ws/install/visualization_msgs/include/visualization_msgs/visualization_msgs/msg/detail/dds_fastrtps
[3.743s] -- Up-to-date: /ros2_ws/install/visualization_msgs/include/visualization_msgs/visualization_msgs/msg/detail/image_marker__rosidl_typesupport_fastrtps_cpp.hpp
[3.747s] -- Up-to-date: /ros2_ws/install/visualization_msgs/lib/libvisualization_msgs__rosidl_typesupport_fastrtps_cpp.so
[3.748s] -- Up-to-date: /ros2_ws/install/visualization_msgs/include/visualization_msgs/visualization_msgs
[3.748s] -- Up-to-date: /ros2_ws/install/visualization_msgs/include/visualization_msgs/visualization_msgs/srv
[3.749s] -- Up-to-date: /ros2_ws/install/visualization_msgs/include/visualization_msgs/visualization_msgs/srv/detail
[3.749s] -- Up-to-date: /ros2_ws/install/visualization_msgs/include/visualization_msgs/visualization_msgs/srv/detail/get_interactive_markers__type_support.c
[3.749s] -- Up-to-date: /ros2_ws/install/visualization_msgs/include/visualization_msgs/visualization_msgs/srv/detail/get_interactive_markers__rosidl_typesupport_introspection_c.h
[3.750s] -- Up-to-date: /ros2_ws/install/visualization_msgs/include/visualization_msgs/visualization_msgs/msg
[3.751s] -- Up-to-date: /ros2_ws/install/visualization_msgs/include/visualization_msgs/visualization_msgs/msg/detail
[3.752s] -- Up-to-date: /ros2_ws/install/visualization_msgs/include/visualization_msgs/visualization_msgs/msg/detail/interactive_marker_update__type_support.c
[3.754s] -- Up-to-date: /ros2_ws/install/visualization_msgs/include/visualization_msgs/visualization_msgs/msg/detail/menu_entry__rosidl_typesupport_introspection_c.h
[3.754s] -- Up-to-date: /ros2_ws/install/visualization_msgs/include/visualization_msgs/visualization_msgs/msg/detail/marker_array__type_support.c
[3.755s] -- Up-to-date: /ros2_ws/install/visualization_msgs/include/visualization_msgs/visualization_msgs/msg/detail/marker_array__rosidl_typesupport_introspection_c.h
[3.755s] -- Up-to-date: /ros2_ws/install/visualization_msgs/include/visualization_msgs/visualization_msgs/msg/detail/interactive_marker_control__rosidl_typesupport_introspection_c.h
[3.756s] -- Up-to-date: /ros2_ws/install/visualization_msgs/include/visualization_msgs/visualization_msgs/msg/detail/interactive_marker_pose__type_support.c
[3.757s] -- Up-to-date: /ros2_ws/install/visualization_msgs/include/visualization_msgs/visualization_msgs/msg/detail/interactive_marker_feedback__type_support.c
[3.758s] -- Up-to-date: /ros2_ws/install/visualization_msgs/include/visualization_msgs/visualization_msgs/msg/detail/interactive_marker__type_support.c
[3.760s] -- Up-to-date: /ros2_ws/install/visualization_msgs/include/visualization_msgs/visualization_msgs/msg/detail/image_marker__type_support.c
[3.761s] -- Up-to-date: /ros2_ws/install/visualization_msgs/include/visualization_msgs/visualization_msgs/msg/detail/marker__type_support.c
[3.761s] -- Up-to-date: /ros2_ws/install/visualization_msgs/include/visualization_msgs/visualization_msgs/msg/detail/interactive_marker_feedback__rosidl_typesupport_introspection_c.h
[3.762s] -- Up-to-date: /ros2_ws/install/visualization_msgs/include/visualization_msgs/visualization_msgs/msg/detail/interactive_marker__rosidl_typesupport_introspection_c.h
[3.762s] -- Up-to-date: /ros2_ws/install/visualization_msgs/include/visualization_msgs/visualization_msgs/msg/detail/interactive_marker_init__type_support.c
[3.763s] -- Up-to-date: /ros2_ws/install/visualization_msgs/include/visualization_msgs/visualization_msgs/msg/detail/interactive_marker_update__rosidl_typesupport_introspection_c.h
[3.763s] -- Up-to-date: /ros2_ws/install/visualization_msgs/include/visualization_msgs/visualization_msgs/msg/detail/image_marker__rosidl_typesupport_introspection_c.h
[3.764s] -- Up-to-date: /ros2_ws/install/visualization_msgs/include/visualization_msgs/visualization_msgs/msg/detail/interactive_marker_pose__rosidl_typesupport_introspection_c.h
[3.764s] -- Up-to-date: /ros2_ws/install/visualization_msgs/include/visualization_msgs/visualization_msgs/msg/detail/interactive_marker_init__rosidl_typesupport_introspection_c.h
[3.768s] -- Up-to-date: /ros2_ws/install/visualization_msgs/include/visualization_msgs/visualization_msgs/msg/detail/interactive_marker_control__type_support.c
[3.769s] -- Up-to-date: /ros2_ws/install/visualization_msgs/include/visualization_msgs/visualization_msgs/msg/detail/marker__rosidl_typesupport_introspection_c.h
[3.770s] -- Up-to-date: /ros2_ws/install/visualization_msgs/include/visualization_msgs/visualization_msgs/msg/detail/menu_entry__type_support.c
[3.772s] -- Up-to-date: /ros2_ws/install/visualization_msgs/include/visualization_msgs/visualization_msgs/msg/rosidl_typesupport_introspection_c__visibility_control.h
[3.813s] -- Up-to-date: /ros2_ws/install/visualization_msgs/lib/libvisualization_msgs__rosidl_typesupport_introspection_c.so
[3.843s] -- Up-to-date: /ros2_ws/install/visualization_msgs/lib/libvisualization_msgs__rosidl_typesupport_c.so
[3.853s] -- Up-to-date: /ros2_ws/install/visualization_msgs/include/visualization_msgs/visualization_msgs
[3.854s] -- Up-to-date: /ros2_ws/install/visualization_msgs/include/visualization_msgs/visualization_msgs/srv
[3.855s] -- Up-to-date: /ros2_ws/install/visualization_msgs/include/visualization_msgs/visualization_msgs/srv/detail
[3.855s] -- Up-to-date: /ros2_ws/install/visualization_msgs/include/visualization_msgs/visualization_msgs/srv/detail/get_interactive_markers__rosidl_typesupport_introspection_cpp.hpp
[3.856s] -- Up-to-date: /ros2_ws/install/visualization_msgs/include/visualization_msgs/visualization_msgs/srv/detail/get_interactive_markers__type_support.cpp
[3.856s] -- Up-to-date: /ros2_ws/install/visualization_msgs/include/visualization_msgs/visualization_msgs/msg
[3.857s] -- Up-to-date: /ros2_ws/install/visualization_msgs/include/visualization_msgs/visualization_msgs/msg/detail
[3.857s] -- Up-to-date: /ros2_ws/install/visualization_msgs/include/visualization_msgs/visualization_msgs/msg/detail/interactive_marker_control__type_support.cpp
[3.858s] -- Up-to-date: /ros2_ws/install/visualization_msgs/include/visualization_msgs/visualization_msgs/msg/detail/menu_entry__type_support.cpp
[3.858s] -- Up-to-date: /ros2_ws/install/visualization_msgs/include/visualization_msgs/visualization_msgs/msg/detail/interactive_marker__rosidl_typesupport_introspection_cpp.hpp
[3.859s] -- Up-to-date: /ros2_ws/install/visualization_msgs/include/visualization_msgs/visualization_msgs/msg/detail/interactive_marker_control__rosidl_typesupport_introspection_cpp.hpp
[3.860s] -- Up-to-date: /ros2_ws/install/visualization_msgs/include/visualization_msgs/visualization_msgs/msg/detail/interactive_marker_init__rosidl_typesupport_introspection_cpp.hpp
[3.863s] -- Up-to-date: /ros2_ws/install/visualization_msgs/include/visualization_msgs/visualization_msgs/msg/detail/menu_entry__rosidl_typesupport_introspection_cpp.hpp
[3.864s] -- Up-to-date: /ros2_ws/install/visualization_msgs/include/visualization_msgs/visualization_msgs/msg/detail/marker__rosidl_typesupport_introspection_cpp.hpp
[3.864s] -- Up-to-date: /ros2_ws/install/visualization_msgs/include/visualization_msgs/visualization_msgs/msg/detail/interactive_marker_pose__type_support.cpp
[3.869s] -- Up-to-date: /ros2_ws/install/visualization_msgs/include/visualization_msgs/visualization_msgs/msg/detail/interactive_marker_pose__rosidl_typesupport_introspection_cpp.hpp
[3.871s] -- Up-to-date: /ros2_ws/install/visualization_msgs/include/visualization_msgs/visualization_msgs/msg/detail/marker_array__type_support.cpp
[3.872s] -- Up-to-date: /ros2_ws/install/visualization_msgs/include/visualization_msgs/visualization_msgs/msg/detail/interactive_marker_update__rosidl_typesupport_introspection_cpp.hpp
[3.874s] -- Up-to-date: /ros2_ws/install/visualization_msgs/include/visualization_msgs/visualization_msgs/msg/detail/image_marker__type_support.cpp
[3.875s] -- Up-to-date: /ros2_ws/install/visualization_msgs/include/visualization_msgs/visualization_msgs/msg/detail/interactive_marker_feedback__type_support.cpp
[3.875s] -- Up-to-date: /ros2_ws/install/visualization_msgs/include/visualization_msgs/visualization_msgs/msg/detail/interactive_marker__type_support.cpp
[3.881s] -- Up-to-date: /ros2_ws/install/visualization_msgs/include/visualization_msgs/visualization_msgs/msg/detail/image_marker__rosidl_typesupport_introspection_cpp.hpp
[3.884s] -- Up-to-date: /ros2_ws/install/visualization_msgs/include/visualization_msgs/visualization_msgs/msg/detail/interactive_marker_update__type_support.cpp
[3.886s] -- Up-to-date: /ros2_ws/install/visualization_msgs/include/visualization_msgs/visualization_msgs/msg/detail/interactive_marker_init__type_support.cpp
[3.887s] -- Up-to-date: /ros2_ws/install/visualization_msgs/include/visualization_msgs/visualization_msgs/msg/detail/marker_array__rosidl_typesupport_introspection_cpp.hpp
[3.888s] -- Up-to-date: /ros2_ws/install/visualization_msgs/include/visualization_msgs/visualization_msgs/msg/detail/interactive_marker_feedback__rosidl_typesupport_introspection_cpp.hpp
[3.889s] -- Up-to-date: /ros2_ws/install/visualization_msgs/include/visualization_msgs/visualization_msgs/msg/detail/marker__type_support.cpp
[3.906s] -- Up-to-date: /ros2_ws/install/visualization_msgs/lib/libvisualization_msgs__rosidl_typesupport_introspection_cpp.so
[3.912s] -- Up-to-date: /ros2_ws/install/visualization_msgs/lib/libvisualization_msgs__rosidl_typesupport_cpp.so
[3.942s] -- Up-to-date: /ros2_ws/install/visualization_msgs/share/visualization_msgs/environment/pythonpath.sh
[3.943s] -- Up-to-date: /ros2_ws/install/visualization_msgs/share/visualization_msgs/environment/pythonpath.dsv
[3.944s] -- Up-to-date: /ros2_ws/install/visualization_msgs/local/lib/python3.10/dist-packages/visualization_msgs-2.0.5-py3.10.egg-info
[3.945s] -- Installing: /ros2_ws/install/visualization_msgs/local/lib/python3.10/dist-packages/visualization_msgs-2.0.5-py3.10.egg-info/SOURCES.txt
[3.947s] -- Installing: /ros2_ws/install/visualization_msgs/local/lib/python3.10/dist-packages/visualization_msgs-2.0.5-py3.10.egg-info/dependency_links.txt
[3.970s] -- Installing: /ros2_ws/install/visualization_msgs/local/lib/python3.10/dist-packages/visualization_msgs-2.0.5-py3.10.egg-info/top_level.txt
[3.971s] -- Installing: /ros2_ws/install/visualization_msgs/local/lib/python3.10/dist-packages/visualization_msgs-2.0.5-py3.10.egg-info/PKG-INFO
[3.977s] -- Up-to-date: /ros2_ws/install/visualization_msgs/local/lib/python3.10/dist-packages/visualization_msgs
[3.982s] -- Up-to-date: /ros2_ws/install/visualization_msgs/local/lib/python3.10/dist-packages/visualization_msgs/srv
[3.984s] -- Up-to-date: /ros2_ws/install/visualization_msgs/local/lib/python3.10/dist-packages/visualization_msgs/srv/__init__.py
[3.986s] -- Up-to-date: /ros2_ws/install/visualization_msgs/local/lib/python3.10/dist-packages/visualization_msgs/srv/_get_interactive_markers.py
[3.988s] -- Up-to-date: /ros2_ws/install/visualization_msgs/local/lib/python3.10/dist-packages/visualization_msgs/srv/_get_interactive_markers_s.c
[3.988s] -- Up-to-date: /ros2_ws/install/visualization_msgs/local/lib/python3.10/dist-packages/visualization_msgs/__init__.py
[3.990s] -- Up-to-date: /ros2_ws/install/visualization_msgs/local/lib/python3.10/dist-packages/visualization_msgs/_visualization_msgs_s.ep.rosidl_typesupport_c.c
[3.992s] -- Up-to-date: /ros2_ws/install/visualization_msgs/local/lib/python3.10/dist-packages/visualization_msgs/_visualization_msgs_s.ep.rosidl_typesupport_introspection_c.c
[3.993s] -- Up-to-date: /ros2_ws/install/visualization_msgs/local/lib/python3.10/dist-packages/visualization_msgs/visualization_msgs_s__rosidl_typesupport_fastrtps_c.cpython-310-aarch64-linux-gnu.so
[3.993s] -- Up-to-date: /ros2_ws/install/visualization_msgs/local/lib/python3.10/dist-packages/visualization_msgs/visualization_msgs_s__rosidl_typesupport_introspection_c.cpython-310-aarch64-linux-gnu.so
[3.994s] -- Up-to-date: /ros2_ws/install/visualization_msgs/local/lib/python3.10/dist-packages/visualization_msgs/msg
[3.994s] -- Up-to-date: /ros2_ws/install/visualization_msgs/local/lib/python3.10/dist-packages/visualization_msgs/msg/_image_marker.py
[3.995s] -- Up-to-date: /ros2_ws/install/visualization_msgs/local/lib/python3.10/dist-packages/visualization_msgs/msg/_interactive_marker_control_s.c
[3.995s] -- Up-to-date: /ros2_ws/install/visualization_msgs/local/lib/python3.10/dist-packages/visualization_msgs/msg/_menu_entry.py
[3.996s] -- Up-to-date: /ros2_ws/install/visualization_msgs/local/lib/python3.10/dist-packages/visualization_msgs/msg/__init__.py
[3.997s] -- Up-to-date: /ros2_ws/install/visualization_msgs/local/lib/python3.10/dist-packages/visualization_msgs/msg/_marker_s.c
[3.997s] -- Up-to-date: /ros2_ws/install/visualization_msgs/local/lib/python3.10/dist-packages/visualization_msgs/msg/_interactive_marker_s.c
[3.997s] -- Up-to-date: /ros2_ws/install/visualization_msgs/local/lib/python3.10/dist-packages/visualization_msgs/msg/_interactive_marker_update_s.c
[3.998s] -- Up-to-date: /ros2_ws/install/visualization_msgs/local/lib/python3.10/dist-packages/visualization_msgs/msg/_image_marker_s.c
[3.998s] -- Up-to-date: /ros2_ws/install/visualization_msgs/local/lib/python3.10/dist-packages/visualization_msgs/msg/_interactive_marker_control.py
[3.999s] -- Up-to-date: /ros2_ws/install/visualization_msgs/local/lib/python3.10/dist-packages/visualization_msgs/msg/_interactive_marker_init_s.c
[4.000s] -- Up-to-date: /ros2_ws/install/visualization_msgs/local/lib/python3.10/dist-packages/visualization_msgs/msg/_interactive_marker_pose_s.c
[4.000s] -- Up-to-date: /ros2_ws/install/visualization_msgs/local/lib/python3.10/dist-packages/visualization_msgs/msg/_menu_entry_s.c
[4.001s] -- Up-to-date: /ros2_ws/install/visualization_msgs/local/lib/python3.10/dist-packages/visualization_msgs/msg/_marker.py
[4.001s] -- Up-to-date: /ros2_ws/install/visualization_msgs/local/lib/python3.10/dist-packages/visualization_msgs/msg/_interactive_marker_pose.py
[4.002s] -- Up-to-date: /ros2_ws/install/visualization_msgs/local/lib/python3.10/dist-packages/visualization_msgs/msg/_interactive_marker_init.py
[4.002s] -- Up-to-date: /ros2_ws/install/visualization_msgs/local/lib/python3.10/dist-packages/visualization_msgs/msg/_marker_array_s.c
[4.004s] -- Up-to-date: /ros2_ws/install/visualization_msgs/local/lib/python3.10/dist-packages/visualization_msgs/msg/_interactive_marker_feedback_s.c
[4.004s] -- Up-to-date: /ros2_ws/install/visualization_msgs/local/lib/python3.10/dist-packages/visualization_msgs/msg/_interactive_marker.py
[4.004s] -- Up-to-date: /ros2_ws/install/visualization_msgs/local/lib/python3.10/dist-packages/visualization_msgs/msg/_interactive_marker_update.py
[4.005s] -- Up-to-date: /ros2_ws/install/visualization_msgs/local/lib/python3.10/dist-packages/visualization_msgs/msg/_interactive_marker_feedback.py
[4.005s] -- Up-to-date: /ros2_ws/install/visualization_msgs/local/lib/python3.10/dist-packages/visualization_msgs/msg/_marker_array.py
[4.007s] -- Up-to-date: /ros2_ws/install/visualization_msgs/local/lib/python3.10/dist-packages/visualization_msgs/libvisualization_msgs__rosidl_generator_py.so
[4.007s] -- Up-to-date: /ros2_ws/install/visualization_msgs/local/lib/python3.10/dist-packages/visualization_msgs/_visualization_msgs_s.ep.rosidl_typesupport_fastrtps_c.c
[4.008s] -- Up-to-date: /ros2_ws/install/visualization_msgs/local/lib/python3.10/dist-packages/visualization_msgs/visualization_msgs_s__rosidl_typesupport_c.cpython-310-aarch64-linux-gnu.so
[4.278s] Listing '/ros2_ws/install/visualization_msgs/local/lib/python3.10/dist-packages/visualization_msgs'...
[4.279s] Listing '/ros2_ws/install/visualization_msgs/local/lib/python3.10/dist-packages/visualization_msgs/msg'...
[4.279s] Listing '/ros2_ws/install/visualization_msgs/local/lib/python3.10/dist-packages/visualization_msgs/srv'...
[4.280s] -- Up-to-date: /ros2_ws/install/visualization_msgs/local/lib/python3.10/dist-packages/visualization_msgs/visualization_msgs_s__rosidl_typesupport_fastrtps_c.cpython-310-aarch64-linux-gnu.so
[4.280s] -- Up-to-date: /ros2_ws/install/visualization_msgs/local/lib/python3.10/dist-packages/visualization_msgs/visualization_msgs_s__rosidl_typesupport_introspection_c.cpython-310-aarch64-linux-gnu.so
[4.280s] -- Up-to-date: /ros2_ws/install/visualization_msgs/local/lib/python3.10/dist-packages/visualization_msgs/visualization_msgs_s__rosidl_typesupport_c.cpython-310-aarch64-linux-gnu.so
[4.281s] -- Up-to-date: /ros2_ws/install/visualization_msgs/lib/libvisualization_msgs__rosidl_generator_py.so
[4.281s] -- Up-to-date: /ros2_ws/install/visualization_msgs/share/ament_index/resource_index/rust_packages/visualization_msgs
[4.282s] -- Up-to-date: /ros2_ws/install/visualization_msgs/share/visualization_msgs/rust
[4.282s] -- Up-to-date: /ros2_ws/install/visualization_msgs/share/visualization_msgs/rust/src
[4.285s] -- Up-to-date: /ros2_ws/install/visualization_msgs/share/visualization_msgs/rust/src/srv
[4.286s] -- Up-to-date: /ros2_ws/install/visualization_msgs/share/visualization_msgs/rust/src/srv/rmw.rs
[4.286s] -- Up-to-date: /ros2_ws/install/visualization_msgs/share/visualization_msgs/rust/src/srv.rs
[4.287s] -- Up-to-date: /ros2_ws/install/visualization_msgs/share/visualization_msgs/rust/src/msg
[4.287s] -- Up-to-date: /ros2_ws/install/visualization_msgs/share/visualization_msgs/rust/src/msg/rmw.rs
[4.288s] -- Up-to-date: /ros2_ws/install/visualization_msgs/share/visualization_msgs/rust/src/msg.rs
[4.288s] -- Up-to-date: /ros2_ws/install/visualization_msgs/share/visualization_msgs/rust/src/lib.rs
[4.288s] -- Up-to-date: /ros2_ws/install/visualization_msgs/share/visualization_msgs/rust/Cargo.toml
[4.289s] -- Up-to-date: /ros2_ws/install/visualization_msgs/share/visualization_msgs/rust/build.rs
[4.289s] -- Up-to-date: /ros2_ws/install/visualization_msgs/share/visualization_msgs/msg/ImageMarker.idl
[4.289s] -- Up-to-date: /ros2_ws/install/visualization_msgs/share/visualization_msgs/msg/InteractiveMarker.idl
[4.290s] -- Up-to-date: /ros2_ws/install/visualization_msgs/share/visualization_msgs/msg/InteractiveMarkerControl.idl
[4.290s] -- Up-to-date: /ros2_ws/install/visualization_msgs/share/visualization_msgs/msg/InteractiveMarkerFeedback.idl
[4.291s] -- Up-to-date: /ros2_ws/install/visualization_msgs/share/visualization_msgs/msg/InteractiveMarkerInit.idl
[4.291s] -- Up-to-date: /ros2_ws/install/visualization_msgs/share/visualization_msgs/msg/InteractiveMarkerPose.idl
[4.291s] -- Up-to-date: /ros2_ws/install/visualization_msgs/share/visualization_msgs/msg/InteractiveMarkerUpdate.idl
[4.292s] -- Up-to-date: /ros2_ws/install/visualization_msgs/share/visualization_msgs/msg/Marker.idl
[4.292s] -- Up-to-date: /ros2_ws/install/visualization_msgs/share/visualization_msgs/msg/MarkerArray.idl
[4.292s] -- Up-to-date: /ros2_ws/install/visualization_msgs/share/visualization_msgs/msg/MenuEntry.idl
[4.293s] -- Up-to-date: /ros2_ws/install/visualization_msgs/share/visualization_msgs/srv/GetInteractiveMarkers.idl
[4.293s] -- Up-to-date: /ros2_ws/install/visualization_msgs/share/visualization_msgs/msg/ImageMarker.msg
[4.293s] -- Up-to-date: /ros2_ws/install/visualization_msgs/share/visualization_msgs/msg/InteractiveMarker.msg
[4.294s] -- Up-to-date: /ros2_ws/install/visualization_msgs/share/visualization_msgs/msg/InteractiveMarkerControl.msg
[4.294s] -- Up-to-date: /ros2_ws/install/visualization_msgs/share/visualization_msgs/msg/InteractiveMarkerFeedback.msg
[4.294s] -- Up-to-date: /ros2_ws/install/visualization_msgs/share/visualization_msgs/msg/InteractiveMarkerInit.msg
[4.295s] -- Up-to-date: /ros2_ws/install/visualization_msgs/share/visualization_msgs/msg/InteractiveMarkerPose.msg
[4.295s] -- Up-to-date: /ros2_ws/install/visualization_msgs/share/visualization_msgs/msg/InteractiveMarkerUpdate.msg
[4.296s] -- Up-to-date: /ros2_ws/install/visualization_msgs/share/visualization_msgs/msg/Marker.msg
[4.296s] -- Up-to-date: /ros2_ws/install/visualization_msgs/share/visualization_msgs/msg/MarkerArray.msg
[4.296s] -- Up-to-date: /ros2_ws/install/visualization_msgs/share/visualization_msgs/msg/MenuEntry.msg
[4.297s] -- Up-to-date: /ros2_ws/install/visualization_msgs/share/visualization_msgs/srv/GetInteractiveMarkers.srv
[4.297s] -- Up-to-date: /ros2_ws/install/visualization_msgs/share/visualization_msgs/srv/GetInteractiveMarkers_Request.msg
[4.297s] -- Up-to-date: /ros2_ws/install/visualization_msgs/share/visualization_msgs/srv/GetInteractiveMarkers_Response.msg
[4.298s] -- Up-to-date: /ros2_ws/install/visualization_msgs/share/ament_index/resource_index/package_run_dependencies/visualization_msgs
[4.298s] -- Up-to-date: /ros2_ws/install/visualization_msgs/share/ament_index/resource_index/parent_prefix_path/visualization_msgs
[4.299s] -- Up-to-date: /ros2_ws/install/visualization_msgs/share/visualization_msgs/environment/ament_prefix_path.sh
[4.299s] -- Up-to-date: /ros2_ws/install/visualization_msgs/share/visualization_msgs/environment/ament_prefix_path.dsv
[4.299s] -- Up-to-date: /ros2_ws/install/visualization_msgs/share/visualization_msgs/environment/path.sh
[4.300s] -- Up-to-date: /ros2_ws/install/visualization_msgs/share/visualization_msgs/environment/path.dsv
[4.300s] -- Up-to-date: /ros2_ws/install/visualization_msgs/share/visualization_msgs/local_setup.bash
[4.301s] -- Up-to-date: /ros2_ws/install/visualization_msgs/share/visualization_msgs/local_setup.sh
[4.301s] -- Up-to-date: /ros2_ws/install/visualization_msgs/share/visualization_msgs/local_setup.zsh
[4.301s] -- Up-to-date: /ros2_ws/install/visualization_msgs/share/visualization_msgs/local_setup.dsv
[4.302s] -- Installing: /ros2_ws/install/visualization_msgs/share/visualization_msgs/package.dsv
[4.302s] -- Up-to-date: /ros2_ws/install/visualization_msgs/share/ament_index/resource_index/packages/visualization_msgs
[4.303s] -- Up-to-date: /ros2_ws/install/visualization_msgs/share/visualization_msgs/cmake/export_visualization_msgs__rosidl_generator_cExport.cmake
[4.303s] -- Up-to-date: /ros2_ws/install/visualization_msgs/share/visualization_msgs/cmake/export_visualization_msgs__rosidl_generator_cExport-noconfig.cmake
[4.303s] -- Up-to-date: /ros2_ws/install/visualization_msgs/share/visualization_msgs/cmake/export_visualization_msgs__rosidl_typesupport_fastrtps_cExport.cmake
[4.304s] -- Up-to-date: /ros2_ws/install/visualization_msgs/share/visualization_msgs/cmake/export_visualization_msgs__rosidl_typesupport_fastrtps_cExport-noconfig.cmake
[4.304s] -- Up-to-date: /ros2_ws/install/visualization_msgs/share/visualization_msgs/cmake/export_visualization_msgs__rosidl_generator_cppExport.cmake
[4.305s] -- Up-to-date: /ros2_ws/install/visualization_msgs/share/visualization_msgs/cmake/export_visualization_msgs__rosidl_typesupport_fastrtps_cppExport.cmake
[4.305s] -- Up-to-date: /ros2_ws/install/visualization_msgs/share/visualization_msgs/cmake/export_visualization_msgs__rosidl_typesupport_fastrtps_cppExport-noconfig.cmake
[4.305s] -- Up-to-date: /ros2_ws/install/visualization_msgs/share/visualization_msgs/cmake/visualization_msgs__rosidl_typesupport_introspection_cExport.cmake
[4.306s] -- Up-to-date: /ros2_ws/install/visualization_msgs/share/visualization_msgs/cmake/visualization_msgs__rosidl_typesupport_introspection_cExport-noconfig.cmake
[4.306s] -- Up-to-date: /ros2_ws/install/visualization_msgs/share/visualization_msgs/cmake/visualization_msgs__rosidl_typesupport_cExport.cmake
[4.307s] -- Up-to-date: /ros2_ws/install/visualization_msgs/share/visualization_msgs/cmake/visualization_msgs__rosidl_typesupport_cExport-noconfig.cmake
[4.307s] -- Up-to-date: /ros2_ws/install/visualization_msgs/share/visualization_msgs/cmake/visualization_msgs__rosidl_typesupport_introspection_cppExport.cmake
[4.307s] -- Up-to-date: /ros2_ws/install/visualization_msgs/share/visualization_msgs/cmake/visualization_msgs__rosidl_typesupport_introspection_cppExport-noconfig.cmake
[4.308s] -- Up-to-date: /ros2_ws/install/visualization_msgs/share/visualization_msgs/cmake/visualization_msgs__rosidl_typesupport_cppExport.cmake
[4.308s] -- Up-to-date: /ros2_ws/install/visualization_msgs/share/visualization_msgs/cmake/visualization_msgs__rosidl_typesupport_cppExport-noconfig.cmake
[4.309s] -- Up-to-date: /ros2_ws/install/visualization_msgs/share/visualization_msgs/cmake/export_visualization_msgs__rosidl_generator_pyExport.cmake
[4.309s] -- Up-to-date: /ros2_ws/install/visualization_msgs/share/visualization_msgs/cmake/export_visualization_msgs__rosidl_generator_pyExport-noconfig.cmake
[4.309s] -- Up-to-date: /ros2_ws/install/visualization_msgs/share/visualization_msgs/cmake/rosidl_cmake-extras.cmake
[4.310s] -- Up-to-date: /ros2_ws/install/visualization_msgs/share/visualization_msgs/cmake/ament_cmake_export_dependencies-extras.cmake
[4.310s] -- Up-to-date: /ros2_ws/install/visualization_msgs/share/visualization_msgs/cmake/ament_cmake_export_include_directories-extras.cmake
[4.311s] -- Up-to-date: /ros2_ws/install/visualization_msgs/share/visualization_msgs/cmake/ament_cmake_export_libraries-extras.cmake
[4.311s] -- Up-to-date: /ros2_ws/install/visualization_msgs/share/visualization_msgs/cmake/ament_cmake_export_targets-extras.cmake
[4.312s] -- Up-to-date: /ros2_ws/install/visualization_msgs/share/visualization_msgs/cmake/rosidl_cmake_export_typesupport_targets-extras.cmake
[4.312s] -- Up-to-date: /ros2_ws/install/visualization_msgs/share/visualization_msgs/cmake/rosidl_cmake_export_typesupport_libraries-extras.cmake
[4.312s] -- Up-to-date: /ros2_ws/install/visualization_msgs/share/visualization_msgs/cmake/visualization_msgsConfig.cmake
[4.313s] -- Up-to-date: /ros2_ws/install/visualization_msgs/share/visualization_msgs/cmake/visualization_msgsConfig-version.cmake
[4.313s] -- Up-to-date: /ros2_ws/install/visualization_msgs/share/visualization_msgs/package.xml
[4.395s] Invoked command in '/ros2_ws/build/visualization_msgs' returned '0': AMENT_PREFIX_PATH=/ros2_ws/install/geometry_msgs:/ros2_ws/install/std_msgs:${AMENT_PREFIX_PATH} CMAKE_PREFIX_PATH=/ros2_ws/install/geometry_msgs:/ros2_ws/install/std_msgs:/opt/ros/humble LD_LIBRARY_PATH=/ros2_ws/install/geometry_msgs/lib:/ros2_ws/install/std_msgs/lib:${LD_LIBRARY_PATH} PYTHONPATH=/ros2_ws/install/geometry_msgs/local/lib/python3.10/dist-packages:/ros2_ws/install/std_msgs/local/lib/python3.10/dist-packages:${PYTHONPATH} /usr/bin/cmake --install /ros2_ws/build/visualization_msgs
