[0.072s] Invoking command in '/ros2_ws/build/diagnostic_msgs': AMENT_PREFIX_PATH=/ros2_ws/install/geometry_msgs:/ros2_ws/install/std_msgs:${AMENT_PREFIX_PATH} CMAKE_PREFIX_PATH=/ros2_ws/install/geometry_msgs:/ros2_ws/install/std_msgs:/opt/ros/humble LD_LIBRARY_PATH=/ros2_ws/install/geometry_msgs/lib:/ros2_ws/install/std_msgs/lib:${LD_LIBRARY_PATH} PYTHONPATH=/ros2_ws/install/geometry_msgs/local/lib/python3.10/dist-packages:/ros2_ws/install/std_msgs/local/lib/python3.10/dist-packages:${PYTHONPATH} /usr/bin/cmake --build /ros2_ws/build/diagnostic_msgs -- -j4 -l4
[0.329s] [35m[1mConsolidate compiler generated dependencies of target diagnostic_msgs__rosidl_generator_c[0m
[0.461s] [ 10%] Built target diagnostic_msgs__rosidl_generator_c
[0.475s] [ 12%] Built target diagnostic_msgs__rs
[0.481s] [ 14%] Built target diagnostic_msgs__cpp
[0.519s] [ 14%] Built target ament_cmake_python_copy_diagnostic_msgs
[0.621s] [35m[1mConsolidate compiler generated dependencies of target diagnostic_msgs__rosidl_typesupport_c[0m
[0.627s] [35m[1mConsolidate compiler generated dependencies of target diagnostic_msgs__rosidl_typesupport_introspection_c[0m
[0.673s] [35m[1mConsolidate compiler generated dependencies of target diagnostic_msgs__rosidl_typesupport_fastrtps_c[0m
[0.717s] [ 25%] Built target diagnostic_msgs__rosidl_typesupport_c
[0.722s] [35m[1mConsolidate compiler generated dependencies of target diagnostic_msgs__rosidl_typesupport_fastrtps_cpp[0m
[0.751s] [ 35%] Built target diagnostic_msgs__rosidl_typesupport_introspection_c
[0.950s] [35m[1mConsolidate compiler generated dependencies of target diagnostic_msgs__rosidl_typesupport_introspection_cpp[0m
[1.017s] [ 46%] Built target diagnostic_msgs__rosidl_typesupport_fastrtps_c
[1.027s] [ 57%] Built target diagnostic_msgs__rosidl_typesupport_fastrtps_cpp
[1.207s] [ 68%] Built target diagnostic_msgs__rosidl_typesupport_introspection_cpp
[1.238s] [35m[1mConsolidate compiler generated dependencies of target diagnostic_msgs__rosidl_typesupport_cpp[0m
[1.432s] [ 79%] Built target diagnostic_msgs__rosidl_typesupport_cpp
[1.674s] [ 79%] Built target diagnostic_msgs
[1.900s] [ 81%] Built target diagnostic_msgs__py
[2.086s] [35m[1mConsolidate compiler generated dependencies of target diagnostic_msgs__rosidl_generator_py[0m
[2.273s] [ 90%] Built target diagnostic_msgs__rosidl_generator_py
[2.496s] [35m[1mConsolidate compiler generated dependencies of target diagnostic_msgs__rosidl_typesupport_fastrtps_c__pyext[0m
[2.508s] [35m[1mConsolidate compiler generated dependencies of target diagnostic_msgs__rosidl_typesupport_introspection_c__pyext[0m
[2.513s] [35m[1mConsolidate compiler generated dependencies of target diagnostic_msgs__rosidl_typesupport_c__pyext[0m
[2.629s] [ 93%] Built target diagnostic_msgs__rosidl_typesupport_fastrtps_c__pyext
[2.663s] [ 96%] Built target diagnostic_msgs__rosidl_typesupport_c__pyext
[2.722s] running egg_info
[2.726s] writing diagnostic_msgs.egg-info/PKG-INFO
[2.726s] writing dependency_links to diagnostic_msgs.egg-info/dependency_links.txt
[2.727s] writing top-level names to diagnostic_msgs.egg-info/top_level.txt
[2.736s] [100%] Built target diagnostic_msgs__rosidl_typesupport_introspection_c__pyext
[2.739s] reading manifest file 'diagnostic_msgs.egg-info/SOURCES.txt'
[2.742s] writing manifest file 'diagnostic_msgs.egg-info/SOURCES.txt'
[2.992s] [100%] Built target ament_cmake_python_build_diagnostic_msgs_egg
[3.074s] Invoked command in '/ros2_ws/build/diagnostic_msgs' returned '0': AMENT_PREFIX_PATH=/ros2_ws/install/geometry_msgs:/ros2_ws/install/std_msgs:${AMENT_PREFIX_PATH} CMAKE_PREFIX_PATH=/ros2_ws/install/geometry_msgs:/ros2_ws/install/std_msgs:/opt/ros/humble LD_LIBRARY_PATH=/ros2_ws/install/geometry_msgs/lib:/ros2_ws/install/std_msgs/lib:${LD_LIBRARY_PATH} PYTHONPATH=/ros2_ws/install/geometry_msgs/local/lib/python3.10/dist-packages:/ros2_ws/install/std_msgs/local/lib/python3.10/dist-packages:${PYTHONPATH} /usr/bin/cmake --build /ros2_ws/build/diagnostic_msgs -- -j4 -l4
[3.091s] Invoking command in '/ros2_ws/build/diagnostic_msgs': AMENT_PREFIX_PATH=/ros2_ws/install/geometry_msgs:/ros2_ws/install/std_msgs:${AMENT_PREFIX_PATH} CMAKE_PREFIX_PATH=/ros2_ws/install/geometry_msgs:/ros2_ws/install/std_msgs:/opt/ros/humble LD_LIBRARY_PATH=/ros2_ws/install/geometry_msgs/lib:/ros2_ws/install/std_msgs/lib:${LD_LIBRARY_PATH} PYTHONPATH=/ros2_ws/install/geometry_msgs/local/lib/python3.10/dist-packages:/ros2_ws/install/std_msgs/local/lib/python3.10/dist-packages:${PYTHONPATH} /usr/bin/cmake --install /ros2_ws/build/diagnostic_msgs
[3.122s] -- Install configuration: ""
[3.128s] -- Up-to-date: /ros2_ws/install/diagnostic_msgs/share/ament_index/resource_index/rosidl_interfaces/diagnostic_msgs
[3.140s] -- Up-to-date: /ros2_ws/install/diagnostic_msgs/include/diagnostic_msgs/diagnostic_msgs
[3.141s] -- Up-to-date: /ros2_ws/install/diagnostic_msgs/include/diagnostic_msgs/diagnostic_msgs/srv
[3.141s] -- Up-to-date: /ros2_ws/install/diagnostic_msgs/include/diagnostic_msgs/diagnostic_msgs/srv/self_test.h
[3.142s] -- Up-to-date: /ros2_ws/install/diagnostic_msgs/include/diagnostic_msgs/diagnostic_msgs/srv/add_diagnostics.h
[3.142s] -- Up-to-date: /ros2_ws/install/diagnostic_msgs/include/diagnostic_msgs/diagnostic_msgs/srv/detail
[3.143s] -- Up-to-date: /ros2_ws/install/diagnostic_msgs/include/diagnostic_msgs/diagnostic_msgs/srv/detail/add_diagnostics__struct.h
[3.143s] -- Up-to-date: /ros2_ws/install/diagnostic_msgs/include/diagnostic_msgs/diagnostic_msgs/srv/detail/add_diagnostics__functions.c
[3.143s] -- Up-to-date: /ros2_ws/install/diagnostic_msgs/include/diagnostic_msgs/diagnostic_msgs/srv/detail/self_test__functions.h
[3.144s] -- Up-to-date: /ros2_ws/install/diagnostic_msgs/include/diagnostic_msgs/diagnostic_msgs/srv/detail/self_test__struct.h
[3.144s] -- Up-to-date: /ros2_ws/install/diagnostic_msgs/include/diagnostic_msgs/diagnostic_msgs/srv/detail/add_diagnostics__functions.h
[3.147s] -- Up-to-date: /ros2_ws/install/diagnostic_msgs/include/diagnostic_msgs/diagnostic_msgs/srv/detail/add_diagnostics__type_support.h
[3.147s] -- Up-to-date: /ros2_ws/install/diagnostic_msgs/include/diagnostic_msgs/diagnostic_msgs/srv/detail/self_test__functions.c
[3.148s] -- Up-to-date: /ros2_ws/install/diagnostic_msgs/include/diagnostic_msgs/diagnostic_msgs/srv/detail/self_test__type_support.h
[3.148s] -- Up-to-date: /ros2_ws/install/diagnostic_msgs/include/diagnostic_msgs/diagnostic_msgs/msg
[3.148s] -- Up-to-date: /ros2_ws/install/diagnostic_msgs/include/diagnostic_msgs/diagnostic_msgs/msg/diagnostic_status.h
[3.153s] -- Up-to-date: /ros2_ws/install/diagnostic_msgs/include/diagnostic_msgs/diagnostic_msgs/msg/diagnostic_array.h
[3.154s] -- Up-to-date: /ros2_ws/install/diagnostic_msgs/include/diagnostic_msgs/diagnostic_msgs/msg/key_value.h
[3.154s] -- Up-to-date: /ros2_ws/install/diagnostic_msgs/include/diagnostic_msgs/diagnostic_msgs/msg/detail
[3.155s] -- Up-to-date: /ros2_ws/install/diagnostic_msgs/include/diagnostic_msgs/diagnostic_msgs/msg/detail/diagnostic_array__struct.h
[3.155s] -- Up-to-date: /ros2_ws/install/diagnostic_msgs/include/diagnostic_msgs/diagnostic_msgs/msg/detail/diagnostic_array__functions.c
[3.156s] -- Up-to-date: /ros2_ws/install/diagnostic_msgs/include/diagnostic_msgs/diagnostic_msgs/msg/detail/diagnostic_status__functions.c
[3.159s] -- Up-to-date: /ros2_ws/install/diagnostic_msgs/include/diagnostic_msgs/diagnostic_msgs/msg/detail/diagnostic_array__functions.h
[3.160s] -- Up-to-date: /ros2_ws/install/diagnostic_msgs/include/diagnostic_msgs/diagnostic_msgs/msg/detail/diagnostic_array__type_support.h
[3.160s] -- Up-to-date: /ros2_ws/install/diagnostic_msgs/include/diagnostic_msgs/diagnostic_msgs/msg/detail/diagnostic_status__type_support.h
[3.161s] -- Up-to-date: /ros2_ws/install/diagnostic_msgs/include/diagnostic_msgs/diagnostic_msgs/msg/detail/diagnostic_status__functions.h
[3.161s] -- Up-to-date: /ros2_ws/install/diagnostic_msgs/include/diagnostic_msgs/diagnostic_msgs/msg/detail/key_value__struct.h
[3.162s] -- Up-to-date: /ros2_ws/install/diagnostic_msgs/include/diagnostic_msgs/diagnostic_msgs/msg/detail/diagnostic_status__struct.h
[3.162s] -- Up-to-date: /ros2_ws/install/diagnostic_msgs/include/diagnostic_msgs/diagnostic_msgs/msg/detail/key_value__functions.c
[3.163s] -- Up-to-date: /ros2_ws/install/diagnostic_msgs/include/diagnostic_msgs/diagnostic_msgs/msg/detail/key_value__type_support.h
[3.163s] -- Up-to-date: /ros2_ws/install/diagnostic_msgs/include/diagnostic_msgs/diagnostic_msgs/msg/detail/key_value__functions.h
[3.164s] -- Up-to-date: /ros2_ws/install/diagnostic_msgs/include/diagnostic_msgs/diagnostic_msgs/msg/rosidl_generator_c__visibility_control.h
[3.164s] -- Up-to-date: /ros2_ws/install/diagnostic_msgs/share/diagnostic_msgs/environment/library_path.sh
[3.169s] -- Up-to-date: /ros2_ws/install/diagnostic_msgs/share/diagnostic_msgs/environment/library_path.dsv
[3.175s] -- Up-to-date: /ros2_ws/install/diagnostic_msgs/lib/libdiagnostic_msgs__rosidl_generator_c.so
[3.177s] -- Up-to-date: /ros2_ws/install/diagnostic_msgs/include/diagnostic_msgs/diagnostic_msgs
[3.179s] -- Up-to-date: /ros2_ws/install/diagnostic_msgs/include/diagnostic_msgs/diagnostic_msgs/srv
[3.186s] -- Up-to-date: /ros2_ws/install/diagnostic_msgs/include/diagnostic_msgs/diagnostic_msgs/srv/detail
[3.193s] -- Up-to-date: /ros2_ws/install/diagnostic_msgs/include/diagnostic_msgs/diagnostic_msgs/srv/detail/self_test__rosidl_typesupport_fastrtps_c.h
[3.194s] -- Up-to-date: /ros2_ws/install/diagnostic_msgs/include/diagnostic_msgs/diagnostic_msgs/srv/detail/add_diagnostics__rosidl_typesupport_fastrtps_c.h
[3.195s] -- Up-to-date: /ros2_ws/install/diagnostic_msgs/include/diagnostic_msgs/diagnostic_msgs/msg
[3.196s] -- Up-to-date: /ros2_ws/install/diagnostic_msgs/include/diagnostic_msgs/diagnostic_msgs/msg/rosidl_typesupport_fastrtps_c__visibility_control.h
[3.196s] -- Up-to-date: /ros2_ws/install/diagnostic_msgs/include/diagnostic_msgs/diagnostic_msgs/msg/detail
[3.197s] -- Up-to-date: /ros2_ws/install/diagnostic_msgs/include/diagnostic_msgs/diagnostic_msgs/msg/detail/diagnostic_array__rosidl_typesupport_fastrtps_c.h
[3.205s] -- Up-to-date: /ros2_ws/install/diagnostic_msgs/include/diagnostic_msgs/diagnostic_msgs/msg/detail/key_value__rosidl_typesupport_fastrtps_c.h
[3.205s] -- Up-to-date: /ros2_ws/install/diagnostic_msgs/include/diagnostic_msgs/diagnostic_msgs/msg/detail/diagnostic_status__rosidl_typesupport_fastrtps_c.h
[3.206s] -- Up-to-date: /ros2_ws/install/diagnostic_msgs/lib/libdiagnostic_msgs__rosidl_typesupport_fastrtps_c.so
[3.207s] -- Up-to-date: /ros2_ws/install/diagnostic_msgs/include/diagnostic_msgs/diagnostic_msgs
[3.207s] -- Up-to-date: /ros2_ws/install/diagnostic_msgs/include/diagnostic_msgs/diagnostic_msgs/srv
[3.208s] -- Up-to-date: /ros2_ws/install/diagnostic_msgs/include/diagnostic_msgs/diagnostic_msgs/srv/detail
[3.209s] -- Up-to-date: /ros2_ws/install/diagnostic_msgs/include/diagnostic_msgs/diagnostic_msgs/srv/detail/self_test__type_support.c
[3.209s] -- Up-to-date: /ros2_ws/install/diagnostic_msgs/include/diagnostic_msgs/diagnostic_msgs/srv/detail/add_diagnostics__type_support.c
[3.210s] -- Up-to-date: /ros2_ws/install/diagnostic_msgs/include/diagnostic_msgs/diagnostic_msgs/srv/detail/add_diagnostics__rosidl_typesupport_introspection_c.h
[3.211s] -- Up-to-date: /ros2_ws/install/diagnostic_msgs/include/diagnostic_msgs/diagnostic_msgs/srv/detail/self_test__rosidl_typesupport_introspection_c.h
[3.212s] -- Up-to-date: /ros2_ws/install/diagnostic_msgs/include/diagnostic_msgs/diagnostic_msgs/msg
[3.212s] -- Up-to-date: /ros2_ws/install/diagnostic_msgs/include/diagnostic_msgs/diagnostic_msgs/msg/detail
[3.213s] -- Up-to-date: /ros2_ws/install/diagnostic_msgs/include/diagnostic_msgs/diagnostic_msgs/msg/detail/diagnostic_array__rosidl_typesupport_introspection_c.h
[3.213s] -- Up-to-date: /ros2_ws/install/diagnostic_msgs/include/diagnostic_msgs/diagnostic_msgs/msg/detail/diagnostic_status__type_support.c
[3.214s] -- Up-to-date: /ros2_ws/install/diagnostic_msgs/include/diagnostic_msgs/diagnostic_msgs/msg/detail/key_value__rosidl_typesupport_introspection_c.h
[3.216s] -- Up-to-date: /ros2_ws/install/diagnostic_msgs/include/diagnostic_msgs/diagnostic_msgs/msg/detail/key_value__type_support.c
[3.216s] -- Up-to-date: /ros2_ws/install/diagnostic_msgs/include/diagnostic_msgs/diagnostic_msgs/msg/detail/diagnostic_status__rosidl_typesupport_introspection_c.h
[3.219s] -- Up-to-date: /ros2_ws/install/diagnostic_msgs/include/diagnostic_msgs/diagnostic_msgs/msg/detail/diagnostic_array__type_support.c
[3.220s] -- Up-to-date: /ros2_ws/install/diagnostic_msgs/include/diagnostic_msgs/diagnostic_msgs/msg/rosidl_typesupport_introspection_c__visibility_control.h
[3.221s] -- Up-to-date: /ros2_ws/install/diagnostic_msgs/lib/libdiagnostic_msgs__rosidl_typesupport_introspection_c.so
[3.221s] -- Up-to-date: /ros2_ws/install/diagnostic_msgs/lib/libdiagnostic_msgs__rosidl_typesupport_c.so
[3.229s] -- Up-to-date: /ros2_ws/install/diagnostic_msgs/include/diagnostic_msgs/diagnostic_msgs
[3.230s] -- Up-to-date: /ros2_ws/install/diagnostic_msgs/include/diagnostic_msgs/diagnostic_msgs/srv
[3.230s] -- Up-to-date: /ros2_ws/install/diagnostic_msgs/include/diagnostic_msgs/diagnostic_msgs/srv/detail
[3.231s] -- Up-to-date: /ros2_ws/install/diagnostic_msgs/include/diagnostic_msgs/diagnostic_msgs/srv/detail/add_diagnostics__builder.hpp
[3.231s] -- Up-to-date: /ros2_ws/install/diagnostic_msgs/include/diagnostic_msgs/diagnostic_msgs/srv/detail/add_diagnostics__struct.hpp
[3.232s] -- Up-to-date: /ros2_ws/install/diagnostic_msgs/include/diagnostic_msgs/diagnostic_msgs/srv/detail/self_test__type_support.hpp
[3.232s] -- Up-to-date: /ros2_ws/install/diagnostic_msgs/include/diagnostic_msgs/diagnostic_msgs/srv/detail/add_diagnostics__type_support.hpp
[3.233s] -- Up-to-date: /ros2_ws/install/diagnostic_msgs/include/diagnostic_msgs/diagnostic_msgs/srv/detail/self_test__builder.hpp
[3.233s] -- Up-to-date: /ros2_ws/install/diagnostic_msgs/include/diagnostic_msgs/diagnostic_msgs/srv/detail/add_diagnostics__traits.hpp
[3.233s] -- Up-to-date: /ros2_ws/install/diagnostic_msgs/include/diagnostic_msgs/diagnostic_msgs/srv/detail/self_test__struct.hpp
[3.234s] -- Up-to-date: /ros2_ws/install/diagnostic_msgs/include/diagnostic_msgs/diagnostic_msgs/srv/detail/self_test__traits.hpp
[3.234s] -- Up-to-date: /ros2_ws/install/diagnostic_msgs/include/diagnostic_msgs/diagnostic_msgs/srv/add_diagnostics.hpp
[3.235s] -- Up-to-date: /ros2_ws/install/diagnostic_msgs/include/diagnostic_msgs/diagnostic_msgs/srv/self_test.hpp
[3.235s] -- Up-to-date: /ros2_ws/install/diagnostic_msgs/include/diagnostic_msgs/diagnostic_msgs/msg
[3.236s] -- Up-to-date: /ros2_ws/install/diagnostic_msgs/include/diagnostic_msgs/diagnostic_msgs/msg/key_value.hpp
[3.236s] -- Up-to-date: /ros2_ws/install/diagnostic_msgs/include/diagnostic_msgs/diagnostic_msgs/msg/diagnostic_status.hpp
[3.237s] -- Up-to-date: /ros2_ws/install/diagnostic_msgs/include/diagnostic_msgs/diagnostic_msgs/msg/rosidl_generator_cpp__visibility_control.hpp
[3.238s] -- Up-to-date: /ros2_ws/install/diagnostic_msgs/include/diagnostic_msgs/diagnostic_msgs/msg/detail
[3.239s] -- Up-to-date: /ros2_ws/install/diagnostic_msgs/include/diagnostic_msgs/diagnostic_msgs/msg/detail/diagnostic_status__builder.hpp
[3.239s] -- Up-to-date: /ros2_ws/install/diagnostic_msgs/include/diagnostic_msgs/diagnostic_msgs/msg/detail/diagnostic_array__type_support.hpp
[3.240s] -- Up-to-date: /ros2_ws/install/diagnostic_msgs/include/diagnostic_msgs/diagnostic_msgs/msg/detail/key_value__builder.hpp
[3.240s] -- Up-to-date: /ros2_ws/install/diagnostic_msgs/include/diagnostic_msgs/diagnostic_msgs/msg/detail/key_value__struct.hpp
[3.241s] -- Up-to-date: /ros2_ws/install/diagnostic_msgs/include/diagnostic_msgs/diagnostic_msgs/msg/detail/diagnostic_status__type_support.hpp
[3.242s] -- Up-to-date: /ros2_ws/install/diagnostic_msgs/include/diagnostic_msgs/diagnostic_msgs/msg/detail/key_value__type_support.hpp
[3.242s] -- Up-to-date: /ros2_ws/install/diagnostic_msgs/include/diagnostic_msgs/diagnostic_msgs/msg/detail/diagnostic_array__builder.hpp
[3.243s] -- Up-to-date: /ros2_ws/install/diagnostic_msgs/include/diagnostic_msgs/diagnostic_msgs/msg/detail/diagnostic_status__struct.hpp
[3.244s] -- Up-to-date: /ros2_ws/install/diagnostic_msgs/include/diagnostic_msgs/diagnostic_msgs/msg/detail/key_value__traits.hpp
[3.244s] -- Up-to-date: /ros2_ws/install/diagnostic_msgs/include/diagnostic_msgs/diagnostic_msgs/msg/detail/diagnostic_status__traits.hpp
[3.244s] -- Up-to-date: /ros2_ws/install/diagnostic_msgs/include/diagnostic_msgs/diagnostic_msgs/msg/detail/diagnostic_array__struct.hpp
[3.245s] -- Up-to-date: /ros2_ws/install/diagnostic_msgs/include/diagnostic_msgs/diagnostic_msgs/msg/detail/diagnostic_array__traits.hpp
[3.247s] -- Up-to-date: /ros2_ws/install/diagnostic_msgs/include/diagnostic_msgs/diagnostic_msgs/msg/diagnostic_array.hpp
[3.247s] -- Up-to-date: /ros2_ws/install/diagnostic_msgs/include/diagnostic_msgs/diagnostic_msgs
[3.248s] -- Up-to-date: /ros2_ws/install/diagnostic_msgs/include/diagnostic_msgs/diagnostic_msgs/srv
[3.248s] -- Up-to-date: /ros2_ws/install/diagnostic_msgs/include/diagnostic_msgs/diagnostic_msgs/srv/detail
[3.248s] -- Up-to-date: /ros2_ws/install/diagnostic_msgs/include/diagnostic_msgs/diagnostic_msgs/srv/detail/add_diagnostics__rosidl_typesupport_fastrtps_cpp.hpp
[3.254s] -- Up-to-date: /ros2_ws/install/diagnostic_msgs/include/diagnostic_msgs/diagnostic_msgs/srv/detail/self_test__rosidl_typesupport_fastrtps_cpp.hpp
[3.254s] -- Up-to-date: /ros2_ws/install/diagnostic_msgs/include/diagnostic_msgs/diagnostic_msgs/srv/detail/dds_fastrtps
[3.255s] -- Up-to-date: /ros2_ws/install/diagnostic_msgs/include/diagnostic_msgs/diagnostic_msgs/msg
[3.257s] -- Up-to-date: /ros2_ws/install/diagnostic_msgs/include/diagnostic_msgs/diagnostic_msgs/msg/rosidl_typesupport_fastrtps_cpp__visibility_control.h
[3.260s] -- Up-to-date: /ros2_ws/install/diagnostic_msgs/include/diagnostic_msgs/diagnostic_msgs/msg/detail
[3.260s] -- Up-to-date: /ros2_ws/install/diagnostic_msgs/include/diagnostic_msgs/diagnostic_msgs/msg/detail/diagnostic_array__rosidl_typesupport_fastrtps_cpp.hpp
[3.261s] -- Up-to-date: /ros2_ws/install/diagnostic_msgs/include/diagnostic_msgs/diagnostic_msgs/msg/detail/diagnostic_status__rosidl_typesupport_fastrtps_cpp.hpp
[3.264s] -- Up-to-date: /ros2_ws/install/diagnostic_msgs/include/diagnostic_msgs/diagnostic_msgs/msg/detail/key_value__rosidl_typesupport_fastrtps_cpp.hpp
[3.265s] -- Up-to-date: /ros2_ws/install/diagnostic_msgs/include/diagnostic_msgs/diagnostic_msgs/msg/detail/dds_fastrtps
[3.287s] -- Up-to-date: /ros2_ws/install/diagnostic_msgs/lib/libdiagnostic_msgs__rosidl_typesupport_fastrtps_cpp.so
[3.290s] -- Up-to-date: /ros2_ws/install/diagnostic_msgs/include/diagnostic_msgs/diagnostic_msgs
[3.290s] -- Up-to-date: /ros2_ws/install/diagnostic_msgs/include/diagnostic_msgs/diagnostic_msgs/srv
[3.291s] -- Up-to-date: /ros2_ws/install/diagnostic_msgs/include/diagnostic_msgs/diagnostic_msgs/srv/detail
[3.292s] -- Up-to-date: /ros2_ws/install/diagnostic_msgs/include/diagnostic_msgs/diagnostic_msgs/srv/detail/add_diagnostics__rosidl_typesupport_introspection_cpp.hpp
[3.292s] -- Up-to-date: /ros2_ws/install/diagnostic_msgs/include/diagnostic_msgs/diagnostic_msgs/srv/detail/self_test__type_support.cpp
[3.293s] -- Up-to-date: /ros2_ws/install/diagnostic_msgs/include/diagnostic_msgs/diagnostic_msgs/srv/detail/self_test__rosidl_typesupport_introspection_cpp.hpp
[3.308s] -- Up-to-date: /ros2_ws/install/diagnostic_msgs/include/diagnostic_msgs/diagnostic_msgs/srv/detail/add_diagnostics__type_support.cpp
[3.308s] -- Up-to-date: /ros2_ws/install/diagnostic_msgs/include/diagnostic_msgs/diagnostic_msgs/msg
[3.309s] -- Up-to-date: /ros2_ws/install/diagnostic_msgs/include/diagnostic_msgs/diagnostic_msgs/msg/detail
[3.313s] -- Up-to-date: /ros2_ws/install/diagnostic_msgs/include/diagnostic_msgs/diagnostic_msgs/msg/detail/diagnostic_status__rosidl_typesupport_introspection_cpp.hpp
[3.315s] -- Up-to-date: /ros2_ws/install/diagnostic_msgs/include/diagnostic_msgs/diagnostic_msgs/msg/detail/key_value__rosidl_typesupport_introspection_cpp.hpp
[3.317s] -- Up-to-date: /ros2_ws/install/diagnostic_msgs/include/diagnostic_msgs/diagnostic_msgs/msg/detail/diagnostic_status__type_support.cpp
[3.318s] -- Up-to-date: /ros2_ws/install/diagnostic_msgs/include/diagnostic_msgs/diagnostic_msgs/msg/detail/key_value__type_support.cpp
[3.319s] -- Up-to-date: /ros2_ws/install/diagnostic_msgs/include/diagnostic_msgs/diagnostic_msgs/msg/detail/diagnostic_array__type_support.cpp
[3.320s] -- Up-to-date: /ros2_ws/install/diagnostic_msgs/include/diagnostic_msgs/diagnostic_msgs/msg/detail/diagnostic_array__rosidl_typesupport_introspection_cpp.hpp
[3.325s] -- Up-to-date: /ros2_ws/install/diagnostic_msgs/lib/libdiagnostic_msgs__rosidl_typesupport_introspection_cpp.so
[3.330s] -- Up-to-date: /ros2_ws/install/diagnostic_msgs/lib/libdiagnostic_msgs__rosidl_typesupport_cpp.so
[3.332s] -- Up-to-date: /ros2_ws/install/diagnostic_msgs/share/diagnostic_msgs/environment/pythonpath.sh
[3.333s] -- Up-to-date: /ros2_ws/install/diagnostic_msgs/share/diagnostic_msgs/environment/pythonpath.dsv
[3.334s] -- Up-to-date: /ros2_ws/install/diagnostic_msgs/local/lib/python3.10/dist-packages/diagnostic_msgs-2.0.5-py3.10.egg-info
[3.334s] -- Installing: /ros2_ws/install/diagnostic_msgs/local/lib/python3.10/dist-packages/diagnostic_msgs-2.0.5-py3.10.egg-info/SOURCES.txt
[3.336s] -- Installing: /ros2_ws/install/diagnostic_msgs/local/lib/python3.10/dist-packages/diagnostic_msgs-2.0.5-py3.10.egg-info/dependency_links.txt
[3.349s] -- Installing: /ros2_ws/install/diagnostic_msgs/local/lib/python3.10/dist-packages/diagnostic_msgs-2.0.5-py3.10.egg-info/top_level.txt
[3.351s] -- Installing: /ros2_ws/install/diagnostic_msgs/local/lib/python3.10/dist-packages/diagnostic_msgs-2.0.5-py3.10.egg-info/PKG-INFO
[3.352s] -- Up-to-date: /ros2_ws/install/diagnostic_msgs/local/lib/python3.10/dist-packages/diagnostic_msgs
[3.356s] -- Up-to-date: /ros2_ws/install/diagnostic_msgs/local/lib/python3.10/dist-packages/diagnostic_msgs/srv
[3.358s] -- Up-to-date: /ros2_ws/install/diagnostic_msgs/local/lib/python3.10/dist-packages/diagnostic_msgs/srv/_self_test_s.c
[3.358s] -- Up-to-date: /ros2_ws/install/diagnostic_msgs/local/lib/python3.10/dist-packages/diagnostic_msgs/srv/__init__.py
[3.359s] -- Up-to-date: /ros2_ws/install/diagnostic_msgs/local/lib/python3.10/dist-packages/diagnostic_msgs/srv/_add_diagnostics.py
[3.360s] -- Up-to-date: /ros2_ws/install/diagnostic_msgs/local/lib/python3.10/dist-packages/diagnostic_msgs/srv/_self_test.py
[3.361s] -- Up-to-date: /ros2_ws/install/diagnostic_msgs/local/lib/python3.10/dist-packages/diagnostic_msgs/srv/_add_diagnostics_s.c
[3.362s] -- Up-to-date: /ros2_ws/install/diagnostic_msgs/local/lib/python3.10/dist-packages/diagnostic_msgs/_diagnostic_msgs_s.ep.rosidl_typesupport_fastrtps_c.c
[3.362s] -- Up-to-date: /ros2_ws/install/diagnostic_msgs/local/lib/python3.10/dist-packages/diagnostic_msgs/__init__.py
[3.363s] -- Up-to-date: /ros2_ws/install/diagnostic_msgs/local/lib/python3.10/dist-packages/diagnostic_msgs/libdiagnostic_msgs__rosidl_generator_py.so
[3.363s] -- Up-to-date: /ros2_ws/install/diagnostic_msgs/local/lib/python3.10/dist-packages/diagnostic_msgs/diagnostic_msgs_s__rosidl_typesupport_c.cpython-310-aarch64-linux-gnu.so
[3.363s] -- Up-to-date: /ros2_ws/install/diagnostic_msgs/local/lib/python3.10/dist-packages/diagnostic_msgs/_diagnostic_msgs_s.ep.rosidl_typesupport_c.c
[3.364s] -- Up-to-date: /ros2_ws/install/diagnostic_msgs/local/lib/python3.10/dist-packages/diagnostic_msgs/msg
[3.364s] -- Up-to-date: /ros2_ws/install/diagnostic_msgs/local/lib/python3.10/dist-packages/diagnostic_msgs/msg/__init__.py
[3.365s] -- Up-to-date: /ros2_ws/install/diagnostic_msgs/local/lib/python3.10/dist-packages/diagnostic_msgs/msg/_diagnostic_array.py
[3.366s] -- Up-to-date: /ros2_ws/install/diagnostic_msgs/local/lib/python3.10/dist-packages/diagnostic_msgs/msg/_diagnostic_array_s.c
[3.366s] -- Up-to-date: /ros2_ws/install/diagnostic_msgs/local/lib/python3.10/dist-packages/diagnostic_msgs/msg/_key_value_s.c
[3.367s] -- Up-to-date: /ros2_ws/install/diagnostic_msgs/local/lib/python3.10/dist-packages/diagnostic_msgs/msg/_diagnostic_status.py
[3.375s] -- Up-to-date: /ros2_ws/install/diagnostic_msgs/local/lib/python3.10/dist-packages/diagnostic_msgs/msg/_key_value.py
[3.376s] -- Up-to-date: /ros2_ws/install/diagnostic_msgs/local/lib/python3.10/dist-packages/diagnostic_msgs/msg/_diagnostic_status_s.c
[3.377s] -- Up-to-date: /ros2_ws/install/diagnostic_msgs/local/lib/python3.10/dist-packages/diagnostic_msgs/diagnostic_msgs_s__rosidl_typesupport_introspection_c.cpython-310-aarch64-linux-gnu.so
[3.377s] -- Up-to-date: /ros2_ws/install/diagnostic_msgs/local/lib/python3.10/dist-packages/diagnostic_msgs/_diagnostic_msgs_s.ep.rosidl_typesupport_introspection_c.c
[3.378s] -- Up-to-date: /ros2_ws/install/diagnostic_msgs/local/lib/python3.10/dist-packages/diagnostic_msgs/diagnostic_msgs_s__rosidl_typesupport_fastrtps_c.cpython-310-aarch64-linux-gnu.so
[3.514s] Listing '/ros2_ws/install/diagnostic_msgs/local/lib/python3.10/dist-packages/diagnostic_msgs'...
[3.514s] Listing '/ros2_ws/install/diagnostic_msgs/local/lib/python3.10/dist-packages/diagnostic_msgs/msg'...
[3.515s] Listing '/ros2_ws/install/diagnostic_msgs/local/lib/python3.10/dist-packages/diagnostic_msgs/srv'...
[3.547s] -- Up-to-date: /ros2_ws/install/diagnostic_msgs/local/lib/python3.10/dist-packages/diagnostic_msgs/diagnostic_msgs_s__rosidl_typesupport_fastrtps_c.cpython-310-aarch64-linux-gnu.so
[3.549s] -- Up-to-date: /ros2_ws/install/diagnostic_msgs/local/lib/python3.10/dist-packages/diagnostic_msgs/diagnostic_msgs_s__rosidl_typesupport_introspection_c.cpython-310-aarch64-linux-gnu.so
[3.557s] -- Up-to-date: /ros2_ws/install/diagnostic_msgs/local/lib/python3.10/dist-packages/diagnostic_msgs/diagnostic_msgs_s__rosidl_typesupport_c.cpython-310-aarch64-linux-gnu.so
[3.582s] -- Up-to-date: /ros2_ws/install/diagnostic_msgs/lib/libdiagnostic_msgs__rosidl_generator_py.so
[3.586s] -- Up-to-date: /ros2_ws/install/diagnostic_msgs/share/ament_index/resource_index/rust_packages/diagnostic_msgs
[3.588s] -- Up-to-date: /ros2_ws/install/diagnostic_msgs/share/diagnostic_msgs/rust
[3.597s] -- Up-to-date: /ros2_ws/install/diagnostic_msgs/share/diagnostic_msgs/rust/src
[3.606s] -- Up-to-date: /ros2_ws/install/diagnostic_msgs/share/diagnostic_msgs/rust/src/srv
[3.607s] -- Up-to-date: /ros2_ws/install/diagnostic_msgs/share/diagnostic_msgs/rust/src/srv/rmw.rs
[3.607s] -- Up-to-date: /ros2_ws/install/diagnostic_msgs/share/diagnostic_msgs/rust/src/srv.rs
[3.607s] -- Up-to-date: /ros2_ws/install/diagnostic_msgs/share/diagnostic_msgs/rust/src/msg
[3.608s] -- Up-to-date: /ros2_ws/install/diagnostic_msgs/share/diagnostic_msgs/rust/src/msg/rmw.rs
[3.608s] -- Up-to-date: /ros2_ws/install/diagnostic_msgs/share/diagnostic_msgs/rust/src/msg.rs
[3.609s] -- Up-to-date: /ros2_ws/install/diagnostic_msgs/share/diagnostic_msgs/rust/src/lib.rs
[3.609s] -- Up-to-date: /ros2_ws/install/diagnostic_msgs/share/diagnostic_msgs/rust/Cargo.toml
[3.611s] -- Up-to-date: /ros2_ws/install/diagnostic_msgs/share/diagnostic_msgs/rust/build.rs
[3.612s] -- Up-to-date: /ros2_ws/install/diagnostic_msgs/share/diagnostic_msgs/msg/DiagnosticArray.idl
[3.613s] -- Up-to-date: /ros2_ws/install/diagnostic_msgs/share/diagnostic_msgs/msg/DiagnosticStatus.idl
[3.614s] -- Up-to-date: /ros2_ws/install/diagnostic_msgs/share/diagnostic_msgs/msg/KeyValue.idl
[3.617s] -- Up-to-date: /ros2_ws/install/diagnostic_msgs/share/diagnostic_msgs/srv/AddDiagnostics.idl
[3.618s] -- Up-to-date: /ros2_ws/install/diagnostic_msgs/share/diagnostic_msgs/srv/SelfTest.idl
[3.618s] -- Up-to-date: /ros2_ws/install/diagnostic_msgs/share/diagnostic_msgs/msg/DiagnosticArray.msg
[3.619s] -- Up-to-date: /ros2_ws/install/diagnostic_msgs/share/diagnostic_msgs/msg/DiagnosticStatus.msg
[3.619s] -- Up-to-date: /ros2_ws/install/diagnostic_msgs/share/diagnostic_msgs/msg/KeyValue.msg
[3.620s] -- Up-to-date: /ros2_ws/install/diagnostic_msgs/share/diagnostic_msgs/srv/AddDiagnostics.srv
[3.620s] -- Up-to-date: /ros2_ws/install/diagnostic_msgs/share/diagnostic_msgs/srv/AddDiagnostics_Request.msg
[3.620s] -- Up-to-date: /ros2_ws/install/diagnostic_msgs/share/diagnostic_msgs/srv/AddDiagnostics_Response.msg
[3.623s] -- Up-to-date: /ros2_ws/install/diagnostic_msgs/share/diagnostic_msgs/srv/SelfTest.srv
[3.624s] -- Up-to-date: /ros2_ws/install/diagnostic_msgs/share/diagnostic_msgs/srv/SelfTest_Request.msg
[3.626s] -- Up-to-date: /ros2_ws/install/diagnostic_msgs/share/diagnostic_msgs/srv/SelfTest_Response.msg
[3.628s] -- Up-to-date: /ros2_ws/install/diagnostic_msgs/share/ament_index/resource_index/package_run_dependencies/diagnostic_msgs
[3.632s] -- Up-to-date: /ros2_ws/install/diagnostic_msgs/share/ament_index/resource_index/parent_prefix_path/diagnostic_msgs
[3.641s] -- Up-to-date: /ros2_ws/install/diagnostic_msgs/share/diagnostic_msgs/environment/ament_prefix_path.sh
[3.643s] -- Up-to-date: /ros2_ws/install/diagnostic_msgs/share/diagnostic_msgs/environment/ament_prefix_path.dsv
[3.644s] -- Up-to-date: /ros2_ws/install/diagnostic_msgs/share/diagnostic_msgs/environment/path.sh
[3.644s] -- Up-to-date: /ros2_ws/install/diagnostic_msgs/share/diagnostic_msgs/environment/path.dsv
[3.664s] -- Up-to-date: /ros2_ws/install/diagnostic_msgs/share/diagnostic_msgs/local_setup.bash
[3.667s] -- Up-to-date: /ros2_ws/install/diagnostic_msgs/share/diagnostic_msgs/local_setup.sh
[3.669s] -- Up-to-date: /ros2_ws/install/diagnostic_msgs/share/diagnostic_msgs/local_setup.zsh
[3.674s] -- Up-to-date: /ros2_ws/install/diagnostic_msgs/share/diagnostic_msgs/local_setup.dsv
[3.675s] -- Installing: /ros2_ws/install/diagnostic_msgs/share/diagnostic_msgs/package.dsv
[3.707s] -- Up-to-date: /ros2_ws/install/diagnostic_msgs/share/ament_index/resource_index/packages/diagnostic_msgs
[3.722s] -- Up-to-date: /ros2_ws/install/diagnostic_msgs/share/diagnostic_msgs/cmake/export_diagnostic_msgs__rosidl_generator_cExport.cmake
[3.724s] -- Up-to-date: /ros2_ws/install/diagnostic_msgs/share/diagnostic_msgs/cmake/export_diagnostic_msgs__rosidl_generator_cExport-noconfig.cmake
[3.746s] -- Up-to-date: /ros2_ws/install/diagnostic_msgs/share/diagnostic_msgs/cmake/export_diagnostic_msgs__rosidl_typesupport_fastrtps_cExport.cmake
[3.748s] -- Up-to-date: /ros2_ws/install/diagnostic_msgs/share/diagnostic_msgs/cmake/export_diagnostic_msgs__rosidl_typesupport_fastrtps_cExport-noconfig.cmake
[3.753s] -- Up-to-date: /ros2_ws/install/diagnostic_msgs/share/diagnostic_msgs/cmake/diagnostic_msgs__rosidl_typesupport_introspection_cExport.cmake
[3.753s] -- Up-to-date: /ros2_ws/install/diagnostic_msgs/share/diagnostic_msgs/cmake/diagnostic_msgs__rosidl_typesupport_introspection_cExport-noconfig.cmake
[3.759s] -- Up-to-date: /ros2_ws/install/diagnostic_msgs/share/diagnostic_msgs/cmake/diagnostic_msgs__rosidl_typesupport_cExport.cmake
[3.760s] -- Up-to-date: /ros2_ws/install/diagnostic_msgs/share/diagnostic_msgs/cmake/diagnostic_msgs__rosidl_typesupport_cExport-noconfig.cmake
[3.766s] -- Up-to-date: /ros2_ws/install/diagnostic_msgs/share/diagnostic_msgs/cmake/export_diagnostic_msgs__rosidl_generator_cppExport.cmake
[3.771s] -- Up-to-date: /ros2_ws/install/diagnostic_msgs/share/diagnostic_msgs/cmake/export_diagnostic_msgs__rosidl_typesupport_fastrtps_cppExport.cmake
[3.772s] -- Up-to-date: /ros2_ws/install/diagnostic_msgs/share/diagnostic_msgs/cmake/export_diagnostic_msgs__rosidl_typesupport_fastrtps_cppExport-noconfig.cmake
[3.773s] -- Up-to-date: /ros2_ws/install/diagnostic_msgs/share/diagnostic_msgs/cmake/diagnostic_msgs__rosidl_typesupport_introspection_cppExport.cmake
[3.773s] -- Up-to-date: /ros2_ws/install/diagnostic_msgs/share/diagnostic_msgs/cmake/diagnostic_msgs__rosidl_typesupport_introspection_cppExport-noconfig.cmake
[3.782s] -- Up-to-date: /ros2_ws/install/diagnostic_msgs/share/diagnostic_msgs/cmake/diagnostic_msgs__rosidl_typesupport_cppExport.cmake
[3.786s] -- Up-to-date: /ros2_ws/install/diagnostic_msgs/share/diagnostic_msgs/cmake/diagnostic_msgs__rosidl_typesupport_cppExport-noconfig.cmake
[3.802s] -- Up-to-date: /ros2_ws/install/diagnostic_msgs/share/diagnostic_msgs/cmake/export_diagnostic_msgs__rosidl_generator_pyExport.cmake
[3.803s] -- Up-to-date: /ros2_ws/install/diagnostic_msgs/share/diagnostic_msgs/cmake/export_diagnostic_msgs__rosidl_generator_pyExport-noconfig.cmake
[3.820s] -- Up-to-date: /ros2_ws/install/diagnostic_msgs/share/diagnostic_msgs/cmake/rosidl_cmake-extras.cmake
[3.821s] -- Up-to-date: /ros2_ws/install/diagnostic_msgs/share/diagnostic_msgs/cmake/ament_cmake_export_dependencies-extras.cmake
[3.822s] -- Up-to-date: /ros2_ws/install/diagnostic_msgs/share/diagnostic_msgs/cmake/ament_cmake_export_include_directories-extras.cmake
[3.823s] -- Up-to-date: /ros2_ws/install/diagnostic_msgs/share/diagnostic_msgs/cmake/ament_cmake_export_libraries-extras.cmake
[3.823s] -- Up-to-date: /ros2_ws/install/diagnostic_msgs/share/diagnostic_msgs/cmake/ament_cmake_export_targets-extras.cmake
[3.830s] -- Up-to-date: /ros2_ws/install/diagnostic_msgs/share/diagnostic_msgs/cmake/rosidl_cmake_export_typesupport_targets-extras.cmake
[3.831s] -- Up-to-date: /ros2_ws/install/diagnostic_msgs/share/diagnostic_msgs/cmake/rosidl_cmake_export_typesupport_libraries-extras.cmake
[3.834s] -- Up-to-date: /ros2_ws/install/diagnostic_msgs/share/diagnostic_msgs/cmake/diagnostic_msgsConfig.cmake
[3.835s] -- Up-to-date: /ros2_ws/install/diagnostic_msgs/share/diagnostic_msgs/cmake/diagnostic_msgsConfig-version.cmake
[3.837s] -- Up-to-date: /ros2_ws/install/diagnostic_msgs/share/diagnostic_msgs/package.xml
[3.938s] Invoked command in '/ros2_ws/build/diagnostic_msgs' returned '0': AMENT_PREFIX_PATH=/ros2_ws/install/geometry_msgs:/ros2_ws/install/std_msgs:${AMENT_PREFIX_PATH} CMAKE_PREFIX_PATH=/ros2_ws/install/geometry_msgs:/ros2_ws/install/std_msgs:/opt/ros/humble LD_LIBRARY_PATH=/ros2_ws/install/geometry_msgs/lib:/ros2_ws/install/std_msgs/lib:${LD_LIBRARY_PATH} PYTHONPATH=/ros2_ws/install/geometry_msgs/local/lib/python3.10/dist-packages:/ros2_ws/install/std_msgs/local/lib/python3.10/dist-packages:${PYTHONPATH} /usr/bin/cmake --install /ros2_ws/build/diagnostic_msgs
