[0.059s] Invoking command in '/ros2_ws/build/trajectory_msgs': AMENT_PREFIX_PATH=/ros2_ws/install/geometry_msgs:/ros2_ws/install/std_msgs:${AMENT_PREFIX_PATH} CMAKE_PREFIX_PATH=/ros2_ws/install/geometry_msgs:/ros2_ws/install/std_msgs:/opt/ros/humble LD_LIBRARY_PATH=/ros2_ws/install/geometry_msgs/lib:/ros2_ws/install/std_msgs/lib:${LD_LIBRARY_PATH} PYTHONPATH=/ros2_ws/install/geometry_msgs/local/lib/python3.10/dist-packages:/ros2_ws/install/std_msgs/local/lib/python3.10/dist-packages:${PYTHONPATH} /usr/bin/cmake /ros2_ws/src/common_interfaces/trajectory_msgs -DCMAKE_INSTALL_PREFIX=/ros2_ws/install/trajectory_msgs
[0.269s] -- The C compiler identification is GNU 11.4.0
[0.510s] -- The CXX compiler identification is GNU 11.4.0
[0.537s] -- Detecting C compiler ABI info
[0.836s] -- Detecting C compiler ABI info - done
[0.874s] -- Check for working C compiler: /usr/bin/cc - skipped
[0.876s] -- Detecting C compile features
[0.878s] -- Detecting C compile features - done
[0.891s] -- Detecting CXX compiler ABI info
[1.194s] -- Detecting CXX compiler ABI info - done
[1.229s] -- Check for working CXX compiler: /usr/bin/c++ - skipped
[1.231s] -- Detecting CXX compile features
[1.233s] -- Detecting CXX compile features - done
[1.250s] -- Found ament_cmake: 1.3.14 (/opt/ros/humble/share/ament_cmake/cmake)
[1.859s] -- Found Python3: /usr/bin/python3 (found version "3.10.12") found components: Interpreter 
[2.318s] -- Found builtin_interfaces: 1.2.2 (/opt/ros/humble/share/builtin_interfaces/cmake)
[2.497s] -- Found rosidl_generator_c: 3.1.8 (/opt/ros/humble/share/rosidl_generator_c/cmake)
[2.513s] -- Found rosidl_adapter: 3.1.8 (/opt/ros/humble/share/rosidl_adapter/cmake)
[2.557s] -- Found rosidl_generator_cpp: 3.1.8 (/opt/ros/humble/share/rosidl_generator_cpp/cmake)
[2.621s] -- Using all available rosidl_typesupport_c: rosidl_typesupport_fastrtps_c;rosidl_typesupport_introspection_c
[2.705s] -- Using all available rosidl_typesupport_cpp: rosidl_typesupport_fastrtps_cpp;rosidl_typesupport_introspection_cpp
[2.773s] -- Found geometry_msgs: 2.0.5 (/ros2_ws/install/geometry_msgs/share/geometry_msgs/cmake)
[2.896s] -- Found rosidl_default_generators: 1.2.1 (/opt/ros/humble/share/rosidl_default_generators/cmake)
[4.487s] -- Found ament_cmake_cppcheck: 0.12.15 (/opt/ros/humble/share/ament_cmake_cppcheck/cmake)
[4.499s] -- Found ament_cmake_cpplint: 0.12.15 (/opt/ros/humble/share/ament_cmake_cpplint/cmake)
[4.511s] -- Found ament_cmake_uncrustify: 0.12.15 (/opt/ros/humble/share/ament_cmake_uncrustify/cmake)
[4.524s] -- Found ament_cmake_ros: 0.10.0 (/opt/ros/humble/share/ament_cmake_ros/cmake)
[6.369s] -- Using all available rosidl_typesupport_c: rosidl_typesupport_fastrtps_c;rosidl_typesupport_introspection_c
[7.119s] -- Using all available rosidl_typesupport_cpp: rosidl_typesupport_fastrtps_cpp;rosidl_typesupport_introspection_cpp
[7.202s] -- Found PythonInterp: /usr/bin/python3 (found suitable version "3.10.12", minimum required is "3.6") 
[7.211s] -- Found python_cmake_module: 0.10.0 (/opt/ros/humble/share/python_cmake_module/cmake)
[7.296s] -- Found PythonLibs: /usr/lib/aarch64-linux-gnu/libpython3.10.so (found suitable version "3.10.12", minimum required is "3.5") 
[7.298s] -- Using PYTHON_EXECUTABLE: /usr/bin/python3
[7.299s] -- Using PYTHON_INCLUDE_DIRS: /usr/include/python3.10
[7.299s] -- Using PYTHON_LIBRARIES: /usr/lib/aarch64-linux-gnu/libpython3.10.so
[7.373s] -- Found PythonExtra: .so  
[7.653s] -- Found ament_cmake_flake8: 0.12.15 (/opt/ros/humble/share/ament_cmake_flake8/cmake)
[7.665s] -- Found ament_cmake_pep257: 0.12.15 (/opt/ros/humble/share/ament_cmake_pep257/cmake)
[8.080s] -- Configuring done
[8.278s] -- Generating done
[8.338s] -- Build files have been written to: /ros2_ws/build/trajectory_msgs
[8.387s] Invoked command in '/ros2_ws/build/trajectory_msgs' returned '0': AMENT_PREFIX_PATH=/ros2_ws/install/geometry_msgs:/ros2_ws/install/std_msgs:${AMENT_PREFIX_PATH} CMAKE_PREFIX_PATH=/ros2_ws/install/geometry_msgs:/ros2_ws/install/std_msgs:/opt/ros/humble LD_LIBRARY_PATH=/ros2_ws/install/geometry_msgs/lib:/ros2_ws/install/std_msgs/lib:${LD_LIBRARY_PATH} PYTHONPATH=/ros2_ws/install/geometry_msgs/local/lib/python3.10/dist-packages:/ros2_ws/install/std_msgs/local/lib/python3.10/dist-packages:${PYTHONPATH} /usr/bin/cmake /ros2_ws/src/common_interfaces/trajectory_msgs -DCMAKE_INSTALL_PREFIX=/ros2_ws/install/trajectory_msgs
[8.389s] Invoking command in '/ros2_ws/build/trajectory_msgs': AMENT_PREFIX_PATH=/ros2_ws/install/geometry_msgs:/ros2_ws/install/std_msgs:${AMENT_PREFIX_PATH} CMAKE_PREFIX_PATH=/ros2_ws/install/geometry_msgs:/ros2_ws/install/std_msgs:/opt/ros/humble LD_LIBRARY_PATH=/ros2_ws/install/geometry_msgs/lib:/ros2_ws/install/std_msgs/lib:${LD_LIBRARY_PATH} PYTHONPATH=/ros2_ws/install/geometry_msgs/local/lib/python3.10/dist-packages:/ros2_ws/install/std_msgs/local/lib/python3.10/dist-packages:${PYTHONPATH} /usr/bin/cmake --build /ros2_ws/build/trajectory_msgs -- -j4 -l4
[8.568s] [  1%] [34m[1mGenerating Rust code for ROS interfaces[0m
[11.280s] [  1%] Built target trajectory_msgs__rs
[11.373s] [  1%] Built target ament_cmake_python_copy_trajectory_msgs
[11.448s] [  3%] [34m[1mGenerating C++ code for ROS interfaces[0m
[15.141s] [  3%] Built target trajectory_msgs__cpp
[16.224s] running egg_info
[16.228s] creating trajectory_msgs.egg-info
[16.230s] writing trajectory_msgs.egg-info/PKG-INFO
[16.234s] writing dependency_links to trajectory_msgs.egg-info/dependency_links.txt
[16.235s] writing top-level names to trajectory_msgs.egg-info/top_level.txt
[16.237s] writing manifest file 'trajectory_msgs.egg-info/SOURCES.txt'
[16.247s] reading manifest file 'trajectory_msgs.egg-info/SOURCES.txt'
[16.251s] writing manifest file 'trajectory_msgs.egg-info/SOURCES.txt'
[16.388s] [  3%] Built target ament_cmake_python_build_trajectory_msgs_egg
[16.424s] [  5%] [34m[1mGenerating C++ introspection for ROS interfaces[0m
[19.403s] [  7%] [32mBuilding CXX object CMakeFiles/trajectory_msgs__rosidl_typesupport_introspection_cpp.dir/rosidl_typesupport_introspection_cpp/trajectory_msgs/msg/detail/joint_trajectory__type_support.cpp.o[0m
[21.786s] [  8%] [32mBuilding CXX object CMakeFiles/trajectory_msgs__rosidl_typesupport_introspection_cpp.dir/rosidl_typesupport_introspection_cpp/trajectory_msgs/msg/detail/joint_trajectory_point__type_support.cpp.o[0m
[23.856s] [ 10%] [32mBuilding CXX object CMakeFiles/trajectory_msgs__rosidl_typesupport_introspection_cpp.dir/rosidl_typesupport_introspection_cpp/trajectory_msgs/msg/detail/multi_dof_joint_trajectory__type_support.cpp.o[0m
[26.484s] [ 12%] [32mBuilding CXX object CMakeFiles/trajectory_msgs__rosidl_typesupport_introspection_cpp.dir/rosidl_typesupport_introspection_cpp/trajectory_msgs/msg/detail/multi_dof_joint_trajectory_point__type_support.cpp.o[0m
[28.639s] [ 14%] [32m[1mLinking CXX shared library libtrajectory_msgs__rosidl_typesupport_introspection_cpp.so[0m
[28.976s] [ 14%] Built target trajectory_msgs__rosidl_typesupport_introspection_cpp
[29.010s] [ 16%] [34m[1mGenerating C++ type support dispatch for ROS interfaces[0m
[31.626s] [ 17%] [32mBuilding CXX object CMakeFiles/trajectory_msgs__rosidl_typesupport_cpp.dir/rosidl_typesupport_cpp/trajectory_msgs/msg/joint_trajectory__type_support.cpp.o[0m
[32.896s] [ 19%] [32mBuilding CXX object CMakeFiles/trajectory_msgs__rosidl_typesupport_cpp.dir/rosidl_typesupport_cpp/trajectory_msgs/msg/joint_trajectory_point__type_support.cpp.o[0m
[34.138s] [ 21%] [32mBuilding CXX object CMakeFiles/trajectory_msgs__rosidl_typesupport_cpp.dir/rosidl_typesupport_cpp/trajectory_msgs/msg/multi_dof_joint_trajectory__type_support.cpp.o[0m
[35.392s] [ 23%] [32mBuilding CXX object CMakeFiles/trajectory_msgs__rosidl_typesupport_cpp.dir/rosidl_typesupport_cpp/trajectory_msgs/msg/multi_dof_joint_trajectory_point__type_support.cpp.o[0m
[36.668s] [ 25%] [32m[1mLinking CXX shared library libtrajectory_msgs__rosidl_typesupport_cpp.so[0m
[36.814s] [ 25%] Built target trajectory_msgs__rosidl_typesupport_cpp
[36.849s] [ 26%] [34m[1mGenerating C++ type support for eProsima Fast-RTPS[0m
[40.050s] [ 28%] [32mBuilding CXX object CMakeFiles/trajectory_msgs__rosidl_typesupport_fastrtps_cpp.dir/rosidl_typesupport_fastrtps_cpp/trajectory_msgs/msg/detail/dds_fastrtps/joint_trajectory__type_support.cpp.o[0m
[42.499s] [ 30%] [32mBuilding CXX object CMakeFiles/trajectory_msgs__rosidl_typesupport_fastrtps_cpp.dir/rosidl_typesupport_fastrtps_cpp/trajectory_msgs/msg/detail/dds_fastrtps/multi_dof_joint_trajectory__type_support.cpp.o[0m
[45.024s] [ 32%] [32mBuilding CXX object CMakeFiles/trajectory_msgs__rosidl_typesupport_fastrtps_cpp.dir/rosidl_typesupport_fastrtps_cpp/trajectory_msgs/msg/detail/dds_fastrtps/multi_dof_joint_trajectory_point__type_support.cpp.o[0m
[47.388s] [ 33%] [32mBuilding CXX object CMakeFiles/trajectory_msgs__rosidl_typesupport_fastrtps_cpp.dir/rosidl_typesupport_fastrtps_cpp/trajectory_msgs/msg/detail/dds_fastrtps/joint_trajectory_point__type_support.cpp.o[0m
[49.379s] [ 35%] [32m[1mLinking CXX shared library libtrajectory_msgs__rosidl_typesupport_fastrtps_cpp.so[0m
[49.695s] [ 35%] Built target trajectory_msgs__rosidl_typesupport_fastrtps_cpp
[49.727s] [ 37%] [34m[1mGenerating C code for ROS interfaces[0m
[53.565s] [ 39%] [32mBuilding C object CMakeFiles/trajectory_msgs__rosidl_generator_c.dir/rosidl_generator_c/trajectory_msgs/msg/detail/joint_trajectory__functions.c.o[0m
[53.787s] [ 41%] [32mBuilding C object CMakeFiles/trajectory_msgs__rosidl_generator_c.dir/rosidl_generator_c/trajectory_msgs/msg/detail/multi_dof_joint_trajectory_point__functions.c.o[0m
[54.003s] [ 42%] [32mBuilding C object CMakeFiles/trajectory_msgs__rosidl_generator_c.dir/rosidl_generator_c/trajectory_msgs/msg/detail/multi_dof_joint_trajectory__functions.c.o[0m
[54.216s] [ 44%] [32mBuilding C object CMakeFiles/trajectory_msgs__rosidl_generator_c.dir/rosidl_generator_c/trajectory_msgs/msg/detail/joint_trajectory_point__functions.c.o[0m
[54.434s] [ 46%] [32m[1mLinking C shared library libtrajectory_msgs__rosidl_generator_c.so[0m
[54.571s] [ 46%] Built target trajectory_msgs__rosidl_generator_c
[54.606s] [ 48%] [34m[1mGenerating C type support for eProsima Fast-RTPS[0m
[57.727s] [ 50%] [32mBuilding CXX object CMakeFiles/trajectory_msgs__rosidl_typesupport_fastrtps_c.dir/rosidl_typesupport_fastrtps_c/trajectory_msgs/msg/detail/joint_trajectory__type_support_c.cpp.o[0m
[59.338s] [ 51%] [32mBuilding CXX object CMakeFiles/trajectory_msgs__rosidl_typesupport_fastrtps_c.dir/rosidl_typesupport_fastrtps_c/trajectory_msgs/msg/detail/joint_trajectory_point__type_support_c.cpp.o[0m
[60.914s] [ 53%] [32mBuilding CXX object CMakeFiles/trajectory_msgs__rosidl_typesupport_fastrtps_c.dir/rosidl_typesupport_fastrtps_c/trajectory_msgs/msg/detail/multi_dof_joint_trajectory__type_support_c.cpp.o[0m
[62.531s] [ 55%] [32mBuilding CXX object CMakeFiles/trajectory_msgs__rosidl_typesupport_fastrtps_c.dir/rosidl_typesupport_fastrtps_c/trajectory_msgs/msg/detail/multi_dof_joint_trajectory_point__type_support_c.cpp.o[0m
[64.157s] [ 57%] [32m[1mLinking CXX shared library libtrajectory_msgs__rosidl_typesupport_fastrtps_c.so[0m
[64.446s] [ 57%] Built target trajectory_msgs__rosidl_typesupport_fastrtps_c
[64.484s] [ 58%] [34m[1mGenerating C type support dispatch for ROS interfaces[0m
[67.230s] [ 60%] [32mBuilding CXX object CMakeFiles/trajectory_msgs__rosidl_typesupport_c.dir/rosidl_typesupport_c/trajectory_msgs/msg/joint_trajectory__type_support.cpp.o[0m
[67.375s] [ 62%] [32mBuilding CXX object CMakeFiles/trajectory_msgs__rosidl_typesupport_c.dir/rosidl_typesupport_c/trajectory_msgs/msg/multi_dof_joint_trajectory__type_support.cpp.o[0m
[67.500s] [ 64%] [32mBuilding CXX object CMakeFiles/trajectory_msgs__rosidl_typesupport_c.dir/rosidl_typesupport_c/trajectory_msgs/msg/multi_dof_joint_trajectory_point__type_support.cpp.o[0m
[67.628s] [ 66%] [32mBuilding CXX object CMakeFiles/trajectory_msgs__rosidl_typesupport_c.dir/rosidl_typesupport_c/trajectory_msgs/msg/joint_trajectory_point__type_support.cpp.o[0m
[67.754s] [ 67%] [32m[1mLinking CXX shared library libtrajectory_msgs__rosidl_typesupport_c.so[0m
[67.903s] [ 67%] Built target trajectory_msgs__rosidl_typesupport_c
[67.942s] [ 69%] [34m[1mGenerating C introspection for ROS interfaces[0m
[71.086s] [ 71%] [32mBuilding C object CMakeFiles/trajectory_msgs__rosidl_typesupport_introspection_c.dir/rosidl_typesupport_introspection_c/trajectory_msgs/msg/detail/joint_trajectory__type_support.c.o[0m
[71.252s] [ 73%] [32mBuilding C object CMakeFiles/trajectory_msgs__rosidl_typesupport_introspection_c.dir/rosidl_typesupport_introspection_c/trajectory_msgs/msg/detail/multi_dof_joint_trajectory_point__type_support.c.o[0m
[71.427s] [ 75%] [32mBuilding C object CMakeFiles/trajectory_msgs__rosidl_typesupport_introspection_c.dir/rosidl_typesupport_introspection_c/trajectory_msgs/msg/detail/multi_dof_joint_trajectory__type_support.c.o[0m
[71.603s] [ 76%] [32mBuilding C object CMakeFiles/trajectory_msgs__rosidl_typesupport_introspection_c.dir/rosidl_typesupport_introspection_c/trajectory_msgs/msg/detail/joint_trajectory_point__type_support.c.o[0m
[71.789s] [ 78%] [32m[1mLinking C shared library libtrajectory_msgs__rosidl_typesupport_introspection_c.so[0m
[71.910s] [ 78%] Built target trajectory_msgs__rosidl_typesupport_introspection_c
[71.989s] [ 78%] Built target trajectory_msgs
[72.056s] [ 80%] [34m[1mGenerating Python code for ROS interfaces[0m
[77.334s] [ 80%] Built target trajectory_msgs__py
[77.401s] [ 82%] [32mBuilding C object CMakeFiles/trajectory_msgs__rosidl_generator_py.dir/rosidl_generator_py/trajectory_msgs/msg/_joint_trajectory_s.c.o[0m
[77.884s] [ 83%] [32mBuilding C object CMakeFiles/trajectory_msgs__rosidl_generator_py.dir/rosidl_generator_py/trajectory_msgs/msg/_multi_dof_joint_trajectory_point_s.c.o[0m
[78.388s] [ 85%] [32mBuilding C object CMakeFiles/trajectory_msgs__rosidl_generator_py.dir/rosidl_generator_py/trajectory_msgs/msg/_multi_dof_joint_trajectory_s.c.o[0m
[78.889s] [ 87%] [32mBuilding C object CMakeFiles/trajectory_msgs__rosidl_generator_py.dir/rosidl_generator_py/trajectory_msgs/msg/_joint_trajectory_point_s.c.o[0m
[79.494s] [ 89%] [32m[1mLinking C shared library rosidl_generator_py/trajectory_msgs/libtrajectory_msgs__rosidl_generator_py.so[0m
[79.668s] [ 89%] Built target trajectory_msgs__rosidl_generator_py
[79.732s] [ 91%] [32mBuilding C object CMakeFiles/trajectory_msgs__rosidl_typesupport_fastrtps_c__pyext.dir/rosidl_generator_py/trajectory_msgs/_trajectory_msgs_s.ep.rosidl_typesupport_fastrtps_c.c.o[0m
[80.235s] [ 92%] [32m[1mLinking C shared library rosidl_generator_py/trajectory_msgs/trajectory_msgs_s__rosidl_typesupport_fastrtps_c.cpython-310-aarch64-linux-gnu.so[0m
[80.402s] [ 92%] Built target trajectory_msgs__rosidl_typesupport_fastrtps_c__pyext
[80.468s] [ 94%] [32mBuilding C object CMakeFiles/trajectory_msgs__rosidl_typesupport_c__pyext.dir/rosidl_generator_py/trajectory_msgs/_trajectory_msgs_s.ep.rosidl_typesupport_c.c.o[0m
[80.986s] [ 96%] [32m[1mLinking C shared library rosidl_generator_py/trajectory_msgs/trajectory_msgs_s__rosidl_typesupport_c.cpython-310-aarch64-linux-gnu.so[0m
[81.151s] [ 96%] Built target trajectory_msgs__rosidl_typesupport_c__pyext
[81.223s] [ 98%] [32mBuilding C object CMakeFiles/trajectory_msgs__rosidl_typesupport_introspection_c__pyext.dir/rosidl_generator_py/trajectory_msgs/_trajectory_msgs_s.ep.rosidl_typesupport_introspection_c.c.o[0m
[81.732s] [100%] [32m[1mLinking C shared library rosidl_generator_py/trajectory_msgs/trajectory_msgs_s__rosidl_typesupport_introspection_c.cpython-310-aarch64-linux-gnu.so[0m
[81.897s] [100%] Built target trajectory_msgs__rosidl_typesupport_introspection_c__pyext
[81.940s] Invoked command in '/ros2_ws/build/trajectory_msgs' returned '0': AMENT_PREFIX_PATH=/ros2_ws/install/geometry_msgs:/ros2_ws/install/std_msgs:${AMENT_PREFIX_PATH} CMAKE_PREFIX_PATH=/ros2_ws/install/geometry_msgs:/ros2_ws/install/std_msgs:/opt/ros/humble LD_LIBRARY_PATH=/ros2_ws/install/geometry_msgs/lib:/ros2_ws/install/std_msgs/lib:${LD_LIBRARY_PATH} PYTHONPATH=/ros2_ws/install/geometry_msgs/local/lib/python3.10/dist-packages:/ros2_ws/install/std_msgs/local/lib/python3.10/dist-packages:${PYTHONPATH} /usr/bin/cmake --build /ros2_ws/build/trajectory_msgs -- -j4 -l4
[81.941s] Invoking command in '/ros2_ws/build/trajectory_msgs': AMENT_PREFIX_PATH=/ros2_ws/install/geometry_msgs:/ros2_ws/install/std_msgs:${AMENT_PREFIX_PATH} CMAKE_PREFIX_PATH=/ros2_ws/install/geometry_msgs:/ros2_ws/install/std_msgs:/opt/ros/humble LD_LIBRARY_PATH=/ros2_ws/install/geometry_msgs/lib:/ros2_ws/install/std_msgs/lib:${LD_LIBRARY_PATH} PYTHONPATH=/ros2_ws/install/geometry_msgs/local/lib/python3.10/dist-packages:/ros2_ws/install/std_msgs/local/lib/python3.10/dist-packages:${PYTHONPATH} /usr/bin/cmake --install /ros2_ws/build/trajectory_msgs
[81.980s] -- Install configuration: ""
[81.981s] -- Installing: /ros2_ws/install/trajectory_msgs/share/ament_index/resource_index/rosidl_interfaces/trajectory_msgs
[81.983s] -- Installing: /ros2_ws/install/trajectory_msgs/include/trajectory_msgs/trajectory_msgs
[81.984s] -- Installing: /ros2_ws/install/trajectory_msgs/include/trajectory_msgs/trajectory_msgs/msg
[81.985s] -- Installing: /ros2_ws/install/trajectory_msgs/include/trajectory_msgs/trajectory_msgs/msg/multi_dof_joint_trajectory_point.h
[81.986s] -- Installing: /ros2_ws/install/trajectory_msgs/include/trajectory_msgs/trajectory_msgs/msg/joint_trajectory_point.h
[81.988s] -- Installing: /ros2_ws/install/trajectory_msgs/include/trajectory_msgs/trajectory_msgs/msg/multi_dof_joint_trajectory.h
[81.989s] -- Installing: /ros2_ws/install/trajectory_msgs/include/trajectory_msgs/trajectory_msgs/msg/joint_trajectory.h
[81.992s] -- Installing: /ros2_ws/install/trajectory_msgs/include/trajectory_msgs/trajectory_msgs/msg/detail
[81.994s] -- Installing: /ros2_ws/install/trajectory_msgs/include/trajectory_msgs/trajectory_msgs/msg/detail/joint_trajectory_point__type_support.h
[81.995s] -- Installing: /ros2_ws/install/trajectory_msgs/include/trajectory_msgs/trajectory_msgs/msg/detail/multi_dof_joint_trajectory_point__functions.h
[81.997s] -- Installing: /ros2_ws/install/trajectory_msgs/include/trajectory_msgs/trajectory_msgs/msg/detail/multi_dof_joint_trajectory_point__functions.c
[81.998s] -- Installing: /ros2_ws/install/trajectory_msgs/include/trajectory_msgs/trajectory_msgs/msg/detail/multi_dof_joint_trajectory_point__type_support.h
[81.999s] -- Installing: /ros2_ws/install/trajectory_msgs/include/trajectory_msgs/trajectory_msgs/msg/detail/joint_trajectory__functions.c
[82.000s] -- Installing: /ros2_ws/install/trajectory_msgs/include/trajectory_msgs/trajectory_msgs/msg/detail/joint_trajectory__struct.h
[82.002s] -- Installing: /ros2_ws/install/trajectory_msgs/include/trajectory_msgs/trajectory_msgs/msg/detail/multi_dof_joint_trajectory__struct.h
[82.003s] -- Installing: /ros2_ws/install/trajectory_msgs/include/trajectory_msgs/trajectory_msgs/msg/detail/joint_trajectory__type_support.h
[82.004s] -- Installing: /ros2_ws/install/trajectory_msgs/include/trajectory_msgs/trajectory_msgs/msg/detail/multi_dof_joint_trajectory__type_support.h
[82.006s] -- Installing: /ros2_ws/install/trajectory_msgs/include/trajectory_msgs/trajectory_msgs/msg/detail/joint_trajectory__functions.h
[82.007s] -- Installing: /ros2_ws/install/trajectory_msgs/include/trajectory_msgs/trajectory_msgs/msg/detail/joint_trajectory_point__functions.c
[82.008s] -- Installing: /ros2_ws/install/trajectory_msgs/include/trajectory_msgs/trajectory_msgs/msg/detail/multi_dof_joint_trajectory__functions.c
[82.010s] -- Installing: /ros2_ws/install/trajectory_msgs/include/trajectory_msgs/trajectory_msgs/msg/detail/joint_trajectory_point__functions.h
[82.011s] -- Installing: /ros2_ws/install/trajectory_msgs/include/trajectory_msgs/trajectory_msgs/msg/detail/multi_dof_joint_trajectory__functions.h
[82.012s] -- Installing: /ros2_ws/install/trajectory_msgs/include/trajectory_msgs/trajectory_msgs/msg/detail/joint_trajectory_point__struct.h
[82.014s] -- Installing: /ros2_ws/install/trajectory_msgs/include/trajectory_msgs/trajectory_msgs/msg/detail/multi_dof_joint_trajectory_point__struct.h
[82.015s] -- Installing: /ros2_ws/install/trajectory_msgs/include/trajectory_msgs/trajectory_msgs/msg/rosidl_generator_c__visibility_control.h
[82.017s] -- Installing: /ros2_ws/install/trajectory_msgs/share/trajectory_msgs/environment/library_path.sh
[82.018s] -- Installing: /ros2_ws/install/trajectory_msgs/share/trajectory_msgs/environment/library_path.dsv
[82.020s] -- Installing: /ros2_ws/install/trajectory_msgs/lib/libtrajectory_msgs__rosidl_generator_c.so
[82.022s] -- Set runtime path of "/ros2_ws/install/trajectory_msgs/lib/libtrajectory_msgs__rosidl_generator_c.so" to ""
[82.023s] -- Up-to-date: /ros2_ws/install/trajectory_msgs/include/trajectory_msgs/trajectory_msgs
[82.024s] -- Up-to-date: /ros2_ws/install/trajectory_msgs/include/trajectory_msgs/trajectory_msgs/msg
[82.025s] -- Installing: /ros2_ws/install/trajectory_msgs/include/trajectory_msgs/trajectory_msgs/msg/rosidl_typesupport_fastrtps_c__visibility_control.h
[82.026s] -- Up-to-date: /ros2_ws/install/trajectory_msgs/include/trajectory_msgs/trajectory_msgs/msg/detail
[82.027s] -- Installing: /ros2_ws/install/trajectory_msgs/include/trajectory_msgs/trajectory_msgs/msg/detail/multi_dof_joint_trajectory_point__rosidl_typesupport_fastrtps_c.h
[82.029s] -- Installing: /ros2_ws/install/trajectory_msgs/include/trajectory_msgs/trajectory_msgs/msg/detail/joint_trajectory_point__rosidl_typesupport_fastrtps_c.h
[82.030s] -- Installing: /ros2_ws/install/trajectory_msgs/include/trajectory_msgs/trajectory_msgs/msg/detail/joint_trajectory__rosidl_typesupport_fastrtps_c.h
[82.031s] -- Installing: /ros2_ws/install/trajectory_msgs/include/trajectory_msgs/trajectory_msgs/msg/detail/multi_dof_joint_trajectory__rosidl_typesupport_fastrtps_c.h
[82.033s] -- Installing: /ros2_ws/install/trajectory_msgs/lib/libtrajectory_msgs__rosidl_typesupport_fastrtps_c.so
[82.035s] -- Set runtime path of "/ros2_ws/install/trajectory_msgs/lib/libtrajectory_msgs__rosidl_typesupport_fastrtps_c.so" to ""
[82.036s] -- Up-to-date: /ros2_ws/install/trajectory_msgs/include/trajectory_msgs/trajectory_msgs
[82.037s] -- Up-to-date: /ros2_ws/install/trajectory_msgs/include/trajectory_msgs/trajectory_msgs/msg
[82.038s] -- Installing: /ros2_ws/install/trajectory_msgs/include/trajectory_msgs/trajectory_msgs/msg/joint_trajectory.hpp
[82.039s] -- Installing: /ros2_ws/install/trajectory_msgs/include/trajectory_msgs/trajectory_msgs/msg/joint_trajectory_point.hpp
[82.040s] -- Installing: /ros2_ws/install/trajectory_msgs/include/trajectory_msgs/trajectory_msgs/msg/multi_dof_joint_trajectory.hpp
[82.041s] -- Installing: /ros2_ws/install/trajectory_msgs/include/trajectory_msgs/trajectory_msgs/msg/multi_dof_joint_trajectory_point.hpp
[82.043s] -- Installing: /ros2_ws/install/trajectory_msgs/include/trajectory_msgs/trajectory_msgs/msg/rosidl_generator_cpp__visibility_control.hpp
[82.044s] -- Up-to-date: /ros2_ws/install/trajectory_msgs/include/trajectory_msgs/trajectory_msgs/msg/detail
[82.045s] -- Installing: /ros2_ws/install/trajectory_msgs/include/trajectory_msgs/trajectory_msgs/msg/detail/multi_dof_joint_trajectory_point__struct.hpp
[82.046s] -- Installing: /ros2_ws/install/trajectory_msgs/include/trajectory_msgs/trajectory_msgs/msg/detail/multi_dof_joint_trajectory_point__builder.hpp
[82.047s] -- Installing: /ros2_ws/install/trajectory_msgs/include/trajectory_msgs/trajectory_msgs/msg/detail/joint_trajectory_point__type_support.hpp
[82.049s] -- Installing: /ros2_ws/install/trajectory_msgs/include/trajectory_msgs/trajectory_msgs/msg/detail/joint_trajectory_point__builder.hpp
[82.050s] -- Installing: /ros2_ws/install/trajectory_msgs/include/trajectory_msgs/trajectory_msgs/msg/detail/joint_trajectory__traits.hpp
[82.051s] -- Installing: /ros2_ws/install/trajectory_msgs/include/trajectory_msgs/trajectory_msgs/msg/detail/joint_trajectory_point__struct.hpp
[82.053s] -- Installing: /ros2_ws/install/trajectory_msgs/include/trajectory_msgs/trajectory_msgs/msg/detail/joint_trajectory__type_support.hpp
[82.054s] -- Installing: /ros2_ws/install/trajectory_msgs/include/trajectory_msgs/trajectory_msgs/msg/detail/multi_dof_joint_trajectory_point__traits.hpp
[82.055s] -- Installing: /ros2_ws/install/trajectory_msgs/include/trajectory_msgs/trajectory_msgs/msg/detail/joint_trajectory__builder.hpp
[82.057s] -- Installing: /ros2_ws/install/trajectory_msgs/include/trajectory_msgs/trajectory_msgs/msg/detail/joint_trajectory__struct.hpp
[82.058s] -- Installing: /ros2_ws/install/trajectory_msgs/include/trajectory_msgs/trajectory_msgs/msg/detail/joint_trajectory_point__traits.hpp
[82.059s] -- Installing: /ros2_ws/install/trajectory_msgs/include/trajectory_msgs/trajectory_msgs/msg/detail/multi_dof_joint_trajectory__builder.hpp
[82.060s] -- Installing: /ros2_ws/install/trajectory_msgs/include/trajectory_msgs/trajectory_msgs/msg/detail/multi_dof_joint_trajectory__traits.hpp
[82.062s] -- Installing: /ros2_ws/install/trajectory_msgs/include/trajectory_msgs/trajectory_msgs/msg/detail/multi_dof_joint_trajectory__struct.hpp
[82.063s] -- Installing: /ros2_ws/install/trajectory_msgs/include/trajectory_msgs/trajectory_msgs/msg/detail/multi_dof_joint_trajectory__type_support.hpp
[82.065s] -- Installing: /ros2_ws/install/trajectory_msgs/include/trajectory_msgs/trajectory_msgs/msg/detail/multi_dof_joint_trajectory_point__type_support.hpp
[82.066s] -- Up-to-date: /ros2_ws/install/trajectory_msgs/include/trajectory_msgs/trajectory_msgs
[82.067s] -- Up-to-date: /ros2_ws/install/trajectory_msgs/include/trajectory_msgs/trajectory_msgs/msg
[82.068s] -- Installing: /ros2_ws/install/trajectory_msgs/include/trajectory_msgs/trajectory_msgs/msg/rosidl_typesupport_fastrtps_cpp__visibility_control.h
[82.070s] -- Up-to-date: /ros2_ws/install/trajectory_msgs/include/trajectory_msgs/trajectory_msgs/msg/detail
[82.071s] -- Installing: /ros2_ws/install/trajectory_msgs/include/trajectory_msgs/trajectory_msgs/msg/detail/joint_trajectory_point__rosidl_typesupport_fastrtps_cpp.hpp
[82.072s] -- Installing: /ros2_ws/install/trajectory_msgs/include/trajectory_msgs/trajectory_msgs/msg/detail/multi_dof_joint_trajectory__rosidl_typesupport_fastrtps_cpp.hpp
[82.073s] -- Installing: /ros2_ws/install/trajectory_msgs/include/trajectory_msgs/trajectory_msgs/msg/detail/multi_dof_joint_trajectory_point__rosidl_typesupport_fastrtps_cpp.hpp
[82.075s] -- Installing: /ros2_ws/install/trajectory_msgs/include/trajectory_msgs/trajectory_msgs/msg/detail/joint_trajectory__rosidl_typesupport_fastrtps_cpp.hpp
[82.076s] -- Installing: /ros2_ws/install/trajectory_msgs/include/trajectory_msgs/trajectory_msgs/msg/detail/dds_fastrtps
[82.077s] -- Installing: /ros2_ws/install/trajectory_msgs/lib/libtrajectory_msgs__rosidl_typesupport_fastrtps_cpp.so
[82.081s] -- Set runtime path of "/ros2_ws/install/trajectory_msgs/lib/libtrajectory_msgs__rosidl_typesupport_fastrtps_cpp.so" to ""
[82.082s] -- Up-to-date: /ros2_ws/install/trajectory_msgs/include/trajectory_msgs/trajectory_msgs
[82.083s] -- Up-to-date: /ros2_ws/install/trajectory_msgs/include/trajectory_msgs/trajectory_msgs/msg
[82.084s] -- Up-to-date: /ros2_ws/install/trajectory_msgs/include/trajectory_msgs/trajectory_msgs/msg/detail
[82.085s] -- Installing: /ros2_ws/install/trajectory_msgs/include/trajectory_msgs/trajectory_msgs/msg/detail/multi_dof_joint_trajectory__type_support.c
[82.086s] -- Installing: /ros2_ws/install/trajectory_msgs/include/trajectory_msgs/trajectory_msgs/msg/detail/joint_trajectory_point__rosidl_typesupport_introspection_c.h
[82.088s] -- Installing: /ros2_ws/install/trajectory_msgs/include/trajectory_msgs/trajectory_msgs/msg/detail/joint_trajectory__rosidl_typesupport_introspection_c.h
[82.089s] -- Installing: /ros2_ws/install/trajectory_msgs/include/trajectory_msgs/trajectory_msgs/msg/detail/multi_dof_joint_trajectory_point__rosidl_typesupport_introspection_c.h
[82.090s] -- Installing: /ros2_ws/install/trajectory_msgs/include/trajectory_msgs/trajectory_msgs/msg/detail/multi_dof_joint_trajectory__rosidl_typesupport_introspection_c.h
[82.092s] -- Installing: /ros2_ws/install/trajectory_msgs/include/trajectory_msgs/trajectory_msgs/msg/detail/multi_dof_joint_trajectory_point__type_support.c
[82.093s] -- Installing: /ros2_ws/install/trajectory_msgs/include/trajectory_msgs/trajectory_msgs/msg/detail/joint_trajectory_point__type_support.c
[82.094s] -- Installing: /ros2_ws/install/trajectory_msgs/include/trajectory_msgs/trajectory_msgs/msg/detail/joint_trajectory__type_support.c
[82.096s] -- Installing: /ros2_ws/install/trajectory_msgs/include/trajectory_msgs/trajectory_msgs/msg/rosidl_typesupport_introspection_c__visibility_control.h
[82.097s] -- Installing: /ros2_ws/install/trajectory_msgs/lib/libtrajectory_msgs__rosidl_typesupport_introspection_c.so
[82.100s] -- Set runtime path of "/ros2_ws/install/trajectory_msgs/lib/libtrajectory_msgs__rosidl_typesupport_introspection_c.so" to ""
[82.101s] -- Installing: /ros2_ws/install/trajectory_msgs/lib/libtrajectory_msgs__rosidl_typesupport_c.so
[82.103s] -- Set runtime path of "/ros2_ws/install/trajectory_msgs/lib/libtrajectory_msgs__rosidl_typesupport_c.so" to ""
[82.104s] -- Up-to-date: /ros2_ws/install/trajectory_msgs/include/trajectory_msgs/trajectory_msgs
[82.105s] -- Up-to-date: /ros2_ws/install/trajectory_msgs/include/trajectory_msgs/trajectory_msgs/msg
[82.106s] -- Up-to-date: /ros2_ws/install/trajectory_msgs/include/trajectory_msgs/trajectory_msgs/msg/detail
[82.107s] -- Installing: /ros2_ws/install/trajectory_msgs/include/trajectory_msgs/trajectory_msgs/msg/detail/joint_trajectory__rosidl_typesupport_introspection_cpp.hpp
[82.108s] -- Installing: /ros2_ws/install/trajectory_msgs/include/trajectory_msgs/trajectory_msgs/msg/detail/joint_trajectory_point__rosidl_typesupport_introspection_cpp.hpp
[82.109s] -- Installing: /ros2_ws/install/trajectory_msgs/include/trajectory_msgs/trajectory_msgs/msg/detail/joint_trajectory_point__type_support.cpp
[82.111s] -- Installing: /ros2_ws/install/trajectory_msgs/include/trajectory_msgs/trajectory_msgs/msg/detail/joint_trajectory__type_support.cpp
[82.112s] -- Installing: /ros2_ws/install/trajectory_msgs/include/trajectory_msgs/trajectory_msgs/msg/detail/multi_dof_joint_trajectory_point__type_support.cpp
[82.114s] -- Installing: /ros2_ws/install/trajectory_msgs/include/trajectory_msgs/trajectory_msgs/msg/detail/multi_dof_joint_trajectory_point__rosidl_typesupport_introspection_cpp.hpp
[82.115s] -- Installing: /ros2_ws/install/trajectory_msgs/include/trajectory_msgs/trajectory_msgs/msg/detail/multi_dof_joint_trajectory__rosidl_typesupport_introspection_cpp.hpp
[82.116s] -- Installing: /ros2_ws/install/trajectory_msgs/include/trajectory_msgs/trajectory_msgs/msg/detail/multi_dof_joint_trajectory__type_support.cpp
[82.118s] -- Installing: /ros2_ws/install/trajectory_msgs/lib/libtrajectory_msgs__rosidl_typesupport_introspection_cpp.so
[82.122s] -- Set runtime path of "/ros2_ws/install/trajectory_msgs/lib/libtrajectory_msgs__rosidl_typesupport_introspection_cpp.so" to ""
[82.123s] -- Installing: /ros2_ws/install/trajectory_msgs/lib/libtrajectory_msgs__rosidl_typesupport_cpp.so
[82.125s] -- Set runtime path of "/ros2_ws/install/trajectory_msgs/lib/libtrajectory_msgs__rosidl_typesupport_cpp.so" to ""
[82.126s] -- Installing: /ros2_ws/install/trajectory_msgs/share/trajectory_msgs/environment/pythonpath.sh
[82.127s] -- Installing: /ros2_ws/install/trajectory_msgs/share/trajectory_msgs/environment/pythonpath.dsv
[82.129s] -- Installing: /ros2_ws/install/trajectory_msgs/local/lib/python3.10/dist-packages/trajectory_msgs-2.0.5-py3.10.egg-info
[82.130s] -- Installing: /ros2_ws/install/trajectory_msgs/local/lib/python3.10/dist-packages/trajectory_msgs-2.0.5-py3.10.egg-info/SOURCES.txt
[82.131s] -- Installing: /ros2_ws/install/trajectory_msgs/local/lib/python3.10/dist-packages/trajectory_msgs-2.0.5-py3.10.egg-info/dependency_links.txt
[82.133s] -- Installing: /ros2_ws/install/trajectory_msgs/local/lib/python3.10/dist-packages/trajectory_msgs-2.0.5-py3.10.egg-info/top_level.txt
[82.134s] -- Installing: /ros2_ws/install/trajectory_msgs/local/lib/python3.10/dist-packages/trajectory_msgs-2.0.5-py3.10.egg-info/PKG-INFO
[82.136s] -- Installing: /ros2_ws/install/trajectory_msgs/local/lib/python3.10/dist-packages/trajectory_msgs
[82.137s] -- Installing: /ros2_ws/install/trajectory_msgs/local/lib/python3.10/dist-packages/trajectory_msgs/_trajectory_msgs_s.ep.rosidl_typesupport_introspection_c.c
[82.139s] -- Installing: /ros2_ws/install/trajectory_msgs/local/lib/python3.10/dist-packages/trajectory_msgs/libtrajectory_msgs__rosidl_generator_py.so
[82.140s] -- Installing: /ros2_ws/install/trajectory_msgs/local/lib/python3.10/dist-packages/trajectory_msgs/__init__.py
[82.141s] -- Installing: /ros2_ws/install/trajectory_msgs/local/lib/python3.10/dist-packages/trajectory_msgs/trajectory_msgs_s__rosidl_typesupport_introspection_c.cpython-310-aarch64-linux-gnu.so
[82.143s] -- Installing: /ros2_ws/install/trajectory_msgs/local/lib/python3.10/dist-packages/trajectory_msgs/trajectory_msgs_s__rosidl_typesupport_c.cpython-310-aarch64-linux-gnu.so
[82.144s] -- Installing: /ros2_ws/install/trajectory_msgs/local/lib/python3.10/dist-packages/trajectory_msgs/_trajectory_msgs_s.ep.rosidl_typesupport_fastrtps_c.c
[82.146s] -- Installing: /ros2_ws/install/trajectory_msgs/local/lib/python3.10/dist-packages/trajectory_msgs/msg
[82.147s] -- Installing: /ros2_ws/install/trajectory_msgs/local/lib/python3.10/dist-packages/trajectory_msgs/msg/_joint_trajectory_s.c
[82.148s] -- Installing: /ros2_ws/install/trajectory_msgs/local/lib/python3.10/dist-packages/trajectory_msgs/msg/__init__.py
[82.149s] -- Installing: /ros2_ws/install/trajectory_msgs/local/lib/python3.10/dist-packages/trajectory_msgs/msg/_multi_dof_joint_trajectory_point_s.c
[82.151s] -- Installing: /ros2_ws/install/trajectory_msgs/local/lib/python3.10/dist-packages/trajectory_msgs/msg/_joint_trajectory_point_s.c
[82.152s] -- Installing: /ros2_ws/install/trajectory_msgs/local/lib/python3.10/dist-packages/trajectory_msgs/msg/_multi_dof_joint_trajectory_s.c
[82.154s] -- Installing: /ros2_ws/install/trajectory_msgs/local/lib/python3.10/dist-packages/trajectory_msgs/msg/_multi_dof_joint_trajectory_point.py
[82.155s] -- Installing: /ros2_ws/install/trajectory_msgs/local/lib/python3.10/dist-packages/trajectory_msgs/msg/_joint_trajectory.py
[82.156s] -- Installing: /ros2_ws/install/trajectory_msgs/local/lib/python3.10/dist-packages/trajectory_msgs/msg/_multi_dof_joint_trajectory.py
[82.158s] -- Installing: /ros2_ws/install/trajectory_msgs/local/lib/python3.10/dist-packages/trajectory_msgs/msg/_joint_trajectory_point.py
[82.159s] -- Installing: /ros2_ws/install/trajectory_msgs/local/lib/python3.10/dist-packages/trajectory_msgs/trajectory_msgs_s__rosidl_typesupport_fastrtps_c.cpython-310-aarch64-linux-gnu.so
[82.160s] -- Installing: /ros2_ws/install/trajectory_msgs/local/lib/python3.10/dist-packages/trajectory_msgs/_trajectory_msgs_s.ep.rosidl_typesupport_c.c
[82.339s] Listing '/ros2_ws/install/trajectory_msgs/local/lib/python3.10/dist-packages/trajectory_msgs'...
[82.339s] Compiling '/ros2_ws/install/trajectory_msgs/local/lib/python3.10/dist-packages/trajectory_msgs/__init__.py'...
[82.340s] Listing '/ros2_ws/install/trajectory_msgs/local/lib/python3.10/dist-packages/trajectory_msgs/msg'...
[82.340s] Compiling '/ros2_ws/install/trajectory_msgs/local/lib/python3.10/dist-packages/trajectory_msgs/msg/__init__.py'...
[82.341s] Compiling '/ros2_ws/install/trajectory_msgs/local/lib/python3.10/dist-packages/trajectory_msgs/msg/_joint_trajectory.py'...
[82.341s] Compiling '/ros2_ws/install/trajectory_msgs/local/lib/python3.10/dist-packages/trajectory_msgs/msg/_joint_trajectory_point.py'...
[82.342s] Compiling '/ros2_ws/install/trajectory_msgs/local/lib/python3.10/dist-packages/trajectory_msgs/msg/_multi_dof_joint_trajectory.py'...
[82.342s] Compiling '/ros2_ws/install/trajectory_msgs/local/lib/python3.10/dist-packages/trajectory_msgs/msg/_multi_dof_joint_trajectory_point.py'...
[82.374s] -- Installing: /ros2_ws/install/trajectory_msgs/local/lib/python3.10/dist-packages/trajectory_msgs/trajectory_msgs_s__rosidl_typesupport_fastrtps_c.cpython-310-aarch64-linux-gnu.so
[82.377s] -- Set runtime path of "/ros2_ws/install/trajectory_msgs/local/lib/python3.10/dist-packages/trajectory_msgs/trajectory_msgs_s__rosidl_typesupport_fastrtps_c.cpython-310-aarch64-linux-gnu.so" to ""
[82.379s] -- Installing: /ros2_ws/install/trajectory_msgs/local/lib/python3.10/dist-packages/trajectory_msgs/trajectory_msgs_s__rosidl_typesupport_introspection_c.cpython-310-aarch64-linux-gnu.so
[82.381s] -- Set runtime path of "/ros2_ws/install/trajectory_msgs/local/lib/python3.10/dist-packages/trajectory_msgs/trajectory_msgs_s__rosidl_typesupport_introspection_c.cpython-310-aarch64-linux-gnu.so" to ""
[82.382s] -- Installing: /ros2_ws/install/trajectory_msgs/local/lib/python3.10/dist-packages/trajectory_msgs/trajectory_msgs_s__rosidl_typesupport_c.cpython-310-aarch64-linux-gnu.so
[82.383s] -- Set runtime path of "/ros2_ws/install/trajectory_msgs/local/lib/python3.10/dist-packages/trajectory_msgs/trajectory_msgs_s__rosidl_typesupport_c.cpython-310-aarch64-linux-gnu.so" to ""
[82.384s] -- Installing: /ros2_ws/install/trajectory_msgs/lib/libtrajectory_msgs__rosidl_generator_py.so
[82.385s] -- Set runtime path of "/ros2_ws/install/trajectory_msgs/lib/libtrajectory_msgs__rosidl_generator_py.so" to ""
[82.386s] -- Installing: /ros2_ws/install/trajectory_msgs/share/ament_index/resource_index/rust_packages/trajectory_msgs
[82.387s] -- Installing: /ros2_ws/install/trajectory_msgs/share/trajectory_msgs/rust
[82.388s] -- Installing: /ros2_ws/install/trajectory_msgs/share/trajectory_msgs/rust/src
[82.390s] -- Installing: /ros2_ws/install/trajectory_msgs/share/trajectory_msgs/rust/src/msg
[82.391s] -- Installing: /ros2_ws/install/trajectory_msgs/share/trajectory_msgs/rust/src/msg/rmw.rs
[82.392s] -- Installing: /ros2_ws/install/trajectory_msgs/share/trajectory_msgs/rust/src/msg.rs
[82.396s] -- Installing: /ros2_ws/install/trajectory_msgs/share/trajectory_msgs/rust/src/lib.rs
[82.397s] -- Installing: /ros2_ws/install/trajectory_msgs/share/trajectory_msgs/rust/Cargo.toml
[82.398s] -- Installing: /ros2_ws/install/trajectory_msgs/share/trajectory_msgs/rust/build.rs
[82.400s] -- Installing: /ros2_ws/install/trajectory_msgs/share/trajectory_msgs/msg/JointTrajectory.idl
[82.401s] -- Installing: /ros2_ws/install/trajectory_msgs/share/trajectory_msgs/msg/JointTrajectoryPoint.idl
[82.403s] -- Installing: /ros2_ws/install/trajectory_msgs/share/trajectory_msgs/msg/MultiDOFJointTrajectory.idl
[82.405s] -- Installing: /ros2_ws/install/trajectory_msgs/share/trajectory_msgs/msg/MultiDOFJointTrajectoryPoint.idl
[82.406s] -- Installing: /ros2_ws/install/trajectory_msgs/share/trajectory_msgs/msg/JointTrajectory.msg
[82.408s] -- Installing: /ros2_ws/install/trajectory_msgs/share/trajectory_msgs/msg/JointTrajectoryPoint.msg
[82.410s] -- Installing: /ros2_ws/install/trajectory_msgs/share/trajectory_msgs/msg/MultiDOFJointTrajectory.msg
[82.411s] -- Installing: /ros2_ws/install/trajectory_msgs/share/trajectory_msgs/msg/MultiDOFJointTrajectoryPoint.msg
[82.413s] -- Installing: /ros2_ws/install/trajectory_msgs/share/ament_index/resource_index/package_run_dependencies/trajectory_msgs
[82.414s] -- Installing: /ros2_ws/install/trajectory_msgs/share/ament_index/resource_index/parent_prefix_path/trajectory_msgs
[82.416s] -- Installing: /ros2_ws/install/trajectory_msgs/share/trajectory_msgs/environment/ament_prefix_path.sh
[82.417s] -- Installing: /ros2_ws/install/trajectory_msgs/share/trajectory_msgs/environment/ament_prefix_path.dsv
[82.419s] -- Installing: /ros2_ws/install/trajectory_msgs/share/trajectory_msgs/environment/path.sh
[82.420s] -- Installing: /ros2_ws/install/trajectory_msgs/share/trajectory_msgs/environment/path.dsv
[82.422s] -- Installing: /ros2_ws/install/trajectory_msgs/share/trajectory_msgs/local_setup.bash
[82.423s] -- Installing: /ros2_ws/install/trajectory_msgs/share/trajectory_msgs/local_setup.sh
[82.425s] -- Installing: /ros2_ws/install/trajectory_msgs/share/trajectory_msgs/local_setup.zsh
[82.426s] -- Installing: /ros2_ws/install/trajectory_msgs/share/trajectory_msgs/local_setup.dsv
[82.427s] -- Installing: /ros2_ws/install/trajectory_msgs/share/trajectory_msgs/package.dsv
[82.429s] -- Installing: /ros2_ws/install/trajectory_msgs/share/ament_index/resource_index/packages/trajectory_msgs
[82.431s] -- Installing: /ros2_ws/install/trajectory_msgs/share/trajectory_msgs/cmake/export_trajectory_msgs__rosidl_generator_cExport.cmake
[82.433s] -- Installing: /ros2_ws/install/trajectory_msgs/share/trajectory_msgs/cmake/export_trajectory_msgs__rosidl_generator_cExport-noconfig.cmake
[82.434s] -- Installing: /ros2_ws/install/trajectory_msgs/share/trajectory_msgs/cmake/export_trajectory_msgs__rosidl_typesupport_fastrtps_cExport.cmake
[82.436s] -- Installing: /ros2_ws/install/trajectory_msgs/share/trajectory_msgs/cmake/export_trajectory_msgs__rosidl_typesupport_fastrtps_cExport-noconfig.cmake
[82.437s] -- Installing: /ros2_ws/install/trajectory_msgs/share/trajectory_msgs/cmake/export_trajectory_msgs__rosidl_generator_cppExport.cmake
[82.439s] -- Installing: /ros2_ws/install/trajectory_msgs/share/trajectory_msgs/cmake/export_trajectory_msgs__rosidl_typesupport_fastrtps_cppExport.cmake
[82.441s] -- Installing: /ros2_ws/install/trajectory_msgs/share/trajectory_msgs/cmake/export_trajectory_msgs__rosidl_typesupport_fastrtps_cppExport-noconfig.cmake
[82.442s] -- Installing: /ros2_ws/install/trajectory_msgs/share/trajectory_msgs/cmake/trajectory_msgs__rosidl_typesupport_introspection_cExport.cmake
[82.444s] -- Installing: /ros2_ws/install/trajectory_msgs/share/trajectory_msgs/cmake/trajectory_msgs__rosidl_typesupport_introspection_cExport-noconfig.cmake
[82.446s] -- Installing: /ros2_ws/install/trajectory_msgs/share/trajectory_msgs/cmake/trajectory_msgs__rosidl_typesupport_cExport.cmake
[82.447s] -- Installing: /ros2_ws/install/trajectory_msgs/share/trajectory_msgs/cmake/trajectory_msgs__rosidl_typesupport_cExport-noconfig.cmake
[82.449s] -- Installing: /ros2_ws/install/trajectory_msgs/share/trajectory_msgs/cmake/trajectory_msgs__rosidl_typesupport_introspection_cppExport.cmake
[82.451s] -- Installing: /ros2_ws/install/trajectory_msgs/share/trajectory_msgs/cmake/trajectory_msgs__rosidl_typesupport_introspection_cppExport-noconfig.cmake
[82.452s] -- Installing: /ros2_ws/install/trajectory_msgs/share/trajectory_msgs/cmake/trajectory_msgs__rosidl_typesupport_cppExport.cmake
[82.454s] -- Installing: /ros2_ws/install/trajectory_msgs/share/trajectory_msgs/cmake/trajectory_msgs__rosidl_typesupport_cppExport-noconfig.cmake
[82.455s] -- Installing: /ros2_ws/install/trajectory_msgs/share/trajectory_msgs/cmake/export_trajectory_msgs__rosidl_generator_pyExport.cmake
[82.457s] -- Installing: /ros2_ws/install/trajectory_msgs/share/trajectory_msgs/cmake/export_trajectory_msgs__rosidl_generator_pyExport-noconfig.cmake
[82.458s] -- Installing: /ros2_ws/install/trajectory_msgs/share/trajectory_msgs/cmake/rosidl_cmake-extras.cmake
[82.460s] -- Installing: /ros2_ws/install/trajectory_msgs/share/trajectory_msgs/cmake/ament_cmake_export_dependencies-extras.cmake
[82.462s] -- Installing: /ros2_ws/install/trajectory_msgs/share/trajectory_msgs/cmake/ament_cmake_export_include_directories-extras.cmake
[82.463s] -- Installing: /ros2_ws/install/trajectory_msgs/share/trajectory_msgs/cmake/ament_cmake_export_libraries-extras.cmake
[82.465s] -- Installing: /ros2_ws/install/trajectory_msgs/share/trajectory_msgs/cmake/ament_cmake_export_targets-extras.cmake
[82.466s] -- Installing: /ros2_ws/install/trajectory_msgs/share/trajectory_msgs/cmake/rosidl_cmake_export_typesupport_targets-extras.cmake
[82.468s] -- Installing: /ros2_ws/install/trajectory_msgs/share/trajectory_msgs/cmake/rosidl_cmake_export_typesupport_libraries-extras.cmake
[82.474s] -- Installing: /ros2_ws/install/trajectory_msgs/share/trajectory_msgs/cmake/trajectory_msgsConfig.cmake
[82.476s] -- Installing: /ros2_ws/install/trajectory_msgs/share/trajectory_msgs/cmake/trajectory_msgsConfig-version.cmake
[82.478s] -- Installing: /ros2_ws/install/trajectory_msgs/share/trajectory_msgs/package.xml
[82.493s] Invoked command in '/ros2_ws/build/trajectory_msgs' returned '0': AMENT_PREFIX_PATH=/ros2_ws/install/geometry_msgs:/ros2_ws/install/std_msgs:${AMENT_PREFIX_PATH} CMAKE_PREFIX_PATH=/ros2_ws/install/geometry_msgs:/ros2_ws/install/std_msgs:/opt/ros/humble LD_LIBRARY_PATH=/ros2_ws/install/geometry_msgs/lib:/ros2_ws/install/std_msgs/lib:${LD_LIBRARY_PATH} PYTHONPATH=/ros2_ws/install/geometry_msgs/local/lib/python3.10/dist-packages:/ros2_ws/install/std_msgs/local/lib/python3.10/dist-packages:${PYTHONPATH} /usr/bin/cmake --install /ros2_ws/build/trajectory_msgs
