-- The C compiler identification is GNU 11.4.0
-- The CXX compiler identification is GNU 11.4.0
-- Detecting C compiler ABI info
-- Detecting C compiler ABI info - done
-- Check for working C compiler: /usr/bin/cc - skipped
-- Detecting C compile features
-- Detecting C compile features - done
-- Detecting CXX compiler ABI info
-- Detecting CXX compiler ABI info - done
-- Check for working CXX compiler: /usr/bin/c++ - skipped
-- Detecting CXX compile features
-- Detecting CXX compile features - done
-- Found ament_cmake_ros: 0.10.0 (/opt/ros/humble/share/ament_cmake_ros/cmake)
-- Found Python3: /usr/bin/python3 (found version "3.10.12") found components: Interpreter 
-- Found builtin_interfaces: 1.2.2 (/opt/ros/humble/share/builtin_interfaces/cmake)
-- Found rosidl_generator_c: 3.1.8 (/opt/ros/humble/share/rosidl_generator_c/cmake)
-- Found rosidl_adapter: 3.1.8 (/opt/ros/humble/share/rosidl_adapter/cmake)
-- Found rosidl_generator_cpp: 3.1.8 (/opt/ros/humble/share/rosidl_generator_cpp/cmake)
-- Using all available rosidl_typesupport_c: rosidl_typesupport_fastrtps_c;rosidl_typesupport_introspection_c
-- Using all available rosidl_typesupport_cpp: rosidl_typesupport_fastrtps_cpp;rosidl_typesupport_introspection_cpp
-- Found rosidl_default_generators: 1.2.1 (/opt/ros/humble/share/rosidl_default_generators/cmake)
-- Using all available rosidl_typesupport_c: rosidl_typesupport_fastrtps_c;rosidl_typesupport_introspection_c
-- Using all available rosidl_typesupport_cpp: rosidl_typesupport_fastrtps_cpp;rosidl_typesupport_introspection_cpp
-- Found PythonInterp: /usr/bin/python3 (found suitable version "3.10.12", minimum required is "3.6") 
-- Found python_cmake_module: 0.10.0 (/opt/ros/humble/share/python_cmake_module/cmake)
-- Found PythonLibs: /usr/lib/aarch64-linux-gnu/libpython3.10.so (found suitable version "3.10.12", minimum required is "3.5") 
-- Using PYTHON_EXECUTABLE: /usr/bin/python3
-- Using PYTHON_INCLUDE_DIRS: /usr/include/python3.10
-- Using PYTHON_LIBRARIES: /usr/lib/aarch64-linux-gnu/libpython3.10.so
-- Found PythonExtra: .so  
-- Configuring done
-- Generating done
-- Build files have been written to: /ros2_ws/build/rosbridge_msgs
[  2%] [34m[1mGenerating C code for ROS interfaces[0m
[  5%] [34m[1mGenerating Rust code for ROS interfaces[0m
[  7%] [34m[1mGenerating C++ code for ROS interfaces[0m
[  7%] Built target ament_cmake_python_copy_rosbridge_msgs
running egg_info
creating rosbridge_msgs.egg-info
writing rosbridge_msgs.egg-info/PKG-INFO
writing dependency_links to rosbridge_msgs.egg-info/dependency_links.txt
writing top-level names to rosbridge_msgs.egg-info/top_level.txt
writing manifest file 'rosbridge_msgs.egg-info/SOURCES.txt'
reading manifest file 'rosbridge_msgs.egg-info/SOURCES.txt'
writing manifest file 'rosbridge_msgs.egg-info/SOURCES.txt'
[  7%] Built target ament_cmake_python_build_rosbridge_msgs_egg
[  7%] Built target rosbridge_msgs__rs
[  7%] Built target rosbridge_msgs__cpp
[ 10%] [32mBuilding C object CMakeFiles/rosbridge_msgs__rosidl_generator_c.dir/rosidl_generator_c/rosbridge_msgs/msg/detail/connected_client__functions.c.o[0m
[ 12%] [32mBuilding C object CMakeFiles/rosbridge_msgs__rosidl_generator_c.dir/rosidl_generator_c/rosbridge_msgs/msg/detail/connected_clients__functions.c.o[0m
[ 15%] [32m[1mLinking C shared library librosbridge_msgs__rosidl_generator_c.so[0m
[ 15%] Built target rosbridge_msgs__rosidl_generator_c
[ 17%] [34m[1mGenerating C++ type support dispatch for ROS interfaces[0m
[ 20%] [32mBuilding CXX object CMakeFiles/rosbridge_msgs__rosidl_typesupport_cpp.dir/rosidl_typesupport_cpp/rosbridge_msgs/msg/connected_client__type_support.cpp.o[0m
[ 22%] [32mBuilding CXX object CMakeFiles/rosbridge_msgs__rosidl_typesupport_cpp.dir/rosidl_typesupport_cpp/rosbridge_msgs/msg/connected_clients__type_support.cpp.o[0m
[ 25%] [32m[1mLinking CXX shared library librosbridge_msgs__rosidl_typesupport_cpp.so[0m
[ 25%] Built target rosbridge_msgs__rosidl_typesupport_cpp
[ 27%] [34m[1mGenerating C type support for eProsima Fast-RTPS[0m
[ 30%] [32mBuilding CXX object CMakeFiles/rosbridge_msgs__rosidl_typesupport_fastrtps_c.dir/rosidl_typesupport_fastrtps_c/rosbridge_msgs/msg/detail/connected_client__type_support_c.cpp.o[0m
[ 32%] [32mBuilding CXX object CMakeFiles/rosbridge_msgs__rosidl_typesupport_fastrtps_c.dir/rosidl_typesupport_fastrtps_c/rosbridge_msgs/msg/detail/connected_clients__type_support_c.cpp.o[0m
[ 35%] [32m[1mLinking CXX shared library librosbridge_msgs__rosidl_typesupport_fastrtps_c.so[0m
[ 35%] Built target rosbridge_msgs__rosidl_typesupport_fastrtps_c
[ 37%] [34m[1mGenerating C introspection for ROS interfaces[0m
[ 40%] [32mBuilding C object CMakeFiles/rosbridge_msgs__rosidl_typesupport_introspection_c.dir/rosidl_typesupport_introspection_c/rosbridge_msgs/msg/detail/connected_client__type_support.c.o[0m
[ 42%] [32mBuilding C object CMakeFiles/rosbridge_msgs__rosidl_typesupport_introspection_c.dir/rosidl_typesupport_introspection_c/rosbridge_msgs/msg/detail/connected_clients__type_support.c.o[0m
[ 45%] [32m[1mLinking C shared library librosbridge_msgs__rosidl_typesupport_introspection_c.so[0m
[ 45%] Built target rosbridge_msgs__rosidl_typesupport_introspection_c
[ 47%] [34m[1mGenerating C type support dispatch for ROS interfaces[0m
[ 50%] [32mBuilding CXX object CMakeFiles/rosbridge_msgs__rosidl_typesupport_c.dir/rosidl_typesupport_c/rosbridge_msgs/msg/connected_client__type_support.cpp.o[0m
[ 52%] [32mBuilding CXX object CMakeFiles/rosbridge_msgs__rosidl_typesupport_c.dir/rosidl_typesupport_c/rosbridge_msgs/msg/connected_clients__type_support.cpp.o[0m
[ 55%] [32m[1mLinking CXX shared library librosbridge_msgs__rosidl_typesupport_c.so[0m
[ 55%] Built target rosbridge_msgs__rosidl_typesupport_c
[ 57%] [34m[1mGenerating C++ introspection for ROS interfaces[0m
[ 60%] [32mBuilding CXX object CMakeFiles/rosbridge_msgs__rosidl_typesupport_introspection_cpp.dir/rosidl_typesupport_introspection_cpp/rosbridge_msgs/msg/detail/connected_client__type_support.cpp.o[0m
[ 62%] [32mBuilding CXX object CMakeFiles/rosbridge_msgs__rosidl_typesupport_introspection_cpp.dir/rosidl_typesupport_introspection_cpp/rosbridge_msgs/msg/detail/connected_clients__type_support.cpp.o[0m
[ 65%] [32m[1mLinking CXX shared library librosbridge_msgs__rosidl_typesupport_introspection_cpp.so[0m
[ 65%] Built target rosbridge_msgs__rosidl_typesupport_introspection_cpp
[ 67%] [34m[1mGenerating C++ type support for eProsima Fast-RTPS[0m
[ 70%] [32mBuilding CXX object CMakeFiles/rosbridge_msgs__rosidl_typesupport_fastrtps_cpp.dir/rosidl_typesupport_fastrtps_cpp/rosbridge_msgs/msg/detail/dds_fastrtps/connected_client__type_support.cpp.o[0m
[ 72%] [32mBuilding CXX object CMakeFiles/rosbridge_msgs__rosidl_typesupport_fastrtps_cpp.dir/rosidl_typesupport_fastrtps_cpp/rosbridge_msgs/msg/detail/dds_fastrtps/connected_clients__type_support.cpp.o[0m
[ 75%] [32m[1mLinking CXX shared library librosbridge_msgs__rosidl_typesupport_fastrtps_cpp.so[0m
[ 75%] Built target rosbridge_msgs__rosidl_typesupport_fastrtps_cpp
[ 75%] Built target rosbridge_msgs
[ 77%] [34m[1mGenerating Python code for ROS interfaces[0m
[ 77%] Built target rosbridge_msgs__py
[ 80%] [32mBuilding C object CMakeFiles/rosbridge_msgs__rosidl_generator_py.dir/rosidl_generator_py/rosbridge_msgs/msg/_connected_client_s.c.o[0m
[ 82%] [32mBuilding C object CMakeFiles/rosbridge_msgs__rosidl_generator_py.dir/rosidl_generator_py/rosbridge_msgs/msg/_connected_clients_s.c.o[0m
[ 85%] [32m[1mLinking C shared library rosidl_generator_py/rosbridge_msgs/librosbridge_msgs__rosidl_generator_py.so[0m
[ 85%] Built target rosbridge_msgs__rosidl_generator_py
[ 87%] [32mBuilding C object CMakeFiles/rosbridge_msgs__rosidl_typesupport_fastrtps_c__pyext.dir/rosidl_generator_py/rosbridge_msgs/_rosbridge_msgs_s.ep.rosidl_typesupport_fastrtps_c.c.o[0m
[ 90%] [32m[1mLinking C shared library rosidl_generator_py/rosbridge_msgs/rosbridge_msgs_s__rosidl_typesupport_fastrtps_c.cpython-310-aarch64-linux-gnu.so[0m
[ 90%] Built target rosbridge_msgs__rosidl_typesupport_fastrtps_c__pyext
[ 92%] [32mBuilding C object CMakeFiles/rosbridge_msgs__rosidl_typesupport_c__pyext.dir/rosidl_generator_py/rosbridge_msgs/_rosbridge_msgs_s.ep.rosidl_typesupport_c.c.o[0m
[ 95%] [32m[1mLinking C shared library rosidl_generator_py/rosbridge_msgs/rosbridge_msgs_s__rosidl_typesupport_c.cpython-310-aarch64-linux-gnu.so[0m
[ 95%] Built target rosbridge_msgs__rosidl_typesupport_c__pyext
[ 97%] [32mBuilding C object CMakeFiles/rosbridge_msgs__rosidl_typesupport_introspection_c__pyext.dir/rosidl_generator_py/rosbridge_msgs/_rosbridge_msgs_s.ep.rosidl_typesupport_introspection_c.c.o[0m
[100%] [32m[1mLinking C shared library rosidl_generator_py/rosbridge_msgs/rosbridge_msgs_s__rosidl_typesupport_introspection_c.cpython-310-aarch64-linux-gnu.so[0m
[100%] Built target rosbridge_msgs__rosidl_typesupport_introspection_c__pyext
-- Install configuration: ""
-- Installing: /ros2_ws/install/rosbridge_msgs/share/ament_index/resource_index/rosidl_interfaces/rosbridge_msgs
-- Installing: /ros2_ws/install/rosbridge_msgs/include/rosbridge_msgs/rosbridge_msgs
-- Installing: /ros2_ws/install/rosbridge_msgs/include/rosbridge_msgs/rosbridge_msgs/msg
-- Installing: /ros2_ws/install/rosbridge_msgs/include/rosbridge_msgs/rosbridge_msgs/msg/connected_clients.h
-- Installing: /ros2_ws/install/rosbridge_msgs/include/rosbridge_msgs/rosbridge_msgs/msg/connected_client.h
-- Installing: /ros2_ws/install/rosbridge_msgs/include/rosbridge_msgs/rosbridge_msgs/msg/detail
-- Installing: /ros2_ws/install/rosbridge_msgs/include/rosbridge_msgs/rosbridge_msgs/msg/detail/connected_clients__functions.c
-- Installing: /ros2_ws/install/rosbridge_msgs/include/rosbridge_msgs/rosbridge_msgs/msg/detail/connected_clients__type_support.h
-- Installing: /ros2_ws/install/rosbridge_msgs/include/rosbridge_msgs/rosbridge_msgs/msg/detail/connected_clients__struct.h
-- Installing: /ros2_ws/install/rosbridge_msgs/include/rosbridge_msgs/rosbridge_msgs/msg/detail/connected_client__type_support.h
-- Installing: /ros2_ws/install/rosbridge_msgs/include/rosbridge_msgs/rosbridge_msgs/msg/detail/connected_client__functions.h
-- Installing: /ros2_ws/install/rosbridge_msgs/include/rosbridge_msgs/rosbridge_msgs/msg/detail/connected_client__struct.h
-- Installing: /ros2_ws/install/rosbridge_msgs/include/rosbridge_msgs/rosbridge_msgs/msg/detail/connected_clients__functions.h
-- Installing: /ros2_ws/install/rosbridge_msgs/include/rosbridge_msgs/rosbridge_msgs/msg/detail/connected_client__functions.c
-- Installing: /ros2_ws/install/rosbridge_msgs/include/rosbridge_msgs/rosbridge_msgs/msg/rosidl_generator_c__visibility_control.h
-- Installing: /ros2_ws/install/rosbridge_msgs/share/rosbridge_msgs/environment/library_path.sh
-- Installing: /ros2_ws/install/rosbridge_msgs/share/rosbridge_msgs/environment/library_path.dsv
-- Installing: /ros2_ws/install/rosbridge_msgs/lib/librosbridge_msgs__rosidl_generator_c.so
-- Set runtime path of "/ros2_ws/install/rosbridge_msgs/lib/librosbridge_msgs__rosidl_generator_c.so" to ""
-- Up-to-date: /ros2_ws/install/rosbridge_msgs/include/rosbridge_msgs/rosbridge_msgs
-- Up-to-date: /ros2_ws/install/rosbridge_msgs/include/rosbridge_msgs/rosbridge_msgs/msg
-- Installing: /ros2_ws/install/rosbridge_msgs/include/rosbridge_msgs/rosbridge_msgs/msg/rosidl_typesupport_fastrtps_c__visibility_control.h
-- Up-to-date: /ros2_ws/install/rosbridge_msgs/include/rosbridge_msgs/rosbridge_msgs/msg/detail
-- Installing: /ros2_ws/install/rosbridge_msgs/include/rosbridge_msgs/rosbridge_msgs/msg/detail/connected_client__rosidl_typesupport_fastrtps_c.h
-- Installing: /ros2_ws/install/rosbridge_msgs/include/rosbridge_msgs/rosbridge_msgs/msg/detail/connected_clients__rosidl_typesupport_fastrtps_c.h
-- Installing: /ros2_ws/install/rosbridge_msgs/lib/librosbridge_msgs__rosidl_typesupport_fastrtps_c.so
-- Set runtime path of "/ros2_ws/install/rosbridge_msgs/lib/librosbridge_msgs__rosidl_typesupport_fastrtps_c.so" to ""
-- Up-to-date: /ros2_ws/install/rosbridge_msgs/include/rosbridge_msgs/rosbridge_msgs
-- Up-to-date: /ros2_ws/install/rosbridge_msgs/include/rosbridge_msgs/rosbridge_msgs/msg
-- Installing: /ros2_ws/install/rosbridge_msgs/include/rosbridge_msgs/rosbridge_msgs/msg/connected_client.hpp
-- Installing: /ros2_ws/install/rosbridge_msgs/include/rosbridge_msgs/rosbridge_msgs/msg/rosidl_generator_cpp__visibility_control.hpp
-- Up-to-date: /ros2_ws/install/rosbridge_msgs/include/rosbridge_msgs/rosbridge_msgs/msg/detail
-- Installing: /ros2_ws/install/rosbridge_msgs/include/rosbridge_msgs/rosbridge_msgs/msg/detail/connected_clients__traits.hpp
-- Installing: /ros2_ws/install/rosbridge_msgs/include/rosbridge_msgs/rosbridge_msgs/msg/detail/connected_client__type_support.hpp
-- Installing: /ros2_ws/install/rosbridge_msgs/include/rosbridge_msgs/rosbridge_msgs/msg/detail/connected_client__builder.hpp
-- Installing: /ros2_ws/install/rosbridge_msgs/include/rosbridge_msgs/rosbridge_msgs/msg/detail/connected_clients__struct.hpp
-- Installing: /ros2_ws/install/rosbridge_msgs/include/rosbridge_msgs/rosbridge_msgs/msg/detail/connected_clients__type_support.hpp
-- Installing: /ros2_ws/install/rosbridge_msgs/include/rosbridge_msgs/rosbridge_msgs/msg/detail/connected_client__struct.hpp
-- Installing: /ros2_ws/install/rosbridge_msgs/include/rosbridge_msgs/rosbridge_msgs/msg/detail/connected_clients__builder.hpp
-- Installing: /ros2_ws/install/rosbridge_msgs/include/rosbridge_msgs/rosbridge_msgs/msg/detail/connected_client__traits.hpp
-- Installing: /ros2_ws/install/rosbridge_msgs/include/rosbridge_msgs/rosbridge_msgs/msg/connected_clients.hpp
-- Up-to-date: /ros2_ws/install/rosbridge_msgs/include/rosbridge_msgs/rosbridge_msgs
-- Up-to-date: /ros2_ws/install/rosbridge_msgs/include/rosbridge_msgs/rosbridge_msgs/msg
-- Installing: /ros2_ws/install/rosbridge_msgs/include/rosbridge_msgs/rosbridge_msgs/msg/rosidl_typesupport_fastrtps_cpp__visibility_control.h
-- Up-to-date: /ros2_ws/install/rosbridge_msgs/include/rosbridge_msgs/rosbridge_msgs/msg/detail
-- Installing: /ros2_ws/install/rosbridge_msgs/include/rosbridge_msgs/rosbridge_msgs/msg/detail/connected_client__rosidl_typesupport_fastrtps_cpp.hpp
-- Installing: /ros2_ws/install/rosbridge_msgs/include/rosbridge_msgs/rosbridge_msgs/msg/detail/connected_clients__rosidl_typesupport_fastrtps_cpp.hpp
-- Installing: /ros2_ws/install/rosbridge_msgs/include/rosbridge_msgs/rosbridge_msgs/msg/detail/dds_fastrtps
-- Installing: /ros2_ws/install/rosbridge_msgs/lib/librosbridge_msgs__rosidl_typesupport_fastrtps_cpp.so
-- Set runtime path of "/ros2_ws/install/rosbridge_msgs/lib/librosbridge_msgs__rosidl_typesupport_fastrtps_cpp.so" to ""
-- Up-to-date: /ros2_ws/install/rosbridge_msgs/include/rosbridge_msgs/rosbridge_msgs
-- Up-to-date: /ros2_ws/install/rosbridge_msgs/include/rosbridge_msgs/rosbridge_msgs/msg
-- Up-to-date: /ros2_ws/install/rosbridge_msgs/include/rosbridge_msgs/rosbridge_msgs/msg/detail
-- Installing: /ros2_ws/install/rosbridge_msgs/include/rosbridge_msgs/rosbridge_msgs/msg/detail/connected_client__rosidl_typesupport_introspection_c.h
-- Installing: /ros2_ws/install/rosbridge_msgs/include/rosbridge_msgs/rosbridge_msgs/msg/detail/connected_clients__rosidl_typesupport_introspection_c.h
-- Installing: /ros2_ws/install/rosbridge_msgs/include/rosbridge_msgs/rosbridge_msgs/msg/detail/connected_client__type_support.c
-- Installing: /ros2_ws/install/rosbridge_msgs/include/rosbridge_msgs/rosbridge_msgs/msg/detail/connected_clients__type_support.c
-- Installing: /ros2_ws/install/rosbridge_msgs/include/rosbridge_msgs/rosbridge_msgs/msg/rosidl_typesupport_introspection_c__visibility_control.h
-- Installing: /ros2_ws/install/rosbridge_msgs/lib/librosbridge_msgs__rosidl_typesupport_introspection_c.so
-- Set runtime path of "/ros2_ws/install/rosbridge_msgs/lib/librosbridge_msgs__rosidl_typesupport_introspection_c.so" to ""
-- Installing: /ros2_ws/install/rosbridge_msgs/lib/librosbridge_msgs__rosidl_typesupport_c.so
-- Set runtime path of "/ros2_ws/install/rosbridge_msgs/lib/librosbridge_msgs__rosidl_typesupport_c.so" to ""
-- Up-to-date: /ros2_ws/install/rosbridge_msgs/include/rosbridge_msgs/rosbridge_msgs
-- Up-to-date: /ros2_ws/install/rosbridge_msgs/include/rosbridge_msgs/rosbridge_msgs/msg
-- Up-to-date: /ros2_ws/install/rosbridge_msgs/include/rosbridge_msgs/rosbridge_msgs/msg/detail
-- Installing: /ros2_ws/install/rosbridge_msgs/include/rosbridge_msgs/rosbridge_msgs/msg/detail/connected_client__type_support.cpp
-- Installing: /ros2_ws/install/rosbridge_msgs/include/rosbridge_msgs/rosbridge_msgs/msg/detail/connected_clients__rosidl_typesupport_introspection_cpp.hpp
-- Installing: /ros2_ws/install/rosbridge_msgs/include/rosbridge_msgs/rosbridge_msgs/msg/detail/connected_clients__type_support.cpp
-- Installing: /ros2_ws/install/rosbridge_msgs/include/rosbridge_msgs/rosbridge_msgs/msg/detail/connected_client__rosidl_typesupport_introspection_cpp.hpp
-- Installing: /ros2_ws/install/rosbridge_msgs/lib/librosbridge_msgs__rosidl_typesupport_introspection_cpp.so
-- Set runtime path of "/ros2_ws/install/rosbridge_msgs/lib/librosbridge_msgs__rosidl_typesupport_introspection_cpp.so" to ""
-- Installing: /ros2_ws/install/rosbridge_msgs/lib/librosbridge_msgs__rosidl_typesupport_cpp.so
-- Set runtime path of "/ros2_ws/install/rosbridge_msgs/lib/librosbridge_msgs__rosidl_typesupport_cpp.so" to ""
-- Installing: /ros2_ws/install/rosbridge_msgs/share/rosbridge_msgs/environment/pythonpath.sh
-- Installing: /ros2_ws/install/rosbridge_msgs/share/rosbridge_msgs/environment/pythonpath.dsv
-- Installing: /ros2_ws/install/rosbridge_msgs/local/lib/python3.10/dist-packages/rosbridge_msgs-1.3.1-py3.10.egg-info
-- Installing: /ros2_ws/install/rosbridge_msgs/local/lib/python3.10/dist-packages/rosbridge_msgs-1.3.1-py3.10.egg-info/SOURCES.txt
-- Installing: /ros2_ws/install/rosbridge_msgs/local/lib/python3.10/dist-packages/rosbridge_msgs-1.3.1-py3.10.egg-info/dependency_links.txt
-- Installing: /ros2_ws/install/rosbridge_msgs/local/lib/python3.10/dist-packages/rosbridge_msgs-1.3.1-py3.10.egg-info/top_level.txt
-- Installing: /ros2_ws/install/rosbridge_msgs/local/lib/python3.10/dist-packages/rosbridge_msgs-1.3.1-py3.10.egg-info/PKG-INFO
-- Installing: /ros2_ws/install/rosbridge_msgs/local/lib/python3.10/dist-packages/rosbridge_msgs
-- Installing: /ros2_ws/install/rosbridge_msgs/local/lib/python3.10/dist-packages/rosbridge_msgs/rosbridge_msgs_s__rosidl_typesupport_fastrtps_c.cpython-310-aarch64-linux-gnu.so
-- Installing: /ros2_ws/install/rosbridge_msgs/local/lib/python3.10/dist-packages/rosbridge_msgs/__init__.py
-- Installing: /ros2_ws/install/rosbridge_msgs/local/lib/python3.10/dist-packages/rosbridge_msgs/librosbridge_msgs__rosidl_generator_py.so
-- Installing: /ros2_ws/install/rosbridge_msgs/local/lib/python3.10/dist-packages/rosbridge_msgs/rosbridge_msgs_s__rosidl_typesupport_introspection_c.cpython-310-aarch64-linux-gnu.so
-- Installing: /ros2_ws/install/rosbridge_msgs/local/lib/python3.10/dist-packages/rosbridge_msgs/_rosbridge_msgs_s.ep.rosidl_typesupport_c.c
-- Installing: /ros2_ws/install/rosbridge_msgs/local/lib/python3.10/dist-packages/rosbridge_msgs/msg
-- Installing: /ros2_ws/install/rosbridge_msgs/local/lib/python3.10/dist-packages/rosbridge_msgs/msg/_connected_clients_s.c
-- Installing: /ros2_ws/install/rosbridge_msgs/local/lib/python3.10/dist-packages/rosbridge_msgs/msg/__init__.py
-- Installing: /ros2_ws/install/rosbridge_msgs/local/lib/python3.10/dist-packages/rosbridge_msgs/msg/_connected_client.py
-- Installing: /ros2_ws/install/rosbridge_msgs/local/lib/python3.10/dist-packages/rosbridge_msgs/msg/_connected_clients.py
-- Installing: /ros2_ws/install/rosbridge_msgs/local/lib/python3.10/dist-packages/rosbridge_msgs/msg/_connected_client_s.c
-- Installing: /ros2_ws/install/rosbridge_msgs/local/lib/python3.10/dist-packages/rosbridge_msgs/_rosbridge_msgs_s.ep.rosidl_typesupport_fastrtps_c.c
-- Installing: /ros2_ws/install/rosbridge_msgs/local/lib/python3.10/dist-packages/rosbridge_msgs/rosbridge_msgs_s__rosidl_typesupport_c.cpython-310-aarch64-linux-gnu.so
-- Installing: /ros2_ws/install/rosbridge_msgs/local/lib/python3.10/dist-packages/rosbridge_msgs/_rosbridge_msgs_s.ep.rosidl_typesupport_introspection_c.c
Listing '/ros2_ws/install/rosbridge_msgs/local/lib/python3.10/dist-packages/rosbridge_msgs'...
Compiling '/ros2_ws/install/rosbridge_msgs/local/lib/python3.10/dist-packages/rosbridge_msgs/__init__.py'...
Listing '/ros2_ws/install/rosbridge_msgs/local/lib/python3.10/dist-packages/rosbridge_msgs/msg'...
Compiling '/ros2_ws/install/rosbridge_msgs/local/lib/python3.10/dist-packages/rosbridge_msgs/msg/__init__.py'...
Compiling '/ros2_ws/install/rosbridge_msgs/local/lib/python3.10/dist-packages/rosbridge_msgs/msg/_connected_client.py'...
Compiling '/ros2_ws/install/rosbridge_msgs/local/lib/python3.10/dist-packages/rosbridge_msgs/msg/_connected_clients.py'...
-- Installing: /ros2_ws/install/rosbridge_msgs/local/lib/python3.10/dist-packages/rosbridge_msgs/rosbridge_msgs_s__rosidl_typesupport_fastrtps_c.cpython-310-aarch64-linux-gnu.so
-- Set runtime path of "/ros2_ws/install/rosbridge_msgs/local/lib/python3.10/dist-packages/rosbridge_msgs/rosbridge_msgs_s__rosidl_typesupport_fastrtps_c.cpython-310-aarch64-linux-gnu.so" to ""
-- Installing: /ros2_ws/install/rosbridge_msgs/local/lib/python3.10/dist-packages/rosbridge_msgs/rosbridge_msgs_s__rosidl_typesupport_introspection_c.cpython-310-aarch64-linux-gnu.so
-- Set runtime path of "/ros2_ws/install/rosbridge_msgs/local/lib/python3.10/dist-packages/rosbridge_msgs/rosbridge_msgs_s__rosidl_typesupport_introspection_c.cpython-310-aarch64-linux-gnu.so" to ""
-- Installing: /ros2_ws/install/rosbridge_msgs/local/lib/python3.10/dist-packages/rosbridge_msgs/rosbridge_msgs_s__rosidl_typesupport_c.cpython-310-aarch64-linux-gnu.so
-- Set runtime path of "/ros2_ws/install/rosbridge_msgs/local/lib/python3.10/dist-packages/rosbridge_msgs/rosbridge_msgs_s__rosidl_typesupport_c.cpython-310-aarch64-linux-gnu.so" to ""
-- Installing: /ros2_ws/install/rosbridge_msgs/lib/librosbridge_msgs__rosidl_generator_py.so
-- Set runtime path of "/ros2_ws/install/rosbridge_msgs/lib/librosbridge_msgs__rosidl_generator_py.so" to ""
-- Installing: /ros2_ws/install/rosbridge_msgs/share/ament_index/resource_index/rust_packages/rosbridge_msgs
-- Installing: /ros2_ws/install/rosbridge_msgs/share/rosbridge_msgs/rust
-- Installing: /ros2_ws/install/rosbridge_msgs/share/rosbridge_msgs/rust/src
-- Installing: /ros2_ws/install/rosbridge_msgs/share/rosbridge_msgs/rust/src/msg
-- Installing: /ros2_ws/install/rosbridge_msgs/share/rosbridge_msgs/rust/src/msg/rmw.rs
-- Installing: /ros2_ws/install/rosbridge_msgs/share/rosbridge_msgs/rust/src/msg.rs
-- Installing: /ros2_ws/install/rosbridge_msgs/share/rosbridge_msgs/rust/src/lib.rs
-- Installing: /ros2_ws/install/rosbridge_msgs/share/rosbridge_msgs/rust/Cargo.toml
-- Installing: /ros2_ws/install/rosbridge_msgs/share/rosbridge_msgs/rust/build.rs
-- Installing: /ros2_ws/install/rosbridge_msgs/share/rosbridge_msgs/msg/ConnectedClient.idl
-- Installing: /ros2_ws/install/rosbridge_msgs/share/rosbridge_msgs/msg/ConnectedClients.idl
-- Installing: /ros2_ws/install/rosbridge_msgs/share/rosbridge_msgs/msg/ConnectedClient.msg
-- Installing: /ros2_ws/install/rosbridge_msgs/share/rosbridge_msgs/msg/ConnectedClients.msg
-- Installing: /ros2_ws/install/rosbridge_msgs/share/ament_index/resource_index/package_run_dependencies/rosbridge_msgs
-- Installing: /ros2_ws/install/rosbridge_msgs/share/ament_index/resource_index/parent_prefix_path/rosbridge_msgs
-- Installing: /ros2_ws/install/rosbridge_msgs/share/rosbridge_msgs/environment/ament_prefix_path.sh
-- Installing: /ros2_ws/install/rosbridge_msgs/share/rosbridge_msgs/environment/ament_prefix_path.dsv
-- Installing: /ros2_ws/install/rosbridge_msgs/share/rosbridge_msgs/environment/path.sh
-- Installing: /ros2_ws/install/rosbridge_msgs/share/rosbridge_msgs/environment/path.dsv
-- Installing: /ros2_ws/install/rosbridge_msgs/share/rosbridge_msgs/local_setup.bash
-- Installing: /ros2_ws/install/rosbridge_msgs/share/rosbridge_msgs/local_setup.sh
-- Installing: /ros2_ws/install/rosbridge_msgs/share/rosbridge_msgs/local_setup.zsh
-- Installing: /ros2_ws/install/rosbridge_msgs/share/rosbridge_msgs/local_setup.dsv
-- Installing: /ros2_ws/install/rosbridge_msgs/share/rosbridge_msgs/package.dsv
-- Installing: /ros2_ws/install/rosbridge_msgs/share/ament_index/resource_index/packages/rosbridge_msgs
-- Installing: /ros2_ws/install/rosbridge_msgs/share/rosbridge_msgs/cmake/export_rosbridge_msgs__rosidl_generator_cExport.cmake
-- Installing: /ros2_ws/install/rosbridge_msgs/share/rosbridge_msgs/cmake/export_rosbridge_msgs__rosidl_generator_cExport-noconfig.cmake
-- Installing: /ros2_ws/install/rosbridge_msgs/share/rosbridge_msgs/cmake/export_rosbridge_msgs__rosidl_typesupport_fastrtps_cExport.cmake
-- Installing: /ros2_ws/install/rosbridge_msgs/share/rosbridge_msgs/cmake/export_rosbridge_msgs__rosidl_typesupport_fastrtps_cExport-noconfig.cmake
-- Installing: /ros2_ws/install/rosbridge_msgs/share/rosbridge_msgs/cmake/export_rosbridge_msgs__rosidl_generator_cppExport.cmake
-- Installing: /ros2_ws/install/rosbridge_msgs/share/rosbridge_msgs/cmake/export_rosbridge_msgs__rosidl_typesupport_fastrtps_cppExport.cmake
-- Installing: /ros2_ws/install/rosbridge_msgs/share/rosbridge_msgs/cmake/export_rosbridge_msgs__rosidl_typesupport_fastrtps_cppExport-noconfig.cmake
-- Installing: /ros2_ws/install/rosbridge_msgs/share/rosbridge_msgs/cmake/rosbridge_msgs__rosidl_typesupport_introspection_cExport.cmake
-- Installing: /ros2_ws/install/rosbridge_msgs/share/rosbridge_msgs/cmake/rosbridge_msgs__rosidl_typesupport_introspection_cExport-noconfig.cmake
-- Installing: /ros2_ws/install/rosbridge_msgs/share/rosbridge_msgs/cmake/rosbridge_msgs__rosidl_typesupport_cExport.cmake
-- Installing: /ros2_ws/install/rosbridge_msgs/share/rosbridge_msgs/cmake/rosbridge_msgs__rosidl_typesupport_cExport-noconfig.cmake
-- Installing: /ros2_ws/install/rosbridge_msgs/share/rosbridge_msgs/cmake/rosbridge_msgs__rosidl_typesupport_introspection_cppExport.cmake
-- Installing: /ros2_ws/install/rosbridge_msgs/share/rosbridge_msgs/cmake/rosbridge_msgs__rosidl_typesupport_introspection_cppExport-noconfig.cmake
-- Installing: /ros2_ws/install/rosbridge_msgs/share/rosbridge_msgs/cmake/rosbridge_msgs__rosidl_typesupport_cppExport.cmake
-- Installing: /ros2_ws/install/rosbridge_msgs/share/rosbridge_msgs/cmake/rosbridge_msgs__rosidl_typesupport_cppExport-noconfig.cmake
-- Installing: /ros2_ws/install/rosbridge_msgs/share/rosbridge_msgs/cmake/export_rosbridge_msgs__rosidl_generator_pyExport.cmake
-- Installing: /ros2_ws/install/rosbridge_msgs/share/rosbridge_msgs/cmake/export_rosbridge_msgs__rosidl_generator_pyExport-noconfig.cmake
-- Installing: /ros2_ws/install/rosbridge_msgs/share/rosbridge_msgs/cmake/rosidl_cmake-extras.cmake
-- Installing: /ros2_ws/install/rosbridge_msgs/share/rosbridge_msgs/cmake/ament_cmake_export_dependencies-extras.cmake
-- Installing: /ros2_ws/install/rosbridge_msgs/share/rosbridge_msgs/cmake/ament_cmake_export_include_directories-extras.cmake
-- Installing: /ros2_ws/install/rosbridge_msgs/share/rosbridge_msgs/cmake/ament_cmake_export_libraries-extras.cmake
-- Installing: /ros2_ws/install/rosbridge_msgs/share/rosbridge_msgs/cmake/ament_cmake_export_targets-extras.cmake
-- Installing: /ros2_ws/install/rosbridge_msgs/share/rosbridge_msgs/cmake/rosidl_cmake_export_typesupport_targets-extras.cmake
-- Installing: /ros2_ws/install/rosbridge_msgs/share/rosbridge_msgs/cmake/rosidl_cmake_export_typesupport_libraries-extras.cmake
-- Installing: /ros2_ws/install/rosbridge_msgs/share/rosbridge_msgs/cmake/rosbridge_msgsConfig.cmake
-- Installing: /ros2_ws/install/rosbridge_msgs/share/rosbridge_msgs/cmake/rosbridge_msgsConfig-version.cmake
-- Installing: /ros2_ws/install/rosbridge_msgs/share/rosbridge_msgs/package.xml
