[0.089s] Invoking command in '/ros2_ws/build/rosbridge_suite': /usr/local/bin/cmake /ros2_ws/src -DCMAKE_INSTALL_PREFIX=/ros2_ws/install/rosbridge_suite
[0.266s] -- Found ament_cmake_core: 0.9.12 (/opt/ros/foxy/install/share/ament_cmake_core/cmake)
[0.270s] [33mCMake Warning (dev) at /opt/ros/foxy/install/share/ament_cmake_core/cmake/core/python.cmake:22 (find_package):
[0.271s]   Policy CMP0148 is not set: The FindPythonInterp and FindPythonLibs modules
[0.271s]   are removed.  Run "cmake --help-policy CMP0148" for policy details.  Use
[0.272s]   the cmake_policy command to set the policy and suppress this warning.
[0.272s] 
[0.273s] Call Stack (most recent call first):
[0.273s]   /opt/ros/foxy/install/share/ament_cmake_core/cmake/core/all.cmake:53 (include)
[0.274s]   /opt/ros/foxy/install/share/ament_cmake_core/cmake/ament_cmake_core-extras.cmake:17 (include)
[0.274s]   /opt/ros/foxy/install/share/ament_cmake_core/cmake/ament_cmake_coreConfig.cmake:41 (include)
[0.275s]   CMakeLists.txt:3 (find_package)
[0.275s] This warning is for project developers.  Use -Wno-dev to suppress it.
[0.276s] [0m
[0.377s] -- Found PythonInterp: /usr/bin/python3 (found suitable version "3.6.9", minimum required is "3") 
[0.378s] -- Using PYTHON_EXECUTABLE: /usr/bin/python3
[1.442s] [0mCMake Error: File /ros2_ws/src/package.xml does not exist.[0m
[1.443s] [31mCMake Error at /opt/ros/foxy/install/share/ament_cmake_core/cmake/core/stamp.cmake:24 (configure_file):
[1.443s]   configure_file Problem configuring file
[1.444s] Call Stack (most recent call first):
[1.444s]   /opt/ros/foxy/install/share/ament_cmake_core/cmake/core/ament_package_xml.cmake:73 (stamp)
[1.445s]   /opt/ros/foxy/install/share/ament_cmake_core/cmake/core/ament_package_xml.cmake:49 (_ament_package_xml)
[1.445s]   /opt/ros/foxy/install/share/ament_cmake_core/cmake/core/ament_package.cmake:63 (ament_package_xml)
[1.446s]   CMakeLists.txt:4 (ament_package)
[1.446s] 
[1.447s] [0m
[1.454s] -- Configuring incomplete, errors occurred!
[1.480s] Invoked command in '/ros2_ws/build/rosbridge_suite' returned '1': /usr/local/bin/cmake /ros2_ws/src -DCMAKE_INSTALL_PREFIX=/ros2_ws/install/rosbridge_suite
