[0.006s] Invoking command in '/ros2_ws/build/actionlib_msgs': AMENT_PREFIX_PATH=/ros2_ws/install/std_msgs:${AMENT_PREFIX_PATH} CMAKE_PREFIX_PATH=/ros2_ws/install/std_msgs:/opt/ros/humble LD_LIBRARY_PATH=/ros2_ws/install/std_msgs/lib:${LD_LIBRARY_PATH} PYTHONPATH=/ros2_ws/install/std_msgs/local/lib/python3.10/dist-packages:${PYTHONPATH} /usr/bin/cmake --build /ros2_ws/build/actionlib_msgs -- -j4 -l4
[0.165s] [35m[1mConsolidate compiler generated dependencies of target actionlib_msgs__rosidl_generator_c[0m
[0.192s] [  2%] Built target actionlib_msgs__cpp
[0.207s] [  4%] Built target actionlib_msgs__rs
[0.223s] [  4%] Built target ament_cmake_python_copy_actionlib_msgs
[0.259s] [ 14%] Built target actionlib_msgs__rosidl_generator_c
[0.330s] [35m[1mConsolidate compiler generated dependencies of target actionlib_msgs__rosidl_typesupport_introspection_cpp[0m
[0.346s] [35m[1mConsolidate compiler generated dependencies of target actionlib_msgs__rosidl_typesupport_cpp[0m
[0.384s] [35m[1mConsolidate compiler generated dependencies of target actionlib_msgs__rosidl_typesupport_fastrtps_cpp[0m
[0.475s] [ 25%] Built target actionlib_msgs__rosidl_typesupport_introspection_cpp
[0.496s] [ 35%] Built target actionlib_msgs__rosidl_typesupport_cpp
[0.526s] [ 45%] Built target actionlib_msgs__rosidl_typesupport_fastrtps_cpp
[0.602s] [35m[1mConsolidate compiler generated dependencies of target actionlib_msgs__rosidl_typesupport_c[0m
[0.618s] [35m[1mConsolidate compiler generated dependencies of target actionlib_msgs__rosidl_typesupport_introspection_c[0m
[0.657s] [35m[1mConsolidate compiler generated dependencies of target actionlib_msgs__rosidl_typesupport_fastrtps_c[0m
[0.728s] [ 56%] Built target actionlib_msgs__rosidl_typesupport_c
[0.758s] [ 66%] Built target actionlib_msgs__rosidl_typesupport_introspection_c
[0.821s] [ 77%] Built target actionlib_msgs__rosidl_typesupport_fastrtps_c
[1.073s] [ 77%] Built target actionlib_msgs
[1.188s] [ 79%] Built target actionlib_msgs__py
[1.253s] [35m[1mConsolidate compiler generated dependencies of target actionlib_msgs__rosidl_generator_py[0m
[1.311s] [ 87%] Built target actionlib_msgs__rosidl_generator_py
[1.353s] [35m[1mConsolidate compiler generated dependencies of target actionlib_msgs__rosidl_typesupport_introspection_c__pyext[0m
[1.404s] [35m[1mConsolidate compiler generated dependencies of target actionlib_msgs__rosidl_typesupport_c__pyext[0m
[1.405s] [35m[1mConsolidate compiler generated dependencies of target actionlib_msgs__rosidl_typesupport_fastrtps_c__pyext[0m
[1.421s] [ 91%] Built target actionlib_msgs__rosidl_typesupport_introspection_c__pyext
[1.465s] running egg_info
[1.469s] [ 95%] Built target actionlib_msgs__rosidl_typesupport_c__pyext
[1.473s] writing actionlib_msgs.egg-info/PKG-INFO
[1.473s] writing dependency_links to actionlib_msgs.egg-info/dependency_links.txt
[1.474s] writing top-level names to actionlib_msgs.egg-info/top_level.txt
[1.480s] [100%] Built target actionlib_msgs__rosidl_typesupport_fastrtps_c__pyext
[1.486s] reading manifest file 'actionlib_msgs.egg-info/SOURCES.txt'
[1.490s] writing manifest file 'actionlib_msgs.egg-info/SOURCES.txt'
[1.612s] [100%] Built target ament_cmake_python_build_actionlib_msgs_egg
[1.647s] Invoked command in '/ros2_ws/build/actionlib_msgs' returned '0': AMENT_PREFIX_PATH=/ros2_ws/install/std_msgs:${AMENT_PREFIX_PATH} CMAKE_PREFIX_PATH=/ros2_ws/install/std_msgs:/opt/ros/humble LD_LIBRARY_PATH=/ros2_ws/install/std_msgs/lib:${LD_LIBRARY_PATH} PYTHONPATH=/ros2_ws/install/std_msgs/local/lib/python3.10/dist-packages:${PYTHONPATH} /usr/bin/cmake --build /ros2_ws/build/actionlib_msgs -- -j4 -l4
[1.653s] Invoking command in '/ros2_ws/build/actionlib_msgs': AMENT_PREFIX_PATH=/ros2_ws/install/std_msgs:${AMENT_PREFIX_PATH} CMAKE_PREFIX_PATH=/ros2_ws/install/std_msgs:/opt/ros/humble LD_LIBRARY_PATH=/ros2_ws/install/std_msgs/lib:${LD_LIBRARY_PATH} PYTHONPATH=/ros2_ws/install/std_msgs/local/lib/python3.10/dist-packages:${PYTHONPATH} /usr/bin/cmake --install /ros2_ws/build/actionlib_msgs
[1.678s] -- Install configuration: ""
[1.680s] -- Up-to-date: /ros2_ws/install/actionlib_msgs/share/ament_index/resource_index/rosidl_interfaces/actionlib_msgs
[1.681s] -- Up-to-date: /ros2_ws/install/actionlib_msgs/include/actionlib_msgs/actionlib_msgs
[1.682s] -- Up-to-date: /ros2_ws/install/actionlib_msgs/include/actionlib_msgs/actionlib_msgs/msg
[1.682s] -- Up-to-date: /ros2_ws/install/actionlib_msgs/include/actionlib_msgs/actionlib_msgs/msg/goal_id.h
[1.683s] -- Up-to-date: /ros2_ws/install/actionlib_msgs/include/actionlib_msgs/actionlib_msgs/msg/goal_status_array.h
[1.683s] -- Up-to-date: /ros2_ws/install/actionlib_msgs/include/actionlib_msgs/actionlib_msgs/msg/goal_status.h
[1.683s] -- Up-to-date: /ros2_ws/install/actionlib_msgs/include/actionlib_msgs/actionlib_msgs/msg/detail
[1.684s] -- Up-to-date: /ros2_ws/install/actionlib_msgs/include/actionlib_msgs/actionlib_msgs/msg/detail/goal_id__type_support.h
[1.684s] -- Up-to-date: /ros2_ws/install/actionlib_msgs/include/actionlib_msgs/actionlib_msgs/msg/detail/goal_status_array__type_support.h
[1.685s] -- Up-to-date: /ros2_ws/install/actionlib_msgs/include/actionlib_msgs/actionlib_msgs/msg/detail/goal_status_array__functions.c
[1.686s] -- Up-to-date: /ros2_ws/install/actionlib_msgs/include/actionlib_msgs/actionlib_msgs/msg/detail/goal_status__type_support.h
[1.687s] -- Up-to-date: /ros2_ws/install/actionlib_msgs/include/actionlib_msgs/actionlib_msgs/msg/detail/goal_status__functions.c
[1.687s] -- Up-to-date: /ros2_ws/install/actionlib_msgs/include/actionlib_msgs/actionlib_msgs/msg/detail/goal_id__functions.h
[1.687s] -- Up-to-date: /ros2_ws/install/actionlib_msgs/include/actionlib_msgs/actionlib_msgs/msg/detail/goal_status__struct.h
[1.688s] -- Up-to-date: /ros2_ws/install/actionlib_msgs/include/actionlib_msgs/actionlib_msgs/msg/detail/goal_id__functions.c
[1.692s] -- Up-to-date: /ros2_ws/install/actionlib_msgs/include/actionlib_msgs/actionlib_msgs/msg/detail/goal_status_array__struct.h
[1.693s] -- Up-to-date: /ros2_ws/install/actionlib_msgs/include/actionlib_msgs/actionlib_msgs/msg/detail/goal_status_array__functions.h
[1.693s] -- Up-to-date: /ros2_ws/install/actionlib_msgs/include/actionlib_msgs/actionlib_msgs/msg/detail/goal_id__struct.h
[1.694s] -- Up-to-date: /ros2_ws/install/actionlib_msgs/include/actionlib_msgs/actionlib_msgs/msg/detail/goal_status__functions.h
[1.694s] -- Up-to-date: /ros2_ws/install/actionlib_msgs/include/actionlib_msgs/actionlib_msgs/msg/rosidl_generator_c__visibility_control.h
[1.695s] -- Up-to-date: /ros2_ws/install/actionlib_msgs/share/actionlib_msgs/environment/library_path.sh
[1.695s] -- Up-to-date: /ros2_ws/install/actionlib_msgs/share/actionlib_msgs/environment/library_path.dsv
[1.695s] -- Up-to-date: /ros2_ws/install/actionlib_msgs/lib/libactionlib_msgs__rosidl_generator_c.so
[1.696s] -- Up-to-date: /ros2_ws/install/actionlib_msgs/include/actionlib_msgs/actionlib_msgs
[1.697s] -- Up-to-date: /ros2_ws/install/actionlib_msgs/include/actionlib_msgs/actionlib_msgs/msg
[1.697s] -- Up-to-date: /ros2_ws/install/actionlib_msgs/include/actionlib_msgs/actionlib_msgs/msg/rosidl_typesupport_fastrtps_c__visibility_control.h
[1.698s] -- Up-to-date: /ros2_ws/install/actionlib_msgs/include/actionlib_msgs/actionlib_msgs/msg/detail
[1.698s] -- Up-to-date: /ros2_ws/install/actionlib_msgs/include/actionlib_msgs/actionlib_msgs/msg/detail/goal_id__rosidl_typesupport_fastrtps_c.h
[1.698s] -- Up-to-date: /ros2_ws/install/actionlib_msgs/include/actionlib_msgs/actionlib_msgs/msg/detail/goal_status_array__rosidl_typesupport_fastrtps_c.h
[1.699s] -- Up-to-date: /ros2_ws/install/actionlib_msgs/include/actionlib_msgs/actionlib_msgs/msg/detail/goal_status__rosidl_typesupport_fastrtps_c.h
[1.699s] -- Up-to-date: /ros2_ws/install/actionlib_msgs/lib/libactionlib_msgs__rosidl_typesupport_fastrtps_c.so
[1.700s] -- Up-to-date: /ros2_ws/install/actionlib_msgs/include/actionlib_msgs/actionlib_msgs
[1.700s] -- Up-to-date: /ros2_ws/install/actionlib_msgs/include/actionlib_msgs/actionlib_msgs/msg
[1.701s] -- Up-to-date: /ros2_ws/install/actionlib_msgs/include/actionlib_msgs/actionlib_msgs/msg/goal_status.hpp
[1.702s] -- Up-to-date: /ros2_ws/install/actionlib_msgs/include/actionlib_msgs/actionlib_msgs/msg/goal_id.hpp
[1.702s] -- Up-to-date: /ros2_ws/install/actionlib_msgs/include/actionlib_msgs/actionlib_msgs/msg/goal_status_array.hpp
[1.703s] -- Up-to-date: /ros2_ws/install/actionlib_msgs/include/actionlib_msgs/actionlib_msgs/msg/rosidl_generator_cpp__visibility_control.hpp
[1.703s] -- Up-to-date: /ros2_ws/install/actionlib_msgs/include/actionlib_msgs/actionlib_msgs/msg/detail
[1.704s] -- Up-to-date: /ros2_ws/install/actionlib_msgs/include/actionlib_msgs/actionlib_msgs/msg/detail/goal_status__type_support.hpp
[1.704s] -- Up-to-date: /ros2_ws/install/actionlib_msgs/include/actionlib_msgs/actionlib_msgs/msg/detail/goal_status_array__builder.hpp
[1.705s] -- Up-to-date: /ros2_ws/install/actionlib_msgs/include/actionlib_msgs/actionlib_msgs/msg/detail/goal_id__type_support.hpp
[1.705s] -- Up-to-date: /ros2_ws/install/actionlib_msgs/include/actionlib_msgs/actionlib_msgs/msg/detail/goal_id__traits.hpp
[1.706s] -- Up-to-date: /ros2_ws/install/actionlib_msgs/include/actionlib_msgs/actionlib_msgs/msg/detail/goal_status__builder.hpp
[1.706s] -- Up-to-date: /ros2_ws/install/actionlib_msgs/include/actionlib_msgs/actionlib_msgs/msg/detail/goal_status_array__type_support.hpp
[1.706s] -- Up-to-date: /ros2_ws/install/actionlib_msgs/include/actionlib_msgs/actionlib_msgs/msg/detail/goal_status__struct.hpp
[1.707s] -- Up-to-date: /ros2_ws/install/actionlib_msgs/include/actionlib_msgs/actionlib_msgs/msg/detail/goal_status__traits.hpp
[1.707s] -- Up-to-date: /ros2_ws/install/actionlib_msgs/include/actionlib_msgs/actionlib_msgs/msg/detail/goal_status_array__struct.hpp
[1.707s] -- Up-to-date: /ros2_ws/install/actionlib_msgs/include/actionlib_msgs/actionlib_msgs/msg/detail/goal_status_array__traits.hpp
[1.708s] -- Up-to-date: /ros2_ws/install/actionlib_msgs/include/actionlib_msgs/actionlib_msgs/msg/detail/goal_id__struct.hpp
[1.708s] -- Up-to-date: /ros2_ws/install/actionlib_msgs/include/actionlib_msgs/actionlib_msgs/msg/detail/goal_id__builder.hpp
[1.709s] -- Up-to-date: /ros2_ws/install/actionlib_msgs/include/actionlib_msgs/actionlib_msgs
[1.709s] -- Up-to-date: /ros2_ws/install/actionlib_msgs/include/actionlib_msgs/actionlib_msgs/msg
[1.709s] -- Up-to-date: /ros2_ws/install/actionlib_msgs/include/actionlib_msgs/actionlib_msgs/msg/rosidl_typesupport_fastrtps_cpp__visibility_control.h
[1.710s] -- Up-to-date: /ros2_ws/install/actionlib_msgs/include/actionlib_msgs/actionlib_msgs/msg/detail
[1.710s] -- Up-to-date: /ros2_ws/install/actionlib_msgs/include/actionlib_msgs/actionlib_msgs/msg/detail/goal_status_array__rosidl_typesupport_fastrtps_cpp.hpp
[1.710s] -- Up-to-date: /ros2_ws/install/actionlib_msgs/include/actionlib_msgs/actionlib_msgs/msg/detail/goal_status__rosidl_typesupport_fastrtps_cpp.hpp
[1.711s] -- Up-to-date: /ros2_ws/install/actionlib_msgs/include/actionlib_msgs/actionlib_msgs/msg/detail/goal_id__rosidl_typesupport_fastrtps_cpp.hpp
[1.711s] -- Up-to-date: /ros2_ws/install/actionlib_msgs/include/actionlib_msgs/actionlib_msgs/msg/detail/dds_fastrtps
[1.715s] -- Up-to-date: /ros2_ws/install/actionlib_msgs/lib/libactionlib_msgs__rosidl_typesupport_fastrtps_cpp.so
[1.716s] -- Up-to-date: /ros2_ws/install/actionlib_msgs/include/actionlib_msgs/actionlib_msgs
[1.717s] -- Up-to-date: /ros2_ws/install/actionlib_msgs/include/actionlib_msgs/actionlib_msgs/msg
[1.717s] -- Up-to-date: /ros2_ws/install/actionlib_msgs/include/actionlib_msgs/actionlib_msgs/msg/detail
[1.718s] -- Up-to-date: /ros2_ws/install/actionlib_msgs/include/actionlib_msgs/actionlib_msgs/msg/detail/goal_status_array__type_support.c
[1.719s] -- Up-to-date: /ros2_ws/install/actionlib_msgs/include/actionlib_msgs/actionlib_msgs/msg/detail/goal_id__rosidl_typesupport_introspection_c.h
[1.719s] -- Up-to-date: /ros2_ws/install/actionlib_msgs/include/actionlib_msgs/actionlib_msgs/msg/detail/goal_status_array__rosidl_typesupport_introspection_c.h
[1.720s] -- Up-to-date: /ros2_ws/install/actionlib_msgs/include/actionlib_msgs/actionlib_msgs/msg/detail/goal_status__type_support.c
[1.721s] -- Up-to-date: /ros2_ws/install/actionlib_msgs/include/actionlib_msgs/actionlib_msgs/msg/detail/goal_status__rosidl_typesupport_introspection_c.h
[1.721s] -- Up-to-date: /ros2_ws/install/actionlib_msgs/include/actionlib_msgs/actionlib_msgs/msg/detail/goal_id__type_support.c
[1.722s] -- Up-to-date: /ros2_ws/install/actionlib_msgs/include/actionlib_msgs/actionlib_msgs/msg/rosidl_typesupport_introspection_c__visibility_control.h
[1.722s] -- Up-to-date: /ros2_ws/install/actionlib_msgs/lib/libactionlib_msgs__rosidl_typesupport_introspection_c.so
[1.723s] -- Up-to-date: /ros2_ws/install/actionlib_msgs/lib/libactionlib_msgs__rosidl_typesupport_c.so
[1.723s] -- Up-to-date: /ros2_ws/install/actionlib_msgs/include/actionlib_msgs/actionlib_msgs
[1.723s] -- Up-to-date: /ros2_ws/install/actionlib_msgs/include/actionlib_msgs/actionlib_msgs/msg
[1.724s] -- Up-to-date: /ros2_ws/install/actionlib_msgs/include/actionlib_msgs/actionlib_msgs/msg/detail
[1.724s] -- Up-to-date: /ros2_ws/install/actionlib_msgs/include/actionlib_msgs/actionlib_msgs/msg/detail/goal_status_array__type_support.cpp
[1.724s] -- Up-to-date: /ros2_ws/install/actionlib_msgs/include/actionlib_msgs/actionlib_msgs/msg/detail/goal_id__rosidl_typesupport_introspection_cpp.hpp
[1.725s] -- Up-to-date: /ros2_ws/install/actionlib_msgs/include/actionlib_msgs/actionlib_msgs/msg/detail/goal_status__type_support.cpp
[1.725s] -- Up-to-date: /ros2_ws/install/actionlib_msgs/include/actionlib_msgs/actionlib_msgs/msg/detail/goal_status_array__rosidl_typesupport_introspection_cpp.hpp
[1.726s] -- Up-to-date: /ros2_ws/install/actionlib_msgs/include/actionlib_msgs/actionlib_msgs/msg/detail/goal_status__rosidl_typesupport_introspection_cpp.hpp
[1.726s] -- Up-to-date: /ros2_ws/install/actionlib_msgs/include/actionlib_msgs/actionlib_msgs/msg/detail/goal_id__type_support.cpp
[1.726s] -- Up-to-date: /ros2_ws/install/actionlib_msgs/lib/libactionlib_msgs__rosidl_typesupport_introspection_cpp.so
[1.727s] -- Up-to-date: /ros2_ws/install/actionlib_msgs/lib/libactionlib_msgs__rosidl_typesupport_cpp.so
[1.727s] -- Up-to-date: /ros2_ws/install/actionlib_msgs/share/actionlib_msgs/environment/pythonpath.sh
[1.728s] -- Up-to-date: /ros2_ws/install/actionlib_msgs/share/actionlib_msgs/environment/pythonpath.dsv
[1.728s] -- Up-to-date: /ros2_ws/install/actionlib_msgs/local/lib/python3.10/dist-packages/actionlib_msgs-2.0.5-py3.10.egg-info
[1.729s] -- Installing: /ros2_ws/install/actionlib_msgs/local/lib/python3.10/dist-packages/actionlib_msgs-2.0.5-py3.10.egg-info/SOURCES.txt
[1.729s] -- Installing: /ros2_ws/install/actionlib_msgs/local/lib/python3.10/dist-packages/actionlib_msgs-2.0.5-py3.10.egg-info/dependency_links.txt
[1.730s] -- Installing: /ros2_ws/install/actionlib_msgs/local/lib/python3.10/dist-packages/actionlib_msgs-2.0.5-py3.10.egg-info/top_level.txt
[1.730s] -- Installing: /ros2_ws/install/actionlib_msgs/local/lib/python3.10/dist-packages/actionlib_msgs-2.0.5-py3.10.egg-info/PKG-INFO
[1.731s] -- Up-to-date: /ros2_ws/install/actionlib_msgs/local/lib/python3.10/dist-packages/actionlib_msgs
[1.731s] -- Up-to-date: /ros2_ws/install/actionlib_msgs/local/lib/python3.10/dist-packages/actionlib_msgs/_actionlib_msgs_s.ep.rosidl_typesupport_introspection_c.c
[1.732s] -- Up-to-date: /ros2_ws/install/actionlib_msgs/local/lib/python3.10/dist-packages/actionlib_msgs/__init__.py
[1.732s] -- Up-to-date: /ros2_ws/install/actionlib_msgs/local/lib/python3.10/dist-packages/actionlib_msgs/_actionlib_msgs_s.ep.rosidl_typesupport_c.c
[1.733s] -- Up-to-date: /ros2_ws/install/actionlib_msgs/local/lib/python3.10/dist-packages/actionlib_msgs/libactionlib_msgs__rosidl_generator_py.so
[1.733s] -- Up-to-date: /ros2_ws/install/actionlib_msgs/local/lib/python3.10/dist-packages/actionlib_msgs/actionlib_msgs_s__rosidl_typesupport_fastrtps_c.cpython-310-aarch64-linux-gnu.so
[1.733s] -- Up-to-date: /ros2_ws/install/actionlib_msgs/local/lib/python3.10/dist-packages/actionlib_msgs/actionlib_msgs_s__rosidl_typesupport_c.cpython-310-aarch64-linux-gnu.so
[1.734s] -- Up-to-date: /ros2_ws/install/actionlib_msgs/local/lib/python3.10/dist-packages/actionlib_msgs/actionlib_msgs_s__rosidl_typesupport_introspection_c.cpython-310-aarch64-linux-gnu.so
[1.734s] -- Up-to-date: /ros2_ws/install/actionlib_msgs/local/lib/python3.10/dist-packages/actionlib_msgs/msg
[1.735s] -- Up-to-date: /ros2_ws/install/actionlib_msgs/local/lib/python3.10/dist-packages/actionlib_msgs/msg/__init__.py
[1.735s] -- Up-to-date: /ros2_ws/install/actionlib_msgs/local/lib/python3.10/dist-packages/actionlib_msgs/msg/_goal_status_array.py
[1.735s] -- Up-to-date: /ros2_ws/install/actionlib_msgs/local/lib/python3.10/dist-packages/actionlib_msgs/msg/_goal_status_s.c
[1.736s] -- Up-to-date: /ros2_ws/install/actionlib_msgs/local/lib/python3.10/dist-packages/actionlib_msgs/msg/_goal_id.py
[1.737s] -- Up-to-date: /ros2_ws/install/actionlib_msgs/local/lib/python3.10/dist-packages/actionlib_msgs/msg/_goal_status.py
[1.737s] -- Up-to-date: /ros2_ws/install/actionlib_msgs/local/lib/python3.10/dist-packages/actionlib_msgs/msg/_goal_id_s.c
[1.738s] -- Up-to-date: /ros2_ws/install/actionlib_msgs/local/lib/python3.10/dist-packages/actionlib_msgs/msg/_goal_status_array_s.c
[1.738s] -- Up-to-date: /ros2_ws/install/actionlib_msgs/local/lib/python3.10/dist-packages/actionlib_msgs/_actionlib_msgs_s.ep.rosidl_typesupport_fastrtps_c.c
[1.875s] Listing '/ros2_ws/install/actionlib_msgs/local/lib/python3.10/dist-packages/actionlib_msgs'...
[1.875s] Listing '/ros2_ws/install/actionlib_msgs/local/lib/python3.10/dist-packages/actionlib_msgs/msg'...
[1.900s] -- Up-to-date: /ros2_ws/install/actionlib_msgs/local/lib/python3.10/dist-packages/actionlib_msgs/actionlib_msgs_s__rosidl_typesupport_fastrtps_c.cpython-310-aarch64-linux-gnu.so
[1.901s] -- Up-to-date: /ros2_ws/install/actionlib_msgs/local/lib/python3.10/dist-packages/actionlib_msgs/actionlib_msgs_s__rosidl_typesupport_introspection_c.cpython-310-aarch64-linux-gnu.so
[1.902s] -- Up-to-date: /ros2_ws/install/actionlib_msgs/local/lib/python3.10/dist-packages/actionlib_msgs/actionlib_msgs_s__rosidl_typesupport_c.cpython-310-aarch64-linux-gnu.so
[1.904s] -- Up-to-date: /ros2_ws/install/actionlib_msgs/lib/libactionlib_msgs__rosidl_generator_py.so
[1.906s] -- Up-to-date: /ros2_ws/install/actionlib_msgs/share/ament_index/resource_index/rust_packages/actionlib_msgs
[1.906s] -- Up-to-date: /ros2_ws/install/actionlib_msgs/share/actionlib_msgs/rust
[1.906s] -- Up-to-date: /ros2_ws/install/actionlib_msgs/share/actionlib_msgs/rust/src
[1.907s] -- Up-to-date: /ros2_ws/install/actionlib_msgs/share/actionlib_msgs/rust/src/msg
[1.907s] -- Up-to-date: /ros2_ws/install/actionlib_msgs/share/actionlib_msgs/rust/src/msg/rmw.rs
[1.908s] -- Up-to-date: /ros2_ws/install/actionlib_msgs/share/actionlib_msgs/rust/src/msg.rs
[1.908s] -- Up-to-date: /ros2_ws/install/actionlib_msgs/share/actionlib_msgs/rust/src/lib.rs
[1.909s] -- Up-to-date: /ros2_ws/install/actionlib_msgs/share/actionlib_msgs/rust/Cargo.toml
[1.909s] -- Up-to-date: /ros2_ws/install/actionlib_msgs/share/actionlib_msgs/rust/build.rs
[1.910s] -- Up-to-date: /ros2_ws/install/actionlib_msgs/share/actionlib_msgs/msg/GoalID.idl
[1.910s] -- Up-to-date: /ros2_ws/install/actionlib_msgs/share/actionlib_msgs/msg/GoalStatus.idl
[1.910s] -- Up-to-date: /ros2_ws/install/actionlib_msgs/share/actionlib_msgs/msg/GoalStatusArray.idl
[1.911s] -- Up-to-date: /ros2_ws/install/actionlib_msgs/share/actionlib_msgs/msg/GoalID.msg
[1.911s] -- Up-to-date: /ros2_ws/install/actionlib_msgs/share/actionlib_msgs/msg/GoalStatus.msg
[1.912s] -- Up-to-date: /ros2_ws/install/actionlib_msgs/share/actionlib_msgs/msg/GoalStatusArray.msg
[1.912s] -- Up-to-date: /ros2_ws/install/actionlib_msgs/share/ament_index/resource_index/package_run_dependencies/actionlib_msgs
[1.912s] -- Up-to-date: /ros2_ws/install/actionlib_msgs/share/ament_index/resource_index/parent_prefix_path/actionlib_msgs
[1.913s] -- Up-to-date: /ros2_ws/install/actionlib_msgs/share/actionlib_msgs/environment/ament_prefix_path.sh
[1.913s] -- Up-to-date: /ros2_ws/install/actionlib_msgs/share/actionlib_msgs/environment/ament_prefix_path.dsv
[1.914s] -- Up-to-date: /ros2_ws/install/actionlib_msgs/share/actionlib_msgs/environment/path.sh
[1.914s] -- Up-to-date: /ros2_ws/install/actionlib_msgs/share/actionlib_msgs/environment/path.dsv
[1.914s] -- Up-to-date: /ros2_ws/install/actionlib_msgs/share/actionlib_msgs/local_setup.bash
[1.915s] -- Up-to-date: /ros2_ws/install/actionlib_msgs/share/actionlib_msgs/local_setup.sh
[1.915s] -- Up-to-date: /ros2_ws/install/actionlib_msgs/share/actionlib_msgs/local_setup.zsh
[1.915s] -- Up-to-date: /ros2_ws/install/actionlib_msgs/share/actionlib_msgs/local_setup.dsv
[1.916s] -- Installing: /ros2_ws/install/actionlib_msgs/share/actionlib_msgs/package.dsv
[1.916s] -- Up-to-date: /ros2_ws/install/actionlib_msgs/share/ament_index/resource_index/packages/actionlib_msgs
[1.917s] -- Up-to-date: /ros2_ws/install/actionlib_msgs/share/actionlib_msgs/cmake/export_actionlib_msgs__rosidl_generator_cExport.cmake
[1.917s] -- Up-to-date: /ros2_ws/install/actionlib_msgs/share/actionlib_msgs/cmake/export_actionlib_msgs__rosidl_generator_cExport-noconfig.cmake
[1.918s] -- Up-to-date: /ros2_ws/install/actionlib_msgs/share/actionlib_msgs/cmake/export_actionlib_msgs__rosidl_typesupport_fastrtps_cExport.cmake
[1.918s] -- Up-to-date: /ros2_ws/install/actionlib_msgs/share/actionlib_msgs/cmake/export_actionlib_msgs__rosidl_typesupport_fastrtps_cExport-noconfig.cmake
[1.920s] -- Up-to-date: /ros2_ws/install/actionlib_msgs/share/actionlib_msgs/cmake/export_actionlib_msgs__rosidl_generator_cppExport.cmake
[1.921s] -- Up-to-date: /ros2_ws/install/actionlib_msgs/share/actionlib_msgs/cmake/export_actionlib_msgs__rosidl_typesupport_fastrtps_cppExport.cmake
[1.921s] -- Up-to-date: /ros2_ws/install/actionlib_msgs/share/actionlib_msgs/cmake/export_actionlib_msgs__rosidl_typesupport_fastrtps_cppExport-noconfig.cmake
[1.923s] -- Up-to-date: /ros2_ws/install/actionlib_msgs/share/actionlib_msgs/cmake/actionlib_msgs__rosidl_typesupport_introspection_cExport.cmake
[1.923s] -- Up-to-date: /ros2_ws/install/actionlib_msgs/share/actionlib_msgs/cmake/actionlib_msgs__rosidl_typesupport_introspection_cExport-noconfig.cmake
[1.924s] -- Up-to-date: /ros2_ws/install/actionlib_msgs/share/actionlib_msgs/cmake/actionlib_msgs__rosidl_typesupport_cExport.cmake
[1.925s] -- Up-to-date: /ros2_ws/install/actionlib_msgs/share/actionlib_msgs/cmake/actionlib_msgs__rosidl_typesupport_cExport-noconfig.cmake
[1.926s] -- Up-to-date: /ros2_ws/install/actionlib_msgs/share/actionlib_msgs/cmake/actionlib_msgs__rosidl_typesupport_introspection_cppExport.cmake
[1.927s] -- Up-to-date: /ros2_ws/install/actionlib_msgs/share/actionlib_msgs/cmake/actionlib_msgs__rosidl_typesupport_introspection_cppExport-noconfig.cmake
[1.928s] -- Up-to-date: /ros2_ws/install/actionlib_msgs/share/actionlib_msgs/cmake/actionlib_msgs__rosidl_typesupport_cppExport.cmake
[1.928s] -- Up-to-date: /ros2_ws/install/actionlib_msgs/share/actionlib_msgs/cmake/actionlib_msgs__rosidl_typesupport_cppExport-noconfig.cmake
[1.930s] -- Up-to-date: /ros2_ws/install/actionlib_msgs/share/actionlib_msgs/cmake/export_actionlib_msgs__rosidl_generator_pyExport.cmake
[1.930s] -- Up-to-date: /ros2_ws/install/actionlib_msgs/share/actionlib_msgs/cmake/export_actionlib_msgs__rosidl_generator_pyExport-noconfig.cmake
[1.931s] -- Up-to-date: /ros2_ws/install/actionlib_msgs/share/actionlib_msgs/cmake/rosidl_cmake-extras.cmake
[1.931s] -- Up-to-date: /ros2_ws/install/actionlib_msgs/share/actionlib_msgs/cmake/ament_cmake_export_dependencies-extras.cmake
[1.931s] -- Up-to-date: /ros2_ws/install/actionlib_msgs/share/actionlib_msgs/cmake/ament_cmake_export_include_directories-extras.cmake
[1.932s] -- Up-to-date: /ros2_ws/install/actionlib_msgs/share/actionlib_msgs/cmake/ament_cmake_export_libraries-extras.cmake
[1.932s] -- Up-to-date: /ros2_ws/install/actionlib_msgs/share/actionlib_msgs/cmake/ament_cmake_export_targets-extras.cmake
[1.933s] -- Up-to-date: /ros2_ws/install/actionlib_msgs/share/actionlib_msgs/cmake/rosidl_cmake_export_typesupport_targets-extras.cmake
[1.933s] -- Up-to-date: /ros2_ws/install/actionlib_msgs/share/actionlib_msgs/cmake/rosidl_cmake_export_typesupport_libraries-extras.cmake
[1.933s] -- Up-to-date: /ros2_ws/install/actionlib_msgs/share/actionlib_msgs/cmake/actionlib_msgsConfig.cmake
[1.934s] -- Up-to-date: /ros2_ws/install/actionlib_msgs/share/actionlib_msgs/cmake/actionlib_msgsConfig-version.cmake
[1.934s] -- Up-to-date: /ros2_ws/install/actionlib_msgs/share/actionlib_msgs/package.xml
[1.942s] Invoked command in '/ros2_ws/build/actionlib_msgs' returned '0': AMENT_PREFIX_PATH=/ros2_ws/install/std_msgs:${AMENT_PREFIX_PATH} CMAKE_PREFIX_PATH=/ros2_ws/install/std_msgs:/opt/ros/humble LD_LIBRARY_PATH=/ros2_ws/install/std_msgs/lib:${LD_LIBRARY_PATH} PYTHONPATH=/ros2_ws/install/std_msgs/local/lib/python3.10/dist-packages:${PYTHONPATH} /usr/bin/cmake --install /ros2_ws/build/actionlib_msgs
