[0.031s] Invoking command in '/ros2_ws/build/actionlib_msgs': AMENT_PREFIX_PATH=/ros2_ws/install/std_msgs:${AMENT_PREFIX_PATH} CMAKE_PREFIX_PATH=/ros2_ws/install/std_msgs:/opt/ros/humble LD_LIBRARY_PATH=/ros2_ws/install/std_msgs/lib:${LD_LIBRARY_PATH} PYTHONPATH=/ros2_ws/install/std_msgs/local/lib/python3.10/dist-packages:${PYTHONPATH} /usr/bin/cmake /ros2_ws/src/common_interfaces/actionlib_msgs -DCMAKE_INSTALL_PREFIX=/ros2_ws/install/actionlib_msgs
[0.229s] -- The C compiler identification is GNU 11.4.0
[0.429s] -- The CXX compiler identification is GNU 11.4.0
[0.452s] -- Detecting C compiler ABI info
[0.678s] -- Detecting C compiler ABI info - done
[0.709s] -- Check for working C compiler: /usr/bin/cc - skipped
[0.710s] -- Detecting C compile features
[0.711s] -- Detecting C compile features - done
[0.722s] -- Detecting CXX compiler ABI info
[0.983s] -- Detecting CXX compiler ABI info - done
[1.015s] -- Check for working CXX compiler: /usr/bin/c++ - skipped
[1.016s] -- Detecting CXX compile features
[1.018s] -- Detecting CXX compile features - done
[1.034s] -- Found ament_cmake: 1.3.14 (/opt/ros/humble/share/ament_cmake/cmake)
[1.569s] -- Found Python3: /usr/bin/python3 (found version "3.10.12") found components: Interpreter 
[2.004s] -- Found builtin_interfaces: 1.2.2 (/opt/ros/humble/share/builtin_interfaces/cmake)
[2.147s] -- Found rosidl_generator_c: 3.1.8 (/opt/ros/humble/share/rosidl_generator_c/cmake)
[2.173s] -- Found rosidl_adapter: 3.1.8 (/opt/ros/humble/share/rosidl_adapter/cmake)
[2.212s] -- Found rosidl_generator_cpp: 3.1.8 (/opt/ros/humble/share/rosidl_generator_cpp/cmake)
[2.265s] -- Using all available rosidl_typesupport_c: rosidl_typesupport_fastrtps_c;rosidl_typesupport_introspection_c
[2.338s] -- Using all available rosidl_typesupport_cpp: rosidl_typesupport_fastrtps_cpp;rosidl_typesupport_introspection_cpp
[2.408s] -- Found rosidl_default_generators: 1.2.1 (/opt/ros/humble/share/rosidl_default_generators/cmake)
[2.463s] -- Found std_msgs: 2.0.5 (/ros2_ws/install/std_msgs/share/std_msgs/cmake)
[3.720s] -- Found ament_cmake_cppcheck: 0.12.15 (/opt/ros/humble/share/ament_cmake_cppcheck/cmake)
[3.730s] -- Found ament_cmake_cpplint: 0.12.15 (/opt/ros/humble/share/ament_cmake_cpplint/cmake)
[3.740s] -- Found ament_cmake_uncrustify: 0.12.15 (/opt/ros/humble/share/ament_cmake_uncrustify/cmake)
[3.751s] -- Found ament_cmake_ros: 0.10.0 (/opt/ros/humble/share/ament_cmake_ros/cmake)
[5.115s] -- Using all available rosidl_typesupport_c: rosidl_typesupport_fastrtps_c;rosidl_typesupport_introspection_c
[5.648s] -- Using all available rosidl_typesupport_cpp: rosidl_typesupport_fastrtps_cpp;rosidl_typesupport_introspection_cpp
[5.715s] -- Found PythonInterp: /usr/bin/python3 (found suitable version "3.10.12", minimum required is "3.6") 
[5.722s] -- Found python_cmake_module: 0.10.0 (/opt/ros/humble/share/python_cmake_module/cmake)
[5.795s] -- Found PythonLibs: /usr/lib/aarch64-linux-gnu/libpython3.10.so (found suitable version "3.10.12", minimum required is "3.5") 
[5.796s] -- Using PYTHON_EXECUTABLE: /usr/bin/python3
[5.797s] -- Using PYTHON_INCLUDE_DIRS: /usr/include/python3.10
[5.797s] -- Using PYTHON_LIBRARIES: /usr/lib/aarch64-linux-gnu/libpython3.10.so
[5.860s] -- Found PythonExtra: .so  
[6.039s] -- Found ament_cmake_flake8: 0.12.15 (/opt/ros/humble/share/ament_cmake_flake8/cmake)
[6.049s] -- Found ament_cmake_pep257: 0.12.15 (/opt/ros/humble/share/ament_cmake_pep257/cmake)
[6.345s] -- Configuring done
[6.497s] -- Generating done
[6.544s] -- Build files have been written to: /ros2_ws/build/actionlib_msgs
[6.580s] Invoked command in '/ros2_ws/build/actionlib_msgs' returned '0': AMENT_PREFIX_PATH=/ros2_ws/install/std_msgs:${AMENT_PREFIX_PATH} CMAKE_PREFIX_PATH=/ros2_ws/install/std_msgs:/opt/ros/humble LD_LIBRARY_PATH=/ros2_ws/install/std_msgs/lib:${LD_LIBRARY_PATH} PYTHONPATH=/ros2_ws/install/std_msgs/local/lib/python3.10/dist-packages:${PYTHONPATH} /usr/bin/cmake /ros2_ws/src/common_interfaces/actionlib_msgs -DCMAKE_INSTALL_PREFIX=/ros2_ws/install/actionlib_msgs
[6.585s] Invoking command in '/ros2_ws/build/actionlib_msgs': AMENT_PREFIX_PATH=/ros2_ws/install/std_msgs:${AMENT_PREFIX_PATH} CMAKE_PREFIX_PATH=/ros2_ws/install/std_msgs:/opt/ros/humble LD_LIBRARY_PATH=/ros2_ws/install/std_msgs/lib:${LD_LIBRARY_PATH} PYTHONPATH=/ros2_ws/install/std_msgs/local/lib/python3.10/dist-packages:${PYTHONPATH} /usr/bin/cmake --build /ros2_ws/build/actionlib_msgs -- -j4 -l4
[6.723s] [  2%] [34m[1mGenerating C code for ROS interfaces[0m
[6.756s] [  4%] [34m[1mGenerating C++ code for ROS interfaces[0m
[6.763s] [  6%] [34m[1mGenerating Rust code for ROS interfaces[0m
[9.473s] [  6%] Built target actionlib_msgs__rs
[9.730s] [  6%] Built target ament_cmake_python_copy_actionlib_msgs
[10.940s] [  6%] Built target actionlib_msgs__cpp
[10.980s] running egg_info
[10.983s] creating actionlib_msgs.egg-info
[10.984s] writing actionlib_msgs.egg-info/PKG-INFO
[10.984s] writing dependency_links to actionlib_msgs.egg-info/dependency_links.txt
[10.985s] writing top-level names to actionlib_msgs.egg-info/top_level.txt
[10.986s] writing manifest file 'actionlib_msgs.egg-info/SOURCES.txt'
[10.995s] reading manifest file 'actionlib_msgs.egg-info/SOURCES.txt'
[10.998s] writing manifest file 'actionlib_msgs.egg-info/SOURCES.txt'
[11.077s] [  8%] [34m[1mGenerating C++ type support for eProsima Fast-RTPS[0m
[11.097s] [ 10%] [34m[1mGenerating C++ introspection for ROS interfaces[0m
[11.119s] [ 12%] [32mBuilding C object CMakeFiles/actionlib_msgs__rosidl_generator_c.dir/rosidl_generator_c/actionlib_msgs/msg/detail/goal_id__functions.c.o[0m
[11.160s] [ 12%] Built target ament_cmake_python_build_actionlib_msgs_egg
[11.307s] [ 14%] [34m[1mGenerating C++ type support dispatch for ROS interfaces[0m
[11.595s] [ 16%] [32mBuilding C object CMakeFiles/actionlib_msgs__rosidl_generator_c.dir/rosidl_generator_c/actionlib_msgs/msg/detail/goal_status__functions.c.o[0m
[12.091s] [ 18%] [32mBuilding C object CMakeFiles/actionlib_msgs__rosidl_generator_c.dir/rosidl_generator_c/actionlib_msgs/msg/detail/goal_status_array__functions.c.o[0m
[12.381s] [ 20%] [32m[1mLinking C shared library libactionlib_msgs__rosidl_generator_c.so[0m
[12.653s] [ 20%] Built target actionlib_msgs__rosidl_generator_c
[12.749s] [ 22%] [34m[1mGenerating C introspection for ROS interfaces[0m
[15.834s] [ 25%] [32mBuilding CXX object CMakeFiles/actionlib_msgs__rosidl_typesupport_introspection_cpp.dir/rosidl_typesupport_introspection_cpp/actionlib_msgs/msg/detail/goal_id__type_support.cpp.o[0m
[15.957s] [ 27%] [32mBuilding CXX object CMakeFiles/actionlib_msgs__rosidl_typesupport_fastrtps_cpp.dir/rosidl_typesupport_fastrtps_cpp/actionlib_msgs/msg/detail/dds_fastrtps/goal_id__type_support.cpp.o[0m
[16.064s] [ 29%] [32mBuilding CXX object CMakeFiles/actionlib_msgs__rosidl_typesupport_cpp.dir/rosidl_typesupport_cpp/actionlib_msgs/msg/goal_id__type_support.cpp.o[0m
[16.693s] [ 31%] [32mBuilding C object CMakeFiles/actionlib_msgs__rosidl_typesupport_introspection_c.dir/rosidl_typesupport_introspection_c/actionlib_msgs/msg/detail/goal_id__type_support.c.o[0m
[17.051s] [ 33%] [32mBuilding C object CMakeFiles/actionlib_msgs__rosidl_typesupport_introspection_c.dir/rosidl_typesupport_introspection_c/actionlib_msgs/msg/detail/goal_status__type_support.c.o[0m
[17.395s] [ 35%] [32mBuilding C object CMakeFiles/actionlib_msgs__rosidl_typesupport_introspection_c.dir/rosidl_typesupport_introspection_c/actionlib_msgs/msg/detail/goal_status_array__type_support.c.o[0m
[17.609s] [ 37%] [32m[1mLinking C shared library libactionlib_msgs__rosidl_typesupport_introspection_c.so[0m
[17.830s] [ 37%] Built target actionlib_msgs__rosidl_typesupport_introspection_c
[17.883s] [ 39%] [32mBuilding CXX object CMakeFiles/actionlib_msgs__rosidl_typesupport_cpp.dir/rosidl_typesupport_cpp/actionlib_msgs/msg/goal_status__type_support.cpp.o[0m
[18.568s] [ 41%] [32mBuilding CXX object CMakeFiles/actionlib_msgs__rosidl_typesupport_introspection_cpp.dir/rosidl_typesupport_introspection_cpp/actionlib_msgs/msg/detail/goal_status__type_support.cpp.o[0m
[18.938s] [ 43%] [32mBuilding CXX object CMakeFiles/actionlib_msgs__rosidl_typesupport_fastrtps_cpp.dir/rosidl_typesupport_fastrtps_cpp/actionlib_msgs/msg/detail/dds_fastrtps/goal_status__type_support.cpp.o[0m
[19.610s] [ 45%] [32mBuilding CXX object CMakeFiles/actionlib_msgs__rosidl_typesupport_cpp.dir/rosidl_typesupport_cpp/actionlib_msgs/msg/goal_status_array__type_support.cpp.o[0m
[21.070s] [ 47%] [32mBuilding CXX object CMakeFiles/actionlib_msgs__rosidl_typesupport_introspection_cpp.dir/rosidl_typesupport_introspection_cpp/actionlib_msgs/msg/detail/goal_status_array__type_support.cpp.o[0m
[21.098s] [ 50%] [32mBuilding CXX object CMakeFiles/actionlib_msgs__rosidl_typesupport_fastrtps_cpp.dir/rosidl_typesupport_fastrtps_cpp/actionlib_msgs/msg/detail/dds_fastrtps/goal_status_array__type_support.cpp.o[0m
[21.233s] [ 52%] [32m[1mLinking CXX shared library libactionlib_msgs__rosidl_typesupport_cpp.so[0m
[21.492s] [ 52%] Built target actionlib_msgs__rosidl_typesupport_cpp
[23.017s] [ 54%] [32m[1mLinking CXX shared library libactionlib_msgs__rosidl_typesupport_introspection_cpp.so[0m
[23.270s] [ 56%] [32m[1mLinking CXX shared library libactionlib_msgs__rosidl_typesupport_fastrtps_cpp.so[0m
[23.293s] [ 56%] Built target actionlib_msgs__rosidl_typesupport_introspection_cpp
[23.539s] [ 56%] Built target actionlib_msgs__rosidl_typesupport_fastrtps_cpp
[23.568s] [ 58%] [34m[1mGenerating C type support for eProsima Fast-RTPS[0m
[26.316s] [ 60%] [32mBuilding CXX object CMakeFiles/actionlib_msgs__rosidl_typesupport_fastrtps_c.dir/rosidl_typesupport_fastrtps_c/actionlib_msgs/msg/detail/goal_id__type_support_c.cpp.o[0m
[27.817s] [ 62%] [32mBuilding CXX object CMakeFiles/actionlib_msgs__rosidl_typesupport_fastrtps_c.dir/rosidl_typesupport_fastrtps_c/actionlib_msgs/msg/detail/goal_status_array__type_support_c.cpp.o[0m
[29.219s] [ 64%] [32mBuilding CXX object CMakeFiles/actionlib_msgs__rosidl_typesupport_fastrtps_c.dir/rosidl_typesupport_fastrtps_c/actionlib_msgs/msg/detail/goal_status__type_support_c.cpp.o[0m
[30.627s] [ 66%] [32m[1mLinking CXX shared library libactionlib_msgs__rosidl_typesupport_fastrtps_c.so[0m
[30.878s] [ 66%] Built target actionlib_msgs__rosidl_typesupport_fastrtps_c
[30.909s] [ 68%] [34m[1mGenerating C type support dispatch for ROS interfaces[0m
[33.151s] [ 70%] [32mBuilding CXX object CMakeFiles/actionlib_msgs__rosidl_typesupport_c.dir/rosidl_typesupport_c/actionlib_msgs/msg/goal_id__type_support.cpp.o[0m
[33.153s] [ 72%] [32mBuilding CXX object CMakeFiles/actionlib_msgs__rosidl_typesupport_c.dir/rosidl_typesupport_c/actionlib_msgs/msg/goal_status__type_support.cpp.o[0m
[33.272s] [ 75%] [32mBuilding CXX object CMakeFiles/actionlib_msgs__rosidl_typesupport_c.dir/rosidl_typesupport_c/actionlib_msgs/msg/goal_status_array__type_support.cpp.o[0m
[33.387s] [ 77%] [32m[1mLinking CXX shared library libactionlib_msgs__rosidl_typesupport_c.so[0m
[33.516s] [ 77%] Built target actionlib_msgs__rosidl_typesupport_c
[33.575s] [ 77%] Built target actionlib_msgs
[33.636s] [ 79%] [34m[1mGenerating Python code for ROS interfaces[0m
[39.061s] [ 79%] Built target actionlib_msgs__py
[39.234s] [ 81%] [32mBuilding C object CMakeFiles/actionlib_msgs__rosidl_generator_py.dir/rosidl_generator_py/actionlib_msgs/msg/_goal_id_s.c.o[0m
[39.897s] [ 83%] [32mBuilding C object CMakeFiles/actionlib_msgs__rosidl_generator_py.dir/rosidl_generator_py/actionlib_msgs/msg/_goal_status_array_s.c.o[0m
[40.749s] [ 85%] [32mBuilding C object CMakeFiles/actionlib_msgs__rosidl_generator_py.dir/rosidl_generator_py/actionlib_msgs/msg/_goal_status_s.c.o[0m
[41.409s] [ 87%] [32m[1mLinking C shared library rosidl_generator_py/actionlib_msgs/libactionlib_msgs__rosidl_generator_py.so[0m
[41.709s] [ 87%] Built target actionlib_msgs__rosidl_generator_py
[41.855s] [ 89%] [32mBuilding C object CMakeFiles/actionlib_msgs__rosidl_typesupport_fastrtps_c__pyext.dir/rosidl_generator_py/actionlib_msgs/_actionlib_msgs_s.ep.rosidl_typesupport_fastrtps_c.c.o[0m
[42.667s] [ 91%] [32m[1mLinking C shared library rosidl_generator_py/actionlib_msgs/actionlib_msgs_s__rosidl_typesupport_fastrtps_c.cpython-310-aarch64-linux-gnu.so[0m
[42.809s] [ 91%] Built target actionlib_msgs__rosidl_typesupport_fastrtps_c__pyext
[42.871s] [ 93%] [32mBuilding C object CMakeFiles/actionlib_msgs__rosidl_typesupport_c__pyext.dir/rosidl_generator_py/actionlib_msgs/_actionlib_msgs_s.ep.rosidl_typesupport_c.c.o[0m
[43.677s] [ 95%] [32m[1mLinking C shared library rosidl_generator_py/actionlib_msgs/actionlib_msgs_s__rosidl_typesupport_c.cpython-310-aarch64-linux-gnu.so[0m
[43.975s] [ 95%] Built target actionlib_msgs__rosidl_typesupport_c__pyext
[44.109s] [ 97%] [32mBuilding C object CMakeFiles/actionlib_msgs__rosidl_typesupport_introspection_c__pyext.dir/rosidl_generator_py/actionlib_msgs/_actionlib_msgs_s.ep.rosidl_typesupport_introspection_c.c.o[0m
[44.972s] [100%] [32m[1mLinking C shared library rosidl_generator_py/actionlib_msgs/actionlib_msgs_s__rosidl_typesupport_introspection_c.cpython-310-aarch64-linux-gnu.so[0m
[45.255s] [100%] Built target actionlib_msgs__rosidl_typesupport_introspection_c__pyext
[45.298s] Invoked command in '/ros2_ws/build/actionlib_msgs' returned '0': AMENT_PREFIX_PATH=/ros2_ws/install/std_msgs:${AMENT_PREFIX_PATH} CMAKE_PREFIX_PATH=/ros2_ws/install/std_msgs:/opt/ros/humble LD_LIBRARY_PATH=/ros2_ws/install/std_msgs/lib:${LD_LIBRARY_PATH} PYTHONPATH=/ros2_ws/install/std_msgs/local/lib/python3.10/dist-packages:${PYTHONPATH} /usr/bin/cmake --build /ros2_ws/build/actionlib_msgs -- -j4 -l4
[45.299s] Invoking command in '/ros2_ws/build/actionlib_msgs': AMENT_PREFIX_PATH=/ros2_ws/install/std_msgs:${AMENT_PREFIX_PATH} CMAKE_PREFIX_PATH=/ros2_ws/install/std_msgs:/opt/ros/humble LD_LIBRARY_PATH=/ros2_ws/install/std_msgs/lib:${LD_LIBRARY_PATH} PYTHONPATH=/ros2_ws/install/std_msgs/local/lib/python3.10/dist-packages:${PYTHONPATH} /usr/bin/cmake --install /ros2_ws/build/actionlib_msgs
[45.324s] -- Install configuration: ""
[45.325s] -- Installing: /ros2_ws/install/actionlib_msgs/share/ament_index/resource_index/rosidl_interfaces/actionlib_msgs
[45.326s] -- Installing: /ros2_ws/install/actionlib_msgs/include/actionlib_msgs/actionlib_msgs
[45.326s] -- Installing: /ros2_ws/install/actionlib_msgs/include/actionlib_msgs/actionlib_msgs/msg
[45.327s] -- Installing: /ros2_ws/install/actionlib_msgs/include/actionlib_msgs/actionlib_msgs/msg/goal_id.h
[45.327s] -- Installing: /ros2_ws/install/actionlib_msgs/include/actionlib_msgs/actionlib_msgs/msg/goal_status_array.h
[45.328s] -- Installing: /ros2_ws/install/actionlib_msgs/include/actionlib_msgs/actionlib_msgs/msg/goal_status.h
[45.328s] -- Installing: /ros2_ws/install/actionlib_msgs/include/actionlib_msgs/actionlib_msgs/msg/detail
[45.329s] -- Installing: /ros2_ws/install/actionlib_msgs/include/actionlib_msgs/actionlib_msgs/msg/detail/goal_id__type_support.h
[45.330s] -- Installing: /ros2_ws/install/actionlib_msgs/include/actionlib_msgs/actionlib_msgs/msg/detail/goal_status_array__type_support.h
[45.330s] -- Installing: /ros2_ws/install/actionlib_msgs/include/actionlib_msgs/actionlib_msgs/msg/detail/goal_status_array__functions.c
[45.331s] -- Installing: /ros2_ws/install/actionlib_msgs/include/actionlib_msgs/actionlib_msgs/msg/detail/goal_status__type_support.h
[45.332s] -- Installing: /ros2_ws/install/actionlib_msgs/include/actionlib_msgs/actionlib_msgs/msg/detail/goal_status__functions.c
[45.334s] -- Installing: /ros2_ws/install/actionlib_msgs/include/actionlib_msgs/actionlib_msgs/msg/detail/goal_id__functions.h
[45.335s] -- Installing: /ros2_ws/install/actionlib_msgs/include/actionlib_msgs/actionlib_msgs/msg/detail/goal_status__struct.h
[45.336s] -- Installing: /ros2_ws/install/actionlib_msgs/include/actionlib_msgs/actionlib_msgs/msg/detail/goal_id__functions.c
[45.338s] -- Installing: /ros2_ws/install/actionlib_msgs/include/actionlib_msgs/actionlib_msgs/msg/detail/goal_status_array__struct.h
[45.339s] -- Installing: /ros2_ws/install/actionlib_msgs/include/actionlib_msgs/actionlib_msgs/msg/detail/goal_status_array__functions.h
[45.341s] -- Installing: /ros2_ws/install/actionlib_msgs/include/actionlib_msgs/actionlib_msgs/msg/detail/goal_id__struct.h
[45.342s] -- Installing: /ros2_ws/install/actionlib_msgs/include/actionlib_msgs/actionlib_msgs/msg/detail/goal_status__functions.h
[45.344s] -- Installing: /ros2_ws/install/actionlib_msgs/include/actionlib_msgs/actionlib_msgs/msg/rosidl_generator_c__visibility_control.h
[45.345s] -- Installing: /ros2_ws/install/actionlib_msgs/share/actionlib_msgs/environment/library_path.sh
[45.347s] -- Installing: /ros2_ws/install/actionlib_msgs/share/actionlib_msgs/environment/library_path.dsv
[45.349s] -- Installing: /ros2_ws/install/actionlib_msgs/lib/libactionlib_msgs__rosidl_generator_c.so
[45.351s] -- Set runtime path of "/ros2_ws/install/actionlib_msgs/lib/libactionlib_msgs__rosidl_generator_c.so" to ""
[45.352s] -- Up-to-date: /ros2_ws/install/actionlib_msgs/include/actionlib_msgs/actionlib_msgs
[45.353s] -- Up-to-date: /ros2_ws/install/actionlib_msgs/include/actionlib_msgs/actionlib_msgs/msg
[45.354s] -- Installing: /ros2_ws/install/actionlib_msgs/include/actionlib_msgs/actionlib_msgs/msg/rosidl_typesupport_fastrtps_c__visibility_control.h
[45.355s] -- Up-to-date: /ros2_ws/install/actionlib_msgs/include/actionlib_msgs/actionlib_msgs/msg/detail
[45.356s] -- Installing: /ros2_ws/install/actionlib_msgs/include/actionlib_msgs/actionlib_msgs/msg/detail/goal_id__rosidl_typesupport_fastrtps_c.h
[45.358s] -- Installing: /ros2_ws/install/actionlib_msgs/include/actionlib_msgs/actionlib_msgs/msg/detail/goal_status_array__rosidl_typesupport_fastrtps_c.h
[45.359s] -- Installing: /ros2_ws/install/actionlib_msgs/include/actionlib_msgs/actionlib_msgs/msg/detail/goal_status__rosidl_typesupport_fastrtps_c.h
[45.361s] -- Installing: /ros2_ws/install/actionlib_msgs/lib/libactionlib_msgs__rosidl_typesupport_fastrtps_c.so
[45.364s] -- Set runtime path of "/ros2_ws/install/actionlib_msgs/lib/libactionlib_msgs__rosidl_typesupport_fastrtps_c.so" to ""
[45.365s] -- Up-to-date: /ros2_ws/install/actionlib_msgs/include/actionlib_msgs/actionlib_msgs
[45.366s] -- Up-to-date: /ros2_ws/install/actionlib_msgs/include/actionlib_msgs/actionlib_msgs/msg
[45.367s] -- Installing: /ros2_ws/install/actionlib_msgs/include/actionlib_msgs/actionlib_msgs/msg/goal_status.hpp
[45.368s] -- Installing: /ros2_ws/install/actionlib_msgs/include/actionlib_msgs/actionlib_msgs/msg/goal_id.hpp
[45.369s] -- Installing: /ros2_ws/install/actionlib_msgs/include/actionlib_msgs/actionlib_msgs/msg/goal_status_array.hpp
[45.371s] -- Installing: /ros2_ws/install/actionlib_msgs/include/actionlib_msgs/actionlib_msgs/msg/rosidl_generator_cpp__visibility_control.hpp
[45.374s] -- Up-to-date: /ros2_ws/install/actionlib_msgs/include/actionlib_msgs/actionlib_msgs/msg/detail
[45.375s] -- Installing: /ros2_ws/install/actionlib_msgs/include/actionlib_msgs/actionlib_msgs/msg/detail/goal_status__type_support.hpp
[45.376s] -- Installing: /ros2_ws/install/actionlib_msgs/include/actionlib_msgs/actionlib_msgs/msg/detail/goal_status_array__builder.hpp
[45.378s] -- Installing: /ros2_ws/install/actionlib_msgs/include/actionlib_msgs/actionlib_msgs/msg/detail/goal_id__type_support.hpp
[45.379s] -- Installing: /ros2_ws/install/actionlib_msgs/include/actionlib_msgs/actionlib_msgs/msg/detail/goal_id__traits.hpp
[45.381s] -- Installing: /ros2_ws/install/actionlib_msgs/include/actionlib_msgs/actionlib_msgs/msg/detail/goal_status__builder.hpp
[45.382s] -- Installing: /ros2_ws/install/actionlib_msgs/include/actionlib_msgs/actionlib_msgs/msg/detail/goal_status_array__type_support.hpp
[45.383s] -- Installing: /ros2_ws/install/actionlib_msgs/include/actionlib_msgs/actionlib_msgs/msg/detail/goal_status__struct.hpp
[45.385s] -- Installing: /ros2_ws/install/actionlib_msgs/include/actionlib_msgs/actionlib_msgs/msg/detail/goal_status__traits.hpp
[45.386s] -- Installing: /ros2_ws/install/actionlib_msgs/include/actionlib_msgs/actionlib_msgs/msg/detail/goal_status_array__struct.hpp
[45.387s] -- Installing: /ros2_ws/install/actionlib_msgs/include/actionlib_msgs/actionlib_msgs/msg/detail/goal_status_array__traits.hpp
[45.389s] -- Installing: /ros2_ws/install/actionlib_msgs/include/actionlib_msgs/actionlib_msgs/msg/detail/goal_id__struct.hpp
[45.390s] -- Installing: /ros2_ws/install/actionlib_msgs/include/actionlib_msgs/actionlib_msgs/msg/detail/goal_id__builder.hpp
[45.392s] -- Up-to-date: /ros2_ws/install/actionlib_msgs/include/actionlib_msgs/actionlib_msgs
[45.393s] -- Up-to-date: /ros2_ws/install/actionlib_msgs/include/actionlib_msgs/actionlib_msgs/msg
[45.394s] -- Installing: /ros2_ws/install/actionlib_msgs/include/actionlib_msgs/actionlib_msgs/msg/rosidl_typesupport_fastrtps_cpp__visibility_control.h
[45.395s] -- Up-to-date: /ros2_ws/install/actionlib_msgs/include/actionlib_msgs/actionlib_msgs/msg/detail
[45.396s] -- Installing: /ros2_ws/install/actionlib_msgs/include/actionlib_msgs/actionlib_msgs/msg/detail/goal_status_array__rosidl_typesupport_fastrtps_cpp.hpp
[45.397s] -- Installing: /ros2_ws/install/actionlib_msgs/include/actionlib_msgs/actionlib_msgs/msg/detail/goal_status__rosidl_typesupport_fastrtps_cpp.hpp
[45.399s] -- Installing: /ros2_ws/install/actionlib_msgs/include/actionlib_msgs/actionlib_msgs/msg/detail/goal_id__rosidl_typesupport_fastrtps_cpp.hpp
[45.400s] -- Installing: /ros2_ws/install/actionlib_msgs/include/actionlib_msgs/actionlib_msgs/msg/detail/dds_fastrtps
[45.401s] -- Installing: /ros2_ws/install/actionlib_msgs/lib/libactionlib_msgs__rosidl_typesupport_fastrtps_cpp.so
[45.404s] -- Set runtime path of "/ros2_ws/install/actionlib_msgs/lib/libactionlib_msgs__rosidl_typesupport_fastrtps_cpp.so" to ""
[45.405s] -- Up-to-date: /ros2_ws/install/actionlib_msgs/include/actionlib_msgs/actionlib_msgs
[45.406s] -- Up-to-date: /ros2_ws/install/actionlib_msgs/include/actionlib_msgs/actionlib_msgs/msg
[45.407s] -- Up-to-date: /ros2_ws/install/actionlib_msgs/include/actionlib_msgs/actionlib_msgs/msg/detail
[45.408s] -- Installing: /ros2_ws/install/actionlib_msgs/include/actionlib_msgs/actionlib_msgs/msg/detail/goal_status_array__type_support.c
[45.410s] -- Installing: /ros2_ws/install/actionlib_msgs/include/actionlib_msgs/actionlib_msgs/msg/detail/goal_id__rosidl_typesupport_introspection_c.h
[45.411s] -- Installing: /ros2_ws/install/actionlib_msgs/include/actionlib_msgs/actionlib_msgs/msg/detail/goal_status_array__rosidl_typesupport_introspection_c.h
[45.412s] -- Installing: /ros2_ws/install/actionlib_msgs/include/actionlib_msgs/actionlib_msgs/msg/detail/goal_status__type_support.c
[45.414s] -- Installing: /ros2_ws/install/actionlib_msgs/include/actionlib_msgs/actionlib_msgs/msg/detail/goal_status__rosidl_typesupport_introspection_c.h
[45.415s] -- Installing: /ros2_ws/install/actionlib_msgs/include/actionlib_msgs/actionlib_msgs/msg/detail/goal_id__type_support.c
[45.417s] -- Installing: /ros2_ws/install/actionlib_msgs/include/actionlib_msgs/actionlib_msgs/msg/rosidl_typesupport_introspection_c__visibility_control.h
[45.418s] -- Installing: /ros2_ws/install/actionlib_msgs/lib/libactionlib_msgs__rosidl_typesupport_introspection_c.so
[45.420s] -- Set runtime path of "/ros2_ws/install/actionlib_msgs/lib/libactionlib_msgs__rosidl_typesupport_introspection_c.so" to ""
[45.422s] -- Installing: /ros2_ws/install/actionlib_msgs/lib/libactionlib_msgs__rosidl_typesupport_c.so
[45.424s] -- Set runtime path of "/ros2_ws/install/actionlib_msgs/lib/libactionlib_msgs__rosidl_typesupport_c.so" to ""
[45.425s] -- Up-to-date: /ros2_ws/install/actionlib_msgs/include/actionlib_msgs/actionlib_msgs
[45.426s] -- Up-to-date: /ros2_ws/install/actionlib_msgs/include/actionlib_msgs/actionlib_msgs/msg
[45.427s] -- Up-to-date: /ros2_ws/install/actionlib_msgs/include/actionlib_msgs/actionlib_msgs/msg/detail
[45.428s] -- Installing: /ros2_ws/install/actionlib_msgs/include/actionlib_msgs/actionlib_msgs/msg/detail/goal_status_array__type_support.cpp
[45.429s] -- Installing: /ros2_ws/install/actionlib_msgs/include/actionlib_msgs/actionlib_msgs/msg/detail/goal_id__rosidl_typesupport_introspection_cpp.hpp
[45.431s] -- Installing: /ros2_ws/install/actionlib_msgs/include/actionlib_msgs/actionlib_msgs/msg/detail/goal_status__type_support.cpp
[45.432s] -- Installing: /ros2_ws/install/actionlib_msgs/include/actionlib_msgs/actionlib_msgs/msg/detail/goal_status_array__rosidl_typesupport_introspection_cpp.hpp
[45.434s] -- Installing: /ros2_ws/install/actionlib_msgs/include/actionlib_msgs/actionlib_msgs/msg/detail/goal_status__rosidl_typesupport_introspection_cpp.hpp
[45.435s] -- Installing: /ros2_ws/install/actionlib_msgs/include/actionlib_msgs/actionlib_msgs/msg/detail/goal_id__type_support.cpp
[45.437s] -- Installing: /ros2_ws/install/actionlib_msgs/lib/libactionlib_msgs__rosidl_typesupport_introspection_cpp.so
[45.440s] -- Set runtime path of "/ros2_ws/install/actionlib_msgs/lib/libactionlib_msgs__rosidl_typesupport_introspection_cpp.so" to ""
[45.441s] -- Installing: /ros2_ws/install/actionlib_msgs/lib/libactionlib_msgs__rosidl_typesupport_cpp.so
[45.443s] -- Set runtime path of "/ros2_ws/install/actionlib_msgs/lib/libactionlib_msgs__rosidl_typesupport_cpp.so" to ""
[45.444s] -- Installing: /ros2_ws/install/actionlib_msgs/share/actionlib_msgs/environment/pythonpath.sh
[45.445s] -- Installing: /ros2_ws/install/actionlib_msgs/share/actionlib_msgs/environment/pythonpath.dsv
[45.447s] -- Installing: /ros2_ws/install/actionlib_msgs/local/lib/python3.10/dist-packages/actionlib_msgs-2.0.5-py3.10.egg-info
[45.448s] -- Installing: /ros2_ws/install/actionlib_msgs/local/lib/python3.10/dist-packages/actionlib_msgs-2.0.5-py3.10.egg-info/SOURCES.txt
[45.451s] -- Installing: /ros2_ws/install/actionlib_msgs/local/lib/python3.10/dist-packages/actionlib_msgs-2.0.5-py3.10.egg-info/dependency_links.txt
[45.452s] -- Installing: /ros2_ws/install/actionlib_msgs/local/lib/python3.10/dist-packages/actionlib_msgs-2.0.5-py3.10.egg-info/top_level.txt
[45.454s] -- Installing: /ros2_ws/install/actionlib_msgs/local/lib/python3.10/dist-packages/actionlib_msgs-2.0.5-py3.10.egg-info/PKG-INFO
[45.455s] -- Installing: /ros2_ws/install/actionlib_msgs/local/lib/python3.10/dist-packages/actionlib_msgs
[45.456s] -- Installing: /ros2_ws/install/actionlib_msgs/local/lib/python3.10/dist-packages/actionlib_msgs/_actionlib_msgs_s.ep.rosidl_typesupport_introspection_c.c
[45.458s] -- Installing: /ros2_ws/install/actionlib_msgs/local/lib/python3.10/dist-packages/actionlib_msgs/__init__.py
[45.459s] -- Installing: /ros2_ws/install/actionlib_msgs/local/lib/python3.10/dist-packages/actionlib_msgs/_actionlib_msgs_s.ep.rosidl_typesupport_c.c
[45.461s] -- Installing: /ros2_ws/install/actionlib_msgs/local/lib/python3.10/dist-packages/actionlib_msgs/libactionlib_msgs__rosidl_generator_py.so
[45.462s] -- Installing: /ros2_ws/install/actionlib_msgs/local/lib/python3.10/dist-packages/actionlib_msgs/actionlib_msgs_s__rosidl_typesupport_fastrtps_c.cpython-310-aarch64-linux-gnu.so
[45.464s] -- Installing: /ros2_ws/install/actionlib_msgs/local/lib/python3.10/dist-packages/actionlib_msgs/actionlib_msgs_s__rosidl_typesupport_c.cpython-310-aarch64-linux-gnu.so
[45.465s] -- Installing: /ros2_ws/install/actionlib_msgs/local/lib/python3.10/dist-packages/actionlib_msgs/actionlib_msgs_s__rosidl_typesupport_introspection_c.cpython-310-aarch64-linux-gnu.so
[45.467s] -- Installing: /ros2_ws/install/actionlib_msgs/local/lib/python3.10/dist-packages/actionlib_msgs/msg
[45.468s] -- Installing: /ros2_ws/install/actionlib_msgs/local/lib/python3.10/dist-packages/actionlib_msgs/msg/__init__.py
[45.469s] -- Installing: /ros2_ws/install/actionlib_msgs/local/lib/python3.10/dist-packages/actionlib_msgs/msg/_goal_status_array.py
[45.471s] -- Installing: /ros2_ws/install/actionlib_msgs/local/lib/python3.10/dist-packages/actionlib_msgs/msg/_goal_status_s.c
[45.474s] -- Installing: /ros2_ws/install/actionlib_msgs/local/lib/python3.10/dist-packages/actionlib_msgs/msg/_goal_id.py
[45.476s] -- Installing: /ros2_ws/install/actionlib_msgs/local/lib/python3.10/dist-packages/actionlib_msgs/msg/_goal_status.py
[45.477s] -- Installing: /ros2_ws/install/actionlib_msgs/local/lib/python3.10/dist-packages/actionlib_msgs/msg/_goal_id_s.c
[45.478s] -- Installing: /ros2_ws/install/actionlib_msgs/local/lib/python3.10/dist-packages/actionlib_msgs/msg/_goal_status_array_s.c
[45.480s] -- Installing: /ros2_ws/install/actionlib_msgs/local/lib/python3.10/dist-packages/actionlib_msgs/_actionlib_msgs_s.ep.rosidl_typesupport_fastrtps_c.c
[45.646s] Listing '/ros2_ws/install/actionlib_msgs/local/lib/python3.10/dist-packages/actionlib_msgs'...
[45.647s] Compiling '/ros2_ws/install/actionlib_msgs/local/lib/python3.10/dist-packages/actionlib_msgs/__init__.py'...
[45.648s] Listing '/ros2_ws/install/actionlib_msgs/local/lib/python3.10/dist-packages/actionlib_msgs/msg'...
[45.648s] Compiling '/ros2_ws/install/actionlib_msgs/local/lib/python3.10/dist-packages/actionlib_msgs/msg/__init__.py'...
[45.649s] Compiling '/ros2_ws/install/actionlib_msgs/local/lib/python3.10/dist-packages/actionlib_msgs/msg/_goal_id.py'...
[45.649s] Compiling '/ros2_ws/install/actionlib_msgs/local/lib/python3.10/dist-packages/actionlib_msgs/msg/_goal_status.py'...
[45.650s] Compiling '/ros2_ws/install/actionlib_msgs/local/lib/python3.10/dist-packages/actionlib_msgs/msg/_goal_status_array.py'...
[45.681s] -- Installing: /ros2_ws/install/actionlib_msgs/local/lib/python3.10/dist-packages/actionlib_msgs/actionlib_msgs_s__rosidl_typesupport_fastrtps_c.cpython-310-aarch64-linux-gnu.so
[45.684s] -- Set runtime path of "/ros2_ws/install/actionlib_msgs/local/lib/python3.10/dist-packages/actionlib_msgs/actionlib_msgs_s__rosidl_typesupport_fastrtps_c.cpython-310-aarch64-linux-gnu.so" to ""
[45.685s] -- Installing: /ros2_ws/install/actionlib_msgs/local/lib/python3.10/dist-packages/actionlib_msgs/actionlib_msgs_s__rosidl_typesupport_introspection_c.cpython-310-aarch64-linux-gnu.so
[45.688s] -- Set runtime path of "/ros2_ws/install/actionlib_msgs/local/lib/python3.10/dist-packages/actionlib_msgs/actionlib_msgs_s__rosidl_typesupport_introspection_c.cpython-310-aarch64-linux-gnu.so" to ""
[45.689s] -- Installing: /ros2_ws/install/actionlib_msgs/local/lib/python3.10/dist-packages/actionlib_msgs/actionlib_msgs_s__rosidl_typesupport_c.cpython-310-aarch64-linux-gnu.so
[45.692s] -- Set runtime path of "/ros2_ws/install/actionlib_msgs/local/lib/python3.10/dist-packages/actionlib_msgs/actionlib_msgs_s__rosidl_typesupport_c.cpython-310-aarch64-linux-gnu.so" to ""
[45.693s] -- Installing: /ros2_ws/install/actionlib_msgs/lib/libactionlib_msgs__rosidl_generator_py.so
[45.695s] -- Set runtime path of "/ros2_ws/install/actionlib_msgs/lib/libactionlib_msgs__rosidl_generator_py.so" to ""
[45.697s] -- Installing: /ros2_ws/install/actionlib_msgs/share/ament_index/resource_index/rust_packages/actionlib_msgs
[45.698s] -- Installing: /ros2_ws/install/actionlib_msgs/share/actionlib_msgs/rust
[45.699s] -- Installing: /ros2_ws/install/actionlib_msgs/share/actionlib_msgs/rust/src
[45.700s] -- Installing: /ros2_ws/install/actionlib_msgs/share/actionlib_msgs/rust/src/msg
[45.701s] -- Installing: /ros2_ws/install/actionlib_msgs/share/actionlib_msgs/rust/src/msg/rmw.rs
[45.703s] -- Installing: /ros2_ws/install/actionlib_msgs/share/actionlib_msgs/rust/src/msg.rs
[45.704s] -- Installing: /ros2_ws/install/actionlib_msgs/share/actionlib_msgs/rust/src/lib.rs
[45.706s] -- Installing: /ros2_ws/install/actionlib_msgs/share/actionlib_msgs/rust/Cargo.toml
[45.707s] -- Installing: /ros2_ws/install/actionlib_msgs/share/actionlib_msgs/rust/build.rs
[45.709s] -- Installing: /ros2_ws/install/actionlib_msgs/share/actionlib_msgs/msg/GoalID.idl
[45.710s] -- Installing: /ros2_ws/install/actionlib_msgs/share/actionlib_msgs/msg/GoalStatus.idl
[45.712s] -- Installing: /ros2_ws/install/actionlib_msgs/share/actionlib_msgs/msg/GoalStatusArray.idl
[45.713s] -- Installing: /ros2_ws/install/actionlib_msgs/share/actionlib_msgs/msg/GoalID.msg
[45.715s] -- Installing: /ros2_ws/install/actionlib_msgs/share/actionlib_msgs/msg/GoalStatus.msg
[45.716s] -- Installing: /ros2_ws/install/actionlib_msgs/share/actionlib_msgs/msg/GoalStatusArray.msg
[45.718s] -- Installing: /ros2_ws/install/actionlib_msgs/share/ament_index/resource_index/package_run_dependencies/actionlib_msgs
[45.720s] -- Installing: /ros2_ws/install/actionlib_msgs/share/ament_index/resource_index/parent_prefix_path/actionlib_msgs
[45.721s] -- Installing: /ros2_ws/install/actionlib_msgs/share/actionlib_msgs/environment/ament_prefix_path.sh
[45.723s] -- Installing: /ros2_ws/install/actionlib_msgs/share/actionlib_msgs/environment/ament_prefix_path.dsv
[45.724s] -- Installing: /ros2_ws/install/actionlib_msgs/share/actionlib_msgs/environment/path.sh
[45.726s] -- Installing: /ros2_ws/install/actionlib_msgs/share/actionlib_msgs/environment/path.dsv
[45.727s] -- Installing: /ros2_ws/install/actionlib_msgs/share/actionlib_msgs/local_setup.bash
[45.728s] -- Installing: /ros2_ws/install/actionlib_msgs/share/actionlib_msgs/local_setup.sh
[45.730s] -- Installing: /ros2_ws/install/actionlib_msgs/share/actionlib_msgs/local_setup.zsh
[45.731s] -- Installing: /ros2_ws/install/actionlib_msgs/share/actionlib_msgs/local_setup.dsv
[45.733s] -- Installing: /ros2_ws/install/actionlib_msgs/share/actionlib_msgs/package.dsv
[45.734s] -- Installing: /ros2_ws/install/actionlib_msgs/share/ament_index/resource_index/packages/actionlib_msgs
[45.736s] -- Installing: /ros2_ws/install/actionlib_msgs/share/actionlib_msgs/cmake/export_actionlib_msgs__rosidl_generator_cExport.cmake
[45.737s] -- Installing: /ros2_ws/install/actionlib_msgs/share/actionlib_msgs/cmake/export_actionlib_msgs__rosidl_generator_cExport-noconfig.cmake
[45.739s] -- Installing: /ros2_ws/install/actionlib_msgs/share/actionlib_msgs/cmake/export_actionlib_msgs__rosidl_typesupport_fastrtps_cExport.cmake
[45.741s] -- Installing: /ros2_ws/install/actionlib_msgs/share/actionlib_msgs/cmake/export_actionlib_msgs__rosidl_typesupport_fastrtps_cExport-noconfig.cmake
[45.743s] -- Installing: /ros2_ws/install/actionlib_msgs/share/actionlib_msgs/cmake/export_actionlib_msgs__rosidl_generator_cppExport.cmake
[45.744s] -- Installing: /ros2_ws/install/actionlib_msgs/share/actionlib_msgs/cmake/export_actionlib_msgs__rosidl_typesupport_fastrtps_cppExport.cmake
[45.746s] -- Installing: /ros2_ws/install/actionlib_msgs/share/actionlib_msgs/cmake/export_actionlib_msgs__rosidl_typesupport_fastrtps_cppExport-noconfig.cmake
[45.748s] -- Installing: /ros2_ws/install/actionlib_msgs/share/actionlib_msgs/cmake/actionlib_msgs__rosidl_typesupport_introspection_cExport.cmake
[45.749s] -- Installing: /ros2_ws/install/actionlib_msgs/share/actionlib_msgs/cmake/actionlib_msgs__rosidl_typesupport_introspection_cExport-noconfig.cmake
[45.751s] -- Installing: /ros2_ws/install/actionlib_msgs/share/actionlib_msgs/cmake/actionlib_msgs__rosidl_typesupport_cExport.cmake
[45.752s] -- Installing: /ros2_ws/install/actionlib_msgs/share/actionlib_msgs/cmake/actionlib_msgs__rosidl_typesupport_cExport-noconfig.cmake
[45.754s] -- Installing: /ros2_ws/install/actionlib_msgs/share/actionlib_msgs/cmake/actionlib_msgs__rosidl_typesupport_introspection_cppExport.cmake
[45.756s] -- Installing: /ros2_ws/install/actionlib_msgs/share/actionlib_msgs/cmake/actionlib_msgs__rosidl_typesupport_introspection_cppExport-noconfig.cmake
[45.757s] -- Installing: /ros2_ws/install/actionlib_msgs/share/actionlib_msgs/cmake/actionlib_msgs__rosidl_typesupport_cppExport.cmake
[45.759s] -- Installing: /ros2_ws/install/actionlib_msgs/share/actionlib_msgs/cmake/actionlib_msgs__rosidl_typesupport_cppExport-noconfig.cmake
[45.761s] -- Installing: /ros2_ws/install/actionlib_msgs/share/actionlib_msgs/cmake/export_actionlib_msgs__rosidl_generator_pyExport.cmake
[45.763s] -- Installing: /ros2_ws/install/actionlib_msgs/share/actionlib_msgs/cmake/export_actionlib_msgs__rosidl_generator_pyExport-noconfig.cmake
[45.764s] -- Installing: /ros2_ws/install/actionlib_msgs/share/actionlib_msgs/cmake/rosidl_cmake-extras.cmake
[45.766s] -- Installing: /ros2_ws/install/actionlib_msgs/share/actionlib_msgs/cmake/ament_cmake_export_dependencies-extras.cmake
[45.768s] -- Installing: /ros2_ws/install/actionlib_msgs/share/actionlib_msgs/cmake/ament_cmake_export_include_directories-extras.cmake
[45.769s] -- Installing: /ros2_ws/install/actionlib_msgs/share/actionlib_msgs/cmake/ament_cmake_export_libraries-extras.cmake
[45.771s] -- Installing: /ros2_ws/install/actionlib_msgs/share/actionlib_msgs/cmake/ament_cmake_export_targets-extras.cmake
[45.772s] -- Installing: /ros2_ws/install/actionlib_msgs/share/actionlib_msgs/cmake/rosidl_cmake_export_typesupport_targets-extras.cmake
[45.775s] -- Installing: /ros2_ws/install/actionlib_msgs/share/actionlib_msgs/cmake/rosidl_cmake_export_typesupport_libraries-extras.cmake
[45.778s] -- Installing: /ros2_ws/install/actionlib_msgs/share/actionlib_msgs/cmake/actionlib_msgsConfig.cmake
[45.779s] -- Installing: /ros2_ws/install/actionlib_msgs/share/actionlib_msgs/cmake/actionlib_msgsConfig-version.cmake
[45.781s] -- Installing: /ros2_ws/install/actionlib_msgs/share/actionlib_msgs/package.xml
[45.797s] Invoked command in '/ros2_ws/build/actionlib_msgs' returned '0': AMENT_PREFIX_PATH=/ros2_ws/install/std_msgs:${AMENT_PREFIX_PATH} CMAKE_PREFIX_PATH=/ros2_ws/install/std_msgs:/opt/ros/humble LD_LIBRARY_PATH=/ros2_ws/install/std_msgs/lib:${LD_LIBRARY_PATH} PYTHONPATH=/ros2_ws/install/std_msgs/local/lib/python3.10/dist-packages:${PYTHONPATH} /usr/bin/cmake --install /ros2_ws/build/actionlib_msgs
