[0.119s] Invoking command in '/ros2_ws/build/std_srvs': CMAKE_PREFIX_PATH=/opt/ros/humble /usr/bin/cmake --build /ros2_ws/build/std_srvs -- -j4 -l4
[0.709s] [35m[1mConsolidate compiler generated dependencies of target std_srvs__rosidl_generator_c[0m
[0.851s] [  2%] Built target std_srvs__rs
[0.866s] [ 12%] Built target std_srvs__rosidl_generator_c
[0.898s] [ 14%] Built target std_srvs__cpp
[0.912s] [ 14%] Built target ament_cmake_python_copy_std_srvs
[0.981s] [35m[1mConsolidate compiler generated dependencies of target std_srvs__rosidl_typesupport_introspection_c[0m
[1.085s] [35m[1mConsolidate compiler generated dependencies of target std_srvs__rosidl_typesupport_fastrtps_c[0m
[1.085s] [35m[1mConsolidate compiler generated dependencies of target std_srvs__rosidl_typesupport_c[0m
[1.121s] [ 25%] Built target std_srvs__rosidl_typesupport_introspection_c
[1.209s] [ 35%] Built target std_srvs__rosidl_typesupport_c
[1.316s] [ 45%] Built target std_srvs__rosidl_typesupport_fastrtps_c
[1.325s] [35m[1mConsolidate compiler generated dependencies of target std_srvs__rosidl_typesupport_cpp[0m
[1.426s] [35m[1mConsolidate compiler generated dependencies of target std_srvs__rosidl_typesupport_fastrtps_cpp[0m
[1.477s] [35m[1mConsolidate compiler generated dependencies of target std_srvs__rosidl_typesupport_introspection_cpp[0m
[1.540s] [ 56%] Built target std_srvs__rosidl_typesupport_cpp
[1.617s] [ 66%] Built target std_srvs__rosidl_typesupport_introspection_cpp
[1.677s] [ 77%] Built target std_srvs__rosidl_typesupport_fastrtps_cpp
[1.950s] [ 77%] Built target std_srvs
[2.102s] [ 79%] Built target std_srvs__py
[2.235s] [35m[1mConsolidate compiler generated dependencies of target std_srvs__rosidl_generator_py[0m
[2.456s] [ 87%] Built target std_srvs__rosidl_generator_py
[2.577s] [35m[1mConsolidate compiler generated dependencies of target std_srvs__rosidl_typesupport_introspection_c__pyext[0m
[2.603s] [35m[1mConsolidate compiler generated dependencies of target std_srvs__rosidl_typesupport_c__pyext[0m
[2.626s] [35m[1mConsolidate compiler generated dependencies of target std_srvs__rosidl_typesupport_fastrtps_c__pyext[0m
[2.710s] [ 91%] Built target std_srvs__rosidl_typesupport_introspection_c__pyext
[2.735s] [ 95%] Built target std_srvs__rosidl_typesupport_fastrtps_c__pyext
[2.755s] [100%] Built target std_srvs__rosidl_typesupport_c__pyext
[2.773s] running egg_info
[2.778s] writing std_srvs.egg-info/PKG-INFO
[2.779s] writing dependency_links to std_srvs.egg-info/dependency_links.txt
[2.781s] writing top-level names to std_srvs.egg-info/top_level.txt
[2.795s] reading manifest file 'std_srvs.egg-info/SOURCES.txt'
[2.799s] writing manifest file 'std_srvs.egg-info/SOURCES.txt'
[2.983s] [100%] Built target ament_cmake_python_build_std_srvs_egg
[3.082s] Invoked command in '/ros2_ws/build/std_srvs' returned '0': CMAKE_PREFIX_PATH=/opt/ros/humble /usr/bin/cmake --build /ros2_ws/build/std_srvs -- -j4 -l4
[3.096s] Invoking command in '/ros2_ws/build/std_srvs': CMAKE_PREFIX_PATH=/opt/ros/humble /usr/bin/cmake --install /ros2_ws/build/std_srvs
[3.149s] -- Install configuration: ""
[3.155s] -- Up-to-date: /ros2_ws/install/std_srvs/share/ament_index/resource_index/rosidl_interfaces/std_srvs
[3.157s] -- Up-to-date: /ros2_ws/install/std_srvs/include/std_srvs/std_srvs
[3.158s] -- Up-to-date: /ros2_ws/install/std_srvs/include/std_srvs/std_srvs/srv
[3.159s] -- Up-to-date: /ros2_ws/install/std_srvs/include/std_srvs/std_srvs/srv/trigger.h
[3.159s] -- Up-to-date: /ros2_ws/install/std_srvs/include/std_srvs/std_srvs/srv/set_bool.h
[3.161s] -- Up-to-date: /ros2_ws/install/std_srvs/include/std_srvs/std_srvs/srv/empty.h
[3.161s] -- Up-to-date: /ros2_ws/install/std_srvs/include/std_srvs/std_srvs/srv/detail
[3.161s] -- Up-to-date: /ros2_ws/install/std_srvs/include/std_srvs/std_srvs/srv/detail/empty__functions.h
[3.162s] -- Up-to-date: /ros2_ws/install/std_srvs/include/std_srvs/std_srvs/srv/detail/empty__struct.h
[3.162s] -- Up-to-date: /ros2_ws/install/std_srvs/include/std_srvs/std_srvs/srv/detail/trigger__functions.c
[3.163s] -- Up-to-date: /ros2_ws/install/std_srvs/include/std_srvs/std_srvs/srv/detail/set_bool__type_support.h
[3.163s] -- Up-to-date: /ros2_ws/install/std_srvs/include/std_srvs/std_srvs/srv/detail/set_bool__struct.h
[3.164s] -- Up-to-date: /ros2_ws/install/std_srvs/include/std_srvs/std_srvs/srv/detail/trigger__functions.h
[3.164s] -- Up-to-date: /ros2_ws/install/std_srvs/include/std_srvs/std_srvs/srv/detail/set_bool__functions.h
[3.165s] -- Up-to-date: /ros2_ws/install/std_srvs/include/std_srvs/std_srvs/srv/detail/set_bool__functions.c
[3.165s] -- Up-to-date: /ros2_ws/install/std_srvs/include/std_srvs/std_srvs/srv/detail/trigger__type_support.h
[3.166s] -- Up-to-date: /ros2_ws/install/std_srvs/include/std_srvs/std_srvs/srv/detail/empty__functions.c
[3.166s] -- Up-to-date: /ros2_ws/install/std_srvs/include/std_srvs/std_srvs/srv/detail/empty__type_support.h
[3.167s] -- Up-to-date: /ros2_ws/install/std_srvs/include/std_srvs/std_srvs/srv/detail/trigger__struct.h
[3.169s] -- Up-to-date: /ros2_ws/install/std_srvs/include/std_srvs/std_srvs/msg
[3.170s] -- Up-to-date: /ros2_ws/install/std_srvs/include/std_srvs/std_srvs/msg/rosidl_generator_c__visibility_control.h
[3.170s] -- Up-to-date: /ros2_ws/install/std_srvs/share/std_srvs/environment/library_path.sh
[3.170s] -- Up-to-date: /ros2_ws/install/std_srvs/share/std_srvs/environment/library_path.dsv
[3.171s] -- Up-to-date: /ros2_ws/install/std_srvs/lib/libstd_srvs__rosidl_generator_c.so
[3.171s] -- Up-to-date: /ros2_ws/install/std_srvs/include/std_srvs/std_srvs
[3.177s] -- Up-to-date: /ros2_ws/install/std_srvs/include/std_srvs/std_srvs/srv
[3.178s] -- Up-to-date: /ros2_ws/install/std_srvs/include/std_srvs/std_srvs/srv/detail
[3.178s] -- Up-to-date: /ros2_ws/install/std_srvs/include/std_srvs/std_srvs/srv/detail/set_bool__rosidl_typesupport_fastrtps_c.h
[3.178s] -- Up-to-date: /ros2_ws/install/std_srvs/include/std_srvs/std_srvs/srv/detail/trigger__rosidl_typesupport_fastrtps_c.h
[3.179s] -- Up-to-date: /ros2_ws/install/std_srvs/include/std_srvs/std_srvs/srv/detail/empty__rosidl_typesupport_fastrtps_c.h
[3.179s] -- Up-to-date: /ros2_ws/install/std_srvs/include/std_srvs/std_srvs/msg
[3.180s] -- Up-to-date: /ros2_ws/install/std_srvs/include/std_srvs/std_srvs/msg/rosidl_typesupport_fastrtps_c__visibility_control.h
[3.181s] -- Up-to-date: /ros2_ws/install/std_srvs/lib/libstd_srvs__rosidl_typesupport_fastrtps_c.so
[3.184s] -- Up-to-date: /ros2_ws/install/std_srvs/include/std_srvs/std_srvs
[3.185s] -- Up-to-date: /ros2_ws/install/std_srvs/include/std_srvs/std_srvs/srv
[3.185s] -- Up-to-date: /ros2_ws/install/std_srvs/include/std_srvs/std_srvs/srv/detail
[3.186s] -- Up-to-date: /ros2_ws/install/std_srvs/include/std_srvs/std_srvs/srv/detail/trigger__type_support.c
[3.186s] -- Up-to-date: /ros2_ws/install/std_srvs/include/std_srvs/std_srvs/srv/detail/set_bool__type_support.c
[3.193s] -- Up-to-date: /ros2_ws/install/std_srvs/include/std_srvs/std_srvs/srv/detail/empty__rosidl_typesupport_introspection_c.h
[3.193s] -- Up-to-date: /ros2_ws/install/std_srvs/include/std_srvs/std_srvs/srv/detail/set_bool__rosidl_typesupport_introspection_c.h
[3.194s] -- Up-to-date: /ros2_ws/install/std_srvs/include/std_srvs/std_srvs/srv/detail/trigger__rosidl_typesupport_introspection_c.h
[3.194s] -- Up-to-date: /ros2_ws/install/std_srvs/include/std_srvs/std_srvs/srv/detail/empty__type_support.c
[3.195s] -- Up-to-date: /ros2_ws/install/std_srvs/include/std_srvs/std_srvs/msg
[3.195s] -- Up-to-date: /ros2_ws/install/std_srvs/include/std_srvs/std_srvs/msg/rosidl_typesupport_introspection_c__visibility_control.h
[3.195s] -- Up-to-date: /ros2_ws/install/std_srvs/lib/libstd_srvs__rosidl_typesupport_introspection_c.so
[3.196s] -- Up-to-date: /ros2_ws/install/std_srvs/lib/libstd_srvs__rosidl_typesupport_c.so
[3.196s] -- Up-to-date: /ros2_ws/install/std_srvs/include/std_srvs/std_srvs
[3.196s] -- Up-to-date: /ros2_ws/install/std_srvs/include/std_srvs/std_srvs/srv
[3.197s] -- Up-to-date: /ros2_ws/install/std_srvs/include/std_srvs/std_srvs/srv/trigger.hpp
[3.197s] -- Up-to-date: /ros2_ws/install/std_srvs/include/std_srvs/std_srvs/srv/empty.hpp
[3.198s] -- Up-to-date: /ros2_ws/install/std_srvs/include/std_srvs/std_srvs/srv/detail
[3.198s] -- Up-to-date: /ros2_ws/install/std_srvs/include/std_srvs/std_srvs/srv/detail/empty__type_support.hpp
[3.199s] -- Up-to-date: /ros2_ws/install/std_srvs/include/std_srvs/std_srvs/srv/detail/empty__struct.hpp
[3.199s] -- Up-to-date: /ros2_ws/install/std_srvs/include/std_srvs/std_srvs/srv/detail/set_bool__type_support.hpp
[3.199s] -- Up-to-date: /ros2_ws/install/std_srvs/include/std_srvs/std_srvs/srv/detail/set_bool__builder.hpp
[3.200s] -- Up-to-date: /ros2_ws/install/std_srvs/include/std_srvs/std_srvs/srv/detail/set_bool__traits.hpp
[3.200s] -- Up-to-date: /ros2_ws/install/std_srvs/include/std_srvs/std_srvs/srv/detail/trigger__struct.hpp
[3.201s] -- Up-to-date: /ros2_ws/install/std_srvs/include/std_srvs/std_srvs/srv/detail/empty__traits.hpp
[3.201s] -- Up-to-date: /ros2_ws/install/std_srvs/include/std_srvs/std_srvs/srv/detail/trigger__builder.hpp
[3.202s] -- Up-to-date: /ros2_ws/install/std_srvs/include/std_srvs/std_srvs/srv/detail/trigger__type_support.hpp
[3.208s] -- Up-to-date: /ros2_ws/install/std_srvs/include/std_srvs/std_srvs/srv/detail/set_bool__struct.hpp
[3.209s] -- Up-to-date: /ros2_ws/install/std_srvs/include/std_srvs/std_srvs/srv/detail/trigger__traits.hpp
[3.215s] -- Up-to-date: /ros2_ws/install/std_srvs/include/std_srvs/std_srvs/srv/detail/empty__builder.hpp
[3.216s] -- Up-to-date: /ros2_ws/install/std_srvs/include/std_srvs/std_srvs/srv/set_bool.hpp
[3.217s] -- Up-to-date: /ros2_ws/install/std_srvs/include/std_srvs/std_srvs/msg
[3.217s] -- Up-to-date: /ros2_ws/install/std_srvs/include/std_srvs/std_srvs/msg/rosidl_generator_cpp__visibility_control.hpp
[3.218s] -- Up-to-date: /ros2_ws/install/std_srvs/include/std_srvs/std_srvs
[3.218s] -- Up-to-date: /ros2_ws/install/std_srvs/include/std_srvs/std_srvs/srv
[3.219s] -- Up-to-date: /ros2_ws/install/std_srvs/include/std_srvs/std_srvs/srv/detail
[3.219s] -- Up-to-date: /ros2_ws/install/std_srvs/include/std_srvs/std_srvs/srv/detail/trigger__rosidl_typesupport_fastrtps_cpp.hpp
[3.219s] -- Up-to-date: /ros2_ws/install/std_srvs/include/std_srvs/std_srvs/srv/detail/empty__rosidl_typesupport_fastrtps_cpp.hpp
[3.220s] -- Up-to-date: /ros2_ws/install/std_srvs/include/std_srvs/std_srvs/srv/detail/set_bool__rosidl_typesupport_fastrtps_cpp.hpp
[3.224s] -- Up-to-date: /ros2_ws/install/std_srvs/include/std_srvs/std_srvs/srv/detail/dds_fastrtps
[3.225s] -- Up-to-date: /ros2_ws/install/std_srvs/include/std_srvs/std_srvs/msg
[3.225s] -- Up-to-date: /ros2_ws/install/std_srvs/include/std_srvs/std_srvs/msg/rosidl_typesupport_fastrtps_cpp__visibility_control.h
[3.225s] -- Up-to-date: /ros2_ws/install/std_srvs/lib/libstd_srvs__rosidl_typesupport_fastrtps_cpp.so
[3.226s] -- Up-to-date: /ros2_ws/install/std_srvs/include/std_srvs/std_srvs
[3.226s] -- Up-to-date: /ros2_ws/install/std_srvs/include/std_srvs/std_srvs/srv
[3.227s] -- Up-to-date: /ros2_ws/install/std_srvs/include/std_srvs/std_srvs/srv/detail
[3.227s] -- Up-to-date: /ros2_ws/install/std_srvs/include/std_srvs/std_srvs/srv/detail/trigger__rosidl_typesupport_introspection_cpp.hpp
[3.227s] -- Up-to-date: /ros2_ws/install/std_srvs/include/std_srvs/std_srvs/srv/detail/trigger__type_support.cpp
[3.228s] -- Up-to-date: /ros2_ws/install/std_srvs/include/std_srvs/std_srvs/srv/detail/set_bool__rosidl_typesupport_introspection_cpp.hpp
[3.228s] -- Up-to-date: /ros2_ws/install/std_srvs/include/std_srvs/std_srvs/srv/detail/set_bool__type_support.cpp
[3.229s] -- Up-to-date: /ros2_ws/install/std_srvs/include/std_srvs/std_srvs/srv/detail/empty__type_support.cpp
[3.229s] -- Up-to-date: /ros2_ws/install/std_srvs/include/std_srvs/std_srvs/srv/detail/empty__rosidl_typesupport_introspection_cpp.hpp
[3.229s] -- Up-to-date: /ros2_ws/install/std_srvs/lib/libstd_srvs__rosidl_typesupport_introspection_cpp.so
[3.230s] -- Up-to-date: /ros2_ws/install/std_srvs/lib/libstd_srvs__rosidl_typesupport_cpp.so
[3.230s] -- Up-to-date: /ros2_ws/install/std_srvs/share/std_srvs/environment/pythonpath.sh
[3.230s] -- Up-to-date: /ros2_ws/install/std_srvs/share/std_srvs/environment/pythonpath.dsv
[3.231s] -- Up-to-date: /ros2_ws/install/std_srvs/local/lib/python3.10/dist-packages/std_srvs-2.0.5-py3.10.egg-info
[3.231s] -- Installing: /ros2_ws/install/std_srvs/local/lib/python3.10/dist-packages/std_srvs-2.0.5-py3.10.egg-info/SOURCES.txt
[3.240s] -- Installing: /ros2_ws/install/std_srvs/local/lib/python3.10/dist-packages/std_srvs-2.0.5-py3.10.egg-info/dependency_links.txt
[3.241s] -- Installing: /ros2_ws/install/std_srvs/local/lib/python3.10/dist-packages/std_srvs-2.0.5-py3.10.egg-info/top_level.txt
[3.241s] -- Installing: /ros2_ws/install/std_srvs/local/lib/python3.10/dist-packages/std_srvs-2.0.5-py3.10.egg-info/PKG-INFO
[3.242s] -- Up-to-date: /ros2_ws/install/std_srvs/local/lib/python3.10/dist-packages/std_srvs
[3.242s] -- Up-to-date: /ros2_ws/install/std_srvs/local/lib/python3.10/dist-packages/std_srvs/srv
[3.242s] -- Up-to-date: /ros2_ws/install/std_srvs/local/lib/python3.10/dist-packages/std_srvs/srv/_trigger_s.c
[3.243s] -- Up-to-date: /ros2_ws/install/std_srvs/local/lib/python3.10/dist-packages/std_srvs/srv/_empty_s.c
[3.243s] -- Up-to-date: /ros2_ws/install/std_srvs/local/lib/python3.10/dist-packages/std_srvs/srv/__init__.py
[3.243s] -- Up-to-date: /ros2_ws/install/std_srvs/local/lib/python3.10/dist-packages/std_srvs/srv/_set_bool_s.c
[3.244s] -- Up-to-date: /ros2_ws/install/std_srvs/local/lib/python3.10/dist-packages/std_srvs/srv/_trigger.py
[3.244s] -- Up-to-date: /ros2_ws/install/std_srvs/local/lib/python3.10/dist-packages/std_srvs/srv/_set_bool.py
[3.245s] -- Up-to-date: /ros2_ws/install/std_srvs/local/lib/python3.10/dist-packages/std_srvs/srv/_empty.py
[3.245s] -- Up-to-date: /ros2_ws/install/std_srvs/local/lib/python3.10/dist-packages/std_srvs/std_srvs_s__rosidl_typesupport_c.cpython-310-aarch64-linux-gnu.so
[3.256s] -- Up-to-date: /ros2_ws/install/std_srvs/local/lib/python3.10/dist-packages/std_srvs/__init__.py
[3.257s] -- Up-to-date: /ros2_ws/install/std_srvs/local/lib/python3.10/dist-packages/std_srvs/_std_srvs_s.ep.rosidl_typesupport_c.c
[3.257s] -- Up-to-date: /ros2_ws/install/std_srvs/local/lib/python3.10/dist-packages/std_srvs/std_srvs_s__rosidl_typesupport_fastrtps_c.cpython-310-aarch64-linux-gnu.so
[3.257s] -- Up-to-date: /ros2_ws/install/std_srvs/local/lib/python3.10/dist-packages/std_srvs/_std_srvs_s.ep.rosidl_typesupport_fastrtps_c.c
[3.258s] -- Up-to-date: /ros2_ws/install/std_srvs/local/lib/python3.10/dist-packages/std_srvs/_std_srvs_s.ep.rosidl_typesupport_introspection_c.c
[3.258s] -- Up-to-date: /ros2_ws/install/std_srvs/local/lib/python3.10/dist-packages/std_srvs/std_srvs_s__rosidl_typesupport_introspection_c.cpython-310-aarch64-linux-gnu.so
[3.259s] -- Up-to-date: /ros2_ws/install/std_srvs/local/lib/python3.10/dist-packages/std_srvs/libstd_srvs__rosidl_generator_py.so
[3.737s] Listing '/ros2_ws/install/std_srvs/local/lib/python3.10/dist-packages/std_srvs'...
[3.738s] Listing '/ros2_ws/install/std_srvs/local/lib/python3.10/dist-packages/std_srvs/srv'...
[3.775s] -- Up-to-date: /ros2_ws/install/std_srvs/local/lib/python3.10/dist-packages/std_srvs/std_srvs_s__rosidl_typesupport_fastrtps_c.cpython-310-aarch64-linux-gnu.so
[3.779s] -- Up-to-date: /ros2_ws/install/std_srvs/local/lib/python3.10/dist-packages/std_srvs/std_srvs_s__rosidl_typesupport_introspection_c.cpython-310-aarch64-linux-gnu.so
[3.796s] -- Up-to-date: /ros2_ws/install/std_srvs/local/lib/python3.10/dist-packages/std_srvs/std_srvs_s__rosidl_typesupport_c.cpython-310-aarch64-linux-gnu.so
[3.796s] -- Up-to-date: /ros2_ws/install/std_srvs/lib/libstd_srvs__rosidl_generator_py.so
[3.797s] -- Up-to-date: /ros2_ws/install/std_srvs/share/ament_index/resource_index/rust_packages/std_srvs
[3.797s] -- Up-to-date: /ros2_ws/install/std_srvs/share/std_srvs/rust
[3.798s] -- Up-to-date: /ros2_ws/install/std_srvs/share/std_srvs/rust/src
[3.798s] -- Up-to-date: /ros2_ws/install/std_srvs/share/std_srvs/rust/src/srv
[3.799s] -- Up-to-date: /ros2_ws/install/std_srvs/share/std_srvs/rust/src/srv/rmw.rs
[3.799s] -- Up-to-date: /ros2_ws/install/std_srvs/share/std_srvs/rust/src/srv.rs
[3.801s] -- Up-to-date: /ros2_ws/install/std_srvs/share/std_srvs/rust/src/lib.rs
[3.802s] -- Up-to-date: /ros2_ws/install/std_srvs/share/std_srvs/rust/Cargo.toml
[3.803s] -- Up-to-date: /ros2_ws/install/std_srvs/share/std_srvs/rust/build.rs
[3.803s] -- Up-to-date: /ros2_ws/install/std_srvs/share/std_srvs/srv/Empty.idl
[3.804s] -- Up-to-date: /ros2_ws/install/std_srvs/share/std_srvs/srv/SetBool.idl
[3.809s] -- Up-to-date: /ros2_ws/install/std_srvs/share/std_srvs/srv/Trigger.idl
[3.809s] -- Up-to-date: /ros2_ws/install/std_srvs/share/std_srvs/srv/Empty.srv
[3.810s] -- Up-to-date: /ros2_ws/install/std_srvs/share/std_srvs/srv/Empty_Request.msg
[3.811s] -- Up-to-date: /ros2_ws/install/std_srvs/share/std_srvs/srv/Empty_Response.msg
[3.811s] -- Up-to-date: /ros2_ws/install/std_srvs/share/std_srvs/srv/SetBool.srv
[3.820s] -- Up-to-date: /ros2_ws/install/std_srvs/share/std_srvs/srv/SetBool_Request.msg
[3.821s] -- Up-to-date: /ros2_ws/install/std_srvs/share/std_srvs/srv/SetBool_Response.msg
[3.822s] -- Up-to-date: /ros2_ws/install/std_srvs/share/std_srvs/srv/Trigger.srv
[3.823s] -- Up-to-date: /ros2_ws/install/std_srvs/share/std_srvs/srv/Trigger_Request.msg
[3.824s] -- Up-to-date: /ros2_ws/install/std_srvs/share/std_srvs/srv/Trigger_Response.msg
[3.825s] -- Up-to-date: /ros2_ws/install/std_srvs/share/ament_index/resource_index/package_run_dependencies/std_srvs
[3.826s] -- Up-to-date: /ros2_ws/install/std_srvs/share/ament_index/resource_index/parent_prefix_path/std_srvs
[3.828s] -- Up-to-date: /ros2_ws/install/std_srvs/share/std_srvs/environment/ament_prefix_path.sh
[3.830s] -- Up-to-date: /ros2_ws/install/std_srvs/share/std_srvs/environment/ament_prefix_path.dsv
[3.832s] -- Up-to-date: /ros2_ws/install/std_srvs/share/std_srvs/environment/path.sh
[3.853s] -- Up-to-date: /ros2_ws/install/std_srvs/share/std_srvs/environment/path.dsv
[3.854s] -- Up-to-date: /ros2_ws/install/std_srvs/share/std_srvs/local_setup.bash
[3.855s] -- Up-to-date: /ros2_ws/install/std_srvs/share/std_srvs/local_setup.sh
[3.855s] -- Up-to-date: /ros2_ws/install/std_srvs/share/std_srvs/local_setup.zsh
[3.856s] -- Up-to-date: /ros2_ws/install/std_srvs/share/std_srvs/local_setup.dsv
[3.857s] -- Installing: /ros2_ws/install/std_srvs/share/std_srvs/package.dsv
[3.857s] -- Up-to-date: /ros2_ws/install/std_srvs/share/ament_index/resource_index/packages/std_srvs
[3.859s] -- Up-to-date: /ros2_ws/install/std_srvs/share/std_srvs/cmake/export_std_srvs__rosidl_generator_cExport.cmake
[3.859s] -- Up-to-date: /ros2_ws/install/std_srvs/share/std_srvs/cmake/export_std_srvs__rosidl_generator_cExport-noconfig.cmake
[3.859s] -- Up-to-date: /ros2_ws/install/std_srvs/share/std_srvs/cmake/export_std_srvs__rosidl_typesupport_fastrtps_cExport.cmake
[3.861s] -- Up-to-date: /ros2_ws/install/std_srvs/share/std_srvs/cmake/export_std_srvs__rosidl_typesupport_fastrtps_cExport-noconfig.cmake
[3.863s] -- Up-to-date: /ros2_ws/install/std_srvs/share/std_srvs/cmake/std_srvs__rosidl_typesupport_introspection_cExport.cmake
[3.867s] -- Up-to-date: /ros2_ws/install/std_srvs/share/std_srvs/cmake/std_srvs__rosidl_typesupport_introspection_cExport-noconfig.cmake
[3.868s] -- Up-to-date: /ros2_ws/install/std_srvs/share/std_srvs/cmake/std_srvs__rosidl_typesupport_cExport.cmake
[3.869s] -- Up-to-date: /ros2_ws/install/std_srvs/share/std_srvs/cmake/std_srvs__rosidl_typesupport_cExport-noconfig.cmake
[3.871s] -- Up-to-date: /ros2_ws/install/std_srvs/share/std_srvs/cmake/export_std_srvs__rosidl_generator_cppExport.cmake
[3.873s] -- Up-to-date: /ros2_ws/install/std_srvs/share/std_srvs/cmake/export_std_srvs__rosidl_typesupport_fastrtps_cppExport.cmake
[3.875s] -- Up-to-date: /ros2_ws/install/std_srvs/share/std_srvs/cmake/export_std_srvs__rosidl_typesupport_fastrtps_cppExport-noconfig.cmake
[3.876s] -- Up-to-date: /ros2_ws/install/std_srvs/share/std_srvs/cmake/std_srvs__rosidl_typesupport_introspection_cppExport.cmake
[3.882s] -- Up-to-date: /ros2_ws/install/std_srvs/share/std_srvs/cmake/std_srvs__rosidl_typesupport_introspection_cppExport-noconfig.cmake
[3.885s] -- Up-to-date: /ros2_ws/install/std_srvs/share/std_srvs/cmake/std_srvs__rosidl_typesupport_cppExport.cmake
[3.887s] -- Up-to-date: /ros2_ws/install/std_srvs/share/std_srvs/cmake/std_srvs__rosidl_typesupport_cppExport-noconfig.cmake
[3.889s] -- Up-to-date: /ros2_ws/install/std_srvs/share/std_srvs/cmake/export_std_srvs__rosidl_generator_pyExport.cmake
[3.890s] -- Up-to-date: /ros2_ws/install/std_srvs/share/std_srvs/cmake/export_std_srvs__rosidl_generator_pyExport-noconfig.cmake
[3.891s] -- Up-to-date: /ros2_ws/install/std_srvs/share/std_srvs/cmake/rosidl_cmake-extras.cmake
[3.893s] -- Up-to-date: /ros2_ws/install/std_srvs/share/std_srvs/cmake/ament_cmake_export_include_directories-extras.cmake
[3.894s] -- Up-to-date: /ros2_ws/install/std_srvs/share/std_srvs/cmake/ament_cmake_export_libraries-extras.cmake
[3.897s] -- Up-to-date: /ros2_ws/install/std_srvs/share/std_srvs/cmake/ament_cmake_export_targets-extras.cmake
[3.898s] -- Up-to-date: /ros2_ws/install/std_srvs/share/std_srvs/cmake/rosidl_cmake_export_typesupport_targets-extras.cmake
[3.899s] -- Up-to-date: /ros2_ws/install/std_srvs/share/std_srvs/cmake/ament_cmake_export_dependencies-extras.cmake
[3.899s] -- Up-to-date: /ros2_ws/install/std_srvs/share/std_srvs/cmake/rosidl_cmake_export_typesupport_libraries-extras.cmake
[3.901s] -- Up-to-date: /ros2_ws/install/std_srvs/share/std_srvs/cmake/std_srvsConfig.cmake
[3.903s] -- Up-to-date: /ros2_ws/install/std_srvs/share/std_srvs/cmake/std_srvsConfig-version.cmake
[3.904s] -- Up-to-date: /ros2_ws/install/std_srvs/share/std_srvs/package.xml
[4.068s] Invoked command in '/ros2_ws/build/std_srvs' returned '0': CMAKE_PREFIX_PATH=/opt/ros/humble /usr/bin/cmake --install /ros2_ws/build/std_srvs
