[0.070s] Invoking command in '/ros2_ws/build/sensor_msgs': AMENT_PREFIX_PATH=/ros2_ws/install/geometry_msgs:/ros2_ws/install/std_msgs:${AMENT_PREFIX_PATH} CMAKE_PREFIX_PATH=/ros2_ws/install/geometry_msgs:/ros2_ws/install/std_msgs:/opt/ros/humble LD_LIBRARY_PATH=/ros2_ws/install/geometry_msgs/lib:/ros2_ws/install/std_msgs/lib:${LD_LIBRARY_PATH} PYTHONPATH=/ros2_ws/install/geometry_msgs/local/lib/python3.10/dist-packages:/ros2_ws/install/std_msgs/local/lib/python3.10/dist-packages:${PYTHONPATH} /usr/bin/cmake --build /ros2_ws/build/sensor_msgs -- -j4 -l4
[0.520s] [35m[1mConsolidate compiler generated dependencies of target sensor_msgs__rosidl_generator_c[0m
[0.605s] [  0%] Built target sensor_msgs__cpp
[0.687s] [  0%] Built target sensor_msgs__rs
[0.713s] [ 12%] Built target sensor_msgs__rosidl_generator_c
[0.766s] [35m[1mConsolidate compiler generated dependencies of target gtest_main[0m
[0.818s] [35m[1mConsolidate compiler generated dependencies of target gtest[0m
[0.945s] [ 12%] Built target ament_cmake_python_copy_sensor_msgs
[0.999s] [ 13%] Built target gtest_main
[1.045s] [ 13%] Built target gtest
[1.065s] [35m[1mConsolidate compiler generated dependencies of target sensor_msgs__rosidl_typesupport_fastrtps_c[0m
[1.267s] [35m[1mConsolidate compiler generated dependencies of target sensor_msgs__rosidl_typesupport_introspection_c[0m
[1.286s] [35m[1mConsolidate compiler generated dependencies of target sensor_msgs__rosidl_typesupport_fastrtps_cpp[0m
[1.291s] [35m[1mConsolidate compiler generated dependencies of target sensor_msgs__rosidl_typesupport_c[0m
[1.474s] [ 25%] Built target sensor_msgs__rosidl_typesupport_c
[1.545s] [ 37%] Built target sensor_msgs__rosidl_typesupport_introspection_c
[1.609s] [ 49%] Built target sensor_msgs__rosidl_typesupport_fastrtps_c
[1.668s] [ 60%] Built target sensor_msgs__rosidl_typesupport_fastrtps_cpp
[1.690s] [35m[1mConsolidate compiler generated dependencies of target sensor_msgs__rosidl_typesupport_introspection_cpp[0m
[1.727s] [35m[1mConsolidate compiler generated dependencies of target sensor_msgs__rosidl_typesupport_cpp[0m
[2.079s] [ 72%] Built target sensor_msgs__rosidl_typesupport_cpp
[2.084s] [ 84%] Built target sensor_msgs__rosidl_typesupport_introspection_cpp
[2.421s] [ 84%] Built target sensor_msgs
[2.629s] [ 85%] Built target sensor_msgs__py
[2.630s] [35m[1mConsolidate compiler generated dependencies of target test_sensor_msgs[0m
[2.888s] [ 87%] Built target test_sensor_msgs
[2.956s] [35m[1mConsolidate compiler generated dependencies of target sensor_msgs__rosidl_generator_py[0m
[3.405s] [ 98%] Built target sensor_msgs__rosidl_generator_py
[3.434s] running egg_info
[3.441s] writing sensor_msgs.egg-info/PKG-INFO
[3.441s] writing dependency_links to sensor_msgs.egg-info/dependency_links.txt
[3.442s] writing top-level names to sensor_msgs.egg-info/top_level.txt
[3.458s] reading manifest file 'sensor_msgs.egg-info/SOURCES.txt'
[3.459s] writing manifest file 'sensor_msgs.egg-info/SOURCES.txt'
[3.459s] [35m[1mConsolidate compiler generated dependencies of target sensor_msgs__rosidl_typesupport_introspection_c__pyext[0m
[3.460s] [35m[1mConsolidate compiler generated dependencies of target sensor_msgs__rosidl_typesupport_fastrtps_c__pyext[0m
[3.460s] [35m[1mConsolidate compiler generated dependencies of target sensor_msgs__rosidl_typesupport_c__pyext[0m
[3.505s] [ 98%] Built target ament_cmake_python_build_sensor_msgs_egg
[3.513s] [ 99%] Built target sensor_msgs__rosidl_typesupport_fastrtps_c__pyext
[3.514s] [100%] Built target sensor_msgs__rosidl_typesupport_introspection_c__pyext
[3.517s] [100%] Built target sensor_msgs__rosidl_typesupport_c__pyext
[3.568s] Invoked command in '/ros2_ws/build/sensor_msgs' returned '0': AMENT_PREFIX_PATH=/ros2_ws/install/geometry_msgs:/ros2_ws/install/std_msgs:${AMENT_PREFIX_PATH} CMAKE_PREFIX_PATH=/ros2_ws/install/geometry_msgs:/ros2_ws/install/std_msgs:/opt/ros/humble LD_LIBRARY_PATH=/ros2_ws/install/geometry_msgs/lib:/ros2_ws/install/std_msgs/lib:${LD_LIBRARY_PATH} PYTHONPATH=/ros2_ws/install/geometry_msgs/local/lib/python3.10/dist-packages:/ros2_ws/install/std_msgs/local/lib/python3.10/dist-packages:${PYTHONPATH} /usr/bin/cmake --build /ros2_ws/build/sensor_msgs -- -j4 -l4
[3.624s] Invoking command in '/ros2_ws/build/sensor_msgs': AMENT_PREFIX_PATH=/ros2_ws/install/geometry_msgs:/ros2_ws/install/std_msgs:${AMENT_PREFIX_PATH} CMAKE_PREFIX_PATH=/ros2_ws/install/geometry_msgs:/ros2_ws/install/std_msgs:/opt/ros/humble LD_LIBRARY_PATH=/ros2_ws/install/geometry_msgs/lib:/ros2_ws/install/std_msgs/lib:${LD_LIBRARY_PATH} PYTHONPATH=/ros2_ws/install/geometry_msgs/local/lib/python3.10/dist-packages:/ros2_ws/install/std_msgs/local/lib/python3.10/dist-packages:${PYTHONPATH} /usr/bin/cmake --install /ros2_ws/build/sensor_msgs
[3.769s] -- Install configuration: ""
[3.780s] -- Up-to-date: /ros2_ws/install/sensor_msgs/share/ament_index/resource_index/rosidl_interfaces/sensor_msgs
[3.781s] -- Up-to-date: /ros2_ws/install/sensor_msgs/include/sensor_msgs/sensor_msgs
[3.783s] -- Up-to-date: /ros2_ws/install/sensor_msgs/include/sensor_msgs/sensor_msgs/srv
[3.786s] -- Up-to-date: /ros2_ws/install/sensor_msgs/include/sensor_msgs/sensor_msgs/srv/set_camera_info.h
[3.787s] -- Up-to-date: /ros2_ws/install/sensor_msgs/include/sensor_msgs/sensor_msgs/srv/detail
[3.792s] -- Up-to-date: /ros2_ws/install/sensor_msgs/include/sensor_msgs/sensor_msgs/srv/detail/set_camera_info__struct.h
[3.793s] -- Up-to-date: /ros2_ws/install/sensor_msgs/include/sensor_msgs/sensor_msgs/srv/detail/set_camera_info__functions.h
[3.794s] -- Up-to-date: /ros2_ws/install/sensor_msgs/include/sensor_msgs/sensor_msgs/srv/detail/set_camera_info__functions.c
[3.795s] -- Up-to-date: /ros2_ws/install/sensor_msgs/include/sensor_msgs/sensor_msgs/srv/detail/set_camera_info__type_support.h
[3.796s] -- Up-to-date: /ros2_ws/install/sensor_msgs/include/sensor_msgs/sensor_msgs/msg
[3.801s] -- Up-to-date: /ros2_ws/install/sensor_msgs/include/sensor_msgs/sensor_msgs/msg/battery_state.h
[3.803s] -- Up-to-date: /ros2_ws/install/sensor_msgs/include/sensor_msgs/sensor_msgs/msg/multi_echo_laser_scan.h
[3.805s] -- Up-to-date: /ros2_ws/install/sensor_msgs/include/sensor_msgs/sensor_msgs/msg/camera_info.h
[3.805s] -- Up-to-date: /ros2_ws/install/sensor_msgs/include/sensor_msgs/sensor_msgs/msg/multi_dof_joint_state.h
[3.806s] -- Up-to-date: /ros2_ws/install/sensor_msgs/include/sensor_msgs/sensor_msgs/msg/image.h
[3.809s] -- Up-to-date: /ros2_ws/install/sensor_msgs/include/sensor_msgs/sensor_msgs/msg/joy_feedback_array.h
[3.810s] -- Up-to-date: /ros2_ws/install/sensor_msgs/include/sensor_msgs/sensor_msgs/msg/fluid_pressure.h
[3.810s] -- Up-to-date: /ros2_ws/install/sensor_msgs/include/sensor_msgs/sensor_msgs/msg/joy.h
[3.811s] -- Up-to-date: /ros2_ws/install/sensor_msgs/include/sensor_msgs/sensor_msgs/msg/nav_sat_fix.h
[3.812s] -- Up-to-date: /ros2_ws/install/sensor_msgs/include/sensor_msgs/sensor_msgs/msg/compressed_image.h
[3.812s] -- Up-to-date: /ros2_ws/install/sensor_msgs/include/sensor_msgs/sensor_msgs/msg/laser_scan.h
[3.813s] -- Up-to-date: /ros2_ws/install/sensor_msgs/include/sensor_msgs/sensor_msgs/msg/laser_echo.h
[3.813s] -- Up-to-date: /ros2_ws/install/sensor_msgs/include/sensor_msgs/sensor_msgs/msg/magnetic_field.h
[3.813s] -- Up-to-date: /ros2_ws/install/sensor_msgs/include/sensor_msgs/sensor_msgs/msg/nav_sat_status.h
[3.814s] -- Up-to-date: /ros2_ws/install/sensor_msgs/include/sensor_msgs/sensor_msgs/msg/joy_feedback.h
[3.815s] -- Up-to-date: /ros2_ws/install/sensor_msgs/include/sensor_msgs/sensor_msgs/msg/imu.h
[3.816s] -- Up-to-date: /ros2_ws/install/sensor_msgs/include/sensor_msgs/sensor_msgs/msg/illuminance.h
[3.817s] -- Up-to-date: /ros2_ws/install/sensor_msgs/include/sensor_msgs/sensor_msgs/msg/point_cloud.h
[3.818s] -- Up-to-date: /ros2_ws/install/sensor_msgs/include/sensor_msgs/sensor_msgs/msg/relative_humidity.h
[3.819s] -- Up-to-date: /ros2_ws/install/sensor_msgs/include/sensor_msgs/sensor_msgs/msg/point_cloud2.h
[3.822s] -- Up-to-date: /ros2_ws/install/sensor_msgs/include/sensor_msgs/sensor_msgs/msg/channel_float32.h
[3.823s] -- Up-to-date: /ros2_ws/install/sensor_msgs/include/sensor_msgs/sensor_msgs/msg/point_field.h
[3.824s] -- Up-to-date: /ros2_ws/install/sensor_msgs/include/sensor_msgs/sensor_msgs/msg/range.h
[3.825s] -- Up-to-date: /ros2_ws/install/sensor_msgs/include/sensor_msgs/sensor_msgs/msg/temperature.h
[3.826s] -- Up-to-date: /ros2_ws/install/sensor_msgs/include/sensor_msgs/sensor_msgs/msg/region_of_interest.h
[3.835s] -- Up-to-date: /ros2_ws/install/sensor_msgs/include/sensor_msgs/sensor_msgs/msg/detail
[3.850s] -- Up-to-date: /ros2_ws/install/sensor_msgs/include/sensor_msgs/sensor_msgs/msg/detail/nav_sat_fix__functions.c
[3.851s] -- Up-to-date: /ros2_ws/install/sensor_msgs/include/sensor_msgs/sensor_msgs/msg/detail/point_field__functions.h
[3.853s] -- Up-to-date: /ros2_ws/install/sensor_msgs/include/sensor_msgs/sensor_msgs/msg/detail/time_reference__functions.c
[3.854s] -- Up-to-date: /ros2_ws/install/sensor_msgs/include/sensor_msgs/sensor_msgs/msg/detail/compressed_image__functions.c
[3.855s] -- Up-to-date: /ros2_ws/install/sensor_msgs/include/sensor_msgs/sensor_msgs/msg/detail/joy_feedback__functions.h
[3.856s] -- Up-to-date: /ros2_ws/install/sensor_msgs/include/sensor_msgs/sensor_msgs/msg/detail/temperature__struct.h
[3.858s] -- Up-to-date: /ros2_ws/install/sensor_msgs/include/sensor_msgs/sensor_msgs/msg/detail/region_of_interest__struct.h
[3.858s] -- Up-to-date: /ros2_ws/install/sensor_msgs/include/sensor_msgs/sensor_msgs/msg/detail/image__type_support.h
[3.859s] -- Up-to-date: /ros2_ws/install/sensor_msgs/include/sensor_msgs/sensor_msgs/msg/detail/joy__functions.c
[3.859s] -- Up-to-date: /ros2_ws/install/sensor_msgs/include/sensor_msgs/sensor_msgs/msg/detail/image__functions.h
[3.860s] -- Up-to-date: /ros2_ws/install/sensor_msgs/include/sensor_msgs/sensor_msgs/msg/detail/laser_scan__type_support.h
[3.862s] -- Up-to-date: /ros2_ws/install/sensor_msgs/include/sensor_msgs/sensor_msgs/msg/detail/compressed_image__struct.h
[3.863s] -- Up-to-date: /ros2_ws/install/sensor_msgs/include/sensor_msgs/sensor_msgs/msg/detail/laser_echo__struct.h
[3.864s] -- Up-to-date: /ros2_ws/install/sensor_msgs/include/sensor_msgs/sensor_msgs/msg/detail/camera_info__functions.c
[3.865s] -- Up-to-date: /ros2_ws/install/sensor_msgs/include/sensor_msgs/sensor_msgs/msg/detail/nav_sat_status__struct.h
[3.867s] -- Up-to-date: /ros2_ws/install/sensor_msgs/include/sensor_msgs/sensor_msgs/msg/detail/multi_echo_laser_scan__functions.h
[3.870s] -- Up-to-date: /ros2_ws/install/sensor_msgs/include/sensor_msgs/sensor_msgs/msg/detail/point_cloud2__type_support.h
[3.871s] -- Up-to-date: /ros2_ws/install/sensor_msgs/include/sensor_msgs/sensor_msgs/msg/detail/multi_echo_laser_scan__type_support.h
[3.873s] -- Up-to-date: /ros2_ws/install/sensor_msgs/include/sensor_msgs/sensor_msgs/msg/detail/fluid_pressure__functions.c
[3.876s] -- Up-to-date: /ros2_ws/install/sensor_msgs/include/sensor_msgs/sensor_msgs/msg/detail/image__functions.c
[3.877s] -- Up-to-date: /ros2_ws/install/sensor_msgs/include/sensor_msgs/sensor_msgs/msg/detail/range__functions.c
[3.877s] -- Up-to-date: /ros2_ws/install/sensor_msgs/include/sensor_msgs/sensor_msgs/msg/detail/point_cloud__functions.h
[3.878s] -- Up-to-date: /ros2_ws/install/sensor_msgs/include/sensor_msgs/sensor_msgs/msg/detail/joy__type_support.h
[3.881s] -- Up-to-date: /ros2_ws/install/sensor_msgs/include/sensor_msgs/sensor_msgs/msg/detail/fluid_pressure__struct.h
[3.881s] -- Up-to-date: /ros2_ws/install/sensor_msgs/include/sensor_msgs/sensor_msgs/msg/detail/compressed_image__type_support.h
[3.882s] -- Up-to-date: /ros2_ws/install/sensor_msgs/include/sensor_msgs/sensor_msgs/msg/detail/image__struct.h
[3.882s] -- Up-to-date: /ros2_ws/install/sensor_msgs/include/sensor_msgs/sensor_msgs/msg/detail/battery_state__type_support.h
[3.883s] -- Up-to-date: /ros2_ws/install/sensor_msgs/include/sensor_msgs/sensor_msgs/msg/detail/camera_info__functions.h
[3.883s] -- Up-to-date: /ros2_ws/install/sensor_msgs/include/sensor_msgs/sensor_msgs/msg/detail/multi_dof_joint_state__struct.h
[3.884s] -- Up-to-date: /ros2_ws/install/sensor_msgs/include/sensor_msgs/sensor_msgs/msg/detail/joint_state__functions.c
[3.884s] -- Up-to-date: /ros2_ws/install/sensor_msgs/include/sensor_msgs/sensor_msgs/msg/detail/imu__functions.c
[3.885s] -- Up-to-date: /ros2_ws/install/sensor_msgs/include/sensor_msgs/sensor_msgs/msg/detail/time_reference__functions.h
[3.886s] -- Up-to-date: /ros2_ws/install/sensor_msgs/include/sensor_msgs/sensor_msgs/msg/detail/magnetic_field__type_support.h
[3.886s] -- Up-to-date: /ros2_ws/install/sensor_msgs/include/sensor_msgs/sensor_msgs/msg/detail/relative_humidity__functions.h
[3.888s] -- Up-to-date: /ros2_ws/install/sensor_msgs/include/sensor_msgs/sensor_msgs/msg/detail/joint_state__struct.h
[3.893s] -- Up-to-date: /ros2_ws/install/sensor_msgs/include/sensor_msgs/sensor_msgs/msg/detail/joy_feedback_array__functions.c
[3.897s] -- Up-to-date: /ros2_ws/install/sensor_msgs/include/sensor_msgs/sensor_msgs/msg/detail/region_of_interest__functions.h
[3.898s] -- Up-to-date: /ros2_ws/install/sensor_msgs/include/sensor_msgs/sensor_msgs/msg/detail/point_field__type_support.h
[3.898s] -- Up-to-date: /ros2_ws/install/sensor_msgs/include/sensor_msgs/sensor_msgs/msg/detail/laser_echo__functions.c
[3.899s] -- Up-to-date: /ros2_ws/install/sensor_msgs/include/sensor_msgs/sensor_msgs/msg/detail/battery_state__struct.h
[3.901s] -- Up-to-date: /ros2_ws/install/sensor_msgs/include/sensor_msgs/sensor_msgs/msg/detail/point_cloud__struct.h
[3.901s] -- Up-to-date: /ros2_ws/install/sensor_msgs/include/sensor_msgs/sensor_msgs/msg/detail/joy_feedback_array__type_support.h
[3.903s] -- Up-to-date: /ros2_ws/install/sensor_msgs/include/sensor_msgs/sensor_msgs/msg/detail/joy_feedback__functions.c
[3.912s] -- Up-to-date: /ros2_ws/install/sensor_msgs/include/sensor_msgs/sensor_msgs/msg/detail/illuminance__functions.c
[3.912s] -- Up-to-date: /ros2_ws/install/sensor_msgs/include/sensor_msgs/sensor_msgs/msg/detail/point_cloud2__functions.h
[3.913s] -- Up-to-date: /ros2_ws/install/sensor_msgs/include/sensor_msgs/sensor_msgs/msg/detail/nav_sat_fix__type_support.h
[3.913s] -- Up-to-date: /ros2_ws/install/sensor_msgs/include/sensor_msgs/sensor_msgs/msg/detail/joy__struct.h
[3.914s] -- Up-to-date: /ros2_ws/install/sensor_msgs/include/sensor_msgs/sensor_msgs/msg/detail/temperature__functions.c
[3.915s] -- Up-to-date: /ros2_ws/install/sensor_msgs/include/sensor_msgs/sensor_msgs/msg/detail/joy_feedback_array__functions.h
[3.916s] -- Up-to-date: /ros2_ws/install/sensor_msgs/include/sensor_msgs/sensor_msgs/msg/detail/joy__functions.h
[3.925s] -- Up-to-date: /ros2_ws/install/sensor_msgs/include/sensor_msgs/sensor_msgs/msg/detail/joy_feedback__type_support.h
[3.926s] -- Up-to-date: /ros2_ws/install/sensor_msgs/include/sensor_msgs/sensor_msgs/msg/detail/multi_dof_joint_state__functions.h
[3.928s] -- Up-to-date: /ros2_ws/install/sensor_msgs/include/sensor_msgs/sensor_msgs/msg/detail/laser_scan__functions.h
[3.929s] -- Up-to-date: /ros2_ws/install/sensor_msgs/include/sensor_msgs/sensor_msgs/msg/detail/imu__type_support.h
[3.930s] -- Up-to-date: /ros2_ws/install/sensor_msgs/include/sensor_msgs/sensor_msgs/msg/detail/relative_humidity__struct.h
[3.931s] -- Up-to-date: /ros2_ws/install/sensor_msgs/include/sensor_msgs/sensor_msgs/msg/detail/channel_float32__struct.h
[3.931s] -- Up-to-date: /ros2_ws/install/sensor_msgs/include/sensor_msgs/sensor_msgs/msg/detail/point_cloud__functions.c
[3.932s] -- Up-to-date: /ros2_ws/install/sensor_msgs/include/sensor_msgs/sensor_msgs/msg/detail/multi_dof_joint_state__functions.c
[3.933s] -- Up-to-date: /ros2_ws/install/sensor_msgs/include/sensor_msgs/sensor_msgs/msg/detail/point_field__struct.h
[3.933s] -- Up-to-date: /ros2_ws/install/sensor_msgs/include/sensor_msgs/sensor_msgs/msg/detail/imu__functions.h
[3.934s] -- Up-to-date: /ros2_ws/install/sensor_msgs/include/sensor_msgs/sensor_msgs/msg/detail/nav_sat_fix__functions.h
[3.935s] -- Up-to-date: /ros2_ws/install/sensor_msgs/include/sensor_msgs/sensor_msgs/msg/detail/nav_sat_fix__struct.h
[3.936s] -- Up-to-date: /ros2_ws/install/sensor_msgs/include/sensor_msgs/sensor_msgs/msg/detail/multi_dof_joint_state__type_support.h
[3.936s] -- Up-to-date: /ros2_ws/install/sensor_msgs/include/sensor_msgs/sensor_msgs/msg/detail/region_of_interest__functions.c
[3.937s] -- Up-to-date: /ros2_ws/install/sensor_msgs/include/sensor_msgs/sensor_msgs/msg/detail/nav_sat_status__type_support.h
[3.939s] -- Up-to-date: /ros2_ws/install/sensor_msgs/include/sensor_msgs/sensor_msgs/msg/detail/region_of_interest__type_support.h
[3.939s] -- Up-to-date: /ros2_ws/install/sensor_msgs/include/sensor_msgs/sensor_msgs/msg/detail/time_reference__type_support.h
[3.940s] -- Up-to-date: /ros2_ws/install/sensor_msgs/include/sensor_msgs/sensor_msgs/msg/detail/illuminance__type_support.h
[3.940s] -- Up-to-date: /ros2_ws/install/sensor_msgs/include/sensor_msgs/sensor_msgs/msg/detail/camera_info__struct.h
[3.946s] -- Up-to-date: /ros2_ws/install/sensor_msgs/include/sensor_msgs/sensor_msgs/msg/detail/point_field__functions.c
[3.951s] -- Up-to-date: /ros2_ws/install/sensor_msgs/include/sensor_msgs/sensor_msgs/msg/detail/illuminance__struct.h
[3.951s] -- Up-to-date: /ros2_ws/install/sensor_msgs/include/sensor_msgs/sensor_msgs/msg/detail/range__struct.h
[3.952s] -- Up-to-date: /ros2_ws/install/sensor_msgs/include/sensor_msgs/sensor_msgs/msg/detail/temperature__type_support.h
[3.952s] -- Up-to-date: /ros2_ws/install/sensor_msgs/include/sensor_msgs/sensor_msgs/msg/detail/joint_state__functions.h
[3.953s] -- Up-to-date: /ros2_ws/install/sensor_msgs/include/sensor_msgs/sensor_msgs/msg/detail/laser_echo__type_support.h
[3.953s] -- Up-to-date: /ros2_ws/install/sensor_msgs/include/sensor_msgs/sensor_msgs/msg/detail/range__functions.h
[3.954s] -- Up-to-date: /ros2_ws/install/sensor_msgs/include/sensor_msgs/sensor_msgs/msg/detail/channel_float32__type_support.h
[3.954s] -- Up-to-date: /ros2_ws/install/sensor_msgs/include/sensor_msgs/sensor_msgs/msg/detail/multi_echo_laser_scan__functions.c
[3.955s] -- Up-to-date: /ros2_ws/install/sensor_msgs/include/sensor_msgs/sensor_msgs/msg/detail/relative_humidity__functions.c
[3.955s] -- Up-to-date: /ros2_ws/install/sensor_msgs/include/sensor_msgs/sensor_msgs/msg/detail/battery_state__functions.c
[3.956s] -- Up-to-date: /ros2_ws/install/sensor_msgs/include/sensor_msgs/sensor_msgs/msg/detail/time_reference__struct.h
[3.956s] -- Up-to-date: /ros2_ws/install/sensor_msgs/include/sensor_msgs/sensor_msgs/msg/detail/compressed_image__functions.h
[3.956s] -- Up-to-date: /ros2_ws/install/sensor_msgs/include/sensor_msgs/sensor_msgs/msg/detail/nav_sat_status__functions.c
[3.957s] -- Up-to-date: /ros2_ws/install/sensor_msgs/include/sensor_msgs/sensor_msgs/msg/detail/nav_sat_status__functions.h
[3.957s] -- Up-to-date: /ros2_ws/install/sensor_msgs/include/sensor_msgs/sensor_msgs/msg/detail/camera_info__type_support.h
[3.958s] -- Up-to-date: /ros2_ws/install/sensor_msgs/include/sensor_msgs/sensor_msgs/msg/detail/laser_scan__struct.h
[3.958s] -- Up-to-date: /ros2_ws/install/sensor_msgs/include/sensor_msgs/sensor_msgs/msg/detail/fluid_pressure__type_support.h
[3.959s] -- Up-to-date: /ros2_ws/install/sensor_msgs/include/sensor_msgs/sensor_msgs/msg/detail/imu__struct.h
[3.959s] -- Up-to-date: /ros2_ws/install/sensor_msgs/include/sensor_msgs/sensor_msgs/msg/detail/multi_echo_laser_scan__struct.h
[3.960s] -- Up-to-date: /ros2_ws/install/sensor_msgs/include/sensor_msgs/sensor_msgs/msg/detail/range__type_support.h
[3.960s] -- Up-to-date: /ros2_ws/install/sensor_msgs/include/sensor_msgs/sensor_msgs/msg/detail/laser_echo__functions.h
[3.960s] -- Up-to-date: /ros2_ws/install/sensor_msgs/include/sensor_msgs/sensor_msgs/msg/detail/battery_state__functions.h
[3.961s] -- Up-to-date: /ros2_ws/install/sensor_msgs/include/sensor_msgs/sensor_msgs/msg/detail/magnetic_field__functions.c
[3.961s] -- Up-to-date: /ros2_ws/install/sensor_msgs/include/sensor_msgs/sensor_msgs/msg/detail/illuminance__functions.h
[3.962s] -- Up-to-date: /ros2_ws/install/sensor_msgs/include/sensor_msgs/sensor_msgs/msg/detail/joy_feedback__struct.h
[3.962s] -- Up-to-date: /ros2_ws/install/sensor_msgs/include/sensor_msgs/sensor_msgs/msg/detail/magnetic_field__struct.h
[3.962s] -- Up-to-date: /ros2_ws/install/sensor_msgs/include/sensor_msgs/sensor_msgs/msg/detail/point_cloud2__struct.h
[3.963s] -- Up-to-date: /ros2_ws/install/sensor_msgs/include/sensor_msgs/sensor_msgs/msg/detail/fluid_pressure__functions.h
[3.963s] -- Up-to-date: /ros2_ws/install/sensor_msgs/include/sensor_msgs/sensor_msgs/msg/detail/point_cloud__type_support.h
[3.964s] -- Up-to-date: /ros2_ws/install/sensor_msgs/include/sensor_msgs/sensor_msgs/msg/detail/channel_float32__functions.h
[3.964s] -- Up-to-date: /ros2_ws/install/sensor_msgs/include/sensor_msgs/sensor_msgs/msg/detail/channel_float32__functions.c
[3.965s] -- Up-to-date: /ros2_ws/install/sensor_msgs/include/sensor_msgs/sensor_msgs/msg/detail/magnetic_field__functions.h
[3.965s] -- Up-to-date: /ros2_ws/install/sensor_msgs/include/sensor_msgs/sensor_msgs/msg/detail/relative_humidity__type_support.h
[3.967s] -- Up-to-date: /ros2_ws/install/sensor_msgs/include/sensor_msgs/sensor_msgs/msg/detail/temperature__functions.h
[3.970s] -- Up-to-date: /ros2_ws/install/sensor_msgs/include/sensor_msgs/sensor_msgs/msg/detail/joint_state__type_support.h
[3.971s] -- Up-to-date: /ros2_ws/install/sensor_msgs/include/sensor_msgs/sensor_msgs/msg/detail/point_cloud2__functions.c
[3.972s] -- Up-to-date: /ros2_ws/install/sensor_msgs/include/sensor_msgs/sensor_msgs/msg/detail/laser_scan__functions.c
[3.975s] -- Up-to-date: /ros2_ws/install/sensor_msgs/include/sensor_msgs/sensor_msgs/msg/detail/joy_feedback_array__struct.h
[3.976s] -- Up-to-date: /ros2_ws/install/sensor_msgs/include/sensor_msgs/sensor_msgs/msg/time_reference.h
[3.977s] -- Up-to-date: /ros2_ws/install/sensor_msgs/include/sensor_msgs/sensor_msgs/msg/rosidl_generator_c__visibility_control.h
[3.977s] -- Up-to-date: /ros2_ws/install/sensor_msgs/include/sensor_msgs/sensor_msgs/msg/joint_state.h
[4.012s] -- Up-to-date: /ros2_ws/install/sensor_msgs/share/sensor_msgs/environment/library_path.sh
[4.014s] -- Up-to-date: /ros2_ws/install/sensor_msgs/share/sensor_msgs/environment/library_path.dsv
[4.035s] -- Up-to-date: /ros2_ws/install/sensor_msgs/lib/libsensor_msgs__rosidl_generator_c.so
[4.039s] -- Up-to-date: /ros2_ws/install/sensor_msgs/include/sensor_msgs/sensor_msgs
[4.039s] -- Up-to-date: /ros2_ws/install/sensor_msgs/include/sensor_msgs/sensor_msgs/srv
[4.039s] -- Up-to-date: /ros2_ws/install/sensor_msgs/include/sensor_msgs/sensor_msgs/srv/detail
[4.041s] -- Up-to-date: /ros2_ws/install/sensor_msgs/include/sensor_msgs/sensor_msgs/srv/detail/set_camera_info__rosidl_typesupport_fastrtps_c.h
[4.042s] -- Up-to-date: /ros2_ws/install/sensor_msgs/include/sensor_msgs/sensor_msgs/msg
[4.042s] -- Up-to-date: /ros2_ws/install/sensor_msgs/include/sensor_msgs/sensor_msgs/msg/rosidl_typesupport_fastrtps_c__visibility_control.h
[4.043s] -- Up-to-date: /ros2_ws/install/sensor_msgs/include/sensor_msgs/sensor_msgs/msg/detail
[4.044s] -- Up-to-date: /ros2_ws/install/sensor_msgs/include/sensor_msgs/sensor_msgs/msg/detail/relative_humidity__rosidl_typesupport_fastrtps_c.h
[4.045s] -- Up-to-date: /ros2_ws/install/sensor_msgs/include/sensor_msgs/sensor_msgs/msg/detail/time_reference__rosidl_typesupport_fastrtps_c.h
[4.045s] -- Up-to-date: /ros2_ws/install/sensor_msgs/include/sensor_msgs/sensor_msgs/msg/detail/multi_echo_laser_scan__rosidl_typesupport_fastrtps_c.h
[4.045s] -- Up-to-date: /ros2_ws/install/sensor_msgs/include/sensor_msgs/sensor_msgs/msg/detail/fluid_pressure__rosidl_typesupport_fastrtps_c.h
[4.046s] -- Up-to-date: /ros2_ws/install/sensor_msgs/include/sensor_msgs/sensor_msgs/msg/detail/channel_float32__rosidl_typesupport_fastrtps_c.h
[4.046s] -- Up-to-date: /ros2_ws/install/sensor_msgs/include/sensor_msgs/sensor_msgs/msg/detail/region_of_interest__rosidl_typesupport_fastrtps_c.h
[4.047s] -- Up-to-date: /ros2_ws/install/sensor_msgs/include/sensor_msgs/sensor_msgs/msg/detail/joy_feedback__rosidl_typesupport_fastrtps_c.h
[4.048s] -- Up-to-date: /ros2_ws/install/sensor_msgs/include/sensor_msgs/sensor_msgs/msg/detail/range__rosidl_typesupport_fastrtps_c.h
[4.048s] -- Up-to-date: /ros2_ws/install/sensor_msgs/include/sensor_msgs/sensor_msgs/msg/detail/compressed_image__rosidl_typesupport_fastrtps_c.h
[4.049s] -- Up-to-date: /ros2_ws/install/sensor_msgs/include/sensor_msgs/sensor_msgs/msg/detail/nav_sat_status__rosidl_typesupport_fastrtps_c.h
[4.049s] -- Up-to-date: /ros2_ws/install/sensor_msgs/include/sensor_msgs/sensor_msgs/msg/detail/point_cloud2__rosidl_typesupport_fastrtps_c.h
[4.049s] -- Up-to-date: /ros2_ws/install/sensor_msgs/include/sensor_msgs/sensor_msgs/msg/detail/laser_echo__rosidl_typesupport_fastrtps_c.h
[4.050s] -- Up-to-date: /ros2_ws/install/sensor_msgs/include/sensor_msgs/sensor_msgs/msg/detail/joint_state__rosidl_typesupport_fastrtps_c.h
[4.051s] -- Up-to-date: /ros2_ws/install/sensor_msgs/include/sensor_msgs/sensor_msgs/msg/detail/nav_sat_fix__rosidl_typesupport_fastrtps_c.h
[4.051s] -- Up-to-date: /ros2_ws/install/sensor_msgs/include/sensor_msgs/sensor_msgs/msg/detail/magnetic_field__rosidl_typesupport_fastrtps_c.h
[4.052s] -- Up-to-date: /ros2_ws/install/sensor_msgs/include/sensor_msgs/sensor_msgs/msg/detail/illuminance__rosidl_typesupport_fastrtps_c.h
[4.052s] -- Up-to-date: /ros2_ws/install/sensor_msgs/include/sensor_msgs/sensor_msgs/msg/detail/image__rosidl_typesupport_fastrtps_c.h
[4.052s] -- Up-to-date: /ros2_ws/install/sensor_msgs/include/sensor_msgs/sensor_msgs/msg/detail/point_field__rosidl_typesupport_fastrtps_c.h
[4.053s] -- Up-to-date: /ros2_ws/install/sensor_msgs/include/sensor_msgs/sensor_msgs/msg/detail/multi_dof_joint_state__rosidl_typesupport_fastrtps_c.h
[4.053s] -- Up-to-date: /ros2_ws/install/sensor_msgs/include/sensor_msgs/sensor_msgs/msg/detail/battery_state__rosidl_typesupport_fastrtps_c.h
[4.054s] -- Up-to-date: /ros2_ws/install/sensor_msgs/include/sensor_msgs/sensor_msgs/msg/detail/temperature__rosidl_typesupport_fastrtps_c.h
[4.054s] -- Up-to-date: /ros2_ws/install/sensor_msgs/include/sensor_msgs/sensor_msgs/msg/detail/joy__rosidl_typesupport_fastrtps_c.h
[4.054s] -- Up-to-date: /ros2_ws/install/sensor_msgs/include/sensor_msgs/sensor_msgs/msg/detail/imu__rosidl_typesupport_fastrtps_c.h
[4.055s] -- Up-to-date: /ros2_ws/install/sensor_msgs/include/sensor_msgs/sensor_msgs/msg/detail/laser_scan__rosidl_typesupport_fastrtps_c.h
[4.056s] -- Up-to-date: /ros2_ws/install/sensor_msgs/include/sensor_msgs/sensor_msgs/msg/detail/camera_info__rosidl_typesupport_fastrtps_c.h
[4.056s] -- Up-to-date: /ros2_ws/install/sensor_msgs/include/sensor_msgs/sensor_msgs/msg/detail/point_cloud__rosidl_typesupport_fastrtps_c.h
[4.056s] -- Up-to-date: /ros2_ws/install/sensor_msgs/include/sensor_msgs/sensor_msgs/msg/detail/joy_feedback_array__rosidl_typesupport_fastrtps_c.h
[4.057s] -- Up-to-date: /ros2_ws/install/sensor_msgs/lib/libsensor_msgs__rosidl_typesupport_fastrtps_c.so
[4.058s] -- Up-to-date: /ros2_ws/install/sensor_msgs/include/sensor_msgs/sensor_msgs
[4.060s] -- Up-to-date: /ros2_ws/install/sensor_msgs/include/sensor_msgs/sensor_msgs/srv
[4.060s] -- Up-to-date: /ros2_ws/install/sensor_msgs/include/sensor_msgs/sensor_msgs/srv/set_camera_info.hpp
[4.062s] -- Up-to-date: /ros2_ws/install/sensor_msgs/include/sensor_msgs/sensor_msgs/srv/detail
[4.063s] -- Up-to-date: /ros2_ws/install/sensor_msgs/include/sensor_msgs/sensor_msgs/srv/detail/set_camera_info__traits.hpp
[4.064s] -- Up-to-date: /ros2_ws/install/sensor_msgs/include/sensor_msgs/sensor_msgs/srv/detail/set_camera_info__builder.hpp
[4.065s] -- Up-to-date: /ros2_ws/install/sensor_msgs/include/sensor_msgs/sensor_msgs/srv/detail/set_camera_info__struct.hpp
[4.065s] -- Up-to-date: /ros2_ws/install/sensor_msgs/include/sensor_msgs/sensor_msgs/srv/detail/set_camera_info__type_support.hpp
[4.066s] -- Up-to-date: /ros2_ws/install/sensor_msgs/include/sensor_msgs/sensor_msgs/msg
[4.067s] -- Up-to-date: /ros2_ws/install/sensor_msgs/include/sensor_msgs/sensor_msgs/msg/temperature.hpp
[4.067s] -- Up-to-date: /ros2_ws/install/sensor_msgs/include/sensor_msgs/sensor_msgs/msg/point_cloud.hpp
[4.069s] -- Up-to-date: /ros2_ws/install/sensor_msgs/include/sensor_msgs/sensor_msgs/msg/joy.hpp
[4.070s] -- Up-to-date: /ros2_ws/install/sensor_msgs/include/sensor_msgs/sensor_msgs/msg/time_reference.hpp
[4.072s] -- Up-to-date: /ros2_ws/install/sensor_msgs/include/sensor_msgs/sensor_msgs/msg/image.hpp
[4.072s] -- Up-to-date: /ros2_ws/install/sensor_msgs/include/sensor_msgs/sensor_msgs/msg/compressed_image.hpp
[4.073s] -- Up-to-date: /ros2_ws/install/sensor_msgs/include/sensor_msgs/sensor_msgs/msg/imu.hpp
[4.073s] -- Up-to-date: /ros2_ws/install/sensor_msgs/include/sensor_msgs/sensor_msgs/msg/channel_float32.hpp
[4.074s] -- Up-to-date: /ros2_ws/install/sensor_msgs/include/sensor_msgs/sensor_msgs/msg/camera_info.hpp
[4.075s] -- Up-to-date: /ros2_ws/install/sensor_msgs/include/sensor_msgs/sensor_msgs/msg/magnetic_field.hpp
[4.076s] -- Up-to-date: /ros2_ws/install/sensor_msgs/include/sensor_msgs/sensor_msgs/msg/laser_echo.hpp
[4.076s] -- Up-to-date: /ros2_ws/install/sensor_msgs/include/sensor_msgs/sensor_msgs/msg/joy_feedback_array.hpp
[4.077s] -- Up-to-date: /ros2_ws/install/sensor_msgs/include/sensor_msgs/sensor_msgs/msg/nav_sat_status.hpp
[4.078s] -- Up-to-date: /ros2_ws/install/sensor_msgs/include/sensor_msgs/sensor_msgs/msg/battery_state.hpp
[4.079s] -- Up-to-date: /ros2_ws/install/sensor_msgs/include/sensor_msgs/sensor_msgs/msg/fluid_pressure.hpp
[4.079s] -- Up-to-date: /ros2_ws/install/sensor_msgs/include/sensor_msgs/sensor_msgs/msg/point_cloud2.hpp
[4.080s] -- Up-to-date: /ros2_ws/install/sensor_msgs/include/sensor_msgs/sensor_msgs/msg/laser_scan.hpp
[4.083s] -- Up-to-date: /ros2_ws/install/sensor_msgs/include/sensor_msgs/sensor_msgs/msg/illuminance.hpp
[4.088s] -- Up-to-date: /ros2_ws/install/sensor_msgs/include/sensor_msgs/sensor_msgs/msg/point_field.hpp
[4.088s] -- Up-to-date: /ros2_ws/install/sensor_msgs/include/sensor_msgs/sensor_msgs/msg/rosidl_generator_cpp__visibility_control.hpp
[4.089s] -- Up-to-date: /ros2_ws/install/sensor_msgs/include/sensor_msgs/sensor_msgs/msg/joy_feedback.hpp
[4.090s] -- Up-to-date: /ros2_ws/install/sensor_msgs/include/sensor_msgs/sensor_msgs/msg/multi_echo_laser_scan.hpp
[4.092s] -- Up-to-date: /ros2_ws/install/sensor_msgs/include/sensor_msgs/sensor_msgs/msg/range.hpp
[4.092s] -- Up-to-date: /ros2_ws/install/sensor_msgs/include/sensor_msgs/sensor_msgs/msg/region_of_interest.hpp
[4.093s] -- Up-to-date: /ros2_ws/install/sensor_msgs/include/sensor_msgs/sensor_msgs/msg/detail
[4.094s] -- Up-to-date: /ros2_ws/install/sensor_msgs/include/sensor_msgs/sensor_msgs/msg/detail/multi_dof_joint_state__builder.hpp
[4.094s] -- Up-to-date: /ros2_ws/install/sensor_msgs/include/sensor_msgs/sensor_msgs/msg/detail/joy_feedback__type_support.hpp
[4.095s] -- Up-to-date: /ros2_ws/install/sensor_msgs/include/sensor_msgs/sensor_msgs/msg/detail/range__type_support.hpp
[4.096s] -- Up-to-date: /ros2_ws/install/sensor_msgs/include/sensor_msgs/sensor_msgs/msg/detail/imu__builder.hpp
[4.096s] -- Up-to-date: /ros2_ws/install/sensor_msgs/include/sensor_msgs/sensor_msgs/msg/detail/nav_sat_status__builder.hpp
[4.097s] -- Up-to-date: /ros2_ws/install/sensor_msgs/include/sensor_msgs/sensor_msgs/msg/detail/joy__type_support.hpp
[4.098s] -- Up-to-date: /ros2_ws/install/sensor_msgs/include/sensor_msgs/sensor_msgs/msg/detail/battery_state__type_support.hpp
[4.099s] -- Up-to-date: /ros2_ws/install/sensor_msgs/include/sensor_msgs/sensor_msgs/msg/detail/laser_echo__struct.hpp
[4.099s] -- Up-to-date: /ros2_ws/install/sensor_msgs/include/sensor_msgs/sensor_msgs/msg/detail/imu__struct.hpp
[4.100s] -- Up-to-date: /ros2_ws/install/sensor_msgs/include/sensor_msgs/sensor_msgs/msg/detail/fluid_pressure__builder.hpp
[4.101s] -- Up-to-date: /ros2_ws/install/sensor_msgs/include/sensor_msgs/sensor_msgs/msg/detail/camera_info__builder.hpp
[4.102s] -- Up-to-date: /ros2_ws/install/sensor_msgs/include/sensor_msgs/sensor_msgs/msg/detail/point_cloud__struct.hpp
[4.102s] -- Up-to-date: /ros2_ws/install/sensor_msgs/include/sensor_msgs/sensor_msgs/msg/detail/image__struct.hpp
[4.103s] -- Up-to-date: /ros2_ws/install/sensor_msgs/include/sensor_msgs/sensor_msgs/msg/detail/laser_scan__traits.hpp
[4.103s] -- Up-to-date: /ros2_ws/install/sensor_msgs/include/sensor_msgs/sensor_msgs/msg/detail/point_field__type_support.hpp
[4.105s] -- Up-to-date: /ros2_ws/install/sensor_msgs/include/sensor_msgs/sensor_msgs/msg/detail/multi_dof_joint_state__traits.hpp
[4.106s] -- Up-to-date: /ros2_ws/install/sensor_msgs/include/sensor_msgs/sensor_msgs/msg/detail/joy__traits.hpp
[4.109s] -- Up-to-date: /ros2_ws/install/sensor_msgs/include/sensor_msgs/sensor_msgs/msg/detail/joy_feedback_array__struct.hpp
[4.111s] -- Up-to-date: /ros2_ws/install/sensor_msgs/include/sensor_msgs/sensor_msgs/msg/detail/point_cloud2__struct.hpp
[4.112s] -- Up-to-date: /ros2_ws/install/sensor_msgs/include/sensor_msgs/sensor_msgs/msg/detail/time_reference__type_support.hpp
[4.112s] -- Up-to-date: /ros2_ws/install/sensor_msgs/include/sensor_msgs/sensor_msgs/msg/detail/illuminance__builder.hpp
[4.112s] -- Up-to-date: /ros2_ws/install/sensor_msgs/include/sensor_msgs/sensor_msgs/msg/detail/range__builder.hpp
[4.112s] -- Up-to-date: /ros2_ws/install/sensor_msgs/include/sensor_msgs/sensor_msgs/msg/detail/imu__type_support.hpp
[4.113s] -- Up-to-date: /ros2_ws/install/sensor_msgs/include/sensor_msgs/sensor_msgs/msg/detail/nav_sat_status__type_support.hpp
[4.113s] -- Up-to-date: /ros2_ws/install/sensor_msgs/include/sensor_msgs/sensor_msgs/msg/detail/compressed_image__traits.hpp
[4.114s] -- Up-to-date: /ros2_ws/install/sensor_msgs/include/sensor_msgs/sensor_msgs/msg/detail/channel_float32__type_support.hpp
[4.115s] -- Up-to-date: /ros2_ws/install/sensor_msgs/include/sensor_msgs/sensor_msgs/msg/detail/laser_scan__struct.hpp
[4.116s] -- Up-to-date: /ros2_ws/install/sensor_msgs/include/sensor_msgs/sensor_msgs/msg/detail/laser_scan__builder.hpp
[4.117s] -- Up-to-date: /ros2_ws/install/sensor_msgs/include/sensor_msgs/sensor_msgs/msg/detail/magnetic_field__traits.hpp
[4.117s] -- Up-to-date: /ros2_ws/install/sensor_msgs/include/sensor_msgs/sensor_msgs/msg/detail/magnetic_field__builder.hpp
[4.117s] -- Up-to-date: /ros2_ws/install/sensor_msgs/include/sensor_msgs/sensor_msgs/msg/detail/joy_feedback__traits.hpp
[4.118s] -- Up-to-date: /ros2_ws/install/sensor_msgs/include/sensor_msgs/sensor_msgs/msg/detail/joy_feedback_array__builder.hpp
[4.118s] -- Up-to-date: /ros2_ws/install/sensor_msgs/include/sensor_msgs/sensor_msgs/msg/detail/magnetic_field__struct.hpp
[4.119s] -- Up-to-date: /ros2_ws/install/sensor_msgs/include/sensor_msgs/sensor_msgs/msg/detail/joy_feedback_array__traits.hpp
[4.119s] -- Up-to-date: /ros2_ws/install/sensor_msgs/include/sensor_msgs/sensor_msgs/msg/detail/fluid_pressure__traits.hpp
[4.119s] -- Up-to-date: /ros2_ws/install/sensor_msgs/include/sensor_msgs/sensor_msgs/msg/detail/fluid_pressure__struct.hpp
[4.120s] -- Up-to-date: /ros2_ws/install/sensor_msgs/include/sensor_msgs/sensor_msgs/msg/detail/compressed_image__struct.hpp
[4.121s] -- Up-to-date: /ros2_ws/install/sensor_msgs/include/sensor_msgs/sensor_msgs/msg/detail/time_reference__builder.hpp
[4.121s] -- Up-to-date: /ros2_ws/install/sensor_msgs/include/sensor_msgs/sensor_msgs/msg/detail/relative_humidity__struct.hpp
[4.121s] -- Up-to-date: /ros2_ws/install/sensor_msgs/include/sensor_msgs/sensor_msgs/msg/detail/time_reference__traits.hpp
[4.122s] -- Up-to-date: /ros2_ws/install/sensor_msgs/include/sensor_msgs/sensor_msgs/msg/detail/multi_dof_joint_state__type_support.hpp
[4.122s] -- Up-to-date: /ros2_ws/install/sensor_msgs/include/sensor_msgs/sensor_msgs/msg/detail/time_reference__struct.hpp
[4.123s] -- Up-to-date: /ros2_ws/install/sensor_msgs/include/sensor_msgs/sensor_msgs/msg/detail/image__traits.hpp
[4.123s] -- Up-to-date: /ros2_ws/install/sensor_msgs/include/sensor_msgs/sensor_msgs/msg/detail/battery_state__builder.hpp
[4.124s] -- Up-to-date: /ros2_ws/install/sensor_msgs/include/sensor_msgs/sensor_msgs/msg/detail/joy_feedback_array__type_support.hpp
[4.124s] -- Up-to-date: /ros2_ws/install/sensor_msgs/include/sensor_msgs/sensor_msgs/msg/detail/joint_state__struct.hpp
[4.124s] -- Up-to-date: /ros2_ws/install/sensor_msgs/include/sensor_msgs/sensor_msgs/msg/detail/point_field__builder.hpp
[4.125s] -- Up-to-date: /ros2_ws/install/sensor_msgs/include/sensor_msgs/sensor_msgs/msg/detail/image__builder.hpp
[4.126s] -- Up-to-date: /ros2_ws/install/sensor_msgs/include/sensor_msgs/sensor_msgs/msg/detail/relative_humidity__builder.hpp
[4.126s] -- Up-to-date: /ros2_ws/install/sensor_msgs/include/sensor_msgs/sensor_msgs/msg/detail/camera_info__traits.hpp
[4.127s] -- Up-to-date: /ros2_ws/install/sensor_msgs/include/sensor_msgs/sensor_msgs/msg/detail/nav_sat_fix__type_support.hpp
[4.127s] -- Up-to-date: /ros2_ws/install/sensor_msgs/include/sensor_msgs/sensor_msgs/msg/detail/point_cloud__traits.hpp
[4.128s] -- Up-to-date: /ros2_ws/install/sensor_msgs/include/sensor_msgs/sensor_msgs/msg/detail/multi_dof_joint_state__struct.hpp
[4.128s] -- Up-to-date: /ros2_ws/install/sensor_msgs/include/sensor_msgs/sensor_msgs/msg/detail/nav_sat_status__struct.hpp
[4.128s] -- Up-to-date: /ros2_ws/install/sensor_msgs/include/sensor_msgs/sensor_msgs/msg/detail/camera_info__type_support.hpp
[4.129s] -- Up-to-date: /ros2_ws/install/sensor_msgs/include/sensor_msgs/sensor_msgs/msg/detail/point_cloud2__type_support.hpp
[4.129s] -- Up-to-date: /ros2_ws/install/sensor_msgs/include/sensor_msgs/sensor_msgs/msg/detail/laser_echo__builder.hpp
[4.130s] -- Up-to-date: /ros2_ws/install/sensor_msgs/include/sensor_msgs/sensor_msgs/msg/detail/laser_scan__type_support.hpp
[4.130s] -- Up-to-date: /ros2_ws/install/sensor_msgs/include/sensor_msgs/sensor_msgs/msg/detail/laser_echo__traits.hpp
[4.131s] -- Up-to-date: /ros2_ws/install/sensor_msgs/include/sensor_msgs/sensor_msgs/msg/detail/nav_sat_status__traits.hpp
[4.132s] -- Up-to-date: /ros2_ws/install/sensor_msgs/include/sensor_msgs/sensor_msgs/msg/detail/joy__struct.hpp
[4.132s] -- Up-to-date: /ros2_ws/install/sensor_msgs/include/sensor_msgs/sensor_msgs/msg/detail/multi_echo_laser_scan__type_support.hpp
[4.132s] -- Up-to-date: /ros2_ws/install/sensor_msgs/include/sensor_msgs/sensor_msgs/msg/detail/temperature__builder.hpp
[4.133s] -- Up-to-date: /ros2_ws/install/sensor_msgs/include/sensor_msgs/sensor_msgs/msg/detail/illuminance__type_support.hpp
[4.134s] -- Up-to-date: /ros2_ws/install/sensor_msgs/include/sensor_msgs/sensor_msgs/msg/detail/joy_feedback__builder.hpp
[4.134s] -- Up-to-date: /ros2_ws/install/sensor_msgs/include/sensor_msgs/sensor_msgs/msg/detail/region_of_interest__builder.hpp
[4.134s] -- Up-to-date: /ros2_ws/install/sensor_msgs/include/sensor_msgs/sensor_msgs/msg/detail/joint_state__type_support.hpp
[4.135s] -- Up-to-date: /ros2_ws/install/sensor_msgs/include/sensor_msgs/sensor_msgs/msg/detail/range__struct.hpp
[4.137s] -- Up-to-date: /ros2_ws/install/sensor_msgs/include/sensor_msgs/sensor_msgs/msg/detail/point_cloud2__builder.hpp
[4.137s] -- Up-to-date: /ros2_ws/install/sensor_msgs/include/sensor_msgs/sensor_msgs/msg/detail/nav_sat_fix__builder.hpp
[4.138s] -- Up-to-date: /ros2_ws/install/sensor_msgs/include/sensor_msgs/sensor_msgs/msg/detail/range__traits.hpp
[4.138s] -- Up-to-date: /ros2_ws/install/sensor_msgs/include/sensor_msgs/sensor_msgs/msg/detail/magnetic_field__type_support.hpp
[4.139s] -- Up-to-date: /ros2_ws/install/sensor_msgs/include/sensor_msgs/sensor_msgs/msg/detail/relative_humidity__traits.hpp
[4.141s] -- Up-to-date: /ros2_ws/install/sensor_msgs/include/sensor_msgs/sensor_msgs/msg/detail/relative_humidity__type_support.hpp
[4.145s] -- Up-to-date: /ros2_ws/install/sensor_msgs/include/sensor_msgs/sensor_msgs/msg/detail/battery_state__struct.hpp
[4.146s] -- Up-to-date: /ros2_ws/install/sensor_msgs/include/sensor_msgs/sensor_msgs/msg/detail/point_cloud__type_support.hpp
[4.146s] -- Up-to-date: /ros2_ws/install/sensor_msgs/include/sensor_msgs/sensor_msgs/msg/detail/multi_echo_laser_scan__traits.hpp
[4.147s] -- Up-to-date: /ros2_ws/install/sensor_msgs/include/sensor_msgs/sensor_msgs/msg/detail/channel_float32__traits.hpp
[4.148s] -- Up-to-date: /ros2_ws/install/sensor_msgs/include/sensor_msgs/sensor_msgs/msg/detail/point_cloud2__traits.hpp
[4.149s] -- Up-to-date: /ros2_ws/install/sensor_msgs/include/sensor_msgs/sensor_msgs/msg/detail/joint_state__builder.hpp
[4.149s] -- Up-to-date: /ros2_ws/install/sensor_msgs/include/sensor_msgs/sensor_msgs/msg/detail/multi_echo_laser_scan__struct.hpp
[4.149s] -- Up-to-date: /ros2_ws/install/sensor_msgs/include/sensor_msgs/sensor_msgs/msg/detail/camera_info__struct.hpp
[4.150s] -- Up-to-date: /ros2_ws/install/sensor_msgs/include/sensor_msgs/sensor_msgs/msg/detail/compressed_image__builder.hpp
[4.151s] -- Up-to-date: /ros2_ws/install/sensor_msgs/include/sensor_msgs/sensor_msgs/msg/detail/region_of_interest__struct.hpp
[4.151s] -- Up-to-date: /ros2_ws/install/sensor_msgs/include/sensor_msgs/sensor_msgs/msg/detail/nav_sat_fix__traits.hpp
[4.152s] -- Up-to-date: /ros2_ws/install/sensor_msgs/include/sensor_msgs/sensor_msgs/msg/detail/point_field__traits.hpp
[4.152s] -- Up-to-date: /ros2_ws/install/sensor_msgs/include/sensor_msgs/sensor_msgs/msg/detail/joy_feedback__struct.hpp
[4.153s] -- Up-to-date: /ros2_ws/install/sensor_msgs/include/sensor_msgs/sensor_msgs/msg/detail/image__type_support.hpp
[4.154s] -- Up-to-date: /ros2_ws/install/sensor_msgs/include/sensor_msgs/sensor_msgs/msg/detail/multi_echo_laser_scan__builder.hpp
[4.154s] -- Up-to-date: /ros2_ws/install/sensor_msgs/include/sensor_msgs/sensor_msgs/msg/detail/nav_sat_fix__struct.hpp
[4.155s] -- Up-to-date: /ros2_ws/install/sensor_msgs/include/sensor_msgs/sensor_msgs/msg/detail/battery_state__traits.hpp
[4.155s] -- Up-to-date: /ros2_ws/install/sensor_msgs/include/sensor_msgs/sensor_msgs/msg/detail/channel_float32__struct.hpp
[4.156s] -- Up-to-date: /ros2_ws/install/sensor_msgs/include/sensor_msgs/sensor_msgs/msg/detail/channel_float32__builder.hpp
[4.156s] -- Up-to-date: /ros2_ws/install/sensor_msgs/include/sensor_msgs/sensor_msgs/msg/detail/illuminance__struct.hpp
[4.156s] -- Up-to-date: /ros2_ws/install/sensor_msgs/include/sensor_msgs/sensor_msgs/msg/detail/temperature__type_support.hpp
[4.157s] -- Up-to-date: /ros2_ws/install/sensor_msgs/include/sensor_msgs/sensor_msgs/msg/detail/region_of_interest__traits.hpp
[4.157s] -- Up-to-date: /ros2_ws/install/sensor_msgs/include/sensor_msgs/sensor_msgs/msg/detail/laser_echo__type_support.hpp
[4.157s] -- Up-to-date: /ros2_ws/install/sensor_msgs/include/sensor_msgs/sensor_msgs/msg/detail/temperature__struct.hpp
[4.158s] -- Up-to-date: /ros2_ws/install/sensor_msgs/include/sensor_msgs/sensor_msgs/msg/detail/region_of_interest__type_support.hpp
[4.158s] -- Up-to-date: /ros2_ws/install/sensor_msgs/include/sensor_msgs/sensor_msgs/msg/detail/compressed_image__type_support.hpp
[4.159s] -- Up-to-date: /ros2_ws/install/sensor_msgs/include/sensor_msgs/sensor_msgs/msg/detail/imu__traits.hpp
[4.159s] -- Up-to-date: /ros2_ws/install/sensor_msgs/include/sensor_msgs/sensor_msgs/msg/detail/joy__builder.hpp
[4.159s] -- Up-to-date: /ros2_ws/install/sensor_msgs/include/sensor_msgs/sensor_msgs/msg/detail/point_field__struct.hpp
[4.160s] -- Up-to-date: /ros2_ws/install/sensor_msgs/include/sensor_msgs/sensor_msgs/msg/detail/temperature__traits.hpp
[4.160s] -- Up-to-date: /ros2_ws/install/sensor_msgs/include/sensor_msgs/sensor_msgs/msg/detail/fluid_pressure__type_support.hpp
[4.161s] -- Up-to-date: /ros2_ws/install/sensor_msgs/include/sensor_msgs/sensor_msgs/msg/detail/illuminance__traits.hpp
[4.161s] -- Up-to-date: /ros2_ws/install/sensor_msgs/include/sensor_msgs/sensor_msgs/msg/detail/point_cloud__builder.hpp
[4.161s] -- Up-to-date: /ros2_ws/install/sensor_msgs/include/sensor_msgs/sensor_msgs/msg/detail/joint_state__traits.hpp
[4.162s] -- Up-to-date: /ros2_ws/install/sensor_msgs/include/sensor_msgs/sensor_msgs/msg/relative_humidity.hpp
[4.162s] -- Up-to-date: /ros2_ws/install/sensor_msgs/include/sensor_msgs/sensor_msgs/msg/nav_sat_fix.hpp
[4.163s] -- Up-to-date: /ros2_ws/install/sensor_msgs/include/sensor_msgs/sensor_msgs/msg/multi_dof_joint_state.hpp
[4.163s] -- Up-to-date: /ros2_ws/install/sensor_msgs/include/sensor_msgs/sensor_msgs/msg/joint_state.hpp
[4.164s] -- Up-to-date: /ros2_ws/install/sensor_msgs/include/sensor_msgs/sensor_msgs
[4.164s] -- Up-to-date: /ros2_ws/install/sensor_msgs/include/sensor_msgs/sensor_msgs/srv
[4.164s] -- Up-to-date: /ros2_ws/install/sensor_msgs/include/sensor_msgs/sensor_msgs/srv/detail
[4.165s] -- Up-to-date: /ros2_ws/install/sensor_msgs/include/sensor_msgs/sensor_msgs/srv/detail/set_camera_info__rosidl_typesupport_fastrtps_cpp.hpp
[4.165s] -- Up-to-date: /ros2_ws/install/sensor_msgs/include/sensor_msgs/sensor_msgs/srv/detail/dds_fastrtps
[4.165s] -- Up-to-date: /ros2_ws/install/sensor_msgs/include/sensor_msgs/sensor_msgs/msg
[4.166s] -- Up-to-date: /ros2_ws/install/sensor_msgs/include/sensor_msgs/sensor_msgs/msg/rosidl_typesupport_fastrtps_cpp__visibility_control.h
[4.166s] -- Up-to-date: /ros2_ws/install/sensor_msgs/include/sensor_msgs/sensor_msgs/msg/detail
[4.167s] -- Up-to-date: /ros2_ws/install/sensor_msgs/include/sensor_msgs/sensor_msgs/msg/detail/laser_echo__rosidl_typesupport_fastrtps_cpp.hpp
[4.167s] -- Up-to-date: /ros2_ws/install/sensor_msgs/include/sensor_msgs/sensor_msgs/msg/detail/nav_sat_status__rosidl_typesupport_fastrtps_cpp.hpp
[4.168s] -- Up-to-date: /ros2_ws/install/sensor_msgs/include/sensor_msgs/sensor_msgs/msg/detail/compressed_image__rosidl_typesupport_fastrtps_cpp.hpp
[4.168s] -- Up-to-date: /ros2_ws/install/sensor_msgs/include/sensor_msgs/sensor_msgs/msg/detail/multi_dof_joint_state__rosidl_typesupport_fastrtps_cpp.hpp
[4.168s] -- Up-to-date: /ros2_ws/install/sensor_msgs/include/sensor_msgs/sensor_msgs/msg/detail/magnetic_field__rosidl_typesupport_fastrtps_cpp.hpp
[4.169s] -- Up-to-date: /ros2_ws/install/sensor_msgs/include/sensor_msgs/sensor_msgs/msg/detail/imu__rosidl_typesupport_fastrtps_cpp.hpp
[4.169s] -- Up-to-date: /ros2_ws/install/sensor_msgs/include/sensor_msgs/sensor_msgs/msg/detail/channel_float32__rosidl_typesupport_fastrtps_cpp.hpp
[4.169s] -- Up-to-date: /ros2_ws/install/sensor_msgs/include/sensor_msgs/sensor_msgs/msg/detail/laser_scan__rosidl_typesupport_fastrtps_cpp.hpp
[4.170s] -- Up-to-date: /ros2_ws/install/sensor_msgs/include/sensor_msgs/sensor_msgs/msg/detail/nav_sat_fix__rosidl_typesupport_fastrtps_cpp.hpp
[4.170s] -- Up-to-date: /ros2_ws/install/sensor_msgs/include/sensor_msgs/sensor_msgs/msg/detail/region_of_interest__rosidl_typesupport_fastrtps_cpp.hpp
[4.171s] -- Up-to-date: /ros2_ws/install/sensor_msgs/include/sensor_msgs/sensor_msgs/msg/detail/multi_echo_laser_scan__rosidl_typesupport_fastrtps_cpp.hpp
[4.171s] -- Up-to-date: /ros2_ws/install/sensor_msgs/include/sensor_msgs/sensor_msgs/msg/detail/camera_info__rosidl_typesupport_fastrtps_cpp.hpp
[4.171s] -- Up-to-date: /ros2_ws/install/sensor_msgs/include/sensor_msgs/sensor_msgs/msg/detail/relative_humidity__rosidl_typesupport_fastrtps_cpp.hpp
[4.172s] -- Up-to-date: /ros2_ws/install/sensor_msgs/include/sensor_msgs/sensor_msgs/msg/detail/point_cloud__rosidl_typesupport_fastrtps_cpp.hpp
[4.172s] -- Up-to-date: /ros2_ws/install/sensor_msgs/include/sensor_msgs/sensor_msgs/msg/detail/time_reference__rosidl_typesupport_fastrtps_cpp.hpp
[4.172s] -- Up-to-date: /ros2_ws/install/sensor_msgs/include/sensor_msgs/sensor_msgs/msg/detail/illuminance__rosidl_typesupport_fastrtps_cpp.hpp
[4.173s] -- Up-to-date: /ros2_ws/install/sensor_msgs/include/sensor_msgs/sensor_msgs/msg/detail/joy_feedback__rosidl_typesupport_fastrtps_cpp.hpp
[4.173s] -- Up-to-date: /ros2_ws/install/sensor_msgs/include/sensor_msgs/sensor_msgs/msg/detail/temperature__rosidl_typesupport_fastrtps_cpp.hpp
[4.174s] -- Up-to-date: /ros2_ws/install/sensor_msgs/include/sensor_msgs/sensor_msgs/msg/detail/fluid_pressure__rosidl_typesupport_fastrtps_cpp.hpp
[4.174s] -- Up-to-date: /ros2_ws/install/sensor_msgs/include/sensor_msgs/sensor_msgs/msg/detail/point_field__rosidl_typesupport_fastrtps_cpp.hpp
[4.174s] -- Up-to-date: /ros2_ws/install/sensor_msgs/include/sensor_msgs/sensor_msgs/msg/detail/point_cloud2__rosidl_typesupport_fastrtps_cpp.hpp
[4.175s] -- Up-to-date: /ros2_ws/install/sensor_msgs/include/sensor_msgs/sensor_msgs/msg/detail/joint_state__rosidl_typesupport_fastrtps_cpp.hpp
[4.175s] -- Up-to-date: /ros2_ws/install/sensor_msgs/include/sensor_msgs/sensor_msgs/msg/detail/image__rosidl_typesupport_fastrtps_cpp.hpp
[4.175s] -- Up-to-date: /ros2_ws/install/sensor_msgs/include/sensor_msgs/sensor_msgs/msg/detail/joy_feedback_array__rosidl_typesupport_fastrtps_cpp.hpp
[4.176s] -- Up-to-date: /ros2_ws/install/sensor_msgs/include/sensor_msgs/sensor_msgs/msg/detail/battery_state__rosidl_typesupport_fastrtps_cpp.hpp
[4.176s] -- Up-to-date: /ros2_ws/install/sensor_msgs/include/sensor_msgs/sensor_msgs/msg/detail/joy__rosidl_typesupport_fastrtps_cpp.hpp
[4.177s] -- Up-to-date: /ros2_ws/install/sensor_msgs/include/sensor_msgs/sensor_msgs/msg/detail/dds_fastrtps
[4.177s] -- Up-to-date: /ros2_ws/install/sensor_msgs/include/sensor_msgs/sensor_msgs/msg/detail/range__rosidl_typesupport_fastrtps_cpp.hpp
[4.177s] -- Up-to-date: /ros2_ws/install/sensor_msgs/lib/libsensor_msgs__rosidl_typesupport_fastrtps_cpp.so
[4.178s] -- Up-to-date: /ros2_ws/install/sensor_msgs/include/sensor_msgs/sensor_msgs
[4.178s] -- Up-to-date: /ros2_ws/install/sensor_msgs/include/sensor_msgs/sensor_msgs/srv
[4.178s] -- Up-to-date: /ros2_ws/install/sensor_msgs/include/sensor_msgs/sensor_msgs/srv/detail
[4.179s] -- Up-to-date: /ros2_ws/install/sensor_msgs/include/sensor_msgs/sensor_msgs/srv/detail/set_camera_info__rosidl_typesupport_introspection_c.h
[4.179s] -- Up-to-date: /ros2_ws/install/sensor_msgs/include/sensor_msgs/sensor_msgs/srv/detail/set_camera_info__type_support.c
[4.181s] -- Up-to-date: /ros2_ws/install/sensor_msgs/include/sensor_msgs/sensor_msgs/msg
[4.181s] -- Up-to-date: /ros2_ws/install/sensor_msgs/include/sensor_msgs/sensor_msgs/msg/detail
[4.183s] -- Up-to-date: /ros2_ws/install/sensor_msgs/include/sensor_msgs/sensor_msgs/msg/detail/nav_sat_fix__type_support.c
[4.183s] -- Up-to-date: /ros2_ws/install/sensor_msgs/include/sensor_msgs/sensor_msgs/msg/detail/battery_state__type_support.c
[4.183s] -- Up-to-date: /ros2_ws/install/sensor_msgs/include/sensor_msgs/sensor_msgs/msg/detail/point_field__rosidl_typesupport_introspection_c.h
[4.184s] -- Up-to-date: /ros2_ws/install/sensor_msgs/include/sensor_msgs/sensor_msgs/msg/detail/nav_sat_status__type_support.c
[4.185s] -- Up-to-date: /ros2_ws/install/sensor_msgs/include/sensor_msgs/sensor_msgs/msg/detail/nav_sat_fix__rosidl_typesupport_introspection_c.h
[4.186s] -- Up-to-date: /ros2_ws/install/sensor_msgs/include/sensor_msgs/sensor_msgs/msg/detail/range__rosidl_typesupport_introspection_c.h
[4.186s] -- Up-to-date: /ros2_ws/install/sensor_msgs/include/sensor_msgs/sensor_msgs/msg/detail/time_reference__rosidl_typesupport_introspection_c.h
[4.187s] -- Up-to-date: /ros2_ws/install/sensor_msgs/include/sensor_msgs/sensor_msgs/msg/detail/point_cloud2__type_support.c
[4.188s] -- Up-to-date: /ros2_ws/install/sensor_msgs/include/sensor_msgs/sensor_msgs/msg/detail/illuminance__type_support.c
[4.189s] -- Up-to-date: /ros2_ws/install/sensor_msgs/include/sensor_msgs/sensor_msgs/msg/detail/joy__type_support.c
[4.189s] -- Up-to-date: /ros2_ws/install/sensor_msgs/include/sensor_msgs/sensor_msgs/msg/detail/laser_echo__rosidl_typesupport_introspection_c.h
[4.191s] -- Up-to-date: /ros2_ws/install/sensor_msgs/include/sensor_msgs/sensor_msgs/msg/detail/joy_feedback_array__type_support.c
[4.191s] -- Up-to-date: /ros2_ws/install/sensor_msgs/include/sensor_msgs/sensor_msgs/msg/detail/temperature__rosidl_typesupport_introspection_c.h
[4.193s] -- Up-to-date: /ros2_ws/install/sensor_msgs/include/sensor_msgs/sensor_msgs/msg/detail/camera_info__rosidl_typesupport_introspection_c.h
[4.193s] -- Up-to-date: /ros2_ws/install/sensor_msgs/include/sensor_msgs/sensor_msgs/msg/detail/multi_dof_joint_state__type_support.c
[4.195s] -- Up-to-date: /ros2_ws/install/sensor_msgs/include/sensor_msgs/sensor_msgs/msg/detail/laser_scan__rosidl_typesupport_introspection_c.h
[4.195s] -- Up-to-date: /ros2_ws/install/sensor_msgs/include/sensor_msgs/sensor_msgs/msg/detail/time_reference__type_support.c
[4.196s] -- Up-to-date: /ros2_ws/install/sensor_msgs/include/sensor_msgs/sensor_msgs/msg/detail/channel_float32__type_support.c
[4.197s] -- Up-to-date: /ros2_ws/install/sensor_msgs/include/sensor_msgs/sensor_msgs/msg/detail/point_cloud__rosidl_typesupport_introspection_c.h
[4.198s] -- Up-to-date: /ros2_ws/install/sensor_msgs/include/sensor_msgs/sensor_msgs/msg/detail/fluid_pressure__rosidl_typesupport_introspection_c.h
[4.198s] -- Up-to-date: /ros2_ws/install/sensor_msgs/include/sensor_msgs/sensor_msgs/msg/detail/joy_feedback__type_support.c
[4.199s] -- Up-to-date: /ros2_ws/install/sensor_msgs/include/sensor_msgs/sensor_msgs/msg/detail/point_field__type_support.c
[4.200s] -- Up-to-date: /ros2_ws/install/sensor_msgs/include/sensor_msgs/sensor_msgs/msg/detail/image__rosidl_typesupport_introspection_c.h
[4.201s] -- Up-to-date: /ros2_ws/install/sensor_msgs/include/sensor_msgs/sensor_msgs/msg/detail/joint_state__type_support.c
[4.201s] -- Up-to-date: /ros2_ws/install/sensor_msgs/include/sensor_msgs/sensor_msgs/msg/detail/compressed_image__rosidl_typesupport_introspection_c.h
[4.203s] -- Up-to-date: /ros2_ws/install/sensor_msgs/include/sensor_msgs/sensor_msgs/msg/detail/range__type_support.c
[4.206s] -- Up-to-date: /ros2_ws/install/sensor_msgs/include/sensor_msgs/sensor_msgs/msg/detail/magnetic_field__rosidl_typesupport_introspection_c.h
[4.209s] -- Up-to-date: /ros2_ws/install/sensor_msgs/include/sensor_msgs/sensor_msgs/msg/detail/temperature__type_support.c
[4.209s] -- Up-to-date: /ros2_ws/install/sensor_msgs/include/sensor_msgs/sensor_msgs/msg/detail/multi_echo_laser_scan__rosidl_typesupport_introspection_c.h
[4.209s] -- Up-to-date: /ros2_ws/install/sensor_msgs/include/sensor_msgs/sensor_msgs/msg/detail/laser_scan__type_support.c
[4.210s] -- Up-to-date: /ros2_ws/install/sensor_msgs/include/sensor_msgs/sensor_msgs/msg/detail/camera_info__type_support.c
[4.212s] -- Up-to-date: /ros2_ws/install/sensor_msgs/include/sensor_msgs/sensor_msgs/msg/detail/fluid_pressure__type_support.c
[4.212s] -- Up-to-date: /ros2_ws/install/sensor_msgs/include/sensor_msgs/sensor_msgs/msg/detail/point_cloud2__rosidl_typesupport_introspection_c.h
[4.213s] -- Up-to-date: /ros2_ws/install/sensor_msgs/include/sensor_msgs/sensor_msgs/msg/detail/multi_echo_laser_scan__type_support.c
[4.213s] -- Up-to-date: /ros2_ws/install/sensor_msgs/include/sensor_msgs/sensor_msgs/msg/detail/battery_state__rosidl_typesupport_introspection_c.h
[4.215s] -- Up-to-date: /ros2_ws/install/sensor_msgs/include/sensor_msgs/sensor_msgs/msg/detail/imu__type_support.c
[4.215s] -- Up-to-date: /ros2_ws/install/sensor_msgs/include/sensor_msgs/sensor_msgs/msg/detail/channel_float32__rosidl_typesupport_introspection_c.h
[4.216s] -- Up-to-date: /ros2_ws/install/sensor_msgs/include/sensor_msgs/sensor_msgs/msg/detail/compressed_image__type_support.c
[4.216s] -- Up-to-date: /ros2_ws/install/sensor_msgs/include/sensor_msgs/sensor_msgs/msg/detail/relative_humidity__rosidl_typesupport_introspection_c.h
[4.217s] -- Up-to-date: /ros2_ws/install/sensor_msgs/include/sensor_msgs/sensor_msgs/msg/detail/region_of_interest__rosidl_typesupport_introspection_c.h
[4.218s] -- Up-to-date: /ros2_ws/install/sensor_msgs/include/sensor_msgs/sensor_msgs/msg/detail/nav_sat_status__rosidl_typesupport_introspection_c.h
[4.219s] -- Up-to-date: /ros2_ws/install/sensor_msgs/include/sensor_msgs/sensor_msgs/msg/detail/point_cloud__type_support.c
[4.220s] -- Up-to-date: /ros2_ws/install/sensor_msgs/include/sensor_msgs/sensor_msgs/msg/detail/joy_feedback__rosidl_typesupport_introspection_c.h
[4.220s] -- Up-to-date: /ros2_ws/install/sensor_msgs/include/sensor_msgs/sensor_msgs/msg/detail/illuminance__rosidl_typesupport_introspection_c.h
[4.221s] -- Up-to-date: /ros2_ws/install/sensor_msgs/include/sensor_msgs/sensor_msgs/msg/detail/joy_feedback_array__rosidl_typesupport_introspection_c.h
[4.221s] -- Up-to-date: /ros2_ws/install/sensor_msgs/include/sensor_msgs/sensor_msgs/msg/detail/image__type_support.c
[4.222s] -- Up-to-date: /ros2_ws/install/sensor_msgs/include/sensor_msgs/sensor_msgs/msg/detail/imu__rosidl_typesupport_introspection_c.h
[4.222s] -- Up-to-date: /ros2_ws/install/sensor_msgs/include/sensor_msgs/sensor_msgs/msg/detail/relative_humidity__type_support.c
[4.223s] -- Up-to-date: /ros2_ws/install/sensor_msgs/include/sensor_msgs/sensor_msgs/msg/detail/laser_echo__type_support.c
[4.223s] -- Up-to-date: /ros2_ws/install/sensor_msgs/include/sensor_msgs/sensor_msgs/msg/detail/joint_state__rosidl_typesupport_introspection_c.h
[4.224s] -- Up-to-date: /ros2_ws/install/sensor_msgs/include/sensor_msgs/sensor_msgs/msg/detail/magnetic_field__type_support.c
[4.224s] -- Up-to-date: /ros2_ws/install/sensor_msgs/include/sensor_msgs/sensor_msgs/msg/detail/joy__rosidl_typesupport_introspection_c.h
[4.227s] -- Up-to-date: /ros2_ws/install/sensor_msgs/include/sensor_msgs/sensor_msgs/msg/detail/multi_dof_joint_state__rosidl_typesupport_introspection_c.h
[4.228s] -- Up-to-date: /ros2_ws/install/sensor_msgs/include/sensor_msgs/sensor_msgs/msg/detail/region_of_interest__type_support.c
[4.228s] -- Up-to-date: /ros2_ws/install/sensor_msgs/include/sensor_msgs/sensor_msgs/msg/rosidl_typesupport_introspection_c__visibility_control.h
[4.229s] -- Up-to-date: /ros2_ws/install/sensor_msgs/lib/libsensor_msgs__rosidl_typesupport_introspection_c.so
[4.229s] -- Up-to-date: /ros2_ws/install/sensor_msgs/lib/libsensor_msgs__rosidl_typesupport_c.so
[4.230s] -- Up-to-date: /ros2_ws/install/sensor_msgs/include/sensor_msgs/sensor_msgs
[4.230s] -- Up-to-date: /ros2_ws/install/sensor_msgs/include/sensor_msgs/sensor_msgs/srv
[4.231s] -- Up-to-date: /ros2_ws/install/sensor_msgs/include/sensor_msgs/sensor_msgs/srv/detail
[4.231s] -- Up-to-date: /ros2_ws/install/sensor_msgs/include/sensor_msgs/sensor_msgs/srv/detail/set_camera_info__type_support.cpp
[4.232s] -- Up-to-date: /ros2_ws/install/sensor_msgs/include/sensor_msgs/sensor_msgs/srv/detail/set_camera_info__rosidl_typesupport_introspection_cpp.hpp
[4.232s] -- Up-to-date: /ros2_ws/install/sensor_msgs/include/sensor_msgs/sensor_msgs/msg
[4.232s] -- Up-to-date: /ros2_ws/install/sensor_msgs/include/sensor_msgs/sensor_msgs/msg/detail
[4.233s] -- Up-to-date: /ros2_ws/install/sensor_msgs/include/sensor_msgs/sensor_msgs/msg/detail/nav_sat_status__type_support.cpp
[4.233s] -- Up-to-date: /ros2_ws/install/sensor_msgs/include/sensor_msgs/sensor_msgs/msg/detail/multi_dof_joint_state__type_support.cpp
[4.234s] -- Up-to-date: /ros2_ws/install/sensor_msgs/include/sensor_msgs/sensor_msgs/msg/detail/joy__rosidl_typesupport_introspection_cpp.hpp
[4.234s] -- Up-to-date: /ros2_ws/install/sensor_msgs/include/sensor_msgs/sensor_msgs/msg/detail/joy_feedback_array__rosidl_typesupport_introspection_cpp.hpp
[4.235s] -- Up-to-date: /ros2_ws/install/sensor_msgs/include/sensor_msgs/sensor_msgs/msg/detail/image__rosidl_typesupport_introspection_cpp.hpp
[4.235s] -- Up-to-date: /ros2_ws/install/sensor_msgs/include/sensor_msgs/sensor_msgs/msg/detail/joy__type_support.cpp
[4.235s] -- Up-to-date: /ros2_ws/install/sensor_msgs/include/sensor_msgs/sensor_msgs/msg/detail/illuminance__type_support.cpp
[4.236s] -- Up-to-date: /ros2_ws/install/sensor_msgs/include/sensor_msgs/sensor_msgs/msg/detail/camera_info__type_support.cpp
[4.237s] -- Up-to-date: /ros2_ws/install/sensor_msgs/include/sensor_msgs/sensor_msgs/msg/detail/relative_humidity__rosidl_typesupport_introspection_cpp.hpp
[4.237s] -- Up-to-date: /ros2_ws/install/sensor_msgs/include/sensor_msgs/sensor_msgs/msg/detail/joint_state__type_support.cpp
[4.237s] -- Up-to-date: /ros2_ws/install/sensor_msgs/include/sensor_msgs/sensor_msgs/msg/detail/joy_feedback_array__type_support.cpp
[4.238s] -- Up-to-date: /ros2_ws/install/sensor_msgs/include/sensor_msgs/sensor_msgs/msg/detail/magnetic_field__type_support.cpp
[4.238s] -- Up-to-date: /ros2_ws/install/sensor_msgs/include/sensor_msgs/sensor_msgs/msg/detail/relative_humidity__type_support.cpp
[4.238s] -- Up-to-date: /ros2_ws/install/sensor_msgs/include/sensor_msgs/sensor_msgs/msg/detail/fluid_pressure__rosidl_typesupport_introspection_cpp.hpp
[4.239s] -- Up-to-date: /ros2_ws/install/sensor_msgs/include/sensor_msgs/sensor_msgs/msg/detail/illuminance__rosidl_typesupport_introspection_cpp.hpp
[4.239s] -- Up-to-date: /ros2_ws/install/sensor_msgs/include/sensor_msgs/sensor_msgs/msg/detail/channel_float32__type_support.cpp
[4.239s] -- Up-to-date: /ros2_ws/install/sensor_msgs/include/sensor_msgs/sensor_msgs/msg/detail/time_reference__type_support.cpp
[4.240s] -- Up-to-date: /ros2_ws/install/sensor_msgs/include/sensor_msgs/sensor_msgs/msg/detail/magnetic_field__rosidl_typesupport_introspection_cpp.hpp
[4.240s] -- Up-to-date: /ros2_ws/install/sensor_msgs/include/sensor_msgs/sensor_msgs/msg/detail/imu__rosidl_typesupport_introspection_cpp.hpp
[4.241s] -- Up-to-date: /ros2_ws/install/sensor_msgs/include/sensor_msgs/sensor_msgs/msg/detail/laser_scan__rosidl_typesupport_introspection_cpp.hpp
[4.241s] -- Up-to-date: /ros2_ws/install/sensor_msgs/include/sensor_msgs/sensor_msgs/msg/detail/battery_state__rosidl_typesupport_introspection_cpp.hpp
[4.241s] -- Up-to-date: /ros2_ws/install/sensor_msgs/include/sensor_msgs/sensor_msgs/msg/detail/battery_state__type_support.cpp
[4.242s] -- Up-to-date: /ros2_ws/install/sensor_msgs/include/sensor_msgs/sensor_msgs/msg/detail/joy_feedback__type_support.cpp
[4.242s] -- Up-to-date: /ros2_ws/install/sensor_msgs/include/sensor_msgs/sensor_msgs/msg/detail/temperature__rosidl_typesupport_introspection_cpp.hpp
[4.242s] -- Up-to-date: /ros2_ws/install/sensor_msgs/include/sensor_msgs/sensor_msgs/msg/detail/point_cloud2__rosidl_typesupport_introspection_cpp.hpp
[4.243s] -- Up-to-date: /ros2_ws/install/sensor_msgs/include/sensor_msgs/sensor_msgs/msg/detail/point_cloud__rosidl_typesupport_introspection_cpp.hpp
[4.243s] -- Up-to-date: /ros2_ws/install/sensor_msgs/include/sensor_msgs/sensor_msgs/msg/detail/point_cloud2__type_support.cpp
[4.244s] -- Up-to-date: /ros2_ws/install/sensor_msgs/include/sensor_msgs/sensor_msgs/msg/detail/laser_echo__type_support.cpp
[4.244s] -- Up-to-date: /ros2_ws/install/sensor_msgs/include/sensor_msgs/sensor_msgs/msg/detail/point_field__rosidl_typesupport_introspection_cpp.hpp
[4.244s] -- Up-to-date: /ros2_ws/install/sensor_msgs/include/sensor_msgs/sensor_msgs/msg/detail/nav_sat_status__rosidl_typesupport_introspection_cpp.hpp
[4.245s] -- Up-to-date: /ros2_ws/install/sensor_msgs/include/sensor_msgs/sensor_msgs/msg/detail/compressed_image__type_support.cpp
[4.245s] -- Up-to-date: /ros2_ws/install/sensor_msgs/include/sensor_msgs/sensor_msgs/msg/detail/temperature__type_support.cpp
[4.245s] -- Up-to-date: /ros2_ws/install/sensor_msgs/include/sensor_msgs/sensor_msgs/msg/detail/point_field__type_support.cpp
[4.246s] -- Up-to-date: /ros2_ws/install/sensor_msgs/include/sensor_msgs/sensor_msgs/msg/detail/camera_info__rosidl_typesupport_introspection_cpp.hpp
[4.246s] -- Up-to-date: /ros2_ws/install/sensor_msgs/include/sensor_msgs/sensor_msgs/msg/detail/channel_float32__rosidl_typesupport_introspection_cpp.hpp
[4.247s] -- Up-to-date: /ros2_ws/install/sensor_msgs/include/sensor_msgs/sensor_msgs/msg/detail/range__type_support.cpp
[4.247s] -- Up-to-date: /ros2_ws/install/sensor_msgs/include/sensor_msgs/sensor_msgs/msg/detail/region_of_interest__type_support.cpp
[4.248s] -- Up-to-date: /ros2_ws/install/sensor_msgs/include/sensor_msgs/sensor_msgs/msg/detail/compressed_image__rosidl_typesupport_introspection_cpp.hpp
[4.248s] -- Up-to-date: /ros2_ws/install/sensor_msgs/include/sensor_msgs/sensor_msgs/msg/detail/laser_scan__type_support.cpp
[4.248s] -- Up-to-date: /ros2_ws/install/sensor_msgs/include/sensor_msgs/sensor_msgs/msg/detail/fluid_pressure__type_support.cpp
[4.249s] -- Up-to-date: /ros2_ws/install/sensor_msgs/include/sensor_msgs/sensor_msgs/msg/detail/range__rosidl_typesupport_introspection_cpp.hpp
[4.249s] -- Up-to-date: /ros2_ws/install/sensor_msgs/include/sensor_msgs/sensor_msgs/msg/detail/image__type_support.cpp
[4.249s] -- Up-to-date: /ros2_ws/install/sensor_msgs/include/sensor_msgs/sensor_msgs/msg/detail/region_of_interest__rosidl_typesupport_introspection_cpp.hpp
[4.250s] -- Up-to-date: /ros2_ws/install/sensor_msgs/include/sensor_msgs/sensor_msgs/msg/detail/nav_sat_fix__rosidl_typesupport_introspection_cpp.hpp
[4.250s] -- Up-to-date: /ros2_ws/install/sensor_msgs/include/sensor_msgs/sensor_msgs/msg/detail/laser_echo__rosidl_typesupport_introspection_cpp.hpp
[4.251s] -- Up-to-date: /ros2_ws/install/sensor_msgs/include/sensor_msgs/sensor_msgs/msg/detail/multi_echo_laser_scan__type_support.cpp
[4.251s] -- Up-to-date: /ros2_ws/install/sensor_msgs/include/sensor_msgs/sensor_msgs/msg/detail/point_cloud__type_support.cpp
[4.251s] -- Up-to-date: /ros2_ws/install/sensor_msgs/include/sensor_msgs/sensor_msgs/msg/detail/multi_echo_laser_scan__rosidl_typesupport_introspection_cpp.hpp
[4.252s] -- Up-to-date: /ros2_ws/install/sensor_msgs/include/sensor_msgs/sensor_msgs/msg/detail/imu__type_support.cpp
[4.252s] -- Up-to-date: /ros2_ws/install/sensor_msgs/include/sensor_msgs/sensor_msgs/msg/detail/time_reference__rosidl_typesupport_introspection_cpp.hpp
[4.252s] -- Up-to-date: /ros2_ws/install/sensor_msgs/include/sensor_msgs/sensor_msgs/msg/detail/joint_state__rosidl_typesupport_introspection_cpp.hpp
[4.253s] -- Up-to-date: /ros2_ws/install/sensor_msgs/include/sensor_msgs/sensor_msgs/msg/detail/joy_feedback__rosidl_typesupport_introspection_cpp.hpp
[4.253s] -- Up-to-date: /ros2_ws/install/sensor_msgs/include/sensor_msgs/sensor_msgs/msg/detail/multi_dof_joint_state__rosidl_typesupport_introspection_cpp.hpp
[4.254s] -- Up-to-date: /ros2_ws/install/sensor_msgs/include/sensor_msgs/sensor_msgs/msg/detail/nav_sat_fix__type_support.cpp
[4.254s] -- Up-to-date: /ros2_ws/install/sensor_msgs/lib/libsensor_msgs__rosidl_typesupport_introspection_cpp.so
[4.254s] -- Up-to-date: /ros2_ws/install/sensor_msgs/lib/libsensor_msgs__rosidl_typesupport_cpp.so
[4.255s] -- Up-to-date: /ros2_ws/install/sensor_msgs/share/sensor_msgs/environment/pythonpath.sh
[4.255s] -- Up-to-date: /ros2_ws/install/sensor_msgs/share/sensor_msgs/environment/pythonpath.dsv
[4.255s] -- Up-to-date: /ros2_ws/install/sensor_msgs/local/lib/python3.10/dist-packages/sensor_msgs-2.0.5-py3.10.egg-info
[4.256s] -- Installing: /ros2_ws/install/sensor_msgs/local/lib/python3.10/dist-packages/sensor_msgs-2.0.5-py3.10.egg-info/SOURCES.txt
[4.256s] -- Installing: /ros2_ws/install/sensor_msgs/local/lib/python3.10/dist-packages/sensor_msgs-2.0.5-py3.10.egg-info/dependency_links.txt
[4.257s] -- Installing: /ros2_ws/install/sensor_msgs/local/lib/python3.10/dist-packages/sensor_msgs-2.0.5-py3.10.egg-info/top_level.txt
[4.257s] -- Installing: /ros2_ws/install/sensor_msgs/local/lib/python3.10/dist-packages/sensor_msgs-2.0.5-py3.10.egg-info/PKG-INFO
[4.257s] -- Up-to-date: /ros2_ws/install/sensor_msgs/local/lib/python3.10/dist-packages/sensor_msgs
[4.258s] -- Up-to-date: /ros2_ws/install/sensor_msgs/local/lib/python3.10/dist-packages/sensor_msgs/_sensor_msgs_s.ep.rosidl_typesupport_introspection_c.c
[4.258s] -- Up-to-date: /ros2_ws/install/sensor_msgs/local/lib/python3.10/dist-packages/sensor_msgs/_sensor_msgs_s.ep.rosidl_typesupport_fastrtps_c.c
[4.259s] -- Up-to-date: /ros2_ws/install/sensor_msgs/local/lib/python3.10/dist-packages/sensor_msgs/srv
[4.259s] -- Up-to-date: /ros2_ws/install/sensor_msgs/local/lib/python3.10/dist-packages/sensor_msgs/srv/__init__.py
[4.259s] -- Up-to-date: /ros2_ws/install/sensor_msgs/local/lib/python3.10/dist-packages/sensor_msgs/srv/_set_camera_info_s.c
[4.260s] -- Up-to-date: /ros2_ws/install/sensor_msgs/local/lib/python3.10/dist-packages/sensor_msgs/srv/_set_camera_info.py
[4.260s] -- Up-to-date: /ros2_ws/install/sensor_msgs/local/lib/python3.10/dist-packages/sensor_msgs/sensor_msgs_s__rosidl_typesupport_fastrtps_c.cpython-310-aarch64-linux-gnu.so
[4.260s] -- Up-to-date: /ros2_ws/install/sensor_msgs/local/lib/python3.10/dist-packages/sensor_msgs/__init__.py
[4.262s] -- Up-to-date: /ros2_ws/install/sensor_msgs/local/lib/python3.10/dist-packages/sensor_msgs/libsensor_msgs__rosidl_generator_py.so
[4.263s] -- Up-to-date: /ros2_ws/install/sensor_msgs/local/lib/python3.10/dist-packages/sensor_msgs/sensor_msgs_s__rosidl_typesupport_c.cpython-310-aarch64-linux-gnu.so
[4.264s] -- Up-to-date: /ros2_ws/install/sensor_msgs/local/lib/python3.10/dist-packages/sensor_msgs/msg
[4.264s] -- Up-to-date: /ros2_ws/install/sensor_msgs/local/lib/python3.10/dist-packages/sensor_msgs/msg/_relative_humidity.py
[4.264s] -- Up-to-date: /ros2_ws/install/sensor_msgs/local/lib/python3.10/dist-packages/sensor_msgs/msg/_compressed_image.py
[4.266s] -- Up-to-date: /ros2_ws/install/sensor_msgs/local/lib/python3.10/dist-packages/sensor_msgs/msg/__init__.py
[4.266s] -- Up-to-date: /ros2_ws/install/sensor_msgs/local/lib/python3.10/dist-packages/sensor_msgs/msg/_range_s.c
[4.267s] -- Up-to-date: /ros2_ws/install/sensor_msgs/local/lib/python3.10/dist-packages/sensor_msgs/msg/_joy_s.c
[4.268s] -- Up-to-date: /ros2_ws/install/sensor_msgs/local/lib/python3.10/dist-packages/sensor_msgs/msg/_multi_dof_joint_state.py
[4.269s] -- Up-to-date: /ros2_ws/install/sensor_msgs/local/lib/python3.10/dist-packages/sensor_msgs/msg/_joint_state.py
[4.269s] -- Up-to-date: /ros2_ws/install/sensor_msgs/local/lib/python3.10/dist-packages/sensor_msgs/msg/_laser_scan_s.c
[4.270s] -- Up-to-date: /ros2_ws/install/sensor_msgs/local/lib/python3.10/dist-packages/sensor_msgs/msg/_multi_echo_laser_scan.py
[4.271s] -- Up-to-date: /ros2_ws/install/sensor_msgs/local/lib/python3.10/dist-packages/sensor_msgs/msg/_fluid_pressure.py
[4.271s] -- Up-to-date: /ros2_ws/install/sensor_msgs/local/lib/python3.10/dist-packages/sensor_msgs/msg/_point_field_s.c
[4.272s] -- Up-to-date: /ros2_ws/install/sensor_msgs/local/lib/python3.10/dist-packages/sensor_msgs/msg/_point_cloud.py
[4.273s] -- Up-to-date: /ros2_ws/install/sensor_msgs/local/lib/python3.10/dist-packages/sensor_msgs/msg/_battery_state_s.c
[4.274s] -- Up-to-date: /ros2_ws/install/sensor_msgs/local/lib/python3.10/dist-packages/sensor_msgs/msg/_temperature.py
[4.275s] -- Up-to-date: /ros2_ws/install/sensor_msgs/local/lib/python3.10/dist-packages/sensor_msgs/msg/_camera_info.py
[4.275s] -- Up-to-date: /ros2_ws/install/sensor_msgs/local/lib/python3.10/dist-packages/sensor_msgs/msg/_nav_sat_fix_s.c
[4.276s] -- Up-to-date: /ros2_ws/install/sensor_msgs/local/lib/python3.10/dist-packages/sensor_msgs/msg/_fluid_pressure_s.c
[4.277s] -- Up-to-date: /ros2_ws/install/sensor_msgs/local/lib/python3.10/dist-packages/sensor_msgs/msg/_compressed_image_s.c
[4.278s] -- Up-to-date: /ros2_ws/install/sensor_msgs/local/lib/python3.10/dist-packages/sensor_msgs/msg/_joint_state_s.c
[4.278s] -- Up-to-date: /ros2_ws/install/sensor_msgs/local/lib/python3.10/dist-packages/sensor_msgs/msg/_range.py
[4.279s] -- Up-to-date: /ros2_ws/install/sensor_msgs/local/lib/python3.10/dist-packages/sensor_msgs/msg/_time_reference.py
[4.279s] -- Up-to-date: /ros2_ws/install/sensor_msgs/local/lib/python3.10/dist-packages/sensor_msgs/msg/_magnetic_field_s.c
[4.280s] -- Up-to-date: /ros2_ws/install/sensor_msgs/local/lib/python3.10/dist-packages/sensor_msgs/msg/_nav_sat_status_s.c
[4.281s] -- Up-to-date: /ros2_ws/install/sensor_msgs/local/lib/python3.10/dist-packages/sensor_msgs/msg/_battery_state.py
[4.281s] -- Up-to-date: /ros2_ws/install/sensor_msgs/local/lib/python3.10/dist-packages/sensor_msgs/msg/_illuminance.py
[4.282s] -- Up-to-date: /ros2_ws/install/sensor_msgs/local/lib/python3.10/dist-packages/sensor_msgs/msg/_laser_echo_s.c
[4.285s] -- Up-to-date: /ros2_ws/install/sensor_msgs/local/lib/python3.10/dist-packages/sensor_msgs/msg/_multi_echo_laser_scan_s.c
[4.287s] -- Up-to-date: /ros2_ws/install/sensor_msgs/local/lib/python3.10/dist-packages/sensor_msgs/msg/_relative_humidity_s.c
[4.289s] -- Up-to-date: /ros2_ws/install/sensor_msgs/local/lib/python3.10/dist-packages/sensor_msgs/msg/_imu_s.c
[4.291s] -- Up-to-date: /ros2_ws/install/sensor_msgs/local/lib/python3.10/dist-packages/sensor_msgs/msg/_illuminance_s.c
[4.292s] -- Up-to-date: /ros2_ws/install/sensor_msgs/local/lib/python3.10/dist-packages/sensor_msgs/msg/_laser_scan.py
[4.292s] -- Up-to-date: /ros2_ws/install/sensor_msgs/local/lib/python3.10/dist-packages/sensor_msgs/msg/_point_cloud2_s.c
[4.294s] -- Up-to-date: /ros2_ws/install/sensor_msgs/local/lib/python3.10/dist-packages/sensor_msgs/msg/_joy_feedback_s.c
[4.295s] -- Up-to-date: /ros2_ws/install/sensor_msgs/local/lib/python3.10/dist-packages/sensor_msgs/msg/_point_cloud_s.c
[4.296s] -- Up-to-date: /ros2_ws/install/sensor_msgs/local/lib/python3.10/dist-packages/sensor_msgs/msg/_nav_sat_fix.py
[4.296s] -- Up-to-date: /ros2_ws/install/sensor_msgs/local/lib/python3.10/dist-packages/sensor_msgs/msg/_laser_echo.py
[4.297s] -- Up-to-date: /ros2_ws/install/sensor_msgs/local/lib/python3.10/dist-packages/sensor_msgs/msg/_point_field.py
[4.298s] -- Up-to-date: /ros2_ws/install/sensor_msgs/local/lib/python3.10/dist-packages/sensor_msgs/msg/_joy.py
[4.299s] -- Up-to-date: /ros2_ws/install/sensor_msgs/local/lib/python3.10/dist-packages/sensor_msgs/msg/_imu.py
[4.300s] -- Up-to-date: /ros2_ws/install/sensor_msgs/local/lib/python3.10/dist-packages/sensor_msgs/msg/_joy_feedback_array_s.c
[4.301s] -- Up-to-date: /ros2_ws/install/sensor_msgs/local/lib/python3.10/dist-packages/sensor_msgs/msg/_time_reference_s.c
[4.301s] -- Up-to-date: /ros2_ws/install/sensor_msgs/local/lib/python3.10/dist-packages/sensor_msgs/msg/_image_s.c
[4.302s] -- Up-to-date: /ros2_ws/install/sensor_msgs/local/lib/python3.10/dist-packages/sensor_msgs/msg/_channel_float32.py
[4.303s] -- Up-to-date: /ros2_ws/install/sensor_msgs/local/lib/python3.10/dist-packages/sensor_msgs/msg/_joy_feedback_array.py
[4.303s] -- Up-to-date: /ros2_ws/install/sensor_msgs/local/lib/python3.10/dist-packages/sensor_msgs/msg/_channel_float32_s.c
[4.304s] -- Up-to-date: /ros2_ws/install/sensor_msgs/local/lib/python3.10/dist-packages/sensor_msgs/msg/_magnetic_field.py
[4.305s] -- Up-to-date: /ros2_ws/install/sensor_msgs/local/lib/python3.10/dist-packages/sensor_msgs/msg/_nav_sat_status.py
[4.305s] -- Up-to-date: /ros2_ws/install/sensor_msgs/local/lib/python3.10/dist-packages/sensor_msgs/msg/_camera_info_s.c
[4.307s] -- Up-to-date: /ros2_ws/install/sensor_msgs/local/lib/python3.10/dist-packages/sensor_msgs/msg/_region_of_interest_s.c
[4.308s] -- Up-to-date: /ros2_ws/install/sensor_msgs/local/lib/python3.10/dist-packages/sensor_msgs/msg/_joy_feedback.py
[4.309s] -- Up-to-date: /ros2_ws/install/sensor_msgs/local/lib/python3.10/dist-packages/sensor_msgs/msg/_region_of_interest.py
[4.312s] -- Up-to-date: /ros2_ws/install/sensor_msgs/local/lib/python3.10/dist-packages/sensor_msgs/msg/_point_cloud2.py
[4.312s] -- Up-to-date: /ros2_ws/install/sensor_msgs/local/lib/python3.10/dist-packages/sensor_msgs/msg/_temperature_s.c
[4.313s] -- Up-to-date: /ros2_ws/install/sensor_msgs/local/lib/python3.10/dist-packages/sensor_msgs/msg/_multi_dof_joint_state_s.c
[4.313s] -- Up-to-date: /ros2_ws/install/sensor_msgs/local/lib/python3.10/dist-packages/sensor_msgs/msg/_image.py
[4.313s] -- Up-to-date: /ros2_ws/install/sensor_msgs/local/lib/python3.10/dist-packages/sensor_msgs/sensor_msgs_s__rosidl_typesupport_introspection_c.cpython-310-aarch64-linux-gnu.so
[4.314s] -- Up-to-date: /ros2_ws/install/sensor_msgs/local/lib/python3.10/dist-packages/sensor_msgs/_sensor_msgs_s.ep.rosidl_typesupport_c.c
[4.351s] Listing '/ros2_ws/install/sensor_msgs/local/lib/python3.10/dist-packages/sensor_msgs'...
[4.351s] Listing '/ros2_ws/install/sensor_msgs/local/lib/python3.10/dist-packages/sensor_msgs/msg'...
[4.351s] Listing '/ros2_ws/install/sensor_msgs/local/lib/python3.10/dist-packages/sensor_msgs/srv'...
[4.352s] -- Up-to-date: /ros2_ws/install/sensor_msgs/local/lib/python3.10/dist-packages/sensor_msgs/sensor_msgs_s__rosidl_typesupport_fastrtps_c.cpython-310-aarch64-linux-gnu.so
[4.353s] -- Up-to-date: /ros2_ws/install/sensor_msgs/local/lib/python3.10/dist-packages/sensor_msgs/sensor_msgs_s__rosidl_typesupport_introspection_c.cpython-310-aarch64-linux-gnu.so
[4.354s] -- Up-to-date: /ros2_ws/install/sensor_msgs/local/lib/python3.10/dist-packages/sensor_msgs/sensor_msgs_s__rosidl_typesupport_c.cpython-310-aarch64-linux-gnu.so
[4.355s] -- Up-to-date: /ros2_ws/install/sensor_msgs/lib/libsensor_msgs__rosidl_generator_py.so
[4.356s] -- Up-to-date: /ros2_ws/install/sensor_msgs/share/ament_index/resource_index/rust_packages/sensor_msgs
[4.356s] -- Up-to-date: /ros2_ws/install/sensor_msgs/share/sensor_msgs/rust
[4.357s] -- Up-to-date: /ros2_ws/install/sensor_msgs/share/sensor_msgs/rust/src
[4.358s] -- Up-to-date: /ros2_ws/install/sensor_msgs/share/sensor_msgs/rust/src/srv
[4.359s] -- Up-to-date: /ros2_ws/install/sensor_msgs/share/sensor_msgs/rust/src/srv/rmw.rs
[4.359s] -- Up-to-date: /ros2_ws/install/sensor_msgs/share/sensor_msgs/rust/src/srv.rs
[4.360s] -- Up-to-date: /ros2_ws/install/sensor_msgs/share/sensor_msgs/rust/src/msg
[4.361s] -- Up-to-date: /ros2_ws/install/sensor_msgs/share/sensor_msgs/rust/src/msg/rmw.rs
[4.361s] -- Up-to-date: /ros2_ws/install/sensor_msgs/share/sensor_msgs/rust/src/msg.rs
[4.362s] -- Up-to-date: /ros2_ws/install/sensor_msgs/share/sensor_msgs/rust/src/lib.rs
[4.363s] -- Up-to-date: /ros2_ws/install/sensor_msgs/share/sensor_msgs/rust/Cargo.toml
[4.363s] -- Up-to-date: /ros2_ws/install/sensor_msgs/share/sensor_msgs/rust/build.rs
[4.365s] -- Up-to-date: /ros2_ws/install/sensor_msgs/share/sensor_msgs/msg/BatteryState.idl
[4.365s] -- Up-to-date: /ros2_ws/install/sensor_msgs/share/sensor_msgs/msg/CameraInfo.idl
[4.367s] -- Up-to-date: /ros2_ws/install/sensor_msgs/share/sensor_msgs/msg/ChannelFloat32.idl
[4.367s] -- Up-to-date: /ros2_ws/install/sensor_msgs/share/sensor_msgs/msg/CompressedImage.idl
[4.368s] -- Up-to-date: /ros2_ws/install/sensor_msgs/share/sensor_msgs/msg/FluidPressure.idl
[4.369s] -- Up-to-date: /ros2_ws/install/sensor_msgs/share/sensor_msgs/msg/Illuminance.idl
[4.369s] -- Up-to-date: /ros2_ws/install/sensor_msgs/share/sensor_msgs/msg/Image.idl
[4.370s] -- Up-to-date: /ros2_ws/install/sensor_msgs/share/sensor_msgs/msg/Imu.idl
[4.371s] -- Up-to-date: /ros2_ws/install/sensor_msgs/share/sensor_msgs/msg/JointState.idl
[4.372s] -- Up-to-date: /ros2_ws/install/sensor_msgs/share/sensor_msgs/msg/Joy.idl
[4.372s] -- Up-to-date: /ros2_ws/install/sensor_msgs/share/sensor_msgs/msg/JoyFeedback.idl
[4.373s] -- Up-to-date: /ros2_ws/install/sensor_msgs/share/sensor_msgs/msg/JoyFeedbackArray.idl
[4.374s] -- Up-to-date: /ros2_ws/install/sensor_msgs/share/sensor_msgs/msg/LaserEcho.idl
[4.380s] -- Up-to-date: /ros2_ws/install/sensor_msgs/share/sensor_msgs/msg/LaserScan.idl
[4.382s] -- Up-to-date: /ros2_ws/install/sensor_msgs/share/sensor_msgs/msg/MagneticField.idl
[4.383s] -- Up-to-date: /ros2_ws/install/sensor_msgs/share/sensor_msgs/msg/MultiDOFJointState.idl
[4.383s] -- Up-to-date: /ros2_ws/install/sensor_msgs/share/sensor_msgs/msg/MultiEchoLaserScan.idl
[4.384s] -- Up-to-date: /ros2_ws/install/sensor_msgs/share/sensor_msgs/msg/NavSatFix.idl
[4.386s] -- Up-to-date: /ros2_ws/install/sensor_msgs/share/sensor_msgs/msg/NavSatStatus.idl
[4.386s] -- Up-to-date: /ros2_ws/install/sensor_msgs/share/sensor_msgs/msg/PointCloud.idl
[4.387s] -- Up-to-date: /ros2_ws/install/sensor_msgs/share/sensor_msgs/msg/PointCloud2.idl
[4.388s] -- Up-to-date: /ros2_ws/install/sensor_msgs/share/sensor_msgs/msg/PointField.idl
[4.389s] -- Up-to-date: /ros2_ws/install/sensor_msgs/share/sensor_msgs/msg/Range.idl
[4.389s] -- Up-to-date: /ros2_ws/install/sensor_msgs/share/sensor_msgs/msg/RegionOfInterest.idl
[4.391s] -- Up-to-date: /ros2_ws/install/sensor_msgs/share/sensor_msgs/msg/RelativeHumidity.idl
[4.392s] -- Up-to-date: /ros2_ws/install/sensor_msgs/share/sensor_msgs/msg/Temperature.idl
[4.392s] -- Up-to-date: /ros2_ws/install/sensor_msgs/share/sensor_msgs/msg/TimeReference.idl
[4.393s] -- Up-to-date: /ros2_ws/install/sensor_msgs/share/sensor_msgs/srv/SetCameraInfo.idl
[4.393s] -- Up-to-date: /ros2_ws/install/sensor_msgs/share/sensor_msgs/msg/BatteryState.msg
[4.394s] -- Up-to-date: /ros2_ws/install/sensor_msgs/share/sensor_msgs/msg/CameraInfo.msg
[4.394s] -- Up-to-date: /ros2_ws/install/sensor_msgs/share/sensor_msgs/msg/ChannelFloat32.msg
[4.395s] -- Up-to-date: /ros2_ws/install/sensor_msgs/share/sensor_msgs/msg/CompressedImage.msg
[4.395s] -- Up-to-date: /ros2_ws/install/sensor_msgs/share/sensor_msgs/msg/FluidPressure.msg
[4.395s] -- Up-to-date: /ros2_ws/install/sensor_msgs/share/sensor_msgs/msg/Illuminance.msg
[4.396s] -- Up-to-date: /ros2_ws/install/sensor_msgs/share/sensor_msgs/msg/Image.msg
[4.396s] -- Up-to-date: /ros2_ws/install/sensor_msgs/share/sensor_msgs/msg/Imu.msg
[4.400s] -- Up-to-date: /ros2_ws/install/sensor_msgs/share/sensor_msgs/msg/JointState.msg
[4.400s] -- Up-to-date: /ros2_ws/install/sensor_msgs/share/sensor_msgs/msg/Joy.msg
[4.401s] -- Up-to-date: /ros2_ws/install/sensor_msgs/share/sensor_msgs/msg/JoyFeedback.msg
[4.401s] -- Up-to-date: /ros2_ws/install/sensor_msgs/share/sensor_msgs/msg/JoyFeedbackArray.msg
[4.402s] -- Up-to-date: /ros2_ws/install/sensor_msgs/share/sensor_msgs/msg/LaserEcho.msg
[4.402s] -- Up-to-date: /ros2_ws/install/sensor_msgs/share/sensor_msgs/msg/LaserScan.msg
[4.403s] -- Up-to-date: /ros2_ws/install/sensor_msgs/share/sensor_msgs/msg/MagneticField.msg
[4.403s] -- Up-to-date: /ros2_ws/install/sensor_msgs/share/sensor_msgs/msg/MultiDOFJointState.msg
[4.403s] -- Up-to-date: /ros2_ws/install/sensor_msgs/share/sensor_msgs/msg/MultiEchoLaserScan.msg
[4.404s] -- Up-to-date: /ros2_ws/install/sensor_msgs/share/sensor_msgs/msg/NavSatFix.msg
[4.404s] -- Up-to-date: /ros2_ws/install/sensor_msgs/share/sensor_msgs/msg/NavSatStatus.msg
[4.405s] -- Up-to-date: /ros2_ws/install/sensor_msgs/share/sensor_msgs/msg/PointCloud.msg
[4.405s] -- Up-to-date: /ros2_ws/install/sensor_msgs/share/sensor_msgs/msg/PointCloud2.msg
[4.406s] -- Up-to-date: /ros2_ws/install/sensor_msgs/share/sensor_msgs/msg/PointField.msg
[4.406s] -- Up-to-date: /ros2_ws/install/sensor_msgs/share/sensor_msgs/msg/Range.msg
[4.407s] -- Up-to-date: /ros2_ws/install/sensor_msgs/share/sensor_msgs/msg/RegionOfInterest.msg
[4.407s] -- Up-to-date: /ros2_ws/install/sensor_msgs/share/sensor_msgs/msg/RelativeHumidity.msg
[4.408s] -- Up-to-date: /ros2_ws/install/sensor_msgs/share/sensor_msgs/msg/Temperature.msg
[4.408s] -- Up-to-date: /ros2_ws/install/sensor_msgs/share/sensor_msgs/msg/TimeReference.msg
[4.408s] -- Up-to-date: /ros2_ws/install/sensor_msgs/share/sensor_msgs/srv/SetCameraInfo.srv
[4.409s] -- Up-to-date: /ros2_ws/install/sensor_msgs/share/sensor_msgs/srv/SetCameraInfo_Request.msg
[4.409s] -- Up-to-date: /ros2_ws/install/sensor_msgs/share/sensor_msgs/srv/SetCameraInfo_Response.msg
[4.410s] -- Up-to-date: /ros2_ws/install/sensor_msgs/include/sensor_msgs
[4.410s] -- Up-to-date: /ros2_ws/install/sensor_msgs/include/sensor_msgs/point_cloud_conversion.hpp
[4.410s] -- Up-to-date: /ros2_ws/install/sensor_msgs/include/sensor_msgs/distortion_models.hpp
[4.411s] -- Up-to-date: /ros2_ws/install/sensor_msgs/include/sensor_msgs/fill_image.hpp
[4.411s] -- Up-to-date: /ros2_ws/install/sensor_msgs/include/sensor_msgs/point_field_conversion.hpp
[4.412s] -- Up-to-date: /ros2_ws/install/sensor_msgs/include/sensor_msgs/impl
[4.412s] -- Up-to-date: /ros2_ws/install/sensor_msgs/include/sensor_msgs/impl/point_cloud2_iterator.hpp
[4.413s] -- Up-to-date: /ros2_ws/install/sensor_msgs/include/sensor_msgs/image_encodings.hpp
[4.413s] -- Up-to-date: /ros2_ws/install/sensor_msgs/include/sensor_msgs/point_cloud2_iterator.hpp
[4.413s] -- Up-to-date: /ros2_ws/install/sensor_msgs/share/ament_index/resource_index/package_run_dependencies/sensor_msgs
[4.414s] -- Up-to-date: /ros2_ws/install/sensor_msgs/share/ament_index/resource_index/parent_prefix_path/sensor_msgs
[4.414s] -- Up-to-date: /ros2_ws/install/sensor_msgs/share/sensor_msgs/environment/ament_prefix_path.sh
[4.415s] -- Up-to-date: /ros2_ws/install/sensor_msgs/share/sensor_msgs/environment/ament_prefix_path.dsv
[4.415s] -- Up-to-date: /ros2_ws/install/sensor_msgs/share/sensor_msgs/environment/path.sh
[4.415s] -- Up-to-date: /ros2_ws/install/sensor_msgs/share/sensor_msgs/environment/path.dsv
[4.416s] -- Up-to-date: /ros2_ws/install/sensor_msgs/share/sensor_msgs/local_setup.bash
[4.416s] -- Up-to-date: /ros2_ws/install/sensor_msgs/share/sensor_msgs/local_setup.sh
[4.416s] -- Up-to-date: /ros2_ws/install/sensor_msgs/share/sensor_msgs/local_setup.zsh
[4.417s] -- Up-to-date: /ros2_ws/install/sensor_msgs/share/sensor_msgs/local_setup.dsv
[4.417s] -- Installing: /ros2_ws/install/sensor_msgs/share/sensor_msgs/package.dsv
[4.417s] -- Up-to-date: /ros2_ws/install/sensor_msgs/share/ament_index/resource_index/packages/sensor_msgs
[4.418s] -- Up-to-date: /ros2_ws/install/sensor_msgs/share/sensor_msgs/cmake/export_sensor_msgs__rosidl_generator_cExport.cmake
[4.419s] -- Up-to-date: /ros2_ws/install/sensor_msgs/share/sensor_msgs/cmake/export_sensor_msgs__rosidl_generator_cExport-noconfig.cmake
[4.419s] -- Up-to-date: /ros2_ws/install/sensor_msgs/share/sensor_msgs/cmake/export_sensor_msgs__rosidl_typesupport_fastrtps_cExport.cmake
[4.419s] -- Up-to-date: /ros2_ws/install/sensor_msgs/share/sensor_msgs/cmake/export_sensor_msgs__rosidl_typesupport_fastrtps_cExport-noconfig.cmake
[4.420s] -- Up-to-date: /ros2_ws/install/sensor_msgs/share/sensor_msgs/cmake/export_sensor_msgs__rosidl_generator_cppExport.cmake
[4.420s] -- Up-to-date: /ros2_ws/install/sensor_msgs/share/sensor_msgs/cmake/export_sensor_msgs__rosidl_typesupport_fastrtps_cppExport.cmake
[4.421s] -- Up-to-date: /ros2_ws/install/sensor_msgs/share/sensor_msgs/cmake/export_sensor_msgs__rosidl_typesupport_fastrtps_cppExport-noconfig.cmake
[4.421s] -- Up-to-date: /ros2_ws/install/sensor_msgs/share/sensor_msgs/cmake/sensor_msgs__rosidl_typesupport_introspection_cExport.cmake
[4.422s] -- Up-to-date: /ros2_ws/install/sensor_msgs/share/sensor_msgs/cmake/sensor_msgs__rosidl_typesupport_introspection_cExport-noconfig.cmake
[4.422s] -- Up-to-date: /ros2_ws/install/sensor_msgs/share/sensor_msgs/cmake/sensor_msgs__rosidl_typesupport_cExport.cmake
[4.423s] -- Up-to-date: /ros2_ws/install/sensor_msgs/share/sensor_msgs/cmake/sensor_msgs__rosidl_typesupport_cExport-noconfig.cmake
[4.423s] -- Up-to-date: /ros2_ws/install/sensor_msgs/share/sensor_msgs/cmake/sensor_msgs__rosidl_typesupport_introspection_cppExport.cmake
[4.424s] -- Up-to-date: /ros2_ws/install/sensor_msgs/share/sensor_msgs/cmake/sensor_msgs__rosidl_typesupport_introspection_cppExport-noconfig.cmake
[4.424s] -- Up-to-date: /ros2_ws/install/sensor_msgs/share/sensor_msgs/cmake/sensor_msgs__rosidl_typesupport_cppExport.cmake
[4.424s] -- Up-to-date: /ros2_ws/install/sensor_msgs/share/sensor_msgs/cmake/sensor_msgs__rosidl_typesupport_cppExport-noconfig.cmake
[4.425s] -- Up-to-date: /ros2_ws/install/sensor_msgs/share/sensor_msgs/cmake/export_sensor_msgs__rosidl_generator_pyExport.cmake
[4.425s] -- Up-to-date: /ros2_ws/install/sensor_msgs/share/sensor_msgs/cmake/export_sensor_msgs__rosidl_generator_pyExport-noconfig.cmake
[4.425s] -- Up-to-date: /ros2_ws/install/sensor_msgs/share/sensor_msgs/cmake/rosidl_cmake-extras.cmake
[4.426s] -- Up-to-date: /ros2_ws/install/sensor_msgs/share/sensor_msgs/cmake/ament_cmake_export_dependencies-extras.cmake
[4.426s] -- Up-to-date: /ros2_ws/install/sensor_msgs/share/sensor_msgs/cmake/ament_cmake_export_include_directories-extras.cmake
[4.427s] -- Up-to-date: /ros2_ws/install/sensor_msgs/share/sensor_msgs/cmake/ament_cmake_export_libraries-extras.cmake
[4.427s] -- Up-to-date: /ros2_ws/install/sensor_msgs/share/sensor_msgs/cmake/ament_cmake_export_targets-extras.cmake
[4.427s] -- Up-to-date: /ros2_ws/install/sensor_msgs/share/sensor_msgs/cmake/rosidl_cmake_export_typesupport_targets-extras.cmake
[4.428s] -- Up-to-date: /ros2_ws/install/sensor_msgs/share/sensor_msgs/cmake/rosidl_cmake_export_typesupport_libraries-extras.cmake
[4.428s] -- Up-to-date: /ros2_ws/install/sensor_msgs/share/sensor_msgs/cmake/sensor_msgsConfig.cmake
[4.429s] -- Up-to-date: /ros2_ws/install/sensor_msgs/share/sensor_msgs/cmake/sensor_msgsConfig-version.cmake
[4.429s] -- Up-to-date: /ros2_ws/install/sensor_msgs/share/sensor_msgs/package.xml
[4.434s] Invoked command in '/ros2_ws/build/sensor_msgs' returned '0': AMENT_PREFIX_PATH=/ros2_ws/install/geometry_msgs:/ros2_ws/install/std_msgs:${AMENT_PREFIX_PATH} CMAKE_PREFIX_PATH=/ros2_ws/install/geometry_msgs:/ros2_ws/install/std_msgs:/opt/ros/humble LD_LIBRARY_PATH=/ros2_ws/install/geometry_msgs/lib:/ros2_ws/install/std_msgs/lib:${LD_LIBRARY_PATH} PYTHONPATH=/ros2_ws/install/geometry_msgs/local/lib/python3.10/dist-packages:/ros2_ws/install/std_msgs/local/lib/python3.10/dist-packages:${PYTHONPATH} /usr/bin/cmake --install /ros2_ws/build/sensor_msgs
