-- The C compiler identification is GNU 7.5.0
-- The CXX compiler identification is GNU 7.5.0
-- Detecting C compiler ABI info
-- Detecting C compiler ABI info - done
-- Check for working C compiler: /usr/bin/cc - skipped
-- Detecting C compile features
-- Detecting C compile features - done
-- Detecting CXX compiler ABI info
-- Detecting CXX compiler ABI info - done
-- Check for working CXX compiler: /usr/bin/c++ - skipped
-- Detecting CXX compile features
-- Detecting CXX compile features - done
-- Found ament_cmake_ros: 0.9.2 (/opt/ros/foxy/install/share/ament_cmake_ros/cmake)
-- Found PythonInterp: /usr/bin/python3 (found suitable version "3.6.9", minimum required is "3") 
-- Using PYTHON_EXECUTABLE: /usr/bin/python3
-- Override CMake install command with custom implementation using symlinks instead of copying resources
-- Configuring done (6.1s)
-- Generating done (0.0s)
-- Build files have been written to: /ros2_ws/build/rosapi
-- Install configuration: ""
-- Execute custom install script
-- Symlinking: /ros2_ws/install/rosapi/share/rosapi/environment/pythonpath.sh
-- Symlinking: /ros2_ws/install/rosapi/share/rosapi/environment/pythonpath.dsv
-- Symlinking: /ros2_ws/install/rosapi/lib/python3.6/site-packages/rosapi/__init__.py
-- Symlinking: /ros2_ws/install/rosapi/lib/python3.6/site-packages/rosapi/glob_helper.py
-- Symlinking: /ros2_ws/install/rosapi/lib/python3.6/site-packages/rosapi/objectutils.py
-- Symlinking: /ros2_ws/install/rosapi/lib/python3.6/site-packages/rosapi/params.py
-- Symlinking: /ros2_ws/install/rosapi/lib/python3.6/site-packages/rosapi/proxy.py
-- Symlinking: /ros2_ws/install/rosapi/lib/python3.6/site-packages/rosapi/stringify_field_types.py
-- Symlinking: /ros2_ws/install/rosapi/share/ament_index/resource_index/package_run_dependencies/rosapi
-- Symlinking: /ros2_ws/install/rosapi/share/ament_index/resource_index/parent_prefix_path/rosapi
-- Symlinking: /ros2_ws/install/rosapi/share/rosapi/environment/ament_prefix_path.sh
-- Symlinking: /ros2_ws/install/rosapi/share/rosapi/environment/ament_prefix_path.dsv
-- Symlinking: /ros2_ws/install/rosapi/share/rosapi/environment/path.sh
-- Symlinking: /ros2_ws/install/rosapi/share/rosapi/environment/path.dsv
-- Symlinking: /ros2_ws/install/rosapi/share/rosapi/local_setup.bash
-- Symlinking: /ros2_ws/install/rosapi/share/rosapi/local_setup.sh
-- Symlinking: /ros2_ws/install/rosapi/share/rosapi/local_setup.zsh
-- Symlinking: /ros2_ws/install/rosapi/share/rosapi/local_setup.dsv
-- Symlinking: /ros2_ws/install/rosapi/share/rosapi/package.dsv
-- Symlinking: /ros2_ws/install/rosapi/share/ament_index/resource_index/packages/rosapi
-- Symlinking: /ros2_ws/install/rosapi/share/rosapi/cmake/rosapiConfig.cmake
-- Symlinking: /ros2_ws/install/rosapi/share/rosapi/cmake/rosapiConfig-version.cmake
-- Symlinking: /ros2_ws/install/rosapi/share/rosapi/package.xml
-- Symlinking: /ros2_ws/install/rosapi/lib/rosapi/rosapi_node
-- Symlinking: /ros2_ws/install/rosapi/share/rosapi/mapping_rules.yaml
Listing '/ros2_ws/install/rosapi/lib/python3.6/site-packages/rosapi'...
Compiling '/ros2_ws/install/rosapi/lib/python3.6/site-packages/rosapi/__init__.py'...
Compiling '/ros2_ws/install/rosapi/lib/python3.6/site-packages/rosapi/glob_helper.py'...
Compiling '/ros2_ws/install/rosapi/lib/python3.6/site-packages/rosapi/objectutils.py'...
Compiling '/ros2_ws/install/rosapi/lib/python3.6/site-packages/rosapi/params.py'...
Compiling '/ros2_ws/install/rosapi/lib/python3.6/site-packages/rosapi/proxy.py'...
Compiling '/ros2_ws/install/rosapi/lib/python3.6/site-packages/rosapi/stringify_field_types.py'...
