[0.084s] Invoking command in '/ros2_ws/build/rosapi': AMENT_PREFIX_PATH=/ros2_ws/install/rosbridge_library:/ros2_ws/install/rosapi_msgs:${AMENT_PREFIX_PATH} CMAKE_PREFIX_PATH=/ros2_ws/install/rosbridge_library:/ros2_ws/install/rosapi_msgs:${CMAKE_PREFIX_PATH} LD_LIBRARY_PATH=/ros2_ws/install/rosapi_msgs/lib:/ros2_ws/src/install/rplidar_ros/lib:/ros2_ws/my_ros2_project/install/rosbridge_test_msgs/lib:/ros2_ws/my_ros2_project/install/rosbridge_msgs/lib:/ros2_ws/my_ros2_project/install/rosapi_msgs/lib:/opt/ros/foxy/install/opt/yaml_cpp_vendor/lib:/opt/ros/foxy/install/opt/rviz_ogre_vendor/lib:/opt/ros/foxy/install/lib:/usr/local/cuda-10.2/targets/aarch64-linux/lib PYTHONPATH=/ros2_ws/install/rosbridge_library/lib/python3.6/site-packages:/ros2_ws/install/rosapi_msgs/lib/python3.6/site-packages:${PYTHONPATH} /usr/local/bin/cmake /ros2_ws/src/rosapi -DAMENT_CMAKE_SYMLINK_INSTALL=1 -DCMAKE_INSTALL_PREFIX=/ros2_ws/install/rosapi
[0.410s] -- The C compiler identification is GNU 7.5.0
[0.609s] -- The CXX compiler identification is GNU 7.5.0
[0.673s] -- Detecting C compiler ABI info
[0.889s] -- Detecting C compiler ABI info - done
[0.940s] -- Check for working C compiler: /usr/bin/cc - skipped
[0.941s] -- Detecting C compile features
[0.942s] -- Detecting C compile features - done
[0.983s] -- Detecting CXX compiler ABI info
[1.232s] -- Detecting CXX compiler ABI info - done
[1.285s] -- Check for working CXX compiler: /usr/bin/c++ - skipped
[1.286s] -- Detecting CXX compile features
[1.288s] -- Detecting CXX compile features - done
[1.302s] -- Found ament_cmake_ros: 0.9.2 (/opt/ros/foxy/install/share/ament_cmake_ros/cmake)
[1.366s] [33mCMake Warning (dev) at /opt/ros/foxy/install/share/ament_cmake_core/cmake/core/python.cmake:22 (find_package):
[1.366s]   Policy CMP0148 is not set: The FindPythonInterp and FindPythonLibs modules
[1.367s]   are removed.  Run "cmake --help-policy CMP0148" for policy details.  Use
[1.367s]   the cmake_policy command to set the policy and suppress this warning.
[1.368s] 
[1.369s] Call Stack (most recent call first):
[1.370s]   /opt/ros/foxy/install/share/ament_cmake_core/cmake/core/all.cmake:53 (include)
[1.370s]   /opt/ros/foxy/install/share/ament_cmake_core/cmake/ament_cmake_core-extras.cmake:17 (include)
[1.371s]   /opt/ros/foxy/install/share/ament_cmake_core/cmake/ament_cmake_coreConfig.cmake:41 (include)
[1.371s]   /opt/ros/foxy/install/share/ament_cmake_test/cmake/ament_cmake_test-extras.cmake:39 (find_package)
[1.372s]   /opt/ros/foxy/install/share/ament_cmake_test/cmake/ament_cmake_testConfig.cmake:41 (include)
[1.373s]   /opt/ros/foxy/install/share/ament_cmake_pytest/cmake/ament_cmake_pytest-extras.cmake:17 (find_package)
[1.373s]   /opt/ros/foxy/install/share/ament_cmake_pytest/cmake/ament_cmake_pytestConfig.cmake:41 (include)
[1.374s]   /opt/ros/foxy/install/share/ament_cmake_ros/cmake/ament_cmake_ros-extras.cmake:19 (find_package)
[1.374s]   /opt/ros/foxy/install/share/ament_cmake_ros/cmake/ament_cmake_rosConfig.cmake:41 (include)
[1.375s]   CMakeLists.txt:4 (find_package)
[1.375s] This warning is for project developers.  Use -Wno-dev to suppress it.
[1.376s] [0m
[1.479s] -- Found PythonInterp: /usr/bin/python3 (found suitable version "3.6.9", minimum required is "3") 
[1.480s] -- Using PYTHON_EXECUTABLE: /usr/bin/python3
[2.566s] -- Override CMake install command with custom implementation using symlinks instead of copying resources
[6.346s] -- Configuring done (6.1s)
[6.358s] -- Generating done (0.0s)
[6.362s] -- Build files have been written to: /ros2_ws/build/rosapi
[6.404s] Invoked command in '/ros2_ws/build/rosapi' returned '0': AMENT_PREFIX_PATH=/ros2_ws/install/rosbridge_library:/ros2_ws/install/rosapi_msgs:${AMENT_PREFIX_PATH} CMAKE_PREFIX_PATH=/ros2_ws/install/rosbridge_library:/ros2_ws/install/rosapi_msgs:${CMAKE_PREFIX_PATH} LD_LIBRARY_PATH=/ros2_ws/install/rosapi_msgs/lib:/ros2_ws/src/install/rplidar_ros/lib:/ros2_ws/my_ros2_project/install/rosbridge_test_msgs/lib:/ros2_ws/my_ros2_project/install/rosbridge_msgs/lib:/ros2_ws/my_ros2_project/install/rosapi_msgs/lib:/opt/ros/foxy/install/opt/yaml_cpp_vendor/lib:/opt/ros/foxy/install/opt/rviz_ogre_vendor/lib:/opt/ros/foxy/install/lib:/usr/local/cuda-10.2/targets/aarch64-linux/lib PYTHONPATH=/ros2_ws/install/rosbridge_library/lib/python3.6/site-packages:/ros2_ws/install/rosapi_msgs/lib/python3.6/site-packages:${PYTHONPATH} /usr/local/bin/cmake /ros2_ws/src/rosapi -DAMENT_CMAKE_SYMLINK_INSTALL=1 -DCMAKE_INSTALL_PREFIX=/ros2_ws/install/rosapi
[6.415s] Invoking command in '/ros2_ws/build/rosapi': AMENT_PREFIX_PATH=/ros2_ws/install/rosbridge_library:/ros2_ws/install/rosapi_msgs:${AMENT_PREFIX_PATH} CMAKE_PREFIX_PATH=/ros2_ws/install/rosbridge_library:/ros2_ws/install/rosapi_msgs:${CMAKE_PREFIX_PATH} LD_LIBRARY_PATH=/ros2_ws/install/rosapi_msgs/lib:/ros2_ws/src/install/rplidar_ros/lib:/ros2_ws/my_ros2_project/install/rosbridge_test_msgs/lib:/ros2_ws/my_ros2_project/install/rosbridge_msgs/lib:/ros2_ws/my_ros2_project/install/rosapi_msgs/lib:/opt/ros/foxy/install/opt/yaml_cpp_vendor/lib:/opt/ros/foxy/install/opt/rviz_ogre_vendor/lib:/opt/ros/foxy/install/lib:/usr/local/cuda-10.2/targets/aarch64-linux/lib PYTHONPATH=/ros2_ws/install/rosbridge_library/lib/python3.6/site-packages:/ros2_ws/install/rosapi_msgs/lib/python3.6/site-packages:${PYTHONPATH} /usr/local/bin/cmake --build /ros2_ws/build/rosapi -- -j4 -l4
[6.625s] Invoked command in '/ros2_ws/build/rosapi' returned '0': AMENT_PREFIX_PATH=/ros2_ws/install/rosbridge_library:/ros2_ws/install/rosapi_msgs:${AMENT_PREFIX_PATH} CMAKE_PREFIX_PATH=/ros2_ws/install/rosbridge_library:/ros2_ws/install/rosapi_msgs:${CMAKE_PREFIX_PATH} LD_LIBRARY_PATH=/ros2_ws/install/rosapi_msgs/lib:/ros2_ws/src/install/rplidar_ros/lib:/ros2_ws/my_ros2_project/install/rosbridge_test_msgs/lib:/ros2_ws/my_ros2_project/install/rosbridge_msgs/lib:/ros2_ws/my_ros2_project/install/rosapi_msgs/lib:/opt/ros/foxy/install/opt/yaml_cpp_vendor/lib:/opt/ros/foxy/install/opt/rviz_ogre_vendor/lib:/opt/ros/foxy/install/lib:/usr/local/cuda-10.2/targets/aarch64-linux/lib PYTHONPATH=/ros2_ws/install/rosbridge_library/lib/python3.6/site-packages:/ros2_ws/install/rosapi_msgs/lib/python3.6/site-packages:${PYTHONPATH} /usr/local/bin/cmake --build /ros2_ws/build/rosapi -- -j4 -l4
[6.838s] Invoking command in '/ros2_ws/build/rosapi': AMENT_PREFIX_PATH=/ros2_ws/install/rosbridge_library:/ros2_ws/install/rosapi_msgs:${AMENT_PREFIX_PATH} CMAKE_PREFIX_PATH=/ros2_ws/install/rosbridge_library:/ros2_ws/install/rosapi_msgs:${CMAKE_PREFIX_PATH} LD_LIBRARY_PATH=/ros2_ws/install/rosapi_msgs/lib:/ros2_ws/src/install/rplidar_ros/lib:/ros2_ws/my_ros2_project/install/rosbridge_test_msgs/lib:/ros2_ws/my_ros2_project/install/rosbridge_msgs/lib:/ros2_ws/my_ros2_project/install/rosapi_msgs/lib:/opt/ros/foxy/install/opt/yaml_cpp_vendor/lib:/opt/ros/foxy/install/opt/rviz_ogre_vendor/lib:/opt/ros/foxy/install/lib:/usr/local/cuda-10.2/targets/aarch64-linux/lib PYTHONPATH=/ros2_ws/install/rosbridge_library/lib/python3.6/site-packages:/ros2_ws/install/rosapi_msgs/lib/python3.6/site-packages:${PYTHONPATH} /usr/local/bin/cmake --install /ros2_ws/build/rosapi
[6.981s] -- Install configuration: ""
[6.982s] -- Execute custom install script
[6.983s] -- Symlinking: /ros2_ws/install/rosapi/share/rosapi/environment/pythonpath.sh
[6.992s] -- Symlinking: /ros2_ws/install/rosapi/share/rosapi/environment/pythonpath.dsv
[7.003s] -- Symlinking: /ros2_ws/install/rosapi/lib/python3.6/site-packages/rosapi/__init__.py
[7.012s] -- Symlinking: /ros2_ws/install/rosapi/lib/python3.6/site-packages/rosapi/glob_helper.py
[7.021s] -- Symlinking: /ros2_ws/install/rosapi/lib/python3.6/site-packages/rosapi/objectutils.py
[7.030s] -- Symlinking: /ros2_ws/install/rosapi/lib/python3.6/site-packages/rosapi/params.py
[7.039s] -- Symlinking: /ros2_ws/install/rosapi/lib/python3.6/site-packages/rosapi/proxy.py
[7.048s] -- Symlinking: /ros2_ws/install/rosapi/lib/python3.6/site-packages/rosapi/stringify_field_types.py
[7.058s] -- Symlinking: /ros2_ws/install/rosapi/share/ament_index/resource_index/package_run_dependencies/rosapi
[7.066s] -- Symlinking: /ros2_ws/install/rosapi/share/ament_index/resource_index/parent_prefix_path/rosapi
[7.075s] -- Symlinking: /ros2_ws/install/rosapi/share/rosapi/environment/ament_prefix_path.sh
[7.084s] -- Symlinking: /ros2_ws/install/rosapi/share/rosapi/environment/ament_prefix_path.dsv
[7.093s] -- Symlinking: /ros2_ws/install/rosapi/share/rosapi/environment/path.sh
[7.102s] -- Symlinking: /ros2_ws/install/rosapi/share/rosapi/environment/path.dsv
[7.111s] -- Symlinking: /ros2_ws/install/rosapi/share/rosapi/local_setup.bash
[7.120s] -- Symlinking: /ros2_ws/install/rosapi/share/rosapi/local_setup.sh
[7.130s] -- Symlinking: /ros2_ws/install/rosapi/share/rosapi/local_setup.zsh
[7.139s] -- Symlinking: /ros2_ws/install/rosapi/share/rosapi/local_setup.dsv
[7.148s] -- Symlinking: /ros2_ws/install/rosapi/share/rosapi/package.dsv
[7.157s] -- Symlinking: /ros2_ws/install/rosapi/share/ament_index/resource_index/packages/rosapi
[7.166s] -- Symlinking: /ros2_ws/install/rosapi/share/rosapi/cmake/rosapiConfig.cmake
[7.175s] -- Symlinking: /ros2_ws/install/rosapi/share/rosapi/cmake/rosapiConfig-version.cmake
[7.184s] -- Symlinking: /ros2_ws/install/rosapi/share/rosapi/package.xml
[7.193s] -- Symlinking: /ros2_ws/install/rosapi/lib/rosapi/rosapi_node
[7.202s] -- Symlinking: /ros2_ws/install/rosapi/share/rosapi/mapping_rules.yaml
[7.384s] Listing '/ros2_ws/install/rosapi/lib/python3.6/site-packages/rosapi'...
[7.385s] Compiling '/ros2_ws/install/rosapi/lib/python3.6/site-packages/rosapi/__init__.py'...
[7.386s] Compiling '/ros2_ws/install/rosapi/lib/python3.6/site-packages/rosapi/glob_helper.py'...
[7.386s] Compiling '/ros2_ws/install/rosapi/lib/python3.6/site-packages/rosapi/objectutils.py'...
[7.387s] Compiling '/ros2_ws/install/rosapi/lib/python3.6/site-packages/rosapi/params.py'...
[7.387s] Compiling '/ros2_ws/install/rosapi/lib/python3.6/site-packages/rosapi/proxy.py'...
[7.388s] Compiling '/ros2_ws/install/rosapi/lib/python3.6/site-packages/rosapi/stringify_field_types.py'...
[7.436s] Invoked command in '/ros2_ws/build/rosapi' returned '0': AMENT_PREFIX_PATH=/ros2_ws/install/rosbridge_library:/ros2_ws/install/rosapi_msgs:${AMENT_PREFIX_PATH} CMAKE_PREFIX_PATH=/ros2_ws/install/rosbridge_library:/ros2_ws/install/rosapi_msgs:${CMAKE_PREFIX_PATH} LD_LIBRARY_PATH=/ros2_ws/install/rosapi_msgs/lib:/ros2_ws/src/install/rplidar_ros/lib:/ros2_ws/my_ros2_project/install/rosbridge_test_msgs/lib:/ros2_ws/my_ros2_project/install/rosbridge_msgs/lib:/ros2_ws/my_ros2_project/install/rosapi_msgs/lib:/opt/ros/foxy/install/opt/yaml_cpp_vendor/lib:/opt/ros/foxy/install/opt/rviz_ogre_vendor/lib:/opt/ros/foxy/install/lib:/usr/local/cuda-10.2/targets/aarch64-linux/lib PYTHONPATH=/ros2_ws/install/rosbridge_library/lib/python3.6/site-packages:/ros2_ws/install/rosapi_msgs/lib/python3.6/site-packages:${PYTHONPATH} /usr/local/bin/cmake --install /ros2_ws/build/rosapi
