-- The C compiler identification is GNU 7.5.0
-- The CXX compiler identification is GNU 7.5.0
-- Detecting C compiler ABI info
-- Detecting C compiler ABI info - done
-- Check for working C compiler: /usr/bin/cc - skipped
-- Detecting C compile features
-- Detecting C compile features - done
-- Detecting CXX compiler ABI info
-- Detecting CXX compiler ABI info - done
-- Check for working CXX compiler: /usr/bin/c++ - skipped
-- Detecting CXX compile features
-- Detecting CXX compile features - done
-- Found ament_cmake_ros: 0.9.2 (/opt/ros/foxy/install/share/ament_cmake_ros/cmake)
-- Found PythonInterp: /usr/bin/python3 (found suitable version "3.6.9", minimum required is "3") 
-- Using PYTHON_EXECUTABLE: /usr/bin/python3
-- Override CMake install command with custom implementation using symlinks instead of copying resources
-- Found builtin_interfaces: 1.0.0 (/opt/ros/foxy/install/share/builtin_interfaces/cmake)
-- Using all available rosidl_typesupport_c: rosidl_typesupport_fastrtps_c;rosidl_typesupport_introspection_c
-- Found rosidl_adapter: 1.3.1 (/opt/ros/foxy/install/share/rosidl_adapter/cmake)
-- Found OpenSSL: /usr/lib/aarch64-linux-gnu/libcrypto.so (found version "1.1.1")  
-- Found FastRTPS: /opt/ros/foxy/install/include  
-- Using all available rosidl_typesupport_cpp: rosidl_typesupport_fastrtps_cpp;rosidl_typesupport_introspection_cpp
-- Found rosidl_default_generators: 1.0.1 (/opt/ros/foxy/install/share/rosidl_default_generators/cmake)
-- Found PythonInterp: /usr/bin/python3 (found version "3.6.9") 
-- Using all available rosidl_typesupport_c: rosidl_typesupport_fastrtps_c;rosidl_typesupport_introspection_c
-- Using all available rosidl_typesupport_cpp: rosidl_typesupport_fastrtps_cpp;rosidl_typesupport_introspection_cpp
-- Found PythonInterp: /usr/bin/python3 (found suitable version "3.6.9", minimum required is "3.5") 
-- Found python_cmake_module: 0.8.1 (/opt/ros/foxy/install/share/python_cmake_module/cmake)
-- Found PythonLibs: /usr/lib/aarch64-linux-gnu/libpython3.6m.so (found suitable version "3.6.9", minimum required is "3.5") 
-- Using PYTHON_EXECUTABLE: /usr/bin/python3
-- Using PYTHON_INCLUDE_DIRS: /usr/include/python3.6m
-- Using PYTHON_LIBRARIES: /usr/lib/aarch64-linux-gnu/libpython3.6m.so
-- Found PythonExtra: .so  
-- Using numpy include directory: /usr/local/lib/python3.6/dist-packages/numpy/core/include
-- Configuring done (10.1s)
-- Generating done (0.3s)
-- Build files have been written to: /ros2_ws/build/rosapi_msgs
[  1%] [34m[1mGenerating C code for ROS interfaces[0m
[  1%] [34m[1mGenerating C++ code for ROS interfaces[0m
[  1%] Built target rosapi_msgs__cpp
[  2%] [34m[1mGenerating C++ introspection for ROS interfaces[0m
[  3%] [34m[1mGenerating C++ type support for eProsima Fast-RTPS[0m
[  4%] [34m[1mGenerating C++ type support dispatch for ROS interfaces[0m
[  4%] [32mBuilding C object CMakeFiles/rosapi_msgs__rosidl_generator_c.dir/rosidl_generator_c/rosapi_msgs/msg/detail/type_def__functions.c.o[0m
[  4%] [32mBuilding C object CMakeFiles/rosapi_msgs__rosidl_generator_c.dir/rosidl_generator_c/rosapi_msgs/srv/detail/delete_param__functions.c.o[0m
[  5%] [32mBuilding C object CMakeFiles/rosapi_msgs__rosidl_generator_c.dir/rosidl_generator_c/rosapi_msgs/srv/detail/get_action_servers__functions.c.o[0m
[  5%] [32mBuilding C object CMakeFiles/rosapi_msgs__rosidl_generator_c.dir/rosidl_generator_c/rosapi_msgs/srv/detail/get_param__functions.c.o[0m
[  6%] [32mBuilding C object CMakeFiles/rosapi_msgs__rosidl_generator_c.dir/rosidl_generator_c/rosapi_msgs/srv/detail/get_param_names__functions.c.o[0m
[  6%] [32mBuilding C object CMakeFiles/rosapi_msgs__rosidl_generator_c.dir/rosidl_generator_c/rosapi_msgs/srv/detail/get_ros_version__functions.c.o[0m
[  7%] [32mBuilding C object CMakeFiles/rosapi_msgs__rosidl_generator_c.dir/rosidl_generator_c/rosapi_msgs/srv/detail/get_time__functions.c.o[0m
[  7%] [32mBuilding C object CMakeFiles/rosapi_msgs__rosidl_generator_c.dir/rosidl_generator_c/rosapi_msgs/srv/detail/has_param__functions.c.o[0m
[  8%] [32mBuilding C object CMakeFiles/rosapi_msgs__rosidl_generator_c.dir/rosidl_generator_c/rosapi_msgs/srv/detail/message_details__functions.c.o[0m
[  8%] [32mBuilding C object CMakeFiles/rosapi_msgs__rosidl_generator_c.dir/rosidl_generator_c/rosapi_msgs/srv/detail/nodes__functions.c.o[0m
[  8%] [32mBuilding C object CMakeFiles/rosapi_msgs__rosidl_generator_c.dir/rosidl_generator_c/rosapi_msgs/srv/detail/node_details__functions.c.o[0m
[  9%] [32mBuilding C object CMakeFiles/rosapi_msgs__rosidl_generator_c.dir/rosidl_generator_c/rosapi_msgs/srv/detail/publishers__functions.c.o[0m
[  9%] [32mBuilding C object CMakeFiles/rosapi_msgs__rosidl_generator_c.dir/rosidl_generator_c/rosapi_msgs/srv/detail/service_node__functions.c.o[0m
[ 10%] [32mBuilding C object CMakeFiles/rosapi_msgs__rosidl_generator_c.dir/rosidl_generator_c/rosapi_msgs/srv/detail/service_providers__functions.c.o[0m
[ 10%] [32mBuilding C object CMakeFiles/rosapi_msgs__rosidl_generator_c.dir/rosidl_generator_c/rosapi_msgs/srv/detail/service_request_details__functions.c.o[0m
[ 11%] [32mBuilding C object CMakeFiles/rosapi_msgs__rosidl_generator_c.dir/rosidl_generator_c/rosapi_msgs/srv/detail/service_response_details__functions.c.o[0m
[ 11%] [32mBuilding C object CMakeFiles/rosapi_msgs__rosidl_generator_c.dir/rosidl_generator_c/rosapi_msgs/srv/detail/services__functions.c.o[0m
[ 12%] [32mBuilding C object CMakeFiles/rosapi_msgs__rosidl_generator_c.dir/rosidl_generator_c/rosapi_msgs/srv/detail/services_for_type__functions.c.o[0m
[ 12%] [32mBuilding C object CMakeFiles/rosapi_msgs__rosidl_generator_c.dir/rosidl_generator_c/rosapi_msgs/srv/detail/service_type__functions.c.o[0m
[ 12%] [32mBuilding C object CMakeFiles/rosapi_msgs__rosidl_generator_c.dir/rosidl_generator_c/rosapi_msgs/srv/detail/set_param__functions.c.o[0m
[ 13%] [32mBuilding C object CMakeFiles/rosapi_msgs__rosidl_generator_c.dir/rosidl_generator_c/rosapi_msgs/srv/detail/subscribers__functions.c.o[0m
[ 13%] [32mBuilding C object CMakeFiles/rosapi_msgs__rosidl_generator_c.dir/rosidl_generator_c/rosapi_msgs/srv/detail/topics__functions.c.o[0m
[ 14%] [32mBuilding C object CMakeFiles/rosapi_msgs__rosidl_generator_c.dir/rosidl_generator_c/rosapi_msgs/srv/detail/topics_and_raw_types__functions.c.o[0m
[ 14%] [32mBuilding C object CMakeFiles/rosapi_msgs__rosidl_generator_c.dir/rosidl_generator_c/rosapi_msgs/srv/detail/topics_for_type__functions.c.o[0m
[ 14%] [32mBuilding CXX object CMakeFiles/rosapi_msgs__rosidl_typesupport_cpp.dir/rosidl_typesupport_cpp/rosapi_msgs/msg/type_def__type_support.cpp.o[0m
[ 15%] [32mBuilding C object CMakeFiles/rosapi_msgs__rosidl_generator_c.dir/rosidl_generator_c/rosapi_msgs/srv/detail/topic_type__functions.c.o[0m
[ 15%] [32m[1mLinking C shared library librosapi_msgs__rosidl_generator_c.so[0m
[ 15%] Built target rosapi_msgs__rosidl_generator_c
[ 16%] [32mBuilding CXX object CMakeFiles/rosapi_msgs__rosidl_typesupport_cpp.dir/rosidl_typesupport_cpp/rosapi_msgs/srv/delete_param__type_support.cpp.o[0m
[ 16%] [32mBuilding CXX object CMakeFiles/rosapi_msgs__rosidl_typesupport_cpp.dir/rosidl_typesupport_cpp/rosapi_msgs/srv/get_action_servers__type_support.cpp.o[0m
[ 16%] [32mBuilding CXX object CMakeFiles/rosapi_msgs__rosidl_typesupport_cpp.dir/rosidl_typesupport_cpp/rosapi_msgs/srv/get_param__type_support.cpp.o[0m
[ 16%] [32mBuilding CXX object CMakeFiles/rosapi_msgs__rosidl_typesupport_introspection_cpp.dir/rosidl_typesupport_introspection_cpp/rosapi_msgs/msg/detail/type_def__type_support.cpp.o[0m
[ 17%] [32mBuilding CXX object CMakeFiles/rosapi_msgs__rosidl_typesupport_cpp.dir/rosidl_typesupport_cpp/rosapi_msgs/srv/get_param_names__type_support.cpp.o[0m
[ 18%] [32mBuilding CXX object CMakeFiles/rosapi_msgs__rosidl_typesupport_introspection_cpp.dir/rosidl_typesupport_introspection_cpp/rosapi_msgs/srv/detail/delete_param__type_support.cpp.o[0m
[ 18%] [32mBuilding CXX object CMakeFiles/rosapi_msgs__rosidl_typesupport_fastrtps_cpp.dir/rosidl_typesupport_fastrtps_cpp/rosapi_msgs/msg/detail/dds_fastrtps/type_def__type_support.cpp.o[0m
[ 18%] [32mBuilding CXX object CMakeFiles/rosapi_msgs__rosidl_typesupport_cpp.dir/rosidl_typesupport_cpp/rosapi_msgs/srv/get_ros_version__type_support.cpp.o[0m
[ 18%] [32mBuilding CXX object CMakeFiles/rosapi_msgs__rosidl_typesupport_introspection_cpp.dir/rosidl_typesupport_introspection_cpp/rosapi_msgs/srv/detail/get_action_servers__type_support.cpp.o[0m
[ 19%] [32mBuilding CXX object CMakeFiles/rosapi_msgs__rosidl_typesupport_cpp.dir/rosidl_typesupport_cpp/rosapi_msgs/srv/get_time__type_support.cpp.o[0m
[ 20%] [32mBuilding CXX object CMakeFiles/rosapi_msgs__rosidl_typesupport_fastrtps_cpp.dir/rosidl_typesupport_fastrtps_cpp/rosapi_msgs/srv/detail/dds_fastrtps/delete_param__type_support.cpp.o[0m
[ 21%] [32mBuilding CXX object CMakeFiles/rosapi_msgs__rosidl_typesupport_introspection_cpp.dir/rosidl_typesupport_introspection_cpp/rosapi_msgs/srv/detail/get_param__type_support.cpp.o[0m
[ 21%] [32mBuilding CXX object CMakeFiles/rosapi_msgs__rosidl_typesupport_cpp.dir/rosidl_typesupport_cpp/rosapi_msgs/srv/has_param__type_support.cpp.o[0m
[ 21%] [32mBuilding CXX object CMakeFiles/rosapi_msgs__rosidl_typesupport_introspection_cpp.dir/rosidl_typesupport_introspection_cpp/rosapi_msgs/srv/detail/get_param_names__type_support.cpp.o[0m
[ 21%] [32mBuilding CXX object CMakeFiles/rosapi_msgs__rosidl_typesupport_fastrtps_cpp.dir/rosidl_typesupport_fastrtps_cpp/rosapi_msgs/srv/detail/dds_fastrtps/get_action_servers__type_support.cpp.o[0m
[ 22%] [32mBuilding CXX object CMakeFiles/rosapi_msgs__rosidl_typesupport_cpp.dir/rosidl_typesupport_cpp/rosapi_msgs/srv/message_details__type_support.cpp.o[0m
[ 22%] [32mBuilding CXX object CMakeFiles/rosapi_msgs__rosidl_typesupport_cpp.dir/rosidl_typesupport_cpp/rosapi_msgs/srv/nodes__type_support.cpp.o[0m
[ 23%] [32mBuilding CXX object CMakeFiles/rosapi_msgs__rosidl_typesupport_introspection_cpp.dir/rosidl_typesupport_introspection_cpp/rosapi_msgs/srv/detail/get_ros_version__type_support.cpp.o[0m
[ 24%] [32mBuilding CXX object CMakeFiles/rosapi_msgs__rosidl_typesupport_fastrtps_cpp.dir/rosidl_typesupport_fastrtps_cpp/rosapi_msgs/srv/detail/dds_fastrtps/get_param__type_support.cpp.o[0m
[ 24%] [32mBuilding CXX object CMakeFiles/rosapi_msgs__rosidl_typesupport_introspection_cpp.dir/rosidl_typesupport_introspection_cpp/rosapi_msgs/srv/detail/get_time__type_support.cpp.o[0m
[ 25%] [32mBuilding CXX object CMakeFiles/rosapi_msgs__rosidl_typesupport_cpp.dir/rosidl_typesupport_cpp/rosapi_msgs/srv/node_details__type_support.cpp.o[0m
[ 25%] [32mBuilding CXX object CMakeFiles/rosapi_msgs__rosidl_typesupport_fastrtps_cpp.dir/rosidl_typesupport_fastrtps_cpp/rosapi_msgs/srv/detail/dds_fastrtps/get_param_names__type_support.cpp.o[0m
[ 25%] [32mBuilding CXX object CMakeFiles/rosapi_msgs__rosidl_typesupport_introspection_cpp.dir/rosidl_typesupport_introspection_cpp/rosapi_msgs/srv/detail/has_param__type_support.cpp.o[0m
[ 25%] [32mBuilding CXX object CMakeFiles/rosapi_msgs__rosidl_typesupport_cpp.dir/rosidl_typesupport_cpp/rosapi_msgs/srv/publishers__type_support.cpp.o[0m
[ 26%] [32mBuilding CXX object CMakeFiles/rosapi_msgs__rosidl_typesupport_introspection_cpp.dir/rosidl_typesupport_introspection_cpp/rosapi_msgs/srv/detail/message_details__type_support.cpp.o[0m
[ 26%] [32mBuilding CXX object CMakeFiles/rosapi_msgs__rosidl_typesupport_cpp.dir/rosidl_typesupport_cpp/rosapi_msgs/srv/service_node__type_support.cpp.o[0m
[ 26%] [32mBuilding CXX object CMakeFiles/rosapi_msgs__rosidl_typesupport_fastrtps_cpp.dir/rosidl_typesupport_fastrtps_cpp/rosapi_msgs/srv/detail/dds_fastrtps/get_ros_version__type_support.cpp.o[0m
[ 27%] [32mBuilding CXX object CMakeFiles/rosapi_msgs__rosidl_typesupport_cpp.dir/rosidl_typesupport_cpp/rosapi_msgs/srv/service_providers__type_support.cpp.o[0m
[ 28%] [32mBuilding CXX object CMakeFiles/rosapi_msgs__rosidl_typesupport_fastrtps_cpp.dir/rosidl_typesupport_fastrtps_cpp/rosapi_msgs/srv/detail/dds_fastrtps/get_time__type_support.cpp.o[0m
[ 28%] [32mBuilding CXX object CMakeFiles/rosapi_msgs__rosidl_typesupport_introspection_cpp.dir/rosidl_typesupport_introspection_cpp/rosapi_msgs/srv/detail/nodes__type_support.cpp.o[0m
[ 28%] [32mBuilding CXX object CMakeFiles/rosapi_msgs__rosidl_typesupport_cpp.dir/rosidl_typesupport_cpp/rosapi_msgs/srv/service_request_details__type_support.cpp.o[0m
[ 29%] [32mBuilding CXX object CMakeFiles/rosapi_msgs__rosidl_typesupport_introspection_cpp.dir/rosidl_typesupport_introspection_cpp/rosapi_msgs/srv/detail/node_details__type_support.cpp.o[0m
[ 29%] [32mBuilding CXX object CMakeFiles/rosapi_msgs__rosidl_typesupport_fastrtps_cpp.dir/rosidl_typesupport_fastrtps_cpp/rosapi_msgs/srv/detail/dds_fastrtps/has_param__type_support.cpp.o[0m
[ 30%] [32mBuilding CXX object CMakeFiles/rosapi_msgs__rosidl_typesupport_cpp.dir/rosidl_typesupport_cpp/rosapi_msgs/srv/service_response_details__type_support.cpp.o[0m
[ 30%] [32mBuilding CXX object CMakeFiles/rosapi_msgs__rosidl_typesupport_cpp.dir/rosidl_typesupport_cpp/rosapi_msgs/srv/services__type_support.cpp.o[0m
[ 30%] [32mBuilding CXX object CMakeFiles/rosapi_msgs__rosidl_typesupport_introspection_cpp.dir/rosidl_typesupport_introspection_cpp/rosapi_msgs/srv/detail/publishers__type_support.cpp.o[0m
[ 31%] [32mBuilding CXX object CMakeFiles/rosapi_msgs__rosidl_typesupport_fastrtps_cpp.dir/rosidl_typesupport_fastrtps_cpp/rosapi_msgs/srv/detail/dds_fastrtps/message_details__type_support.cpp.o[0m
[ 32%] [32mBuilding CXX object CMakeFiles/rosapi_msgs__rosidl_typesupport_cpp.dir/rosidl_typesupport_cpp/rosapi_msgs/srv/services_for_type__type_support.cpp.o[0m
[ 33%] [32mBuilding CXX object CMakeFiles/rosapi_msgs__rosidl_typesupport_introspection_cpp.dir/rosidl_typesupport_introspection_cpp/rosapi_msgs/srv/detail/service_node__type_support.cpp.o[0m
[ 33%] [32mBuilding CXX object CMakeFiles/rosapi_msgs__rosidl_typesupport_cpp.dir/rosidl_typesupport_cpp/rosapi_msgs/srv/service_type__type_support.cpp.o[0m
[ 33%] [32mBuilding CXX object CMakeFiles/rosapi_msgs__rosidl_typesupport_introspection_cpp.dir/rosidl_typesupport_introspection_cpp/rosapi_msgs/srv/detail/service_providers__type_support.cpp.o[0m
[ 33%] [32mBuilding CXX object CMakeFiles/rosapi_msgs__rosidl_typesupport_fastrtps_cpp.dir/rosidl_typesupport_fastrtps_cpp/rosapi_msgs/srv/detail/dds_fastrtps/nodes__type_support.cpp.o[0m
[ 34%] [32mBuilding CXX object CMakeFiles/rosapi_msgs__rosidl_typesupport_cpp.dir/rosidl_typesupport_cpp/rosapi_msgs/srv/set_param__type_support.cpp.o[0m
[ 34%] [32mBuilding CXX object CMakeFiles/rosapi_msgs__rosidl_typesupport_cpp.dir/rosidl_typesupport_cpp/rosapi_msgs/srv/subscribers__type_support.cpp.o[0m
[ 35%] [32mBuilding CXX object CMakeFiles/rosapi_msgs__rosidl_typesupport_introspection_cpp.dir/rosidl_typesupport_introspection_cpp/rosapi_msgs/srv/detail/service_request_details__type_support.cpp.o[0m
[ 36%] [32mBuilding CXX object CMakeFiles/rosapi_msgs__rosidl_typesupport_fastrtps_cpp.dir/rosidl_typesupport_fastrtps_cpp/rosapi_msgs/srv/detail/dds_fastrtps/node_details__type_support.cpp.o[0m
[ 36%] [32mBuilding CXX object CMakeFiles/rosapi_msgs__rosidl_typesupport_cpp.dir/rosidl_typesupport_cpp/rosapi_msgs/srv/topics__type_support.cpp.o[0m
[ 36%] [32mBuilding CXX object CMakeFiles/rosapi_msgs__rosidl_typesupport_introspection_cpp.dir/rosidl_typesupport_introspection_cpp/rosapi_msgs/srv/detail/service_response_details__type_support.cpp.o[0m
[ 37%] [32mBuilding CXX object CMakeFiles/rosapi_msgs__rosidl_typesupport_cpp.dir/rosidl_typesupport_cpp/rosapi_msgs/srv/topics_and_raw_types__type_support.cpp.o[0m
[ 37%] [32mBuilding CXX object CMakeFiles/rosapi_msgs__rosidl_typesupport_fastrtps_cpp.dir/rosidl_typesupport_fastrtps_cpp/rosapi_msgs/srv/detail/dds_fastrtps/publishers__type_support.cpp.o[0m
[ 37%] [32mBuilding CXX object CMakeFiles/rosapi_msgs__rosidl_typesupport_introspection_cpp.dir/rosidl_typesupport_introspection_cpp/rosapi_msgs/srv/detail/services__type_support.cpp.o[0m
[ 37%] [32mBuilding CXX object CMakeFiles/rosapi_msgs__rosidl_typesupport_cpp.dir/rosidl_typesupport_cpp/rosapi_msgs/srv/topics_for_type__type_support.cpp.o[0m
[ 38%] [32mBuilding CXX object CMakeFiles/rosapi_msgs__rosidl_typesupport_introspection_cpp.dir/rosidl_typesupport_introspection_cpp/rosapi_msgs/srv/detail/services_for_type__type_support.cpp.o[0m
[ 39%] [32mBuilding CXX object CMakeFiles/rosapi_msgs__rosidl_typesupport_fastrtps_cpp.dir/rosidl_typesupport_fastrtps_cpp/rosapi_msgs/srv/detail/dds_fastrtps/service_node__type_support.cpp.o[0m
[ 40%] [32mBuilding CXX object CMakeFiles/rosapi_msgs__rosidl_typesupport_cpp.dir/rosidl_typesupport_cpp/rosapi_msgs/srv/topic_type__type_support.cpp.o[0m
[ 40%] [32mBuilding CXX object CMakeFiles/rosapi_msgs__rosidl_typesupport_introspection_cpp.dir/rosidl_typesupport_introspection_cpp/rosapi_msgs/srv/detail/service_type__type_support.cpp.o[0m
[ 40%] [32m[1mLinking CXX shared library librosapi_msgs__rosidl_typesupport_cpp.so[0m
[ 40%] Built target rosapi_msgs__rosidl_typesupport_cpp
[ 40%] [32mBuilding CXX object CMakeFiles/rosapi_msgs__rosidl_typesupport_fastrtps_cpp.dir/rosidl_typesupport_fastrtps_cpp/rosapi_msgs/srv/detail/dds_fastrtps/service_providers__type_support.cpp.o[0m
[ 41%] [32mBuilding CXX object CMakeFiles/rosapi_msgs__rosidl_typesupport_introspection_cpp.dir/rosidl_typesupport_introspection_cpp/rosapi_msgs/srv/detail/set_param__type_support.cpp.o[0m
[ 41%] [32mBuilding CXX object CMakeFiles/rosapi_msgs__rosidl_typesupport_introspection_cpp.dir/rosidl_typesupport_introspection_cpp/rosapi_msgs/srv/detail/subscribers__type_support.cpp.o[0m
[ 41%] [32mBuilding CXX object CMakeFiles/rosapi_msgs__rosidl_typesupport_fastrtps_cpp.dir/rosidl_typesupport_fastrtps_cpp/rosapi_msgs/srv/detail/dds_fastrtps/service_request_details__type_support.cpp.o[0m
[ 42%] [32mBuilding CXX object CMakeFiles/rosapi_msgs__rosidl_typesupport_introspection_cpp.dir/rosidl_typesupport_introspection_cpp/rosapi_msgs/srv/detail/topics__type_support.cpp.o[0m
[ 43%] [32mBuilding CXX object CMakeFiles/rosapi_msgs__rosidl_typesupport_fastrtps_cpp.dir/rosidl_typesupport_fastrtps_cpp/rosapi_msgs/srv/detail/dds_fastrtps/service_response_details__type_support.cpp.o[0m
[ 43%] [32mBuilding CXX object CMakeFiles/rosapi_msgs__rosidl_typesupport_introspection_cpp.dir/rosidl_typesupport_introspection_cpp/rosapi_msgs/srv/detail/topics_and_raw_types__type_support.cpp.o[0m
[ 44%] [32mBuilding CXX object CMakeFiles/rosapi_msgs__rosidl_typesupport_introspection_cpp.dir/rosidl_typesupport_introspection_cpp/rosapi_msgs/srv/detail/topics_for_type__type_support.cpp.o[0m
[ 44%] [32mBuilding CXX object CMakeFiles/rosapi_msgs__rosidl_typesupport_fastrtps_cpp.dir/rosidl_typesupport_fastrtps_cpp/rosapi_msgs/srv/detail/dds_fastrtps/services__type_support.cpp.o[0m
[ 44%] [32mBuilding CXX object CMakeFiles/rosapi_msgs__rosidl_typesupport_introspection_cpp.dir/rosidl_typesupport_introspection_cpp/rosapi_msgs/srv/detail/topic_type__type_support.cpp.o[0m
[ 45%] [32m[1mLinking CXX shared library librosapi_msgs__rosidl_typesupport_introspection_cpp.so[0m
[ 46%] [32mBuilding CXX object CMakeFiles/rosapi_msgs__rosidl_typesupport_fastrtps_cpp.dir/rosidl_typesupport_fastrtps_cpp/rosapi_msgs/srv/detail/dds_fastrtps/services_for_type__type_support.cpp.o[0m
[ 46%] Built target rosapi_msgs__rosidl_typesupport_introspection_cpp
[ 46%] [32mBuilding CXX object CMakeFiles/rosapi_msgs__rosidl_typesupport_fastrtps_cpp.dir/rosidl_typesupport_fastrtps_cpp/rosapi_msgs/srv/detail/dds_fastrtps/service_type__type_support.cpp.o[0m
[ 47%] [32mBuilding CXX object CMakeFiles/rosapi_msgs__rosidl_typesupport_fastrtps_cpp.dir/rosidl_typesupport_fastrtps_cpp/rosapi_msgs/srv/detail/dds_fastrtps/set_param__type_support.cpp.o[0m
[ 47%] [32mBuilding CXX object CMakeFiles/rosapi_msgs__rosidl_typesupport_fastrtps_cpp.dir/rosidl_typesupport_fastrtps_cpp/rosapi_msgs/srv/detail/dds_fastrtps/subscribers__type_support.cpp.o[0m
[ 48%] [32mBuilding CXX object CMakeFiles/rosapi_msgs__rosidl_typesupport_fastrtps_cpp.dir/rosidl_typesupport_fastrtps_cpp/rosapi_msgs/srv/detail/dds_fastrtps/topics__type_support.cpp.o[0m
[ 48%] [32mBuilding CXX object CMakeFiles/rosapi_msgs__rosidl_typesupport_fastrtps_cpp.dir/rosidl_typesupport_fastrtps_cpp/rosapi_msgs/srv/detail/dds_fastrtps/topics_and_raw_types__type_support.cpp.o[0m
[ 48%] [32mBuilding CXX object CMakeFiles/rosapi_msgs__rosidl_typesupport_fastrtps_cpp.dir/rosidl_typesupport_fastrtps_cpp/rosapi_msgs/srv/detail/dds_fastrtps/topics_for_type__type_support.cpp.o[0m
[ 49%] [32mBuilding CXX object CMakeFiles/rosapi_msgs__rosidl_typesupport_fastrtps_cpp.dir/rosidl_typesupport_fastrtps_cpp/rosapi_msgs/srv/detail/dds_fastrtps/topic_type__type_support.cpp.o[0m
[ 49%] [32m[1mLinking CXX shared library librosapi_msgs__rosidl_typesupport_fastrtps_cpp.so[0m
[ 49%] Built target rosapi_msgs__rosidl_typesupport_fastrtps_cpp
[ 50%] [34m[1mGenerating C type support dispatch for ROS interfaces[0m
[ 50%] [32mBuilding CXX object CMakeFiles/rosapi_msgs__rosidl_typesupport_c.dir/rosidl_typesupport_c/rosapi_msgs/msg/type_def__type_support.cpp.o[0m
[ 51%] [32mBuilding CXX object CMakeFiles/rosapi_msgs__rosidl_typesupport_c.dir/rosidl_typesupport_c/rosapi_msgs/srv/delete_param__type_support.cpp.o[0m
[ 51%] [32mBuilding CXX object CMakeFiles/rosapi_msgs__rosidl_typesupport_c.dir/rosidl_typesupport_c/rosapi_msgs/srv/get_action_servers__type_support.cpp.o[0m
[ 51%] [32mBuilding CXX object CMakeFiles/rosapi_msgs__rosidl_typesupport_c.dir/rosidl_typesupport_c/rosapi_msgs/srv/get_param__type_support.cpp.o[0m
[ 52%] [32mBuilding CXX object CMakeFiles/rosapi_msgs__rosidl_typesupport_c.dir/rosidl_typesupport_c/rosapi_msgs/srv/get_param_names__type_support.cpp.o[0m
[ 52%] [32mBuilding CXX object CMakeFiles/rosapi_msgs__rosidl_typesupport_c.dir/rosidl_typesupport_c/rosapi_msgs/srv/get_ros_version__type_support.cpp.o[0m
[ 53%] [32mBuilding CXX object CMakeFiles/rosapi_msgs__rosidl_typesupport_c.dir/rosidl_typesupport_c/rosapi_msgs/srv/get_time__type_support.cpp.o[0m
[ 53%] [32mBuilding CXX object CMakeFiles/rosapi_msgs__rosidl_typesupport_c.dir/rosidl_typesupport_c/rosapi_msgs/srv/has_param__type_support.cpp.o[0m
[ 54%] [32mBuilding CXX object CMakeFiles/rosapi_msgs__rosidl_typesupport_c.dir/rosidl_typesupport_c/rosapi_msgs/srv/message_details__type_support.cpp.o[0m
[ 54%] [32mBuilding CXX object CMakeFiles/rosapi_msgs__rosidl_typesupport_c.dir/rosidl_typesupport_c/rosapi_msgs/srv/nodes__type_support.cpp.o[0m
[ 55%] [32mBuilding CXX object CMakeFiles/rosapi_msgs__rosidl_typesupport_c.dir/rosidl_typesupport_c/rosapi_msgs/srv/node_details__type_support.cpp.o[0m
[ 55%] [32mBuilding CXX object CMakeFiles/rosapi_msgs__rosidl_typesupport_c.dir/rosidl_typesupport_c/rosapi_msgs/srv/publishers__type_support.cpp.o[0m
[ 55%] [32mBuilding CXX object CMakeFiles/rosapi_msgs__rosidl_typesupport_c.dir/rosidl_typesupport_c/rosapi_msgs/srv/service_node__type_support.cpp.o[0m
[ 56%] [32mBuilding CXX object CMakeFiles/rosapi_msgs__rosidl_typesupport_c.dir/rosidl_typesupport_c/rosapi_msgs/srv/service_providers__type_support.cpp.o[0m
[ 56%] [32mBuilding CXX object CMakeFiles/rosapi_msgs__rosidl_typesupport_c.dir/rosidl_typesupport_c/rosapi_msgs/srv/service_request_details__type_support.cpp.o[0m
[ 57%] [32mBuilding CXX object CMakeFiles/rosapi_msgs__rosidl_typesupport_c.dir/rosidl_typesupport_c/rosapi_msgs/srv/service_response_details__type_support.cpp.o[0m
[ 57%] [32mBuilding CXX object CMakeFiles/rosapi_msgs__rosidl_typesupport_c.dir/rosidl_typesupport_c/rosapi_msgs/srv/services__type_support.cpp.o[0m
[ 58%] [32mBuilding CXX object CMakeFiles/rosapi_msgs__rosidl_typesupport_c.dir/rosidl_typesupport_c/rosapi_msgs/srv/services_for_type__type_support.cpp.o[0m
[ 58%] [32mBuilding CXX object CMakeFiles/rosapi_msgs__rosidl_typesupport_c.dir/rosidl_typesupport_c/rosapi_msgs/srv/service_type__type_support.cpp.o[0m
[ 59%] [32mBuilding CXX object CMakeFiles/rosapi_msgs__rosidl_typesupport_c.dir/rosidl_typesupport_c/rosapi_msgs/srv/set_param__type_support.cpp.o[0m
[ 59%] [32mBuilding CXX object CMakeFiles/rosapi_msgs__rosidl_typesupport_c.dir/rosidl_typesupport_c/rosapi_msgs/srv/subscribers__type_support.cpp.o[0m
[ 59%] [32mBuilding CXX object CMakeFiles/rosapi_msgs__rosidl_typesupport_c.dir/rosidl_typesupport_c/rosapi_msgs/srv/topics__type_support.cpp.o[0m
[ 60%] [32mBuilding CXX object CMakeFiles/rosapi_msgs__rosidl_typesupport_c.dir/rosidl_typesupport_c/rosapi_msgs/srv/topics_and_raw_types__type_support.cpp.o[0m
[ 60%] [32mBuilding CXX object CMakeFiles/rosapi_msgs__rosidl_typesupport_c.dir/rosidl_typesupport_c/rosapi_msgs/srv/topics_for_type__type_support.cpp.o[0m
[ 61%] [32mBuilding CXX object CMakeFiles/rosapi_msgs__rosidl_typesupport_c.dir/rosidl_typesupport_c/rosapi_msgs/srv/topic_type__type_support.cpp.o[0m
[ 61%] [32m[1mLinking CXX shared library librosapi_msgs__rosidl_typesupport_c.so[0m
[ 61%] Built target rosapi_msgs__rosidl_typesupport_c
[ 62%] [34m[1mGenerating C type support for eProsima Fast-RTPS[0m
[ 62%] [32mBuilding CXX object CMakeFiles/rosapi_msgs__rosidl_typesupport_fastrtps_c.dir/rosidl_typesupport_fastrtps_c/rosapi_msgs/msg/detail/type_def__type_support_c.cpp.o[0m
[ 62%] [32mBuilding CXX object CMakeFiles/rosapi_msgs__rosidl_typesupport_fastrtps_c.dir/rosidl_typesupport_fastrtps_c/rosapi_msgs/srv/detail/get_action_servers__type_support_c.cpp.o[0m
[ 63%] [32mBuilding CXX object CMakeFiles/rosapi_msgs__rosidl_typesupport_fastrtps_c.dir/rosidl_typesupport_fastrtps_c/rosapi_msgs/srv/detail/get_param__type_support_c.cpp.o[0m
[ 63%] [32mBuilding CXX object CMakeFiles/rosapi_msgs__rosidl_typesupport_fastrtps_c.dir/rosidl_typesupport_fastrtps_c/rosapi_msgs/srv/detail/get_param_names__type_support_c.cpp.o[0m
[ 63%] [32mBuilding CXX object CMakeFiles/rosapi_msgs__rosidl_typesupport_fastrtps_c.dir/rosidl_typesupport_fastrtps_c/rosapi_msgs/srv/detail/get_ros_version__type_support_c.cpp.o[0m
[ 64%] [32mBuilding CXX object CMakeFiles/rosapi_msgs__rosidl_typesupport_fastrtps_c.dir/rosidl_typesupport_fastrtps_c/rosapi_msgs/srv/detail/get_time__type_support_c.cpp.o[0m
[ 64%] [32mBuilding CXX object CMakeFiles/rosapi_msgs__rosidl_typesupport_fastrtps_c.dir/rosidl_typesupport_fastrtps_c/rosapi_msgs/srv/detail/has_param__type_support_c.cpp.o[0m
[ 65%] [32mBuilding CXX object CMakeFiles/rosapi_msgs__rosidl_typesupport_fastrtps_c.dir/rosidl_typesupport_fastrtps_c/rosapi_msgs/srv/detail/message_details__type_support_c.cpp.o[0m
[ 65%] [32mBuilding CXX object CMakeFiles/rosapi_msgs__rosidl_typesupport_fastrtps_c.dir/rosidl_typesupport_fastrtps_c/rosapi_msgs/srv/detail/nodes__type_support_c.cpp.o[0m
[ 66%] [32mBuilding CXX object CMakeFiles/rosapi_msgs__rosidl_typesupport_fastrtps_c.dir/rosidl_typesupport_fastrtps_c/rosapi_msgs/srv/detail/node_details__type_support_c.cpp.o[0m
[ 66%] [32mBuilding CXX object CMakeFiles/rosapi_msgs__rosidl_typesupport_fastrtps_c.dir/rosidl_typesupport_fastrtps_c/rosapi_msgs/srv/detail/publishers__type_support_c.cpp.o[0m
[ 67%] [32mBuilding CXX object CMakeFiles/rosapi_msgs__rosidl_typesupport_fastrtps_c.dir/rosidl_typesupport_fastrtps_c/rosapi_msgs/srv/detail/service_node__type_support_c.cpp.o[0m
[ 68%] [32mBuilding CXX object CMakeFiles/rosapi_msgs__rosidl_typesupport_fastrtps_c.dir/rosidl_typesupport_fastrtps_c/rosapi_msgs/srv/detail/delete_param__type_support_c.cpp.o[0m
[ 68%] [32mBuilding CXX object CMakeFiles/rosapi_msgs__rosidl_typesupport_fastrtps_c.dir/rosidl_typesupport_fastrtps_c/rosapi_msgs/srv/detail/service_providers__type_support_c.cpp.o[0m
[ 68%] [32mBuilding CXX object CMakeFiles/rosapi_msgs__rosidl_typesupport_fastrtps_c.dir/rosidl_typesupport_fastrtps_c/rosapi_msgs/srv/detail/service_request_details__type_support_c.cpp.o[0m
[ 69%] [32mBuilding CXX object CMakeFiles/rosapi_msgs__rosidl_typesupport_fastrtps_c.dir/rosidl_typesupport_fastrtps_c/rosapi_msgs/srv/detail/service_response_details__type_support_c.cpp.o[0m
[ 69%] [32mBuilding CXX object CMakeFiles/rosapi_msgs__rosidl_typesupport_fastrtps_c.dir/rosidl_typesupport_fastrtps_c/rosapi_msgs/srv/detail/services__type_support_c.cpp.o[0m
[ 70%] [32mBuilding CXX object CMakeFiles/rosapi_msgs__rosidl_typesupport_fastrtps_c.dir/rosidl_typesupport_fastrtps_c/rosapi_msgs/srv/detail/services_for_type__type_support_c.cpp.o[0m
[ 70%] [32mBuilding CXX object CMakeFiles/rosapi_msgs__rosidl_typesupport_fastrtps_c.dir/rosidl_typesupport_fastrtps_c/rosapi_msgs/srv/detail/service_type__type_support_c.cpp.o[0m
[ 71%] [32mBuilding CXX object CMakeFiles/rosapi_msgs__rosidl_typesupport_fastrtps_c.dir/rosidl_typesupport_fastrtps_c/rosapi_msgs/srv/detail/set_param__type_support_c.cpp.o[0m
[ 71%] [32mBuilding CXX object CMakeFiles/rosapi_msgs__rosidl_typesupport_fastrtps_c.dir/rosidl_typesupport_fastrtps_c/rosapi_msgs/srv/detail/subscribers__type_support_c.cpp.o[0m
[ 72%] [32mBuilding CXX object CMakeFiles/rosapi_msgs__rosidl_typesupport_fastrtps_c.dir/rosidl_typesupport_fastrtps_c/rosapi_msgs/srv/detail/topics__type_support_c.cpp.o[0m
[ 72%] [32mBuilding CXX object CMakeFiles/rosapi_msgs__rosidl_typesupport_fastrtps_c.dir/rosidl_typesupport_fastrtps_c/rosapi_msgs/srv/detail/topics_and_raw_types__type_support_c.cpp.o[0m
[ 72%] [32mBuilding CXX object CMakeFiles/rosapi_msgs__rosidl_typesupport_fastrtps_c.dir/rosidl_typesupport_fastrtps_c/rosapi_msgs/srv/detail/topics_for_type__type_support_c.cpp.o[0m
[ 73%] [32mBuilding CXX object CMakeFiles/rosapi_msgs__rosidl_typesupport_fastrtps_c.dir/rosidl_typesupport_fastrtps_c/rosapi_msgs/srv/detail/topic_type__type_support_c.cpp.o[0m
[ 73%] [32m[1mLinking CXX shared library librosapi_msgs__rosidl_typesupport_fastrtps_c.so[0m
[ 73%] Built target rosapi_msgs__rosidl_typesupport_fastrtps_c
[ 74%] [34m[1mGenerating C introspection for ROS interfaces[0m
[ 74%] [32mBuilding C object CMakeFiles/rosapi_msgs__rosidl_typesupport_introspection_c.dir/rosidl_typesupport_introspection_c/rosapi_msgs/msg/detail/type_def__type_support.c.o[0m
[ 75%] [32mBuilding C object CMakeFiles/rosapi_msgs__rosidl_typesupport_introspection_c.dir/rosidl_typesupport_introspection_c/rosapi_msgs/srv/detail/delete_param__type_support.c.o[0m
[ 75%] [32mBuilding C object CMakeFiles/rosapi_msgs__rosidl_typesupport_introspection_c.dir/rosidl_typesupport_introspection_c/rosapi_msgs/srv/detail/get_action_servers__type_support.c.o[0m
[ 76%] [32mBuilding C object CMakeFiles/rosapi_msgs__rosidl_typesupport_introspection_c.dir/rosidl_typesupport_introspection_c/rosapi_msgs/srv/detail/get_param__type_support.c.o[0m
[ 76%] [32mBuilding C object CMakeFiles/rosapi_msgs__rosidl_typesupport_introspection_c.dir/rosidl_typesupport_introspection_c/rosapi_msgs/srv/detail/get_param_names__type_support.c.o[0m
[ 77%] [32mBuilding C object CMakeFiles/rosapi_msgs__rosidl_typesupport_introspection_c.dir/rosidl_typesupport_introspection_c/rosapi_msgs/srv/detail/get_ros_version__type_support.c.o[0m
[ 77%] [32mBuilding C object CMakeFiles/rosapi_msgs__rosidl_typesupport_introspection_c.dir/rosidl_typesupport_introspection_c/rosapi_msgs/srv/detail/get_time__type_support.c.o[0m
[ 77%] [32mBuilding C object CMakeFiles/rosapi_msgs__rosidl_typesupport_introspection_c.dir/rosidl_typesupport_introspection_c/rosapi_msgs/srv/detail/has_param__type_support.c.o[0m
[ 78%] [32mBuilding C object CMakeFiles/rosapi_msgs__rosidl_typesupport_introspection_c.dir/rosidl_typesupport_introspection_c/rosapi_msgs/srv/detail/message_details__type_support.c.o[0m
[ 78%] [32mBuilding C object CMakeFiles/rosapi_msgs__rosidl_typesupport_introspection_c.dir/rosidl_typesupport_introspection_c/rosapi_msgs/srv/detail/nodes__type_support.c.o[0m
[ 79%] [32mBuilding C object CMakeFiles/rosapi_msgs__rosidl_typesupport_introspection_c.dir/rosidl_typesupport_introspection_c/rosapi_msgs/srv/detail/node_details__type_support.c.o[0m
[ 80%] [32mBuilding C object CMakeFiles/rosapi_msgs__rosidl_typesupport_introspection_c.dir/rosidl_typesupport_introspection_c/rosapi_msgs/srv/detail/service_node__type_support.c.o[0m
[ 80%] [32mBuilding C object CMakeFiles/rosapi_msgs__rosidl_typesupport_introspection_c.dir/rosidl_typesupport_introspection_c/rosapi_msgs/srv/detail/publishers__type_support.c.o[0m
[ 80%] [32mBuilding C object CMakeFiles/rosapi_msgs__rosidl_typesupport_introspection_c.dir/rosidl_typesupport_introspection_c/rosapi_msgs/srv/detail/service_providers__type_support.c.o[0m
[ 80%] [32mBuilding C object CMakeFiles/rosapi_msgs__rosidl_typesupport_introspection_c.dir/rosidl_typesupport_introspection_c/rosapi_msgs/srv/detail/service_response_details__type_support.c.o[0m
[ 81%] [32mBuilding C object CMakeFiles/rosapi_msgs__rosidl_typesupport_introspection_c.dir/rosidl_typesupport_introspection_c/rosapi_msgs/srv/detail/service_request_details__type_support.c.o[0m
[ 81%] [32mBuilding C object CMakeFiles/rosapi_msgs__rosidl_typesupport_introspection_c.dir/rosidl_typesupport_introspection_c/rosapi_msgs/srv/detail/services__type_support.c.o[0m
[ 82%] [32mBuilding C object CMakeFiles/rosapi_msgs__rosidl_typesupport_introspection_c.dir/rosidl_typesupport_introspection_c/rosapi_msgs/srv/detail/services_for_type__type_support.c.o[0m
[ 82%] [32mBuilding C object CMakeFiles/rosapi_msgs__rosidl_typesupport_introspection_c.dir/rosidl_typesupport_introspection_c/rosapi_msgs/srv/detail/service_type__type_support.c.o[0m
[ 83%] [32mBuilding C object CMakeFiles/rosapi_msgs__rosidl_typesupport_introspection_c.dir/rosidl_typesupport_introspection_c/rosapi_msgs/srv/detail/set_param__type_support.c.o[0m
[ 83%] [32mBuilding C object CMakeFiles/rosapi_msgs__rosidl_typesupport_introspection_c.dir/rosidl_typesupport_introspection_c/rosapi_msgs/srv/detail/subscribers__type_support.c.o[0m
[ 84%] [32mBuilding C object CMakeFiles/rosapi_msgs__rosidl_typesupport_introspection_c.dir/rosidl_typesupport_introspection_c/rosapi_msgs/srv/detail/topics__type_support.c.o[0m
[ 84%] [32mBuilding C object CMakeFiles/rosapi_msgs__rosidl_typesupport_introspection_c.dir/rosidl_typesupport_introspection_c/rosapi_msgs/srv/detail/topics_and_raw_types__type_support.c.o[0m
[ 85%] [32mBuilding C object CMakeFiles/rosapi_msgs__rosidl_typesupport_introspection_c.dir/rosidl_typesupport_introspection_c/rosapi_msgs/srv/detail/topics_for_type__type_support.c.o[0m
[ 85%] [32mBuilding C object CMakeFiles/rosapi_msgs__rosidl_typesupport_introspection_c.dir/rosidl_typesupport_introspection_c/rosapi_msgs/srv/detail/topic_type__type_support.c.o[0m
[ 85%] [32m[1mLinking C shared library librosapi_msgs__rosidl_typesupport_introspection_c.so[0m
[ 85%] Built target rosapi_msgs__rosidl_typesupport_introspection_c
[ 85%] Built target rosapi_msgs
[ 85%] [34m[1mGenerating Python code for ROS interfaces[0m
[ 85%] Built target rosapi_msgs__py
[ 87%] [32mBuilding C object CMakeFiles/rosapi_msgs__python.dir/rosidl_generator_py/rosapi_msgs/msg/_type_def_s.c.o[0m
[ 87%] [32mBuilding C object CMakeFiles/rosapi_msgs__python.dir/rosidl_generator_py/rosapi_msgs/srv/_get_action_servers_s.c.o[0m
[ 87%] [32mBuilding C object CMakeFiles/rosapi_msgs__python.dir/rosidl_generator_py/rosapi_msgs/srv/_get_param_s.c.o[0m
[ 87%] [32mBuilding C object CMakeFiles/rosapi_msgs__python.dir/rosidl_generator_py/rosapi_msgs/srv/_delete_param_s.c.o[0m
[ 88%] [32mBuilding C object CMakeFiles/rosapi_msgs__python.dir/rosidl_generator_py/rosapi_msgs/srv/_get_param_names_s.c.o[0m
[ 88%] [32mBuilding C object CMakeFiles/rosapi_msgs__python.dir/rosidl_generator_py/rosapi_msgs/srv/_get_ros_version_s.c.o[0m
[ 89%] [32mBuilding C object CMakeFiles/rosapi_msgs__python.dir/rosidl_generator_py/rosapi_msgs/srv/_get_time_s.c.o[0m
[ 89%] [32mBuilding C object CMakeFiles/rosapi_msgs__python.dir/rosidl_generator_py/rosapi_msgs/srv/_has_param_s.c.o[0m
[ 89%] [32mBuilding C object CMakeFiles/rosapi_msgs__python.dir/rosidl_generator_py/rosapi_msgs/srv/_message_details_s.c.o[0m
[ 90%] [32mBuilding C object CMakeFiles/rosapi_msgs__python.dir/rosidl_generator_py/rosapi_msgs/srv/_nodes_s.c.o[0m
[ 90%] [32mBuilding C object CMakeFiles/rosapi_msgs__python.dir/rosidl_generator_py/rosapi_msgs/srv/_node_details_s.c.o[0m
[ 91%] [32mBuilding C object CMakeFiles/rosapi_msgs__python.dir/rosidl_generator_py/rosapi_msgs/srv/_publishers_s.c.o[0m
[ 91%] [32mBuilding C object CMakeFiles/rosapi_msgs__python.dir/rosidl_generator_py/rosapi_msgs/srv/_service_node_s.c.o[0m
[ 92%] [32mBuilding C object CMakeFiles/rosapi_msgs__python.dir/rosidl_generator_py/rosapi_msgs/srv/_service_providers_s.c.o[0m
[ 92%] [32mBuilding C object CMakeFiles/rosapi_msgs__python.dir/rosidl_generator_py/rosapi_msgs/srv/_service_request_details_s.c.o[0m
[ 93%] [32mBuilding C object CMakeFiles/rosapi_msgs__python.dir/rosidl_generator_py/rosapi_msgs/srv/_service_response_details_s.c.o[0m
[ 93%] [32mBuilding C object CMakeFiles/rosapi_msgs__python.dir/rosidl_generator_py/rosapi_msgs/srv/_services_s.c.o[0m
[ 93%] [32mBuilding C object CMakeFiles/rosapi_msgs__python.dir/rosidl_generator_py/rosapi_msgs/srv/_services_for_type_s.c.o[0m
[ 94%] [32mBuilding C object CMakeFiles/rosapi_msgs__python.dir/rosidl_generator_py/rosapi_msgs/srv/_service_type_s.c.o[0m
[ 94%] [32mBuilding C object CMakeFiles/rosapi_msgs__python.dir/rosidl_generator_py/rosapi_msgs/srv/_set_param_s.c.o[0m
[ 95%] [32mBuilding C object CMakeFiles/rosapi_msgs__python.dir/rosidl_generator_py/rosapi_msgs/srv/_subscribers_s.c.o[0m
[ 95%] [32mBuilding C object CMakeFiles/rosapi_msgs__python.dir/rosidl_generator_py/rosapi_msgs/srv/_topics_s.c.o[0m
[ 96%] [32mBuilding C object CMakeFiles/rosapi_msgs__python.dir/rosidl_generator_py/rosapi_msgs/srv/_topics_and_raw_types_s.c.o[0m
[ 96%] [32mBuilding C object CMakeFiles/rosapi_msgs__python.dir/rosidl_generator_py/rosapi_msgs/srv/_topics_for_type_s.c.o[0m
[ 97%] [32mBuilding C object CMakeFiles/rosapi_msgs__python.dir/rosidl_generator_py/rosapi_msgs/srv/_topic_type_s.c.o[0m
[ 97%] [32m[1mLinking C shared library rosidl_generator_py/rosapi_msgs/librosapi_msgs__python.so[0m
[ 97%] Built target rosapi_msgs__python
[100%] [32mBuilding C object CMakeFiles/rosapi_msgs__rosidl_typesupport_introspection_c__pyext.dir/rosidl_generator_py/rosapi_msgs/_rosapi_msgs_s.ep.rosidl_typesupport_introspection_c.c.o[0m
[100%] [32mBuilding C object CMakeFiles/rosapi_msgs__rosidl_typesupport_fastrtps_c__pyext.dir/rosidl_generator_py/rosapi_msgs/_rosapi_msgs_s.ep.rosidl_typesupport_fastrtps_c.c.o[0m
[100%] [32mBuilding C object CMakeFiles/rosapi_msgs__rosidl_typesupport_c__pyext.dir/rosidl_generator_py/rosapi_msgs/_rosapi_msgs_s.ep.rosidl_typesupport_c.c.o[0m
[100%] [32m[1mLinking C shared library rosidl_generator_py/rosapi_msgs/rosapi_msgs_s__rosidl_typesupport_introspection_c.cpython-36m-aarch64-linux-gnu.so[0m
[100%] [32m[1mLinking CXX shared library rosidl_generator_py/rosapi_msgs/rosapi_msgs_s__rosidl_typesupport_fastrtps_c.cpython-36m-aarch64-linux-gnu.so[0m
[100%] [32m[1mLinking C shared library rosidl_generator_py/rosapi_msgs/rosapi_msgs_s__rosidl_typesupport_c.cpython-36m-aarch64-linux-gnu.so[0m
[100%] Built target rosapi_msgs__rosidl_typesupport_introspection_c__pyext
[100%] Built target rosapi_msgs__rosidl_typesupport_c__pyext
[100%] Built target rosapi_msgs__rosidl_typesupport_fastrtps_c__pyext
-- Install configuration: ""
-- Execute custom install script
-- Symlinking: /ros2_ws/install/rosapi_msgs/share/ament_index/resource_index/rosidl_interfaces/rosapi_msgs
-- Symlinking: /ros2_ws/install/rosapi_msgs/include/rosapi_msgs/msg/detail/type_def__functions.h
-- Symlinking: /ros2_ws/install/rosapi_msgs/include/rosapi_msgs/msg/detail/type_def__struct.h
-- Symlinking: /ros2_ws/install/rosapi_msgs/include/rosapi_msgs/msg/detail/type_def__type_support.h
-- Symlinking: /ros2_ws/install/rosapi_msgs/include/rosapi_msgs/msg/rosidl_generator_c__visibility_control.h
-- Symlinking: /ros2_ws/install/rosapi_msgs/include/rosapi_msgs/msg/type_def.h
-- Symlinking: /ros2_ws/install/rosapi_msgs/include/rosapi_msgs/srv/delete_param.h
-- Symlinking: /ros2_ws/install/rosapi_msgs/include/rosapi_msgs/srv/detail/delete_param__functions.h
-- Symlinking: /ros2_ws/install/rosapi_msgs/include/rosapi_msgs/srv/detail/delete_param__struct.h
-- Symlinking: /ros2_ws/install/rosapi_msgs/include/rosapi_msgs/srv/detail/delete_param__type_support.h
-- Symlinking: /ros2_ws/install/rosapi_msgs/include/rosapi_msgs/srv/detail/get_action_servers__functions.h
-- Symlinking: /ros2_ws/install/rosapi_msgs/include/rosapi_msgs/srv/detail/get_action_servers__struct.h
-- Symlinking: /ros2_ws/install/rosapi_msgs/include/rosapi_msgs/srv/detail/get_action_servers__type_support.h
-- Symlinking: /ros2_ws/install/rosapi_msgs/include/rosapi_msgs/srv/detail/get_param__functions.h
-- Symlinking: /ros2_ws/install/rosapi_msgs/include/rosapi_msgs/srv/detail/get_param__struct.h
-- Symlinking: /ros2_ws/install/rosapi_msgs/include/rosapi_msgs/srv/detail/get_param__type_support.h
-- Symlinking: /ros2_ws/install/rosapi_msgs/include/rosapi_msgs/srv/detail/get_param_names__functions.h
-- Symlinking: /ros2_ws/install/rosapi_msgs/include/rosapi_msgs/srv/detail/get_param_names__struct.h
-- Symlinking: /ros2_ws/install/rosapi_msgs/include/rosapi_msgs/srv/detail/get_param_names__type_support.h
-- Symlinking: /ros2_ws/install/rosapi_msgs/include/rosapi_msgs/srv/detail/get_ros_version__functions.h
-- Symlinking: /ros2_ws/install/rosapi_msgs/include/rosapi_msgs/srv/detail/get_ros_version__struct.h
-- Symlinking: /ros2_ws/install/rosapi_msgs/include/rosapi_msgs/srv/detail/get_ros_version__type_support.h
-- Symlinking: /ros2_ws/install/rosapi_msgs/include/rosapi_msgs/srv/detail/get_time__functions.h
-- Symlinking: /ros2_ws/install/rosapi_msgs/include/rosapi_msgs/srv/detail/get_time__struct.h
-- Symlinking: /ros2_ws/install/rosapi_msgs/include/rosapi_msgs/srv/detail/get_time__type_support.h
-- Symlinking: /ros2_ws/install/rosapi_msgs/include/rosapi_msgs/srv/detail/has_param__functions.h
-- Symlinking: /ros2_ws/install/rosapi_msgs/include/rosapi_msgs/srv/detail/has_param__struct.h
-- Symlinking: /ros2_ws/install/rosapi_msgs/include/rosapi_msgs/srv/detail/has_param__type_support.h
-- Symlinking: /ros2_ws/install/rosapi_msgs/include/rosapi_msgs/srv/detail/message_details__functions.h
-- Symlinking: /ros2_ws/install/rosapi_msgs/include/rosapi_msgs/srv/detail/message_details__struct.h
-- Symlinking: /ros2_ws/install/rosapi_msgs/include/rosapi_msgs/srv/detail/message_details__type_support.h
-- Symlinking: /ros2_ws/install/rosapi_msgs/include/rosapi_msgs/srv/detail/node_details__functions.h
-- Symlinking: /ros2_ws/install/rosapi_msgs/include/rosapi_msgs/srv/detail/node_details__struct.h
-- Symlinking: /ros2_ws/install/rosapi_msgs/include/rosapi_msgs/srv/detail/node_details__type_support.h
-- Symlinking: /ros2_ws/install/rosapi_msgs/include/rosapi_msgs/srv/detail/nodes__functions.h
-- Symlinking: /ros2_ws/install/rosapi_msgs/include/rosapi_msgs/srv/detail/nodes__struct.h
-- Symlinking: /ros2_ws/install/rosapi_msgs/include/rosapi_msgs/srv/detail/nodes__type_support.h
-- Symlinking: /ros2_ws/install/rosapi_msgs/include/rosapi_msgs/srv/detail/publishers__functions.h
-- Symlinking: /ros2_ws/install/rosapi_msgs/include/rosapi_msgs/srv/detail/publishers__struct.h
-- Symlinking: /ros2_ws/install/rosapi_msgs/include/rosapi_msgs/srv/detail/publishers__type_support.h
-- Symlinking: /ros2_ws/install/rosapi_msgs/include/rosapi_msgs/srv/detail/service_node__functions.h
-- Symlinking: /ros2_ws/install/rosapi_msgs/include/rosapi_msgs/srv/detail/service_node__struct.h
-- Symlinking: /ros2_ws/install/rosapi_msgs/include/rosapi_msgs/srv/detail/service_node__type_support.h
-- Symlinking: /ros2_ws/install/rosapi_msgs/include/rosapi_msgs/srv/detail/service_providers__functions.h
-- Symlinking: /ros2_ws/install/rosapi_msgs/include/rosapi_msgs/srv/detail/service_providers__struct.h
-- Symlinking: /ros2_ws/install/rosapi_msgs/include/rosapi_msgs/srv/detail/service_providers__type_support.h
-- Symlinking: /ros2_ws/install/rosapi_msgs/include/rosapi_msgs/srv/detail/service_request_details__functions.h
-- Symlinking: /ros2_ws/install/rosapi_msgs/include/rosapi_msgs/srv/detail/service_request_details__struct.h
-- Symlinking: /ros2_ws/install/rosapi_msgs/include/rosapi_msgs/srv/detail/service_request_details__type_support.h
-- Symlinking: /ros2_ws/install/rosapi_msgs/include/rosapi_msgs/srv/detail/service_response_details__functions.h
-- Symlinking: /ros2_ws/install/rosapi_msgs/include/rosapi_msgs/srv/detail/service_response_details__struct.h
-- Symlinking: /ros2_ws/install/rosapi_msgs/include/rosapi_msgs/srv/detail/service_response_details__type_support.h
-- Symlinking: /ros2_ws/install/rosapi_msgs/include/rosapi_msgs/srv/detail/service_type__functions.h
-- Symlinking: /ros2_ws/install/rosapi_msgs/include/rosapi_msgs/srv/detail/service_type__struct.h
-- Symlinking: /ros2_ws/install/rosapi_msgs/include/rosapi_msgs/srv/detail/service_type__type_support.h
-- Symlinking: /ros2_ws/install/rosapi_msgs/include/rosapi_msgs/srv/detail/services__functions.h
-- Symlinking: /ros2_ws/install/rosapi_msgs/include/rosapi_msgs/srv/detail/services__struct.h
-- Symlinking: /ros2_ws/install/rosapi_msgs/include/rosapi_msgs/srv/detail/services__type_support.h
-- Symlinking: /ros2_ws/install/rosapi_msgs/include/rosapi_msgs/srv/detail/services_for_type__functions.h
-- Symlinking: /ros2_ws/install/rosapi_msgs/include/rosapi_msgs/srv/detail/services_for_type__struct.h
-- Symlinking: /ros2_ws/install/rosapi_msgs/include/rosapi_msgs/srv/detail/services_for_type__type_support.h
-- Symlinking: /ros2_ws/install/rosapi_msgs/include/rosapi_msgs/srv/detail/set_param__functions.h
-- Symlinking: /ros2_ws/install/rosapi_msgs/include/rosapi_msgs/srv/detail/set_param__struct.h
-- Symlinking: /ros2_ws/install/rosapi_msgs/include/rosapi_msgs/srv/detail/set_param__type_support.h
-- Symlinking: /ros2_ws/install/rosapi_msgs/include/rosapi_msgs/srv/detail/subscribers__functions.h
-- Symlinking: /ros2_ws/install/rosapi_msgs/include/rosapi_msgs/srv/detail/subscribers__struct.h
-- Symlinking: /ros2_ws/install/rosapi_msgs/include/rosapi_msgs/srv/detail/subscribers__type_support.h
-- Symlinking: /ros2_ws/install/rosapi_msgs/include/rosapi_msgs/srv/detail/topic_type__functions.h
-- Symlinking: /ros2_ws/install/rosapi_msgs/include/rosapi_msgs/srv/detail/topic_type__struct.h
-- Symlinking: /ros2_ws/install/rosapi_msgs/include/rosapi_msgs/srv/detail/topic_type__type_support.h
-- Symlinking: /ros2_ws/install/rosapi_msgs/include/rosapi_msgs/srv/detail/topics__functions.h
-- Symlinking: /ros2_ws/install/rosapi_msgs/include/rosapi_msgs/srv/detail/topics__struct.h
-- Symlinking: /ros2_ws/install/rosapi_msgs/include/rosapi_msgs/srv/detail/topics__type_support.h
-- Symlinking: /ros2_ws/install/rosapi_msgs/include/rosapi_msgs/srv/detail/topics_and_raw_types__functions.h
-- Symlinking: /ros2_ws/install/rosapi_msgs/include/rosapi_msgs/srv/detail/topics_and_raw_types__struct.h
-- Symlinking: /ros2_ws/install/rosapi_msgs/include/rosapi_msgs/srv/detail/topics_and_raw_types__type_support.h
-- Symlinking: /ros2_ws/install/rosapi_msgs/include/rosapi_msgs/srv/detail/topics_for_type__functions.h
-- Symlinking: /ros2_ws/install/rosapi_msgs/include/rosapi_msgs/srv/detail/topics_for_type__struct.h
-- Symlinking: /ros2_ws/install/rosapi_msgs/include/rosapi_msgs/srv/detail/topics_for_type__type_support.h
-- Symlinking: /ros2_ws/install/rosapi_msgs/include/rosapi_msgs/srv/get_action_servers.h
-- Symlinking: /ros2_ws/install/rosapi_msgs/include/rosapi_msgs/srv/get_param.h
-- Symlinking: /ros2_ws/install/rosapi_msgs/include/rosapi_msgs/srv/get_param_names.h
-- Symlinking: /ros2_ws/install/rosapi_msgs/include/rosapi_msgs/srv/get_ros_version.h
-- Symlinking: /ros2_ws/install/rosapi_msgs/include/rosapi_msgs/srv/get_time.h
-- Symlinking: /ros2_ws/install/rosapi_msgs/include/rosapi_msgs/srv/has_param.h
-- Symlinking: /ros2_ws/install/rosapi_msgs/include/rosapi_msgs/srv/message_details.h
-- Symlinking: /ros2_ws/install/rosapi_msgs/include/rosapi_msgs/srv/node_details.h
-- Symlinking: /ros2_ws/install/rosapi_msgs/include/rosapi_msgs/srv/nodes.h
-- Symlinking: /ros2_ws/install/rosapi_msgs/include/rosapi_msgs/srv/publishers.h
-- Symlinking: /ros2_ws/install/rosapi_msgs/include/rosapi_msgs/srv/service_node.h
-- Symlinking: /ros2_ws/install/rosapi_msgs/include/rosapi_msgs/srv/service_providers.h
-- Symlinking: /ros2_ws/install/rosapi_msgs/include/rosapi_msgs/srv/service_request_details.h
-- Symlinking: /ros2_ws/install/rosapi_msgs/include/rosapi_msgs/srv/service_response_details.h
-- Symlinking: /ros2_ws/install/rosapi_msgs/include/rosapi_msgs/srv/service_type.h
-- Symlinking: /ros2_ws/install/rosapi_msgs/include/rosapi_msgs/srv/services.h
-- Symlinking: /ros2_ws/install/rosapi_msgs/include/rosapi_msgs/srv/services_for_type.h
-- Symlinking: /ros2_ws/install/rosapi_msgs/include/rosapi_msgs/srv/set_param.h
-- Symlinking: /ros2_ws/install/rosapi_msgs/include/rosapi_msgs/srv/subscribers.h
-- Symlinking: /ros2_ws/install/rosapi_msgs/include/rosapi_msgs/srv/topic_type.h
-- Symlinking: /ros2_ws/install/rosapi_msgs/include/rosapi_msgs/srv/topics.h
-- Symlinking: /ros2_ws/install/rosapi_msgs/include/rosapi_msgs/srv/topics_and_raw_types.h
-- Symlinking: /ros2_ws/install/rosapi_msgs/include/rosapi_msgs/srv/topics_for_type.h
-- Symlinking: /ros2_ws/install/rosapi_msgs/share/rosapi_msgs/environment/library_path.sh
-- Symlinking: /ros2_ws/install/rosapi_msgs/share/rosapi_msgs/environment/library_path.dsv
-- Symlinking: /ros2_ws/install/rosapi_msgs/include/rosapi_msgs/msg/detail/type_def__rosidl_typesupport_fastrtps_c.h
-- Symlinking: /ros2_ws/install/rosapi_msgs/include/rosapi_msgs/msg/rosidl_typesupport_fastrtps_c__visibility_control.h
-- Symlinking: /ros2_ws/install/rosapi_msgs/include/rosapi_msgs/srv/detail/delete_param__rosidl_typesupport_fastrtps_c.h
-- Symlinking: /ros2_ws/install/rosapi_msgs/include/rosapi_msgs/srv/detail/get_action_servers__rosidl_typesupport_fastrtps_c.h
-- Symlinking: /ros2_ws/install/rosapi_msgs/include/rosapi_msgs/srv/detail/get_param__rosidl_typesupport_fastrtps_c.h
-- Symlinking: /ros2_ws/install/rosapi_msgs/include/rosapi_msgs/srv/detail/get_param_names__rosidl_typesupport_fastrtps_c.h
-- Symlinking: /ros2_ws/install/rosapi_msgs/include/rosapi_msgs/srv/detail/get_ros_version__rosidl_typesupport_fastrtps_c.h
-- Symlinking: /ros2_ws/install/rosapi_msgs/include/rosapi_msgs/srv/detail/get_time__rosidl_typesupport_fastrtps_c.h
-- Symlinking: /ros2_ws/install/rosapi_msgs/include/rosapi_msgs/srv/detail/has_param__rosidl_typesupport_fastrtps_c.h
-- Symlinking: /ros2_ws/install/rosapi_msgs/include/rosapi_msgs/srv/detail/message_details__rosidl_typesupport_fastrtps_c.h
-- Symlinking: /ros2_ws/install/rosapi_msgs/include/rosapi_msgs/srv/detail/node_details__rosidl_typesupport_fastrtps_c.h
-- Symlinking: /ros2_ws/install/rosapi_msgs/include/rosapi_msgs/srv/detail/nodes__rosidl_typesupport_fastrtps_c.h
-- Symlinking: /ros2_ws/install/rosapi_msgs/include/rosapi_msgs/srv/detail/publishers__rosidl_typesupport_fastrtps_c.h
-- Symlinking: /ros2_ws/install/rosapi_msgs/include/rosapi_msgs/srv/detail/service_node__rosidl_typesupport_fastrtps_c.h
-- Symlinking: /ros2_ws/install/rosapi_msgs/include/rosapi_msgs/srv/detail/service_providers__rosidl_typesupport_fastrtps_c.h
-- Symlinking: /ros2_ws/install/rosapi_msgs/include/rosapi_msgs/srv/detail/service_request_details__rosidl_typesupport_fastrtps_c.h
-- Symlinking: /ros2_ws/install/rosapi_msgs/include/rosapi_msgs/srv/detail/service_response_details__rosidl_typesupport_fastrtps_c.h
-- Symlinking: /ros2_ws/install/rosapi_msgs/include/rosapi_msgs/srv/detail/service_type__rosidl_typesupport_fastrtps_c.h
-- Symlinking: /ros2_ws/install/rosapi_msgs/include/rosapi_msgs/srv/detail/services__rosidl_typesupport_fastrtps_c.h
-- Symlinking: /ros2_ws/install/rosapi_msgs/include/rosapi_msgs/srv/detail/services_for_type__rosidl_typesupport_fastrtps_c.h
-- Symlinking: /ros2_ws/install/rosapi_msgs/include/rosapi_msgs/srv/detail/set_param__rosidl_typesupport_fastrtps_c.h
-- Symlinking: /ros2_ws/install/rosapi_msgs/include/rosapi_msgs/srv/detail/subscribers__rosidl_typesupport_fastrtps_c.h
-- Symlinking: /ros2_ws/install/rosapi_msgs/include/rosapi_msgs/srv/detail/topic_type__rosidl_typesupport_fastrtps_c.h
-- Symlinking: /ros2_ws/install/rosapi_msgs/include/rosapi_msgs/srv/detail/topics__rosidl_typesupport_fastrtps_c.h
-- Symlinking: /ros2_ws/install/rosapi_msgs/include/rosapi_msgs/srv/detail/topics_and_raw_types__rosidl_typesupport_fastrtps_c.h
-- Symlinking: /ros2_ws/install/rosapi_msgs/include/rosapi_msgs/srv/detail/topics_for_type__rosidl_typesupport_fastrtps_c.h
-- Symlinking: /ros2_ws/install/rosapi_msgs/lib/librosapi_msgs__rosidl_typesupport_fastrtps_c.so
-- Symlinking: /ros2_ws/install/rosapi_msgs/include/rosapi_msgs/msg/detail/type_def__rosidl_typesupport_fastrtps_cpp.hpp
-- Symlinking: /ros2_ws/install/rosapi_msgs/include/rosapi_msgs/msg/rosidl_typesupport_fastrtps_cpp__visibility_control.h
-- Symlinking: /ros2_ws/install/rosapi_msgs/include/rosapi_msgs/srv/detail/delete_param__rosidl_typesupport_fastrtps_cpp.hpp
-- Symlinking: /ros2_ws/install/rosapi_msgs/include/rosapi_msgs/srv/detail/get_action_servers__rosidl_typesupport_fastrtps_cpp.hpp
-- Symlinking: /ros2_ws/install/rosapi_msgs/include/rosapi_msgs/srv/detail/get_param__rosidl_typesupport_fastrtps_cpp.hpp
-- Symlinking: /ros2_ws/install/rosapi_msgs/include/rosapi_msgs/srv/detail/get_param_names__rosidl_typesupport_fastrtps_cpp.hpp
-- Symlinking: /ros2_ws/install/rosapi_msgs/include/rosapi_msgs/srv/detail/get_ros_version__rosidl_typesupport_fastrtps_cpp.hpp
-- Symlinking: /ros2_ws/install/rosapi_msgs/include/rosapi_msgs/srv/detail/get_time__rosidl_typesupport_fastrtps_cpp.hpp
-- Symlinking: /ros2_ws/install/rosapi_msgs/include/rosapi_msgs/srv/detail/has_param__rosidl_typesupport_fastrtps_cpp.hpp
-- Symlinking: /ros2_ws/install/rosapi_msgs/include/rosapi_msgs/srv/detail/message_details__rosidl_typesupport_fastrtps_cpp.hpp
-- Symlinking: /ros2_ws/install/rosapi_msgs/include/rosapi_msgs/srv/detail/node_details__rosidl_typesupport_fastrtps_cpp.hpp
-- Symlinking: /ros2_ws/install/rosapi_msgs/include/rosapi_msgs/srv/detail/nodes__rosidl_typesupport_fastrtps_cpp.hpp
-- Symlinking: /ros2_ws/install/rosapi_msgs/include/rosapi_msgs/srv/detail/publishers__rosidl_typesupport_fastrtps_cpp.hpp
-- Symlinking: /ros2_ws/install/rosapi_msgs/include/rosapi_msgs/srv/detail/service_node__rosidl_typesupport_fastrtps_cpp.hpp
-- Symlinking: /ros2_ws/install/rosapi_msgs/include/rosapi_msgs/srv/detail/service_providers__rosidl_typesupport_fastrtps_cpp.hpp
-- Symlinking: /ros2_ws/install/rosapi_msgs/include/rosapi_msgs/srv/detail/service_request_details__rosidl_typesupport_fastrtps_cpp.hpp
-- Symlinking: /ros2_ws/install/rosapi_msgs/include/rosapi_msgs/srv/detail/service_response_details__rosidl_typesupport_fastrtps_cpp.hpp
-- Symlinking: /ros2_ws/install/rosapi_msgs/include/rosapi_msgs/srv/detail/service_type__rosidl_typesupport_fastrtps_cpp.hpp
-- Symlinking: /ros2_ws/install/rosapi_msgs/include/rosapi_msgs/srv/detail/services__rosidl_typesupport_fastrtps_cpp.hpp
-- Symlinking: /ros2_ws/install/rosapi_msgs/include/rosapi_msgs/srv/detail/services_for_type__rosidl_typesupport_fastrtps_cpp.hpp
-- Symlinking: /ros2_ws/install/rosapi_msgs/include/rosapi_msgs/srv/detail/set_param__rosidl_typesupport_fastrtps_cpp.hpp
-- Symlinking: /ros2_ws/install/rosapi_msgs/include/rosapi_msgs/srv/detail/subscribers__rosidl_typesupport_fastrtps_cpp.hpp
-- Symlinking: /ros2_ws/install/rosapi_msgs/include/rosapi_msgs/srv/detail/topic_type__rosidl_typesupport_fastrtps_cpp.hpp
-- Symlinking: /ros2_ws/install/rosapi_msgs/include/rosapi_msgs/srv/detail/topics__rosidl_typesupport_fastrtps_cpp.hpp
-- Symlinking: /ros2_ws/install/rosapi_msgs/include/rosapi_msgs/srv/detail/topics_and_raw_types__rosidl_typesupport_fastrtps_cpp.hpp
-- Symlinking: /ros2_ws/install/rosapi_msgs/include/rosapi_msgs/srv/detail/topics_for_type__rosidl_typesupport_fastrtps_cpp.hpp
-- Symlinking: /ros2_ws/install/rosapi_msgs/lib/librosapi_msgs__rosidl_typesupport_fastrtps_cpp.so
-- Symlinking: /ros2_ws/install/rosapi_msgs/include/rosapi_msgs/msg/detail/type_def__rosidl_typesupport_introspection_c.h
-- Symlinking: /ros2_ws/install/rosapi_msgs/include/rosapi_msgs/msg/rosidl_typesupport_introspection_c__visibility_control.h
-- Symlinking: /ros2_ws/install/rosapi_msgs/include/rosapi_msgs/srv/detail/delete_param__rosidl_typesupport_introspection_c.h
-- Symlinking: /ros2_ws/install/rosapi_msgs/include/rosapi_msgs/srv/detail/get_action_servers__rosidl_typesupport_introspection_c.h
-- Symlinking: /ros2_ws/install/rosapi_msgs/include/rosapi_msgs/srv/detail/get_param__rosidl_typesupport_introspection_c.h
-- Symlinking: /ros2_ws/install/rosapi_msgs/include/rosapi_msgs/srv/detail/get_param_names__rosidl_typesupport_introspection_c.h
-- Symlinking: /ros2_ws/install/rosapi_msgs/include/rosapi_msgs/srv/detail/get_ros_version__rosidl_typesupport_introspection_c.h
-- Symlinking: /ros2_ws/install/rosapi_msgs/include/rosapi_msgs/srv/detail/get_time__rosidl_typesupport_introspection_c.h
-- Symlinking: /ros2_ws/install/rosapi_msgs/include/rosapi_msgs/srv/detail/has_param__rosidl_typesupport_introspection_c.h
-- Symlinking: /ros2_ws/install/rosapi_msgs/include/rosapi_msgs/srv/detail/message_details__rosidl_typesupport_introspection_c.h
-- Symlinking: /ros2_ws/install/rosapi_msgs/include/rosapi_msgs/srv/detail/node_details__rosidl_typesupport_introspection_c.h
-- Symlinking: /ros2_ws/install/rosapi_msgs/include/rosapi_msgs/srv/detail/nodes__rosidl_typesupport_introspection_c.h
-- Symlinking: /ros2_ws/install/rosapi_msgs/include/rosapi_msgs/srv/detail/publishers__rosidl_typesupport_introspection_c.h
-- Symlinking: /ros2_ws/install/rosapi_msgs/include/rosapi_msgs/srv/detail/service_node__rosidl_typesupport_introspection_c.h
-- Symlinking: /ros2_ws/install/rosapi_msgs/include/rosapi_msgs/srv/detail/service_providers__rosidl_typesupport_introspection_c.h
-- Symlinking: /ros2_ws/install/rosapi_msgs/include/rosapi_msgs/srv/detail/service_request_details__rosidl_typesupport_introspection_c.h
-- Symlinking: /ros2_ws/install/rosapi_msgs/include/rosapi_msgs/srv/detail/service_response_details__rosidl_typesupport_introspection_c.h
-- Symlinking: /ros2_ws/install/rosapi_msgs/include/rosapi_msgs/srv/detail/service_type__rosidl_typesupport_introspection_c.h
-- Symlinking: /ros2_ws/install/rosapi_msgs/include/rosapi_msgs/srv/detail/services__rosidl_typesupport_introspection_c.h
-- Symlinking: /ros2_ws/install/rosapi_msgs/include/rosapi_msgs/srv/detail/services_for_type__rosidl_typesupport_introspection_c.h
-- Symlinking: /ros2_ws/install/rosapi_msgs/include/rosapi_msgs/srv/detail/set_param__rosidl_typesupport_introspection_c.h
-- Symlinking: /ros2_ws/install/rosapi_msgs/include/rosapi_msgs/srv/detail/subscribers__rosidl_typesupport_introspection_c.h
-- Symlinking: /ros2_ws/install/rosapi_msgs/include/rosapi_msgs/srv/detail/topic_type__rosidl_typesupport_introspection_c.h
-- Symlinking: /ros2_ws/install/rosapi_msgs/include/rosapi_msgs/srv/detail/topics__rosidl_typesupport_introspection_c.h
-- Symlinking: /ros2_ws/install/rosapi_msgs/include/rosapi_msgs/srv/detail/topics_and_raw_types__rosidl_typesupport_introspection_c.h
-- Symlinking: /ros2_ws/install/rosapi_msgs/include/rosapi_msgs/srv/detail/topics_for_type__rosidl_typesupport_introspection_c.h
-- Symlinking: /ros2_ws/install/rosapi_msgs/include/rosapi_msgs/msg/detail/type_def__builder.hpp
-- Symlinking: /ros2_ws/install/rosapi_msgs/include/rosapi_msgs/msg/detail/type_def__struct.hpp
-- Symlinking: /ros2_ws/install/rosapi_msgs/include/rosapi_msgs/msg/detail/type_def__traits.hpp
-- Symlinking: /ros2_ws/install/rosapi_msgs/include/rosapi_msgs/msg/detail/type_def__type_support.hpp
-- Symlinking: /ros2_ws/install/rosapi_msgs/include/rosapi_msgs/msg/rosidl_generator_cpp__visibility_control.hpp
-- Symlinking: /ros2_ws/install/rosapi_msgs/include/rosapi_msgs/msg/type_def.hpp
-- Symlinking: /ros2_ws/install/rosapi_msgs/include/rosapi_msgs/srv/delete_param.hpp
-- Symlinking: /ros2_ws/install/rosapi_msgs/include/rosapi_msgs/srv/detail/delete_param__builder.hpp
-- Symlinking: /ros2_ws/install/rosapi_msgs/include/rosapi_msgs/srv/detail/delete_param__struct.hpp
-- Symlinking: /ros2_ws/install/rosapi_msgs/include/rosapi_msgs/srv/detail/delete_param__traits.hpp
-- Symlinking: /ros2_ws/install/rosapi_msgs/include/rosapi_msgs/srv/detail/delete_param__type_support.hpp
-- Symlinking: /ros2_ws/install/rosapi_msgs/include/rosapi_msgs/srv/detail/get_action_servers__builder.hpp
-- Symlinking: /ros2_ws/install/rosapi_msgs/include/rosapi_msgs/srv/detail/get_action_servers__struct.hpp
-- Symlinking: /ros2_ws/install/rosapi_msgs/include/rosapi_msgs/srv/detail/get_action_servers__traits.hpp
-- Symlinking: /ros2_ws/install/rosapi_msgs/include/rosapi_msgs/srv/detail/get_action_servers__type_support.hpp
-- Symlinking: /ros2_ws/install/rosapi_msgs/include/rosapi_msgs/srv/detail/get_param__builder.hpp
-- Symlinking: /ros2_ws/install/rosapi_msgs/include/rosapi_msgs/srv/detail/get_param__struct.hpp
-- Symlinking: /ros2_ws/install/rosapi_msgs/include/rosapi_msgs/srv/detail/get_param__traits.hpp
-- Symlinking: /ros2_ws/install/rosapi_msgs/include/rosapi_msgs/srv/detail/get_param__type_support.hpp
-- Symlinking: /ros2_ws/install/rosapi_msgs/include/rosapi_msgs/srv/detail/get_param_names__builder.hpp
-- Symlinking: /ros2_ws/install/rosapi_msgs/include/rosapi_msgs/srv/detail/get_param_names__struct.hpp
-- Symlinking: /ros2_ws/install/rosapi_msgs/include/rosapi_msgs/srv/detail/get_param_names__traits.hpp
-- Symlinking: /ros2_ws/install/rosapi_msgs/include/rosapi_msgs/srv/detail/get_param_names__type_support.hpp
-- Symlinking: /ros2_ws/install/rosapi_msgs/include/rosapi_msgs/srv/detail/get_ros_version__builder.hpp
-- Symlinking: /ros2_ws/install/rosapi_msgs/include/rosapi_msgs/srv/detail/get_ros_version__struct.hpp
-- Symlinking: /ros2_ws/install/rosapi_msgs/include/rosapi_msgs/srv/detail/get_ros_version__traits.hpp
-- Symlinking: /ros2_ws/install/rosapi_msgs/include/rosapi_msgs/srv/detail/get_ros_version__type_support.hpp
-- Symlinking: /ros2_ws/install/rosapi_msgs/include/rosapi_msgs/srv/detail/get_time__builder.hpp
-- Symlinking: /ros2_ws/install/rosapi_msgs/include/rosapi_msgs/srv/detail/get_time__struct.hpp
-- Symlinking: /ros2_ws/install/rosapi_msgs/include/rosapi_msgs/srv/detail/get_time__traits.hpp
-- Symlinking: /ros2_ws/install/rosapi_msgs/include/rosapi_msgs/srv/detail/get_time__type_support.hpp
-- Symlinking: /ros2_ws/install/rosapi_msgs/include/rosapi_msgs/srv/detail/has_param__builder.hpp
-- Symlinking: /ros2_ws/install/rosapi_msgs/include/rosapi_msgs/srv/detail/has_param__struct.hpp
-- Symlinking: /ros2_ws/install/rosapi_msgs/include/rosapi_msgs/srv/detail/has_param__traits.hpp
-- Symlinking: /ros2_ws/install/rosapi_msgs/include/rosapi_msgs/srv/detail/has_param__type_support.hpp
-- Symlinking: /ros2_ws/install/rosapi_msgs/include/rosapi_msgs/srv/detail/message_details__builder.hpp
-- Symlinking: /ros2_ws/install/rosapi_msgs/include/rosapi_msgs/srv/detail/message_details__struct.hpp
-- Symlinking: /ros2_ws/install/rosapi_msgs/include/rosapi_msgs/srv/detail/message_details__traits.hpp
-- Symlinking: /ros2_ws/install/rosapi_msgs/include/rosapi_msgs/srv/detail/message_details__type_support.hpp
-- Symlinking: /ros2_ws/install/rosapi_msgs/include/rosapi_msgs/srv/detail/node_details__builder.hpp
-- Symlinking: /ros2_ws/install/rosapi_msgs/include/rosapi_msgs/srv/detail/node_details__struct.hpp
-- Symlinking: /ros2_ws/install/rosapi_msgs/include/rosapi_msgs/srv/detail/node_details__traits.hpp
-- Symlinking: /ros2_ws/install/rosapi_msgs/include/rosapi_msgs/srv/detail/node_details__type_support.hpp
-- Symlinking: /ros2_ws/install/rosapi_msgs/include/rosapi_msgs/srv/detail/nodes__builder.hpp
-- Symlinking: /ros2_ws/install/rosapi_msgs/include/rosapi_msgs/srv/detail/nodes__struct.hpp
-- Symlinking: /ros2_ws/install/rosapi_msgs/include/rosapi_msgs/srv/detail/nodes__traits.hpp
-- Symlinking: /ros2_ws/install/rosapi_msgs/include/rosapi_msgs/srv/detail/nodes__type_support.hpp
-- Symlinking: /ros2_ws/install/rosapi_msgs/include/rosapi_msgs/srv/detail/publishers__builder.hpp
-- Symlinking: /ros2_ws/install/rosapi_msgs/include/rosapi_msgs/srv/detail/publishers__struct.hpp
-- Symlinking: /ros2_ws/install/rosapi_msgs/include/rosapi_msgs/srv/detail/publishers__traits.hpp
-- Symlinking: /ros2_ws/install/rosapi_msgs/include/rosapi_msgs/srv/detail/publishers__type_support.hpp
-- Symlinking: /ros2_ws/install/rosapi_msgs/include/rosapi_msgs/srv/detail/service_node__builder.hpp
-- Symlinking: /ros2_ws/install/rosapi_msgs/include/rosapi_msgs/srv/detail/service_node__struct.hpp
-- Symlinking: /ros2_ws/install/rosapi_msgs/include/rosapi_msgs/srv/detail/service_node__traits.hpp
-- Symlinking: /ros2_ws/install/rosapi_msgs/include/rosapi_msgs/srv/detail/service_node__type_support.hpp
-- Symlinking: /ros2_ws/install/rosapi_msgs/include/rosapi_msgs/srv/detail/service_providers__builder.hpp
-- Symlinking: /ros2_ws/install/rosapi_msgs/include/rosapi_msgs/srv/detail/service_providers__struct.hpp
-- Symlinking: /ros2_ws/install/rosapi_msgs/include/rosapi_msgs/srv/detail/service_providers__traits.hpp
-- Symlinking: /ros2_ws/install/rosapi_msgs/include/rosapi_msgs/srv/detail/service_providers__type_support.hpp
-- Symlinking: /ros2_ws/install/rosapi_msgs/include/rosapi_msgs/srv/detail/service_request_details__builder.hpp
-- Symlinking: /ros2_ws/install/rosapi_msgs/include/rosapi_msgs/srv/detail/service_request_details__struct.hpp
-- Symlinking: /ros2_ws/install/rosapi_msgs/include/rosapi_msgs/srv/detail/service_request_details__traits.hpp
-- Symlinking: /ros2_ws/install/rosapi_msgs/include/rosapi_msgs/srv/detail/service_request_details__type_support.hpp
-- Symlinking: /ros2_ws/install/rosapi_msgs/include/rosapi_msgs/srv/detail/service_response_details__builder.hpp
-- Symlinking: /ros2_ws/install/rosapi_msgs/include/rosapi_msgs/srv/detail/service_response_details__struct.hpp
-- Symlinking: /ros2_ws/install/rosapi_msgs/include/rosapi_msgs/srv/detail/service_response_details__traits.hpp
-- Symlinking: /ros2_ws/install/rosapi_msgs/include/rosapi_msgs/srv/detail/service_response_details__type_support.hpp
-- Symlinking: /ros2_ws/install/rosapi_msgs/include/rosapi_msgs/srv/detail/service_type__builder.hpp
-- Symlinking: /ros2_ws/install/rosapi_msgs/include/rosapi_msgs/srv/detail/service_type__struct.hpp
-- Symlinking: /ros2_ws/install/rosapi_msgs/include/rosapi_msgs/srv/detail/service_type__traits.hpp
-- Symlinking: /ros2_ws/install/rosapi_msgs/include/rosapi_msgs/srv/detail/service_type__type_support.hpp
-- Symlinking: /ros2_ws/install/rosapi_msgs/include/rosapi_msgs/srv/detail/services__builder.hpp
-- Symlinking: /ros2_ws/install/rosapi_msgs/include/rosapi_msgs/srv/detail/services__struct.hpp
-- Symlinking: /ros2_ws/install/rosapi_msgs/include/rosapi_msgs/srv/detail/services__traits.hpp
-- Symlinking: /ros2_ws/install/rosapi_msgs/include/rosapi_msgs/srv/detail/services__type_support.hpp
-- Symlinking: /ros2_ws/install/rosapi_msgs/include/rosapi_msgs/srv/detail/services_for_type__builder.hpp
-- Symlinking: /ros2_ws/install/rosapi_msgs/include/rosapi_msgs/srv/detail/services_for_type__struct.hpp
-- Symlinking: /ros2_ws/install/rosapi_msgs/include/rosapi_msgs/srv/detail/services_for_type__traits.hpp
-- Symlinking: /ros2_ws/install/rosapi_msgs/include/rosapi_msgs/srv/detail/services_for_type__type_support.hpp
-- Symlinking: /ros2_ws/install/rosapi_msgs/include/rosapi_msgs/srv/detail/set_param__builder.hpp
-- Symlinking: /ros2_ws/install/rosapi_msgs/include/rosapi_msgs/srv/detail/set_param__struct.hpp
-- Symlinking: /ros2_ws/install/rosapi_msgs/include/rosapi_msgs/srv/detail/set_param__traits.hpp
-- Symlinking: /ros2_ws/install/rosapi_msgs/include/rosapi_msgs/srv/detail/set_param__type_support.hpp
-- Symlinking: /ros2_ws/install/rosapi_msgs/include/rosapi_msgs/srv/detail/subscribers__builder.hpp
-- Symlinking: /ros2_ws/install/rosapi_msgs/include/rosapi_msgs/srv/detail/subscribers__struct.hpp
-- Symlinking: /ros2_ws/install/rosapi_msgs/include/rosapi_msgs/srv/detail/subscribers__traits.hpp
-- Symlinking: /ros2_ws/install/rosapi_msgs/include/rosapi_msgs/srv/detail/subscribers__type_support.hpp
-- Symlinking: /ros2_ws/install/rosapi_msgs/include/rosapi_msgs/srv/detail/topic_type__builder.hpp
-- Symlinking: /ros2_ws/install/rosapi_msgs/include/rosapi_msgs/srv/detail/topic_type__struct.hpp
-- Symlinking: /ros2_ws/install/rosapi_msgs/include/rosapi_msgs/srv/detail/topic_type__traits.hpp
-- Symlinking: /ros2_ws/install/rosapi_msgs/include/rosapi_msgs/srv/detail/topic_type__type_support.hpp
-- Symlinking: /ros2_ws/install/rosapi_msgs/include/rosapi_msgs/srv/detail/topics__builder.hpp
-- Symlinking: /ros2_ws/install/rosapi_msgs/include/rosapi_msgs/srv/detail/topics__struct.hpp
-- Symlinking: /ros2_ws/install/rosapi_msgs/include/rosapi_msgs/srv/detail/topics__traits.hpp
-- Symlinking: /ros2_ws/install/rosapi_msgs/include/rosapi_msgs/srv/detail/topics__type_support.hpp
-- Symlinking: /ros2_ws/install/rosapi_msgs/include/rosapi_msgs/srv/detail/topics_and_raw_types__builder.hpp
-- Symlinking: /ros2_ws/install/rosapi_msgs/include/rosapi_msgs/srv/detail/topics_and_raw_types__struct.hpp
-- Symlinking: /ros2_ws/install/rosapi_msgs/include/rosapi_msgs/srv/detail/topics_and_raw_types__traits.hpp
-- Symlinking: /ros2_ws/install/rosapi_msgs/include/rosapi_msgs/srv/detail/topics_and_raw_types__type_support.hpp
-- Symlinking: /ros2_ws/install/rosapi_msgs/include/rosapi_msgs/srv/detail/topics_for_type__builder.hpp
-- Symlinking: /ros2_ws/install/rosapi_msgs/include/rosapi_msgs/srv/detail/topics_for_type__struct.hpp
-- Symlinking: /ros2_ws/install/rosapi_msgs/include/rosapi_msgs/srv/detail/topics_for_type__traits.hpp
-- Symlinking: /ros2_ws/install/rosapi_msgs/include/rosapi_msgs/srv/detail/topics_for_type__type_support.hpp
-- Symlinking: /ros2_ws/install/rosapi_msgs/include/rosapi_msgs/srv/get_action_servers.hpp
-- Symlinking: /ros2_ws/install/rosapi_msgs/include/rosapi_msgs/srv/get_param.hpp
-- Symlinking: /ros2_ws/install/rosapi_msgs/include/rosapi_msgs/srv/get_param_names.hpp
-- Symlinking: /ros2_ws/install/rosapi_msgs/include/rosapi_msgs/srv/get_ros_version.hpp
-- Symlinking: /ros2_ws/install/rosapi_msgs/include/rosapi_msgs/srv/get_time.hpp
-- Symlinking: /ros2_ws/install/rosapi_msgs/include/rosapi_msgs/srv/has_param.hpp
-- Symlinking: /ros2_ws/install/rosapi_msgs/include/rosapi_msgs/srv/message_details.hpp
-- Symlinking: /ros2_ws/install/rosapi_msgs/include/rosapi_msgs/srv/node_details.hpp
-- Symlinking: /ros2_ws/install/rosapi_msgs/include/rosapi_msgs/srv/nodes.hpp
-- Symlinking: /ros2_ws/install/rosapi_msgs/include/rosapi_msgs/srv/publishers.hpp
-- Symlinking: /ros2_ws/install/rosapi_msgs/include/rosapi_msgs/srv/service_node.hpp
-- Symlinking: /ros2_ws/install/rosapi_msgs/include/rosapi_msgs/srv/service_providers.hpp
-- Symlinking: /ros2_ws/install/rosapi_msgs/include/rosapi_msgs/srv/service_request_details.hpp
-- Symlinking: /ros2_ws/install/rosapi_msgs/include/rosapi_msgs/srv/service_response_details.hpp
-- Symlinking: /ros2_ws/install/rosapi_msgs/include/rosapi_msgs/srv/service_type.hpp
-- Symlinking: /ros2_ws/install/rosapi_msgs/include/rosapi_msgs/srv/services.hpp
-- Symlinking: /ros2_ws/install/rosapi_msgs/include/rosapi_msgs/srv/services_for_type.hpp
-- Symlinking: /ros2_ws/install/rosapi_msgs/include/rosapi_msgs/srv/set_param.hpp
-- Symlinking: /ros2_ws/install/rosapi_msgs/include/rosapi_msgs/srv/subscribers.hpp
-- Symlinking: /ros2_ws/install/rosapi_msgs/include/rosapi_msgs/srv/topic_type.hpp
-- Symlinking: /ros2_ws/install/rosapi_msgs/include/rosapi_msgs/srv/topics.hpp
-- Symlinking: /ros2_ws/install/rosapi_msgs/include/rosapi_msgs/srv/topics_and_raw_types.hpp
-- Symlinking: /ros2_ws/install/rosapi_msgs/include/rosapi_msgs/srv/topics_for_type.hpp
-- Symlinking: /ros2_ws/install/rosapi_msgs/include/rosapi_msgs/msg/detail/type_def__rosidl_typesupport_introspection_cpp.hpp
-- Symlinking: /ros2_ws/install/rosapi_msgs/include/rosapi_msgs/srv/detail/delete_param__rosidl_typesupport_introspection_cpp.hpp
-- Symlinking: /ros2_ws/install/rosapi_msgs/include/rosapi_msgs/srv/detail/get_action_servers__rosidl_typesupport_introspection_cpp.hpp
-- Symlinking: /ros2_ws/install/rosapi_msgs/include/rosapi_msgs/srv/detail/get_param__rosidl_typesupport_introspection_cpp.hpp
-- Symlinking: /ros2_ws/install/rosapi_msgs/include/rosapi_msgs/srv/detail/get_param_names__rosidl_typesupport_introspection_cpp.hpp
-- Symlinking: /ros2_ws/install/rosapi_msgs/include/rosapi_msgs/srv/detail/get_ros_version__rosidl_typesupport_introspection_cpp.hpp
-- Symlinking: /ros2_ws/install/rosapi_msgs/include/rosapi_msgs/srv/detail/get_time__rosidl_typesupport_introspection_cpp.hpp
-- Symlinking: /ros2_ws/install/rosapi_msgs/include/rosapi_msgs/srv/detail/has_param__rosidl_typesupport_introspection_cpp.hpp
-- Symlinking: /ros2_ws/install/rosapi_msgs/include/rosapi_msgs/srv/detail/message_details__rosidl_typesupport_introspection_cpp.hpp
-- Symlinking: /ros2_ws/install/rosapi_msgs/include/rosapi_msgs/srv/detail/node_details__rosidl_typesupport_introspection_cpp.hpp
-- Symlinking: /ros2_ws/install/rosapi_msgs/include/rosapi_msgs/srv/detail/nodes__rosidl_typesupport_introspection_cpp.hpp
-- Symlinking: /ros2_ws/install/rosapi_msgs/include/rosapi_msgs/srv/detail/publishers__rosidl_typesupport_introspection_cpp.hpp
-- Symlinking: /ros2_ws/install/rosapi_msgs/include/rosapi_msgs/srv/detail/service_node__rosidl_typesupport_introspection_cpp.hpp
-- Symlinking: /ros2_ws/install/rosapi_msgs/include/rosapi_msgs/srv/detail/service_providers__rosidl_typesupport_introspection_cpp.hpp
-- Symlinking: /ros2_ws/install/rosapi_msgs/include/rosapi_msgs/srv/detail/service_request_details__rosidl_typesupport_introspection_cpp.hpp
-- Symlinking: /ros2_ws/install/rosapi_msgs/include/rosapi_msgs/srv/detail/service_response_details__rosidl_typesupport_introspection_cpp.hpp
-- Symlinking: /ros2_ws/install/rosapi_msgs/include/rosapi_msgs/srv/detail/service_type__rosidl_typesupport_introspection_cpp.hpp
-- Symlinking: /ros2_ws/install/rosapi_msgs/include/rosapi_msgs/srv/detail/services__rosidl_typesupport_introspection_cpp.hpp
-- Symlinking: /ros2_ws/install/rosapi_msgs/include/rosapi_msgs/srv/detail/services_for_type__rosidl_typesupport_introspection_cpp.hpp
-- Symlinking: /ros2_ws/install/rosapi_msgs/include/rosapi_msgs/srv/detail/set_param__rosidl_typesupport_introspection_cpp.hpp
-- Symlinking: /ros2_ws/install/rosapi_msgs/include/rosapi_msgs/srv/detail/subscribers__rosidl_typesupport_introspection_cpp.hpp
-- Symlinking: /ros2_ws/install/rosapi_msgs/include/rosapi_msgs/srv/detail/topic_type__rosidl_typesupport_introspection_cpp.hpp
-- Symlinking: /ros2_ws/install/rosapi_msgs/include/rosapi_msgs/srv/detail/topics__rosidl_typesupport_introspection_cpp.hpp
-- Symlinking: /ros2_ws/install/rosapi_msgs/include/rosapi_msgs/srv/detail/topics_and_raw_types__rosidl_typesupport_introspection_cpp.hpp
-- Symlinking: /ros2_ws/install/rosapi_msgs/include/rosapi_msgs/srv/detail/topics_for_type__rosidl_typesupport_introspection_cpp.hpp
-- Symlinking: /ros2_ws/install/rosapi_msgs/share/rosapi_msgs/environment/pythonpath.sh
-- Symlinking: /ros2_ws/install/rosapi_msgs/share/rosapi_msgs/environment/pythonpath.dsv
-- Symlinking: /ros2_ws/install/rosapi_msgs/lib/python3.6/site-packages/rosapi_msgs/__init__.py
-- Symlinking: /ros2_ws/install/rosapi_msgs/lib/python3.6/site-packages/rosapi_msgs/msg/__init__.py
-- Symlinking: /ros2_ws/install/rosapi_msgs/lib/python3.6/site-packages/rosapi_msgs/msg/_type_def.py
-- Symlinking: /ros2_ws/install/rosapi_msgs/lib/python3.6/site-packages/rosapi_msgs/srv/__init__.py
-- Symlinking: /ros2_ws/install/rosapi_msgs/lib/python3.6/site-packages/rosapi_msgs/srv/_delete_param.py
-- Symlinking: /ros2_ws/install/rosapi_msgs/lib/python3.6/site-packages/rosapi_msgs/srv/_get_action_servers.py
-- Symlinking: /ros2_ws/install/rosapi_msgs/lib/python3.6/site-packages/rosapi_msgs/srv/_get_param.py
-- Symlinking: /ros2_ws/install/rosapi_msgs/lib/python3.6/site-packages/rosapi_msgs/srv/_get_param_names.py
-- Symlinking: /ros2_ws/install/rosapi_msgs/lib/python3.6/site-packages/rosapi_msgs/srv/_get_ros_version.py
-- Symlinking: /ros2_ws/install/rosapi_msgs/lib/python3.6/site-packages/rosapi_msgs/srv/_get_time.py
-- Symlinking: /ros2_ws/install/rosapi_msgs/lib/python3.6/site-packages/rosapi_msgs/srv/_has_param.py
-- Symlinking: /ros2_ws/install/rosapi_msgs/lib/python3.6/site-packages/rosapi_msgs/srv/_message_details.py
-- Symlinking: /ros2_ws/install/rosapi_msgs/lib/python3.6/site-packages/rosapi_msgs/srv/_node_details.py
-- Symlinking: /ros2_ws/install/rosapi_msgs/lib/python3.6/site-packages/rosapi_msgs/srv/_nodes.py
-- Symlinking: /ros2_ws/install/rosapi_msgs/lib/python3.6/site-packages/rosapi_msgs/srv/_publishers.py
-- Symlinking: /ros2_ws/install/rosapi_msgs/lib/python3.6/site-packages/rosapi_msgs/srv/_service_node.py
-- Symlinking: /ros2_ws/install/rosapi_msgs/lib/python3.6/site-packages/rosapi_msgs/srv/_service_providers.py
-- Symlinking: /ros2_ws/install/rosapi_msgs/lib/python3.6/site-packages/rosapi_msgs/srv/_service_request_details.py
-- Symlinking: /ros2_ws/install/rosapi_msgs/lib/python3.6/site-packages/rosapi_msgs/srv/_service_response_details.py
-- Symlinking: /ros2_ws/install/rosapi_msgs/lib/python3.6/site-packages/rosapi_msgs/srv/_service_type.py
-- Symlinking: /ros2_ws/install/rosapi_msgs/lib/python3.6/site-packages/rosapi_msgs/srv/_services.py
-- Symlinking: /ros2_ws/install/rosapi_msgs/lib/python3.6/site-packages/rosapi_msgs/srv/_services_for_type.py
-- Symlinking: /ros2_ws/install/rosapi_msgs/lib/python3.6/site-packages/rosapi_msgs/srv/_set_param.py
-- Symlinking: /ros2_ws/install/rosapi_msgs/lib/python3.6/site-packages/rosapi_msgs/srv/_subscribers.py
-- Symlinking: /ros2_ws/install/rosapi_msgs/lib/python3.6/site-packages/rosapi_msgs/srv/_topic_type.py
-- Symlinking: /ros2_ws/install/rosapi_msgs/lib/python3.6/site-packages/rosapi_msgs/srv/_topics.py
-- Symlinking: /ros2_ws/install/rosapi_msgs/lib/python3.6/site-packages/rosapi_msgs/srv/_topics_and_raw_types.py
-- Symlinking: /ros2_ws/install/rosapi_msgs/lib/python3.6/site-packages/rosapi_msgs/srv/_topics_for_type.py
-- Symlinking: /ros2_ws/install/rosapi_msgs/lib/python3.6/site-packages/rosapi_msgs/rosapi_msgs_s__rosidl_typesupport_fastrtps_c.cpython-36m-aarch64-linux-gnu.so
-- Symlinking: /ros2_ws/install/rosapi_msgs/lib/python3.6/site-packages/rosapi_msgs/rosapi_msgs_s__rosidl_typesupport_introspection_c.cpython-36m-aarch64-linux-gnu.so
-- Symlinking: /ros2_ws/install/rosapi_msgs/lib/python3.6/site-packages/rosapi_msgs/rosapi_msgs_s__rosidl_typesupport_c.cpython-36m-aarch64-linux-gnu.so
-- Symlinking: /ros2_ws/install/rosapi_msgs/lib/librosapi_msgs__python.so
-- Symlinking: /ros2_ws/install/rosapi_msgs/share/rosapi_msgs/msg/TypeDef.idl
-- Symlinking: /ros2_ws/install/rosapi_msgs/share/rosapi_msgs/srv/DeleteParam.idl
-- Symlinking: /ros2_ws/install/rosapi_msgs/share/rosapi_msgs/srv/GetActionServers.idl
-- Symlinking: /ros2_ws/install/rosapi_msgs/share/rosapi_msgs/srv/GetParam.idl
-- Symlinking: /ros2_ws/install/rosapi_msgs/share/rosapi_msgs/srv/GetParamNames.idl
-- Symlinking: /ros2_ws/install/rosapi_msgs/share/rosapi_msgs/srv/GetROSVersion.idl
-- Symlinking: /ros2_ws/install/rosapi_msgs/share/rosapi_msgs/srv/GetTime.idl
-- Symlinking: /ros2_ws/install/rosapi_msgs/share/rosapi_msgs/srv/HasParam.idl
-- Symlinking: /ros2_ws/install/rosapi_msgs/share/rosapi_msgs/srv/MessageDetails.idl
-- Symlinking: /ros2_ws/install/rosapi_msgs/share/rosapi_msgs/srv/Nodes.idl
-- Symlinking: /ros2_ws/install/rosapi_msgs/share/rosapi_msgs/srv/NodeDetails.idl
-- Symlinking: /ros2_ws/install/rosapi_msgs/share/rosapi_msgs/srv/Publishers.idl
-- Symlinking: /ros2_ws/install/rosapi_msgs/share/rosapi_msgs/srv/ServiceNode.idl
-- Symlinking: /ros2_ws/install/rosapi_msgs/share/rosapi_msgs/srv/ServiceProviders.idl
-- Symlinking: /ros2_ws/install/rosapi_msgs/share/rosapi_msgs/srv/ServiceRequestDetails.idl
-- Symlinking: /ros2_ws/install/rosapi_msgs/share/rosapi_msgs/srv/ServiceResponseDetails.idl
-- Symlinking: /ros2_ws/install/rosapi_msgs/share/rosapi_msgs/srv/Services.idl
-- Symlinking: /ros2_ws/install/rosapi_msgs/share/rosapi_msgs/srv/ServicesForType.idl
-- Symlinking: /ros2_ws/install/rosapi_msgs/share/rosapi_msgs/srv/ServiceType.idl
-- Symlinking: /ros2_ws/install/rosapi_msgs/share/rosapi_msgs/srv/SetParam.idl
-- Symlinking: /ros2_ws/install/rosapi_msgs/share/rosapi_msgs/srv/Subscribers.idl
-- Symlinking: /ros2_ws/install/rosapi_msgs/share/rosapi_msgs/srv/Topics.idl
-- Symlinking: /ros2_ws/install/rosapi_msgs/share/rosapi_msgs/srv/TopicsAndRawTypes.idl
-- Symlinking: /ros2_ws/install/rosapi_msgs/share/rosapi_msgs/srv/TopicsForType.idl
-- Symlinking: /ros2_ws/install/rosapi_msgs/share/rosapi_msgs/srv/TopicType.idl
-- Symlinking: /ros2_ws/install/rosapi_msgs/share/rosapi_msgs/msg/TypeDef.msg
-- Symlinking: /ros2_ws/install/rosapi_msgs/share/rosapi_msgs/srv/DeleteParam.srv
-- Symlinking: /ros2_ws/install/rosapi_msgs/share/rosapi_msgs/srv/DeleteParam_Request.msg
-- Symlinking: /ros2_ws/install/rosapi_msgs/share/rosapi_msgs/srv/DeleteParam_Response.msg
-- Symlinking: /ros2_ws/install/rosapi_msgs/share/rosapi_msgs/srv/GetActionServers.srv
-- Symlinking: /ros2_ws/install/rosapi_msgs/share/rosapi_msgs/srv/GetActionServers_Request.msg
-- Symlinking: /ros2_ws/install/rosapi_msgs/share/rosapi_msgs/srv/GetActionServers_Response.msg
-- Symlinking: /ros2_ws/install/rosapi_msgs/share/rosapi_msgs/srv/GetParam.srv
-- Symlinking: /ros2_ws/install/rosapi_msgs/share/rosapi_msgs/srv/GetParam_Request.msg
-- Symlinking: /ros2_ws/install/rosapi_msgs/share/rosapi_msgs/srv/GetParam_Response.msg
-- Symlinking: /ros2_ws/install/rosapi_msgs/share/rosapi_msgs/srv/GetParamNames.srv
-- Symlinking: /ros2_ws/install/rosapi_msgs/share/rosapi_msgs/srv/GetParamNames_Request.msg
-- Symlinking: /ros2_ws/install/rosapi_msgs/share/rosapi_msgs/srv/GetParamNames_Response.msg
-- Symlinking: /ros2_ws/install/rosapi_msgs/share/rosapi_msgs/srv/GetROSVersion.srv
-- Symlinking: /ros2_ws/install/rosapi_msgs/share/rosapi_msgs/srv/GetROSVersion_Request.msg
-- Symlinking: /ros2_ws/install/rosapi_msgs/share/rosapi_msgs/srv/GetROSVersion_Response.msg
-- Symlinking: /ros2_ws/install/rosapi_msgs/share/rosapi_msgs/srv/GetTime.srv
-- Symlinking: /ros2_ws/install/rosapi_msgs/share/rosapi_msgs/srv/GetTime_Request.msg
-- Symlinking: /ros2_ws/install/rosapi_msgs/share/rosapi_msgs/srv/GetTime_Response.msg
-- Symlinking: /ros2_ws/install/rosapi_msgs/share/rosapi_msgs/srv/HasParam.srv
-- Symlinking: /ros2_ws/install/rosapi_msgs/share/rosapi_msgs/srv/HasParam_Request.msg
-- Symlinking: /ros2_ws/install/rosapi_msgs/share/rosapi_msgs/srv/HasParam_Response.msg
-- Symlinking: /ros2_ws/install/rosapi_msgs/share/rosapi_msgs/srv/MessageDetails.srv
-- Symlinking: /ros2_ws/install/rosapi_msgs/share/rosapi_msgs/srv/MessageDetails_Request.msg
-- Symlinking: /ros2_ws/install/rosapi_msgs/share/rosapi_msgs/srv/MessageDetails_Response.msg
-- Symlinking: /ros2_ws/install/rosapi_msgs/share/rosapi_msgs/srv/Nodes.srv
-- Symlinking: /ros2_ws/install/rosapi_msgs/share/rosapi_msgs/srv/Nodes_Request.msg
-- Symlinking: /ros2_ws/install/rosapi_msgs/share/rosapi_msgs/srv/Nodes_Response.msg
-- Symlinking: /ros2_ws/install/rosapi_msgs/share/rosapi_msgs/srv/NodeDetails.srv
-- Symlinking: /ros2_ws/install/rosapi_msgs/share/rosapi_msgs/srv/NodeDetails_Request.msg
-- Symlinking: /ros2_ws/install/rosapi_msgs/share/rosapi_msgs/srv/NodeDetails_Response.msg
-- Symlinking: /ros2_ws/install/rosapi_msgs/share/rosapi_msgs/srv/Publishers.srv
-- Symlinking: /ros2_ws/install/rosapi_msgs/share/rosapi_msgs/srv/Publishers_Request.msg
-- Symlinking: /ros2_ws/install/rosapi_msgs/share/rosapi_msgs/srv/Publishers_Response.msg
-- Symlinking: /ros2_ws/install/rosapi_msgs/share/rosapi_msgs/srv/ServiceNode.srv
-- Symlinking: /ros2_ws/install/rosapi_msgs/share/rosapi_msgs/srv/ServiceNode_Request.msg
-- Symlinking: /ros2_ws/install/rosapi_msgs/share/rosapi_msgs/srv/ServiceNode_Response.msg
-- Symlinking: /ros2_ws/install/rosapi_msgs/share/rosapi_msgs/srv/ServiceProviders.srv
-- Symlinking: /ros2_ws/install/rosapi_msgs/share/rosapi_msgs/srv/ServiceProviders_Request.msg
-- Symlinking: /ros2_ws/install/rosapi_msgs/share/rosapi_msgs/srv/ServiceProviders_Response.msg
-- Symlinking: /ros2_ws/install/rosapi_msgs/share/rosapi_msgs/srv/ServiceRequestDetails.srv
-- Symlinking: /ros2_ws/install/rosapi_msgs/share/rosapi_msgs/srv/ServiceRequestDetails_Request.msg
-- Symlinking: /ros2_ws/install/rosapi_msgs/share/rosapi_msgs/srv/ServiceRequestDetails_Response.msg
-- Symlinking: /ros2_ws/install/rosapi_msgs/share/rosapi_msgs/srv/ServiceResponseDetails.srv
-- Symlinking: /ros2_ws/install/rosapi_msgs/share/rosapi_msgs/srv/ServiceResponseDetails_Request.msg
-- Symlinking: /ros2_ws/install/rosapi_msgs/share/rosapi_msgs/srv/ServiceResponseDetails_Response.msg
-- Symlinking: /ros2_ws/install/rosapi_msgs/share/rosapi_msgs/srv/Services.srv
-- Symlinking: /ros2_ws/install/rosapi_msgs/share/rosapi_msgs/srv/Services_Request.msg
-- Symlinking: /ros2_ws/install/rosapi_msgs/share/rosapi_msgs/srv/Services_Response.msg
-- Symlinking: /ros2_ws/install/rosapi_msgs/share/rosapi_msgs/srv/ServicesForType.srv
-- Symlinking: /ros2_ws/install/rosapi_msgs/share/rosapi_msgs/srv/ServicesForType_Request.msg
-- Symlinking: /ros2_ws/install/rosapi_msgs/share/rosapi_msgs/srv/ServicesForType_Response.msg
-- Symlinking: /ros2_ws/install/rosapi_msgs/share/rosapi_msgs/srv/ServiceType.srv
-- Symlinking: /ros2_ws/install/rosapi_msgs/share/rosapi_msgs/srv/ServiceType_Request.msg
-- Symlinking: /ros2_ws/install/rosapi_msgs/share/rosapi_msgs/srv/ServiceType_Response.msg
-- Symlinking: /ros2_ws/install/rosapi_msgs/share/rosapi_msgs/srv/SetParam.srv
-- Symlinking: /ros2_ws/install/rosapi_msgs/share/rosapi_msgs/srv/SetParam_Request.msg
-- Symlinking: /ros2_ws/install/rosapi_msgs/share/rosapi_msgs/srv/SetParam_Response.msg
-- Symlinking: /ros2_ws/install/rosapi_msgs/share/rosapi_msgs/srv/Subscribers.srv
-- Symlinking: /ros2_ws/install/rosapi_msgs/share/rosapi_msgs/srv/Subscribers_Request.msg
-- Symlinking: /ros2_ws/install/rosapi_msgs/share/rosapi_msgs/srv/Subscribers_Response.msg
-- Symlinking: /ros2_ws/install/rosapi_msgs/share/rosapi_msgs/srv/Topics.srv
-- Symlinking: /ros2_ws/install/rosapi_msgs/share/rosapi_msgs/srv/Topics_Request.msg
-- Symlinking: /ros2_ws/install/rosapi_msgs/share/rosapi_msgs/srv/Topics_Response.msg
-- Symlinking: /ros2_ws/install/rosapi_msgs/share/rosapi_msgs/srv/TopicsAndRawTypes.srv
-- Symlinking: /ros2_ws/install/rosapi_msgs/share/rosapi_msgs/srv/TopicsAndRawTypes_Request.msg
-- Symlinking: /ros2_ws/install/rosapi_msgs/share/rosapi_msgs/srv/TopicsAndRawTypes_Response.msg
-- Symlinking: /ros2_ws/install/rosapi_msgs/share/rosapi_msgs/srv/TopicsForType.srv
-- Symlinking: /ros2_ws/install/rosapi_msgs/share/rosapi_msgs/srv/TopicsForType_Request.msg
-- Symlinking: /ros2_ws/install/rosapi_msgs/share/rosapi_msgs/srv/TopicsForType_Response.msg
-- Symlinking: /ros2_ws/install/rosapi_msgs/share/rosapi_msgs/srv/TopicType.srv
-- Symlinking: /ros2_ws/install/rosapi_msgs/share/rosapi_msgs/srv/TopicType_Request.msg
-- Symlinking: /ros2_ws/install/rosapi_msgs/share/rosapi_msgs/srv/TopicType_Response.msg
-- Symlinking: /ros2_ws/install/rosapi_msgs/share/ament_index/resource_index/package_run_dependencies/rosapi_msgs
-- Symlinking: /ros2_ws/install/rosapi_msgs/share/ament_index/resource_index/parent_prefix_path/rosapi_msgs
-- Symlinking: /ros2_ws/install/rosapi_msgs/share/rosapi_msgs/environment/ament_prefix_path.sh
-- Symlinking: /ros2_ws/install/rosapi_msgs/share/rosapi_msgs/environment/ament_prefix_path.dsv
-- Symlinking: /ros2_ws/install/rosapi_msgs/share/rosapi_msgs/environment/path.sh
-- Symlinking: /ros2_ws/install/rosapi_msgs/share/rosapi_msgs/environment/path.dsv
-- Symlinking: /ros2_ws/install/rosapi_msgs/share/rosapi_msgs/local_setup.bash
-- Symlinking: /ros2_ws/install/rosapi_msgs/share/rosapi_msgs/local_setup.sh
-- Symlinking: /ros2_ws/install/rosapi_msgs/share/rosapi_msgs/local_setup.zsh
-- Symlinking: /ros2_ws/install/rosapi_msgs/share/rosapi_msgs/local_setup.dsv
-- Symlinking: /ros2_ws/install/rosapi_msgs/share/rosapi_msgs/package.dsv
-- Symlinking: /ros2_ws/install/rosapi_msgs/share/ament_index/resource_index/packages/rosapi_msgs
-- Symlinking: /ros2_ws/install/rosapi_msgs/share/rosapi_msgs/cmake/rosidl_cmake-extras.cmake
-- Symlinking: /ros2_ws/install/rosapi_msgs/share/rosapi_msgs/cmake/ament_cmake_export_dependencies-extras.cmake
-- Symlinking: /ros2_ws/install/rosapi_msgs/share/rosapi_msgs/cmake/ament_cmake_export_libraries-extras.cmake
-- Symlinking: /ros2_ws/install/rosapi_msgs/share/rosapi_msgs/cmake/ament_cmake_export_targets-extras.cmake
-- Symlinking: /ros2_ws/install/rosapi_msgs/share/rosapi_msgs/cmake/ament_cmake_export_include_directories-extras.cmake
-- Symlinking: /ros2_ws/install/rosapi_msgs/share/rosapi_msgs/cmake/rosidl_cmake_export_typesupport_libraries-extras.cmake
-- Symlinking: /ros2_ws/install/rosapi_msgs/share/rosapi_msgs/cmake/rosidl_cmake_export_typesupport_targets-extras.cmake
-- Symlinking: /ros2_ws/install/rosapi_msgs/share/rosapi_msgs/cmake/rosapi_msgsConfig.cmake
-- Symlinking: /ros2_ws/install/rosapi_msgs/share/rosapi_msgs/cmake/rosapi_msgsConfig-version.cmake
-- Symlinking: /ros2_ws/install/rosapi_msgs/share/rosapi_msgs/package.xml
-- Installing: /ros2_ws/install/rosapi_msgs/lib/librosapi_msgs__rosidl_generator_c.so
-- Set runtime path of "/ros2_ws/install/rosapi_msgs/lib/librosapi_msgs__rosidl_generator_c.so" to ""
-- Installing: /ros2_ws/install/rosapi_msgs/lib/librosapi_msgs__rosidl_typesupport_introspection_c.so
-- Set runtime path of "/ros2_ws/install/rosapi_msgs/lib/librosapi_msgs__rosidl_typesupport_introspection_c.so" to ""
-- Installing: /ros2_ws/install/rosapi_msgs/lib/librosapi_msgs__rosidl_typesupport_c.so
-- Set runtime path of "/ros2_ws/install/rosapi_msgs/lib/librosapi_msgs__rosidl_typesupport_c.so" to ""
-- Installing: /ros2_ws/install/rosapi_msgs/lib/librosapi_msgs__rosidl_typesupport_introspection_cpp.so
-- Set runtime path of "/ros2_ws/install/rosapi_msgs/lib/librosapi_msgs__rosidl_typesupport_introspection_cpp.so" to ""
-- Installing: /ros2_ws/install/rosapi_msgs/lib/librosapi_msgs__rosidl_typesupport_cpp.so
-- Set runtime path of "/ros2_ws/install/rosapi_msgs/lib/librosapi_msgs__rosidl_typesupport_cpp.so" to ""
Compiling '/ros2_ws/install/rosapi_msgs/lib/python3.6/site-packages/rosapi_msgs/__init__.py'...
-- Installing: /ros2_ws/install/rosapi_msgs/share/rosapi_msgs/cmake/rosapi_msgs__rosidl_generator_cExport.cmake
-- Installing: /ros2_ws/install/rosapi_msgs/share/rosapi_msgs/cmake/rosapi_msgs__rosidl_generator_cExport-noconfig.cmake
-- Installing: /ros2_ws/install/rosapi_msgs/share/rosapi_msgs/cmake/rosapi_msgs__rosidl_typesupport_introspection_cExport.cmake
-- Installing: /ros2_ws/install/rosapi_msgs/share/rosapi_msgs/cmake/rosapi_msgs__rosidl_typesupport_introspection_cExport-noconfig.cmake
-- Installing: /ros2_ws/install/rosapi_msgs/share/rosapi_msgs/cmake/rosapi_msgs__rosidl_typesupport_cExport.cmake
-- Installing: /ros2_ws/install/rosapi_msgs/share/rosapi_msgs/cmake/rosapi_msgs__rosidl_typesupport_cExport-noconfig.cmake
-- Installing: /ros2_ws/install/rosapi_msgs/share/rosapi_msgs/cmake/rosapi_msgs__rosidl_generator_cppExport.cmake
-- Installing: /ros2_ws/install/rosapi_msgs/share/rosapi_msgs/cmake/rosapi_msgs__rosidl_typesupport_introspection_cppExport.cmake
-- Installing: /ros2_ws/install/rosapi_msgs/share/rosapi_msgs/cmake/rosapi_msgs__rosidl_typesupport_introspection_cppExport-noconfig.cmake
-- Installing: /ros2_ws/install/rosapi_msgs/share/rosapi_msgs/cmake/rosapi_msgs__rosidl_typesupport_cppExport.cmake
-- Installing: /ros2_ws/install/rosapi_msgs/share/rosapi_msgs/cmake/rosapi_msgs__rosidl_typesupport_cppExport-noconfig.cmake
