[35m[1mConsolidate compiler generated dependencies of target gtest_main[0m
[35m[1mConsolidate compiler generated dependencies of target gtest[0m
[ 33%] Built target gtest_main
[ 33%] Built target ament_cmake_python_copy_angles
[ 66%] Built target gtest
[35m[1mConsolidate compiler generated dependencies of target angles_utest[0m
[100%] Built target angles_utest
running egg_info
writing angles.egg-info/PKG-INFO
writing dependency_links to angles.egg-info/dependency_links.txt
writing top-level names to angles.egg-info/top_level.txt
reading manifest file 'angles.egg-info/SOURCES.txt'
writing manifest file 'angles.egg-info/SOURCES.txt'
[100%] Built target ament_cmake_python_build_angles_egg
-- Install configuration: ""
-- Up-to-date: /ros2_ws/install/angles/include/angles
-- Up-to-date: /ros2_ws/install/angles/include/angles/angles
-- Up-to-date: /ros2_ws/install/angles/include/angles/angles/angles.h
-- Up-to-date: /ros2_ws/install/angles/share/angles/environment/pythonpath.sh
-- Up-to-date: /ros2_ws/install/angles/share/angles/environment/pythonpath.dsv
-- Up-to-date: /ros2_ws/install/angles/local/lib/python3.10/dist-packages/angles-1.16.1-py3.10.egg-info
-- Installing: /ros2_ws/install/angles/local/lib/python3.10/dist-packages/angles-1.16.1-py3.10.egg-info/SOURCES.txt
-- Installing: /ros2_ws/install/angles/local/lib/python3.10/dist-packages/angles-1.16.1-py3.10.egg-info/dependency_links.txt
-- Installing: /ros2_ws/install/angles/local/lib/python3.10/dist-packages/angles-1.16.1-py3.10.egg-info/top_level.txt
-- Installing: /ros2_ws/install/angles/local/lib/python3.10/dist-packages/angles-1.16.1-py3.10.egg-info/PKG-INFO
-- Up-to-date: /ros2_ws/install/angles/local/lib/python3.10/dist-packages/angles
-- Up-to-date: /ros2_ws/install/angles/local/lib/python3.10/dist-packages/angles/__init__.py
Listing '/ros2_ws/install/angles/local/lib/python3.10/dist-packages/angles'...
-- Up-to-date: /ros2_ws/install/angles/share/ament_index/resource_index/package_run_dependencies/angles
-- Up-to-date: /ros2_ws/install/angles/share/ament_index/resource_index/parent_prefix_path/angles
-- Up-to-date: /ros2_ws/install/angles/share/angles/environment/ament_prefix_path.sh
-- Up-to-date: /ros2_ws/install/angles/share/angles/environment/ament_prefix_path.dsv
-- Up-to-date: /ros2_ws/install/angles/share/angles/environment/path.sh
-- Up-to-date: /ros2_ws/install/angles/share/angles/environment/path.dsv
-- Up-to-date: /ros2_ws/install/angles/share/angles/local_setup.bash
-- Up-to-date: /ros2_ws/install/angles/share/angles/local_setup.sh
-- Up-to-date: /ros2_ws/install/angles/share/angles/local_setup.zsh
-- Up-to-date: /ros2_ws/install/angles/share/angles/local_setup.dsv
-- Installing: /ros2_ws/install/angles/share/angles/package.dsv
-- Up-to-date: /ros2_ws/install/angles/share/ament_index/resource_index/packages/angles
-- Up-to-date: /ros2_ws/install/angles/share/angles/cmake/export_anglesExport.cmake
-- Up-to-date: /ros2_ws/install/angles/share/angles/cmake/ament_cmake_export_include_directories-extras.cmake
-- Up-to-date: /ros2_ws/install/angles/share/angles/cmake/ament_cmake_export_targets-extras.cmake
-- Up-to-date: /ros2_ws/install/angles/share/angles/cmake/anglesConfig.cmake
-- Up-to-date: /ros2_ws/install/angles/share/angles/cmake/anglesConfig-version.cmake
-- Up-to-date: /ros2_ws/install/angles/share/angles/package.xml
