[0.007s] Invoking command in '/ros2_ws/build/angles': CMAKE_PREFIX_PATH=/opt/ros/humble /usr/bin/cmake --build /ros2_ws/build/angles -- -j4 -l4
[0.225s] [35m[1mConsolidate compiler generated dependencies of target gtest_main[0m
[0.225s] [35m[1mConsolidate compiler generated dependencies of target gtest[0m
[0.238s] [ 33%] Built target gtest_main
[0.244s] [ 33%] Built target ament_cmake_python_copy_angles
[0.250s] [ 66%] Built target gtest
[0.250s] [35m[1mConsolidate compiler generated dependencies of target angles_utest[0m
[0.250s] [100%] Built target angles_utest
[0.600s] running egg_info
[0.604s] writing angles.egg-info/PKG-INFO
[0.605s] writing dependency_links to angles.egg-info/dependency_links.txt
[0.606s] writing top-level names to angles.egg-info/top_level.txt
[0.617s] reading manifest file 'angles.egg-info/SOURCES.txt'
[0.621s] writing manifest file 'angles.egg-info/SOURCES.txt'
[0.758s] [100%] Built target ament_cmake_python_build_angles_egg
[0.838s] Invoked command in '/ros2_ws/build/angles' returned '0': CMAKE_PREFIX_PATH=/opt/ros/humble /usr/bin/cmake --build /ros2_ws/build/angles -- -j4 -l4
[0.859s] Invoking command in '/ros2_ws/build/angles': CMAKE_PREFIX_PATH=/opt/ros/humble /usr/bin/cmake --install /ros2_ws/build/angles
[0.921s] -- Install configuration: ""
[0.923s] -- Up-to-date: /ros2_ws/install/angles/include/angles
[0.925s] -- Up-to-date: /ros2_ws/install/angles/include/angles/angles
[0.925s] -- Up-to-date: /ros2_ws/install/angles/include/angles/angles/angles.h
[0.927s] -- Up-to-date: /ros2_ws/install/angles/share/angles/environment/pythonpath.sh
[0.928s] -- Up-to-date: /ros2_ws/install/angles/share/angles/environment/pythonpath.dsv
[0.929s] -- Up-to-date: /ros2_ws/install/angles/local/lib/python3.10/dist-packages/angles-1.16.1-py3.10.egg-info
[0.930s] -- Installing: /ros2_ws/install/angles/local/lib/python3.10/dist-packages/angles-1.16.1-py3.10.egg-info/SOURCES.txt
[0.931s] -- Installing: /ros2_ws/install/angles/local/lib/python3.10/dist-packages/angles-1.16.1-py3.10.egg-info/dependency_links.txt
[0.931s] -- Installing: /ros2_ws/install/angles/local/lib/python3.10/dist-packages/angles-1.16.1-py3.10.egg-info/top_level.txt
[0.932s] -- Installing: /ros2_ws/install/angles/local/lib/python3.10/dist-packages/angles-1.16.1-py3.10.egg-info/PKG-INFO
[0.933s] -- Up-to-date: /ros2_ws/install/angles/local/lib/python3.10/dist-packages/angles
[0.936s] -- Up-to-date: /ros2_ws/install/angles/local/lib/python3.10/dist-packages/angles/__init__.py
[1.128s] Listing '/ros2_ws/install/angles/local/lib/python3.10/dist-packages/angles'...
[1.176s] -- Up-to-date: /ros2_ws/install/angles/share/ament_index/resource_index/package_run_dependencies/angles
[1.177s] -- Up-to-date: /ros2_ws/install/angles/share/ament_index/resource_index/parent_prefix_path/angles
[1.177s] -- Up-to-date: /ros2_ws/install/angles/share/angles/environment/ament_prefix_path.sh
[1.178s] -- Up-to-date: /ros2_ws/install/angles/share/angles/environment/ament_prefix_path.dsv
[1.178s] -- Up-to-date: /ros2_ws/install/angles/share/angles/environment/path.sh
[1.179s] -- Up-to-date: /ros2_ws/install/angles/share/angles/environment/path.dsv
[1.179s] -- Up-to-date: /ros2_ws/install/angles/share/angles/local_setup.bash
[1.180s] -- Up-to-date: /ros2_ws/install/angles/share/angles/local_setup.sh
[1.180s] -- Up-to-date: /ros2_ws/install/angles/share/angles/local_setup.zsh
[1.181s] -- Up-to-date: /ros2_ws/install/angles/share/angles/local_setup.dsv
[1.181s] -- Installing: /ros2_ws/install/angles/share/angles/package.dsv
[1.182s] -- Up-to-date: /ros2_ws/install/angles/share/ament_index/resource_index/packages/angles
[1.184s] -- Up-to-date: /ros2_ws/install/angles/share/angles/cmake/export_anglesExport.cmake
[1.185s] -- Up-to-date: /ros2_ws/install/angles/share/angles/cmake/ament_cmake_export_include_directories-extras.cmake
[1.186s] -- Up-to-date: /ros2_ws/install/angles/share/angles/cmake/ament_cmake_export_targets-extras.cmake
[1.186s] -- Up-to-date: /ros2_ws/install/angles/share/angles/cmake/anglesConfig.cmake
[1.186s] -- Up-to-date: /ros2_ws/install/angles/share/angles/cmake/anglesConfig-version.cmake
[1.187s] -- Up-to-date: /ros2_ws/install/angles/share/angles/package.xml
[1.199s] Invoked command in '/ros2_ws/build/angles' returned '0': CMAKE_PREFIX_PATH=/opt/ros/humble /usr/bin/cmake --install /ros2_ws/build/angles
