[1.820s] DEBUG:colcon:Command line arguments: ['/usr/bin/colcon', 'build', '--symlink-install', '--packages-select', 'rplidar_ros']
[1.821s] DEBUG:colcon:Parsed command line arguments: Namespace(ament_cmake_args=None, base_paths=['.'], build_base='build', catkin_cmake_args=None, catkin_skip_building_tests=False, cmake_args=None, cmake_clean_cache=False, cmake_clean_first=False, cmake_force_configure=False, cmake_target=None, cmake_target_skip_unavailable=False, continue_on_error=False, event_handlers=None, executor='parallel', ignore_user_meta=False, install_base='install', log_base=None, log_level=None, main=<bound method BuildVerb.main of <colcon_core.verb.build.BuildVerb object at 0x7f8f746a20>>, merge_install=False, metas=['./colcon.meta'], packages_above=None, packages_above_and_dependencies=None, packages_above_depth=None, packages_end=None, packages_ignore=None, packages_ignore_regex=None, packages_select=['rplidar_ros'], packages_select_build_failed=False, packages_select_by_dep=None, packages_select_regex=None, packages_select_test_failures=False, packages_skip=None, packages_skip_build_finished=False, packages_skip_by_dep=None, packages_skip_regex=None, packages_skip_test_passed=False, packages_skip_up_to=None, packages_start=None, packages_up_to=None, packages_up_to_regex=None, parallel_workers=4, paths=None, symlink_install=True, test_result_base=None, verb_extension=<colcon_core.verb.build.BuildVerb object at 0x7f8f746a20>, verb_name='build', verb_parser=<colcon_defaults.argument_parser.defaults.DefaultArgumentsDecorator object at 0x7f8f5ad470>)
[1.923s] Level 1:colcon.colcon_core.package_discovery:discover_packages(colcon_meta) check parameters
[1.923s] Level 1:colcon.colcon_core.package_discovery:discover_packages(recursive) check parameters
[1.924s] Level 1:colcon.colcon_core.package_discovery:discover_packages(ignore) check parameters
[1.924s] Level 1:colcon.colcon_core.package_discovery:discover_packages(path) check parameters
[1.924s] Level 1:colcon.colcon_core.package_discovery:discover_packages(colcon_meta) discover
[1.926s] Level 1:colcon.colcon_core.package_discovery:discover_packages(recursive) discover
[1.926s] INFO:colcon.colcon_core.package_discovery:Crawling recursively for packages in '/ros2_ws'
[1.926s] Level 1:colcon.colcon_core.package_identification:_identify(.) by extensions ['ignore', 'ignore_ament_install']
[1.927s] Level 1:colcon.colcon_core.package_identification:_identify(.) by extension 'ignore'
[1.927s] Level 1:colcon.colcon_core.package_identification:_identify(.) by extension 'ignore_ament_install'
[1.927s] Level 1:colcon.colcon_core.package_identification:_identify(.) by extensions ['colcon_pkg']
[1.928s] Level 1:colcon.colcon_core.package_identification:_identify(.) by extension 'colcon_pkg'
[1.928s] Level 1:colcon.colcon_core.package_identification:_identify(.) by extensions ['colcon_meta']
[1.928s] Level 1:colcon.colcon_core.package_identification:_identify(.) by extension 'colcon_meta'
[1.928s] Level 1:colcon.colcon_core.package_identification:_identify(.) by extensions ['ros']
[1.928s] Level 1:colcon.colcon_core.package_identification:_identify(.) by extension 'ros'
[2.123s] Level 1:colcon.colcon_core.package_identification:_identify(.) by extensions ['cmake', 'python']
[2.124s] Level 1:colcon.colcon_core.package_identification:_identify(.) by extension 'cmake'
[2.124s] Level 1:colcon.colcon_core.package_identification:_identify(.) by extension 'python'
[2.124s] Level 1:colcon.colcon_core.package_identification:_identify(.) by extensions ['python_setup_py']
[2.125s] Level 1:colcon.colcon_core.package_identification:_identify(.) by extension 'python_setup_py'
[2.125s] Level 1:colcon.colcon_core.package_identification:_identify(build) by extensions ['ignore', 'ignore_ament_install']
[2.126s] Level 1:colcon.colcon_core.package_identification:_identify(build) by extension 'ignore'
[2.126s] Level 1:colcon.colcon_core.package_identification:_identify(build) ignored
[2.128s] Level 1:colcon.colcon_core.package_identification:_identify(install) by extensions ['ignore', 'ignore_ament_install']
[2.128s] Level 1:colcon.colcon_core.package_identification:_identify(install) by extension 'ignore'
[2.129s] Level 1:colcon.colcon_core.package_identification:_identify(install) ignored
[2.129s] Level 1:colcon.colcon_core.package_identification:_identify(log) by extensions ['ignore', 'ignore_ament_install']
[2.130s] Level 1:colcon.colcon_core.package_identification:_identify(log) by extension 'ignore'
[2.130s] Level 1:colcon.colcon_core.package_identification:_identify(log) ignored
[2.130s] Level 1:colcon.colcon_core.package_identification:_identify(src) by extensions ['ignore', 'ignore_ament_install']
[2.131s] Level 1:colcon.colcon_core.package_identification:_identify(src) by extension 'ignore'
[2.131s] Level 1:colcon.colcon_core.package_identification:_identify(src) by extension 'ignore_ament_install'
[2.131s] Level 1:colcon.colcon_core.package_identification:_identify(src) by extensions ['colcon_pkg']
[2.132s] Level 1:colcon.colcon_core.package_identification:_identify(src) by extension 'colcon_pkg'
[2.132s] Level 1:colcon.colcon_core.package_identification:_identify(src) by extensions ['colcon_meta']
[2.132s] Level 1:colcon.colcon_core.package_identification:_identify(src) by extension 'colcon_meta'
[2.132s] Level 1:colcon.colcon_core.package_identification:_identify(src) by extensions ['ros']
[2.133s] Level 1:colcon.colcon_core.package_identification:_identify(src) by extension 'ros'
[2.133s] Level 1:colcon.colcon_core.package_identification:_identify(src) by extensions ['cmake', 'python']
[2.133s] Level 1:colcon.colcon_core.package_identification:_identify(src) by extension 'cmake'
[2.133s] Level 1:colcon.colcon_core.package_identification:_identify(src) by extension 'python'
[2.134s] Level 1:colcon.colcon_core.package_identification:_identify(src) by extensions ['python_setup_py']
[2.134s] Level 1:colcon.colcon_core.package_identification:_identify(src) by extension 'python_setup_py'
[2.134s] Level 1:colcon.colcon_core.package_identification:_identify(src/rosapi) by extensions ['ignore', 'ignore_ament_install']
[2.135s] Level 1:colcon.colcon_core.package_identification:_identify(src/rosapi) by extension 'ignore'
[2.135s] Level 1:colcon.colcon_core.package_identification:_identify(src/rosapi) by extension 'ignore_ament_install'
[2.135s] Level 1:colcon.colcon_core.package_identification:_identify(src/rosapi) by extensions ['colcon_pkg']
[2.136s] Level 1:colcon.colcon_core.package_identification:_identify(src/rosapi) by extension 'colcon_pkg'
[2.136s] Level 1:colcon.colcon_core.package_identification:_identify(src/rosapi) by extensions ['colcon_meta']
[2.136s] Level 1:colcon.colcon_core.package_identification:_identify(src/rosapi) by extension 'colcon_meta'
[2.136s] Level 1:colcon.colcon_core.package_identification:_identify(src/rosapi) by extensions ['ros']
[2.137s] Level 1:colcon.colcon_core.package_identification:_identify(src/rosapi) by extension 'ros'
[2.151s] DEBUG:colcon.colcon_core.package_identification:Package 'src/rosapi' with type 'ros.ament_cmake' and name 'rosapi'
[2.151s] Level 1:colcon.colcon_core.package_identification:_identify(src/rosapi_msgs) by extensions ['ignore', 'ignore_ament_install']
[2.152s] Level 1:colcon.colcon_core.package_identification:_identify(src/rosapi_msgs) by extension 'ignore'
[2.152s] Level 1:colcon.colcon_core.package_identification:_identify(src/rosapi_msgs) by extension 'ignore_ament_install'
[2.153s] Level 1:colcon.colcon_core.package_identification:_identify(src/rosapi_msgs) by extensions ['colcon_pkg']
[2.153s] Level 1:colcon.colcon_core.package_identification:_identify(src/rosapi_msgs) by extension 'colcon_pkg'
[2.153s] Level 1:colcon.colcon_core.package_identification:_identify(src/rosapi_msgs) by extensions ['colcon_meta']
[2.153s] Level 1:colcon.colcon_core.package_identification:_identify(src/rosapi_msgs) by extension 'colcon_meta'
[2.153s] Level 1:colcon.colcon_core.package_identification:_identify(src/rosapi_msgs) by extensions ['ros']
[2.154s] Level 1:colcon.colcon_core.package_identification:_identify(src/rosapi_msgs) by extension 'ros'
[2.157s] DEBUG:colcon.colcon_core.package_identification:Package 'src/rosapi_msgs' with type 'ros.ament_cmake' and name 'rosapi_msgs'
[2.157s] Level 1:colcon.colcon_core.package_identification:_identify(src/rosbridge_library) by extensions ['ignore', 'ignore_ament_install']
[2.158s] Level 1:colcon.colcon_core.package_identification:_identify(src/rosbridge_library) by extension 'ignore'
[2.158s] Level 1:colcon.colcon_core.package_identification:_identify(src/rosbridge_library) by extension 'ignore_ament_install'
[2.158s] Level 1:colcon.colcon_core.package_identification:_identify(src/rosbridge_library) by extensions ['colcon_pkg']
[2.159s] Level 1:colcon.colcon_core.package_identification:_identify(src/rosbridge_library) by extension 'colcon_pkg'
[2.159s] Level 1:colcon.colcon_core.package_identification:_identify(src/rosbridge_library) by extensions ['colcon_meta']
[2.159s] Level 1:colcon.colcon_core.package_identification:_identify(src/rosbridge_library) by extension 'colcon_meta'
[2.159s] Level 1:colcon.colcon_core.package_identification:_identify(src/rosbridge_library) by extensions ['ros']
[2.159s] Level 1:colcon.colcon_core.package_identification:_identify(src/rosbridge_library) by extension 'ros'
[2.164s] DEBUG:colcon.colcon_core.package_identification:Package 'src/rosbridge_library' with type 'ros.ament_cmake' and name 'rosbridge_library'
[2.165s] Level 1:colcon.colcon_core.package_identification:_identify(src/rosbridge_msgs) by extensions ['ignore', 'ignore_ament_install']
[2.165s] Level 1:colcon.colcon_core.package_identification:_identify(src/rosbridge_msgs) by extension 'ignore'
[2.165s] Level 1:colcon.colcon_core.package_identification:_identify(src/rosbridge_msgs) by extension 'ignore_ament_install'
[2.166s] Level 1:colcon.colcon_core.package_identification:_identify(src/rosbridge_msgs) by extensions ['colcon_pkg']
[2.166s] Level 1:colcon.colcon_core.package_identification:_identify(src/rosbridge_msgs) by extension 'colcon_pkg'
[2.166s] Level 1:colcon.colcon_core.package_identification:_identify(src/rosbridge_msgs) by extensions ['colcon_meta']
[2.166s] Level 1:colcon.colcon_core.package_identification:_identify(src/rosbridge_msgs) by extension 'colcon_meta'
[2.166s] Level 1:colcon.colcon_core.package_identification:_identify(src/rosbridge_msgs) by extensions ['ros']
[2.167s] Level 1:colcon.colcon_core.package_identification:_identify(src/rosbridge_msgs) by extension 'ros'
[2.169s] DEBUG:colcon.colcon_core.package_identification:Package 'src/rosbridge_msgs' with type 'ros.ament_cmake' and name 'rosbridge_msgs'
[2.170s] Level 1:colcon.colcon_core.package_identification:_identify(src/rosbridge_server) by extensions ['ignore', 'ignore_ament_install']
[2.170s] Level 1:colcon.colcon_core.package_identification:_identify(src/rosbridge_server) by extension 'ignore'
[2.170s] Level 1:colcon.colcon_core.package_identification:_identify(src/rosbridge_server) by extension 'ignore_ament_install'
[2.171s] Level 1:colcon.colcon_core.package_identification:_identify(src/rosbridge_server) by extensions ['colcon_pkg']
[2.171s] Level 1:colcon.colcon_core.package_identification:_identify(src/rosbridge_server) by extension 'colcon_pkg'
[2.171s] Level 1:colcon.colcon_core.package_identification:_identify(src/rosbridge_server) by extensions ['colcon_meta']
[2.171s] Level 1:colcon.colcon_core.package_identification:_identify(src/rosbridge_server) by extension 'colcon_meta'
[2.172s] Level 1:colcon.colcon_core.package_identification:_identify(src/rosbridge_server) by extensions ['ros']
[2.172s] Level 1:colcon.colcon_core.package_identification:_identify(src/rosbridge_server) by extension 'ros'
[2.176s] DEBUG:colcon.colcon_core.package_identification:Package 'src/rosbridge_server' with type 'ros.ament_cmake' and name 'rosbridge_server'
[2.176s] Level 1:colcon.colcon_core.package_identification:_identify(src/rosbridge_suite) by extensions ['ignore', 'ignore_ament_install']
[2.177s] Level 1:colcon.colcon_core.package_identification:_identify(src/rosbridge_suite) by extension 'ignore'
[2.177s] Level 1:colcon.colcon_core.package_identification:_identify(src/rosbridge_suite) by extension 'ignore_ament_install'
[2.178s] Level 1:colcon.colcon_core.package_identification:_identify(src/rosbridge_suite) by extensions ['colcon_pkg']
[2.178s] Level 1:colcon.colcon_core.package_identification:_identify(src/rosbridge_suite) by extension 'colcon_pkg'
[2.178s] Level 1:colcon.colcon_core.package_identification:_identify(src/rosbridge_suite) by extensions ['colcon_meta']
[2.178s] Level 1:colcon.colcon_core.package_identification:_identify(src/rosbridge_suite) by extension 'colcon_meta'
[2.178s] Level 1:colcon.colcon_core.package_identification:_identify(src/rosbridge_suite) by extensions ['ros']
[2.179s] Level 1:colcon.colcon_core.package_identification:_identify(src/rosbridge_suite) by extension 'ros'
[2.181s] DEBUG:colcon.colcon_core.package_identification:Package 'src/rosbridge_suite' with type 'ros.ament_cmake' and name 'rosbridge_suite'
[2.182s] Level 1:colcon.colcon_core.package_identification:_identify(src/rosbridge_test_msgs) by extensions ['ignore', 'ignore_ament_install']
[2.182s] Level 1:colcon.colcon_core.package_identification:_identify(src/rosbridge_test_msgs) by extension 'ignore'
[2.183s] Level 1:colcon.colcon_core.package_identification:_identify(src/rosbridge_test_msgs) by extension 'ignore_ament_install'
[2.183s] Level 1:colcon.colcon_core.package_identification:_identify(src/rosbridge_test_msgs) by extensions ['colcon_pkg']
[2.183s] Level 1:colcon.colcon_core.package_identification:_identify(src/rosbridge_test_msgs) by extension 'colcon_pkg'
[2.183s] Level 1:colcon.colcon_core.package_identification:_identify(src/rosbridge_test_msgs) by extensions ['colcon_meta']
[2.183s] Level 1:colcon.colcon_core.package_identification:_identify(src/rosbridge_test_msgs) by extension 'colcon_meta'
[2.184s] Level 1:colcon.colcon_core.package_identification:_identify(src/rosbridge_test_msgs) by extensions ['ros']
[2.184s] Level 1:colcon.colcon_core.package_identification:_identify(src/rosbridge_test_msgs) by extension 'ros'
[2.189s] DEBUG:colcon.colcon_core.package_identification:Package 'src/rosbridge_test_msgs' with type 'ros.ament_cmake' and name 'rosbridge_test_msgs'
[2.189s] Level 1:colcon.colcon_core.package_identification:_identify(src/rplidar_ros2) by extensions ['ignore', 'ignore_ament_install']
[2.190s] Level 1:colcon.colcon_core.package_identification:_identify(src/rplidar_ros2) by extension 'ignore'
[2.190s] Level 1:colcon.colcon_core.package_identification:_identify(src/rplidar_ros2) by extension 'ignore_ament_install'
[2.190s] Level 1:colcon.colcon_core.package_identification:_identify(src/rplidar_ros2) by extensions ['colcon_pkg']
[2.190s] Level 1:colcon.colcon_core.package_identification:_identify(src/rplidar_ros2) by extension 'colcon_pkg'
[2.191s] Level 1:colcon.colcon_core.package_identification:_identify(src/rplidar_ros2) by extensions ['colcon_meta']
[2.191s] Level 1:colcon.colcon_core.package_identification:_identify(src/rplidar_ros2) by extension 'colcon_meta'
[2.191s] Level 1:colcon.colcon_core.package_identification:_identify(src/rplidar_ros2) by extensions ['ros']
[2.191s] Level 1:colcon.colcon_core.package_identification:_identify(src/rplidar_ros2) by extension 'ros'
[2.194s] DEBUG:colcon.colcon_core.package_identification:Package 'src/rplidar_ros2' with type 'ros.ament_cmake' and name 'rplidar_ros'
[2.194s] Level 1:colcon.colcon_core.package_discovery:discover_packages(recursive) using defaults
[2.195s] Level 1:colcon.colcon_core.package_discovery:discover_packages(ignore) discover
[2.196s] Level 1:colcon.colcon_core.package_discovery:discover_packages(ignore) using defaults
[2.196s] Level 1:colcon.colcon_core.package_discovery:discover_packages(path) discover
[2.196s] Level 1:colcon.colcon_core.package_discovery:discover_packages(path) using defaults
[2.329s] INFO:colcon.colcon_core.package_selection:Skipping not selected package 'rosapi_msgs' in 'src/rosapi_msgs'
[2.330s] INFO:colcon.colcon_core.package_selection:Skipping not selected package 'rosbridge_msgs' in 'src/rosbridge_msgs'
[2.330s] INFO:colcon.colcon_core.package_selection:Skipping not selected package 'rosbridge_test_msgs' in 'src/rosbridge_test_msgs'
[2.330s] INFO:colcon.colcon_core.package_selection:Skipping not selected package 'rosbridge_library' in 'src/rosbridge_library'
[2.330s] INFO:colcon.colcon_core.package_selection:Skipping not selected package 'rosapi' in 'src/rosapi'
[2.330s] INFO:colcon.colcon_core.package_selection:Skipping not selected package 'rosbridge_server' in 'src/rosbridge_server'
[2.331s] INFO:colcon.colcon_core.package_selection:Skipping not selected package 'rosbridge_suite' in 'src/rosbridge_suite'
[2.333s] Level 5:colcon.colcon_core.verb:set package 'rplidar_ros' build argument 'cmake_args' from command line to 'None'
[2.334s] Level 5:colcon.colcon_core.verb:set package 'rplidar_ros' build argument 'cmake_target' from command line to 'None'
[2.334s] Level 5:colcon.colcon_core.verb:set package 'rplidar_ros' build argument 'cmake_target_skip_unavailable' from command line to 'False'
[2.334s] Level 5:colcon.colcon_core.verb:set package 'rplidar_ros' build argument 'cmake_clean_cache' from command line to 'False'
[2.334s] Level 5:colcon.colcon_core.verb:set package 'rplidar_ros' build argument 'cmake_clean_first' from command line to 'False'
[2.334s] Level 5:colcon.colcon_core.verb:set package 'rplidar_ros' build argument 'cmake_force_configure' from command line to 'False'
[2.334s] Level 5:colcon.colcon_core.verb:set package 'rplidar_ros' build argument 'ament_cmake_args' from command line to 'None'
[2.335s] Level 5:colcon.colcon_core.verb:set package 'rplidar_ros' build argument 'catkin_cmake_args' from command line to 'None'
[2.335s] Level 5:colcon.colcon_core.verb:set package 'rplidar_ros' build argument 'catkin_skip_building_tests' from command line to 'False'
[2.335s] DEBUG:colcon.colcon_core.verb:Building package 'rplidar_ros' with the following arguments: {'ament_cmake_args': None, 'build_base': '/ros2_ws/build/rplidar_ros', 'catkin_cmake_args': None, 'catkin_skip_building_tests': False, 'cmake_args': None, 'cmake_clean_cache': False, 'cmake_clean_first': False, 'cmake_force_configure': False, 'cmake_target': None, 'cmake_target_skip_unavailable': False, 'install_base': '/ros2_ws/install/rplidar_ros', 'merge_install': False, 'path': '/ros2_ws/src/rplidar_ros2', 'symlink_install': True, 'test_result_base': None}
[2.336s] INFO:colcon.colcon_core.executor:Executing jobs using 'parallel' executor
[2.342s] DEBUG:colcon.colcon_parallel_executor.executor.parallel:run_until_complete
[2.343s] INFO:colcon.colcon_ros.task.ament_cmake.build:Building ROS package in '/ros2_ws/src/rplidar_ros2' with build type 'ament_cmake'
[2.343s] INFO:colcon.colcon_cmake.task.cmake.build:Building CMake package in '/ros2_ws/src/rplidar_ros2'
[2.364s] INFO:colcon.colcon_core.plugin_system:Skipping extension 'colcon_core.shell.bat': Not used on non-Windows systems
[2.366s] INFO:colcon.colcon_core.shell:Skip shell extension 'powershell' for command environment: Not usable outside of PowerShell
[2.366s] DEBUG:colcon.colcon_core.shell:Skip shell extension 'dsv' for command environment
[2.451s] DEBUG:colcon.colcon_core.event_handler.log_command:Invoking command in '/ros2_ws/build/rplidar_ros': /usr/local/bin/cmake /ros2_ws/src/rplidar_ros2 -DAMENT_CMAKE_SYMLINK_INSTALL=1 -DCMAKE_INSTALL_PREFIX=/ros2_ws/install/rplidar_ros
[10.575s] DEBUG:colcon.colcon_core.event_handler.log_command:Invoked command in '/ros2_ws/build/rplidar_ros' returned '0': /usr/local/bin/cmake /ros2_ws/src/rplidar_ros2 -DAMENT_CMAKE_SYMLINK_INSTALL=1 -DCMAKE_INSTALL_PREFIX=/ros2_ws/install/rplidar_ros
[10.582s] DEBUG:colcon.colcon_core.event_handler.log_command:Invoking command in '/ros2_ws/build/rplidar_ros': /usr/local/bin/cmake --build /ros2_ws/build/rplidar_ros -- -j4 -l4
[43.681s] DEBUG:colcon.colcon_core.event_handler.log_command:Invoked command in '/ros2_ws/build/rplidar_ros' returned '0': /usr/local/bin/cmake --build /ros2_ws/build/rplidar_ros -- -j4 -l4
[44.293s] DEBUG:colcon.colcon_core.event_handler.log_command:Invoking command in '/ros2_ws/build/rplidar_ros': /usr/local/bin/cmake --install /ros2_ws/build/rplidar_ros
[44.835s] Level 1:colcon.colcon_core.environment:create_environment_scripts_only(rplidar_ros)
[44.879s] DEBUG:colcon.colcon_core.event_handler.log_command:Invoked command in '/ros2_ws/build/rplidar_ros' returned '0': /usr/local/bin/cmake --install /ros2_ws/build/rplidar_ros
[45.059s] Level 1:colcon.colcon_core.environment:checking '/ros2_ws/install/rplidar_ros' for CMake module files
[45.064s] Level 1:colcon.colcon_core.environment:checking '/ros2_ws/install/rplidar_ros' for CMake config files
[45.066s] Level 1:colcon.colcon_core.shell:create_environment_hook('rplidar_ros', 'cmake_prefix_path')
[45.068s] INFO:colcon.colcon_core.shell:Creating environment hook '/ros2_ws/install/rplidar_ros/share/rplidar_ros/hook/cmake_prefix_path.ps1'
[45.073s] INFO:colcon.colcon_core.shell:Creating environment descriptor '/ros2_ws/install/rplidar_ros/share/rplidar_ros/hook/cmake_prefix_path.dsv'
[45.077s] INFO:colcon.colcon_core.shell:Creating environment hook '/ros2_ws/install/rplidar_ros/share/rplidar_ros/hook/cmake_prefix_path.sh'
[45.083s] Level 1:colcon.colcon_core.environment:checking '/ros2_ws/install/rplidar_ros/lib'
[45.085s] Level 1:colcon.colcon_core.shell:create_environment_hook('rplidar_ros', 'ld_library_path_lib')
[45.086s] INFO:colcon.colcon_core.shell:Creating environment hook '/ros2_ws/install/rplidar_ros/share/rplidar_ros/hook/ld_library_path_lib.ps1'
[45.088s] INFO:colcon.colcon_core.shell:Creating environment descriptor '/ros2_ws/install/rplidar_ros/share/rplidar_ros/hook/ld_library_path_lib.dsv'
[45.089s] INFO:colcon.colcon_core.shell:Creating environment hook '/ros2_ws/install/rplidar_ros/share/rplidar_ros/hook/ld_library_path_lib.sh'
[45.090s] Level 1:colcon.colcon_core.environment:checking '/ros2_ws/install/rplidar_ros/bin'
[45.091s] Level 1:colcon.colcon_core.environment:checking '/ros2_ws/install/rplidar_ros/lib/pkgconfig/rplidar_ros.pc'
[45.092s] Level 1:colcon.colcon_core.environment:checking '/ros2_ws/install/rplidar_ros/lib/python3.6/site-packages'
[45.092s] Level 1:colcon.colcon_core.environment:checking '/ros2_ws/install/rplidar_ros/bin'
[45.095s] INFO:colcon.colcon_core.shell:Creating package script '/ros2_ws/install/rplidar_ros/share/rplidar_ros/package.ps1'
[45.101s] INFO:colcon.colcon_core.shell:Creating package descriptor '/ros2_ws/install/rplidar_ros/share/rplidar_ros/package.dsv'
[45.105s] INFO:colcon.colcon_core.shell:Creating package script '/ros2_ws/install/rplidar_ros/share/rplidar_ros/package.sh'
[45.110s] INFO:colcon.colcon_core.shell:Creating package script '/ros2_ws/install/rplidar_ros/share/rplidar_ros/package.bash'
[45.116s] INFO:colcon.colcon_core.shell:Creating package script '/ros2_ws/install/rplidar_ros/share/rplidar_ros/package.zsh'
[45.123s] Level 1:colcon.colcon_core.environment:create_file_with_runtime_dependencies(/ros2_ws/install/rplidar_ros/share/colcon-core/packages/rplidar_ros)
[45.418s] Level 1:colcon.colcon_core.environment:create_environment_scripts_only(rplidar_ros)
[45.420s] Level 1:colcon.colcon_core.environment:checking '/ros2_ws/install/rplidar_ros' for CMake module files
[45.423s] Level 1:colcon.colcon_core.environment:checking '/ros2_ws/install/rplidar_ros' for CMake config files
[45.426s] Level 1:colcon.colcon_core.shell:create_environment_hook('rplidar_ros', 'cmake_prefix_path')
[45.427s] INFO:colcon.colcon_core.shell:Creating environment hook '/ros2_ws/install/rplidar_ros/share/rplidar_ros/hook/cmake_prefix_path.ps1'
[45.431s] INFO:colcon.colcon_core.shell:Creating environment descriptor '/ros2_ws/install/rplidar_ros/share/rplidar_ros/hook/cmake_prefix_path.dsv'
[45.432s] INFO:colcon.colcon_core.shell:Creating environment hook '/ros2_ws/install/rplidar_ros/share/rplidar_ros/hook/cmake_prefix_path.sh'
[45.436s] Level 1:colcon.colcon_core.environment:checking '/ros2_ws/install/rplidar_ros/lib'
[45.436s] Level 1:colcon.colcon_core.shell:create_environment_hook('rplidar_ros', 'ld_library_path_lib')
[45.438s] INFO:colcon.colcon_core.shell:Creating environment hook '/ros2_ws/install/rplidar_ros/share/rplidar_ros/hook/ld_library_path_lib.ps1'
[45.440s] INFO:colcon.colcon_core.shell:Creating environment descriptor '/ros2_ws/install/rplidar_ros/share/rplidar_ros/hook/ld_library_path_lib.dsv'
[45.441s] INFO:colcon.colcon_core.shell:Creating environment hook '/ros2_ws/install/rplidar_ros/share/rplidar_ros/hook/ld_library_path_lib.sh'
[45.443s] Level 1:colcon.colcon_core.environment:checking '/ros2_ws/install/rplidar_ros/bin'
[45.443s] Level 1:colcon.colcon_core.environment:checking '/ros2_ws/install/rplidar_ros/lib/pkgconfig/rplidar_ros.pc'
[45.444s] Level 1:colcon.colcon_core.environment:checking '/ros2_ws/install/rplidar_ros/lib/python3.6/site-packages'
[45.445s] Level 1:colcon.colcon_core.environment:checking '/ros2_ws/install/rplidar_ros/bin'
[45.447s] INFO:colcon.colcon_core.shell:Creating package script '/ros2_ws/install/rplidar_ros/share/rplidar_ros/package.ps1'
[45.450s] INFO:colcon.colcon_core.shell:Creating package descriptor '/ros2_ws/install/rplidar_ros/share/rplidar_ros/package.dsv'
[45.452s] INFO:colcon.colcon_core.shell:Creating package script '/ros2_ws/install/rplidar_ros/share/rplidar_ros/package.sh'
[45.455s] INFO:colcon.colcon_core.shell:Creating package script '/ros2_ws/install/rplidar_ros/share/rplidar_ros/package.bash'
[45.457s] INFO:colcon.colcon_core.shell:Creating package script '/ros2_ws/install/rplidar_ros/share/rplidar_ros/package.zsh'
[45.458s] Level 1:colcon.colcon_core.environment:create_file_with_runtime_dependencies(/ros2_ws/install/rplidar_ros/share/colcon-core/packages/rplidar_ros)
[45.460s] DEBUG:colcon.colcon_parallel_executor.executor.parallel:closing loop
[45.463s] DEBUG:colcon.colcon_parallel_executor.executor.parallel:loop closed
[45.463s] DEBUG:colcon.colcon_parallel_executor.executor.parallel:run_until_complete finished with '0'
[45.463s] DEBUG:colcon.colcon_core.event_reactor:joining thread
[45.692s] INFO:colcon.colcon_core.plugin_system:Skipping extension 'colcon_notification.desktop_notification.notify_send': Could not find 'notify-send'
[45.693s] INFO:colcon.colcon_core.plugin_system:Skipping extension 'colcon_notification.desktop_notification.terminal_notifier': Not used on non-Darwin systems
[45.693s] INFO:colcon.colcon_core.plugin_system:Skipping extension 'colcon_notification.desktop_notification.win32': Not used on non-Windows systems
[45.693s] INFO:colcon.colcon_notification.desktop_notification:Sending desktop notification using 'notify2'
[45.693s] DEBUG:colcon.colcon_notification.desktop_notification.notify2:Failed to initialize notify2: org.freedesktop.DBus.Error.NotSupported: Unable to autolaunch a dbus-daemon without a $DISPLAY for X11
[45.694s] DEBUG:colcon.colcon_core.event_reactor:joined thread
[45.696s] INFO:colcon.colcon_core.shell:Creating prefix script '/ros2_ws/install/local_setup.ps1'
[45.705s] INFO:colcon.colcon_core.shell:Creating prefix util module '/ros2_ws/install/_local_setup_util_ps1.py'
[45.716s] INFO:colcon.colcon_core.shell:Creating prefix chain script '/ros2_ws/install/setup.ps1'
[45.725s] INFO:colcon.colcon_core.shell:Creating prefix script '/ros2_ws/install/local_setup.sh'
[45.729s] INFO:colcon.colcon_core.shell:Creating prefix util module '/ros2_ws/install/_local_setup_util_sh.py'
[45.731s] INFO:colcon.colcon_core.shell:Creating prefix chain script '/ros2_ws/install/setup.sh'
[45.739s] INFO:colcon.colcon_core.shell:Creating prefix script '/ros2_ws/install/local_setup.bash'
[45.742s] INFO:colcon.colcon_core.shell:Creating prefix chain script '/ros2_ws/install/setup.bash'
[45.750s] INFO:colcon.colcon_core.shell:Creating prefix script '/ros2_ws/install/local_setup.zsh'
[45.753s] INFO:colcon.colcon_core.shell:Creating prefix chain script '/ros2_ws/install/setup.zsh'
